<?xml version="1.0" ?>
<testsuites disabled="0" errors="0" failures="27" tests="103" time="103.0">
	<testsuite disabled="0" errors="0" failures="27" name="my test suite" skipped="0" tests="103" time="103">
		<testcase classname="some.class.name" name="BuildSystemAnatomy/index.html" time="1.000000">
			<failure message="Detected 11 error(s)." type="failure"/>
			<system-out>&lt;div id=&quot;resultsWrapper&quot; class=&quot;resultsWrapperActive&quot;&gt;&lt;h3&gt;Contents | seL4 docs&lt;/h3&gt;&lt;h4&gt;http://localhost:4000/BuildSystemAnatomy/index.html&lt;/h4&gt;&lt;ul id=&quot;results-overview&quot;&gt;&lt;li class=&quot;active&quot;&gt;&lt;span class=&quot;result-count result-count-errors&quot;&gt;11&lt;/span&gt;&lt;span class=&quot;result-type&quot;&gt;errors&lt;/span&gt;&lt;/a&gt;&lt;/li&gt;&lt;span class=&quot;result-count result-count-warnings&quot;&gt;0&lt;/span&gt;&lt;span class=&quot;result-type&quot;&gt;warnings&lt;/span&gt;&lt;/a&gt;&lt;/li&gt;&lt;span class=&quot;result-count result-count-notices&quot;&gt;0&lt;/span&gt;&lt;span class=&quot;result-type&quot;&gt;notices&lt;/span&gt;&lt;/a&gt;&lt;/li&gt;&lt;/ul&gt;&lt;a href=&quot;#&quot; class=&quot;button-link&quot; id=&quot;export&quot;&gt;Export as CSV&lt;/a&gt;&lt;table id=&quot;test-results-table&quot; class=&quot;tablesorter&quot;&gt;&lt;thead&gt;&lt;tr&gt;&lt;th&gt;Error Level&lt;/th&gt;&lt;th&gt;Principle&lt;/th&gt;&lt;th&gt;Message&lt;/th&gt;&lt;th&gt;Code snippet&lt;/th&gt;&lt;th&gt;Techniques&lt;/th&gt;&lt;th&gt;Screenshot&lt;/th&gt;&lt;/thead&gt;&lt;/tr&gt;&lt;tbody&gt;&lt;tr class=&quot;error&quot;&gt;&lt;td  class=&quot;number&quot;&gt;&lt;span class=&quot;flag&quot;&gt;Error&lt;/span&gt;&lt;/td&gt;&lt;td  class=&quot;messagePrinciple&quot;&gt;&lt;a href=&quot;http://www.w3.org/TR/WCAG20/#perceivable&quot; target=&quot;_blank&quot;&gt;Perceivable&lt;/a&gt;&lt;/td&gt;&lt;td class=&quot;messageText&quot;&gt; This element has insufficient contrast at this conformance level. Expected a contrast ratio of at least 4.5:1, but text in this element has a contrast ratio of 2.56:1. Recommendation: change text colour to #747400.&lt;/td&gt;&lt;td&gt;&amp;lt;span
class=&quot;nl&quot;&amp;gt;hello&amp;lt;/span&amp;g
;&lt;/td&gt;&lt;td class=&quot;messageTechniques&quot;&gt;&lt;ul&gt;&lt;li&gt;&lt;a href=&quot;http://www.w3.org/TR/WCAG20-TECHS/G18&quot; target=&quot;_blank&quot;&gt;G18&lt;/a&gt;&lt;/li&gt;&lt;/ul&gt;&lt;/td&gt;&lt;td class=&quot;screenshot&quot;&gt;&lt;a data-toggle=&quot;modal&quot; data-target=&quot;#screenshot&quot;  onClick=showImg(&quot;screenshots/14_32_37_2_21_2018/998.png&quot;)&gt;&lt;img src=&quot;screenshots/14_32_37_2_21_2018/998.png&quot; style=&quot;width:25px;height:25px&quot;&gt;&lt;/a&gt;&lt;/td&gt;&lt;/tr&gt;&lt;tr class=&quot;error&quot;&gt;&lt;td  class=&quot;number&quot;&gt;&lt;span class=&quot;flag&quot;&gt;Error&lt;/span&gt;&lt;/td&gt;&lt;td  class=&quot;messagePrinciple&quot;&gt;&lt;a href=&quot;http://www.w3.org/TR/WCAG20/#perceivable&quot; target=&quot;_blank&quot;&gt;Perceivable&lt;/a&gt;&lt;/td&gt;&lt;td class=&quot;messageText&quot;&gt; This element has insufficient contrast at this conformance level. Expected a contrast ratio of at least 4.5:1, but text in this element has a contrast ratio of 2.56:1. Recommendation: change text colour to #747400.&lt;/td&gt;&lt;td&gt;&amp;lt;span
class=&quot;nl&quot;&amp;gt;hello&amp;lt;/span&amp;g
;&lt;/td&gt;&lt;td class=&quot;messageTechniques&quot;&gt;&lt;ul&gt;&lt;li&gt;&lt;a href=&quot;http://www.w3.org/TR/WCAG20-TECHS/G18&quot; target=&quot;_blank&quot;&gt;G18&lt;/a&gt;&lt;/li&gt;&lt;/ul&gt;&lt;/td&gt;&lt;td class=&quot;screenshot&quot;&gt;&lt;a data-toggle=&quot;modal&quot; data-target=&quot;#screenshot&quot;  onClick=showImg(&quot;screenshots/14_32_37_2_21_2018/465.png&quot;)&gt;&lt;img src=&quot;screenshots/14_32_37_2_21_2018/465.png&quot; style=&quot;width:25px;height:25px&quot;&gt;&lt;/a&gt;&lt;/td&gt;&lt;/tr&gt;&lt;tr class=&quot;error&quot;&gt;&lt;td  class=&quot;number&quot;&gt;&lt;span class=&quot;flag&quot;&gt;Error&lt;/span&gt;&lt;/td&gt;&lt;td  class=&quot;messagePrinciple&quot;&gt;&lt;a href=&quot;http://www.w3.org/TR/WCAG20/#perceivable&quot; target=&quot;_blank&quot;&gt;Perceivable&lt;/a&gt;&lt;/td&gt;&lt;td class=&quot;messageText&quot;&gt; This element has insufficient contrast at this conformance level. Expected a contrast ratio of at least 4.5:1, but text in this element has a contrast ratio of 2.56:1. Recommendation: change text colour to #747400.&lt;/td&gt;&lt;td&gt;&amp;lt;span
class=&quot;nl&quot;&amp;gt;libfoo&amp;lt;/span&amp;
t;&lt;/td&gt;&lt;td class=&quot;messageTechniques&quot;&gt;&lt;ul&gt;&lt;li&gt;&lt;a href=&quot;http://www.w3.org/TR/WCAG20-TECHS/G18&quot; target=&quot;_blank&quot;&gt;G18&lt;/a&gt;&lt;/li&gt;&lt;/ul&gt;&lt;/td&gt;&lt;td class=&quot;screenshot&quot;&gt;&lt;a data-toggle=&quot;modal&quot; data-target=&quot;#screenshot&quot;  onClick=showImg(&quot;screenshots/14_32_37_2_21_2018/807.png&quot;)&gt;&lt;img src=&quot;screenshots/14_32_37_2_21_2018/807.png&quot; style=&quot;width:25px;height:25px&quot;&gt;&lt;/a&gt;&lt;/td&gt;&lt;/tr&gt;&lt;tr class=&quot;error&quot;&gt;&lt;td  class=&quot;number&quot;&gt;&lt;span class=&quot;flag&quot;&gt;Error&lt;/span&gt;&lt;/td&gt;&lt;td  class=&quot;messagePrinciple&quot;&gt;&lt;a href=&quot;http://www.w3.org/TR/WCAG20/#perceivable&quot; target=&quot;_blank&quot;&gt;Perceivable&lt;/a&gt;&lt;/td&gt;&lt;td class=&quot;messageText&quot;&gt; This element has insufficient contrast at this conformance level. Expected a contrast ratio of at least 4.5:1, but text in this element has a contrast ratio of 2.56:1. Recommendation: change text colour to #747400.&lt;/td&gt;&lt;td&gt;&amp;lt;span
class=&quot;nl&quot;&amp;gt;libbar&amp;lt;/span&amp;
t;&lt;/td&gt;&lt;td class=&quot;messageTechniques&quot;&gt;&lt;ul&gt;&lt;li&gt;&lt;a href=&quot;http://www.w3.org/TR/WCAG20-TECHS/G18&quot; target=&quot;_blank&quot;&gt;G18&lt;/a&gt;&lt;/li&gt;&lt;/ul&gt;&lt;/td&gt;&lt;td class=&quot;screenshot&quot;&gt;&lt;a data-toggle=&quot;modal&quot; data-target=&quot;#screenshot&quot;  onClick=showImg(&quot;screenshots/14_32_37_2_21_2018/988.png&quot;)&gt;&lt;img src=&quot;screenshots/14_32_37_2_21_2018/988.png&quot; style=&quot;width:25px;height:25px&quot;&gt;&lt;/a&gt;&lt;/td&gt;&lt;/tr&gt;&lt;tr class=&quot;error&quot;&gt;&lt;td  class=&quot;number&quot;&gt;&lt;span class=&quot;flag&quot;&gt;Error&lt;/span&gt;&lt;/td&gt;&lt;td  class=&quot;messagePrinciple&quot;&gt;&lt;a href=&quot;http://www.w3.org/TR/WCAG20/#perceivable&quot; target=&quot;_blank&quot;&gt;Perceivable&lt;/a&gt;&lt;/td&gt;&lt;td class=&quot;messageText&quot;&gt; This element has insufficient contrast at this conformance level. Expected a contrast ratio of at least 4.5:1, but text in this element has a contrast ratio of 4.17:1. Recommendation: change background to #fefefe.&lt;/td&gt;&lt;td&gt;&amp;lt;span class=&quot;c&quot;&amp;gt;#
Library archive(s) that will
be built. 
&amp;lt;/span&amp;gt;&lt;/td&gt;&lt;td class=&quot;messageTechniques&quot;&gt;&lt;ul&gt;&lt;li&gt;&lt;a href=&quot;http://www.w3.org/TR/WCAG20-TECHS/G18&quot; target=&quot;_blank&quot;&gt;G18&lt;/a&gt;&lt;/li&gt;&lt;/ul&gt;&lt;/td&gt;&lt;td class=&quot;screenshot&quot;&gt;&lt;a data-toggle=&quot;modal&quot; data-target=&quot;#screenshot&quot;  onClick=showImg(&quot;screenshots/14_32_37_2_21_2018/600.png&quot;)&gt;&lt;img src=&quot;screenshots/14_32_37_2_21_2018/600.png&quot; style=&quot;width:25px;height:25px&quot;&gt;&lt;/a&gt;&lt;/td&gt;&lt;/tr&gt;&lt;tr class=&quot;error&quot;&gt;&lt;td  class=&quot;number&quot;&gt;&lt;span class=&quot;flag&quot;&gt;Error&lt;/span&gt;&lt;/td&gt;&lt;td  class=&quot;messagePrinciple&quot;&gt;&lt;a href=&quot;http://www.w3.org/TR/WCAG20/#perceivable&quot; target=&quot;_blank&quot;&gt;Perceivable&lt;/a&gt;&lt;/td&gt;&lt;td class=&quot;messageText&quot;&gt; This element has insufficient contrast at this conformance level. Expected a contrast ratio of at least 4.5:1, but text in this element has a contrast ratio of 4.17:1. Recommendation: change background to #fefefe.&lt;/td&gt;&lt;td&gt;&amp;lt;span class=&quot;c&quot;&amp;gt;#
Source files required to
build the target. 
&amp;lt;/span&amp;gt;&lt;/td&gt;&lt;td class=&quot;messageTechniques&quot;&gt;&lt;ul&gt;&lt;li&gt;&lt;a href=&quot;http://www.w3.org/TR/WCAG20-TECHS/G18&quot; target=&quot;_blank&quot;&gt;G18&lt;/a&gt;&lt;/li&gt;&lt;/ul&gt;&lt;/td&gt;&lt;td class=&quot;screenshot&quot;&gt;&lt;a data-toggle=&quot;modal&quot; data-target=&quot;#screenshot&quot;  onClick=showImg(&quot;screenshots/14_32_37_2_21_2018/286.png&quot;)&gt;&lt;img src=&quot;screenshots/14_32_37_2_21_2018/286.png&quot; style=&quot;width:25px;height:25px&quot;&gt;&lt;/a&gt;&lt;/td&gt;&lt;/tr&gt;&lt;tr class=&quot;error&quot;&gt;&lt;td  class=&quot;number&quot;&gt;&lt;span class=&quot;flag&quot;&gt;Error&lt;/span&gt;&lt;/td&gt;&lt;td  class=&quot;messagePrinciple&quot;&gt;&lt;a href=&quot;http://www.w3.org/TR/WCAG20/#perceivable&quot; target=&quot;_blank&quot;&gt;Perceivable&lt;/a&gt;&lt;/td&gt;&lt;td class=&quot;messageText&quot;&gt; This element has insufficient contrast at this conformance level. Expected a contrast ratio of at least 4.5:1, but text in this element has a contrast ratio of 4.17:1. Recommendation: change background to #fefefe.&lt;/td&gt;&lt;td&gt;&amp;lt;span class=&quot;c&quot;&amp;gt;#
Header files/directories this
library provides.
...&amp;lt;/span&amp;gt;&lt;/td&gt;&lt;td class=&quot;messageTechniques&quot;&gt;&lt;ul&gt;&lt;li&gt;&lt;a href=&quot;http://www.w3.org/TR/WCAG20-TECHS/G18&quot; target=&quot;_blank&quot;&gt;G18&lt;/a&gt;&lt;/li&gt;&lt;/ul&gt;&lt;/td&gt;&lt;td class=&quot;screenshot&quot;&gt;&lt;a data-toggle=&quot;modal&quot; data-target=&quot;#screenshot&quot;  onClick=showImg(&quot;screenshots/14_32_37_2_21_2018/174.png&quot;)&gt;&lt;img src=&quot;screenshots/14_32_37_2_21_2018/174.png&quot; style=&quot;width:25px;height:25px&quot;&gt;&lt;/a&gt;&lt;/td&gt;&lt;/tr&gt;&lt;tr class=&quot;error&quot;&gt;&lt;td  class=&quot;number&quot;&gt;&lt;span class=&quot;flag&quot;&gt;Error&lt;/span&gt;&lt;/td&gt;&lt;td  class=&quot;messagePrinciple&quot;&gt;&lt;a href=&quot;http://www.w3.org/TR/WCAG20/#perceivable&quot; target=&quot;_blank&quot;&gt;Perceivable&lt;/a&gt;&lt;/td&gt;&lt;td class=&quot;messageText&quot;&gt; This element has insufficient contrast at this conformance level. Expected a contrast ratio of at least 4.5:1, but text in this element has a contrast ratio of 4.17:1. Recommendation: change background to #fefefe.&lt;/td&gt;&lt;td&gt;&amp;lt;span class=&quot;c&quot;&amp;gt;#
app-images is provided in
project.mk. 
&amp;lt;/span&amp;gt;&lt;/td&gt;&lt;td class=&quot;messageTechniques&quot;&gt;&lt;ul&gt;&lt;li&gt;&lt;a href=&quot;http://www.w3.org/TR/WCAG20-TECHS/G18&quot; target=&quot;_blank&quot;&gt;G18&lt;/a&gt;&lt;/li&gt;&lt;/ul&gt;&lt;/td&gt;&lt;td class=&quot;screenshot&quot;&gt;&lt;a data-toggle=&quot;modal&quot; data-target=&quot;#screenshot&quot;  onClick=showImg(&quot;screenshots/14_32_37_2_21_2018/630.png&quot;)&gt;&lt;img src=&quot;screenshots/14_32_37_2_21_2018/630.png&quot; style=&quot;width:25px;height:25px&quot;&gt;&lt;/a&gt;&lt;/td&gt;&lt;/tr&gt;&lt;tr class=&quot;error&quot;&gt;&lt;td  class=&quot;number&quot;&gt;&lt;span class=&quot;flag&quot;&gt;Error&lt;/span&gt;&lt;/td&gt;&lt;td  class=&quot;messagePrinciple&quot;&gt;&lt;a href=&quot;http://www.w3.org/TR/WCAG20/#perceivable&quot; target=&quot;_blank&quot;&gt;Perceivable&lt;/a&gt;&lt;/td&gt;&lt;td class=&quot;messageText&quot;&gt; This element has insufficient contrast at this conformance level. Expected a contrast ratio of at least 4.5:1, but text in this element has a contrast ratio of 2.56:1. Recommendation: change text colour to #747400.&lt;/td&gt;&lt;td&gt;&amp;lt;span
class=&quot;nl&quot;&amp;gt;all&amp;lt;/span&amp;gt;&lt;/td&gt;&lt;td class=&quot;messageTechniques&quot;&gt;&lt;ul&gt;&lt;li&gt;&lt;a href=&quot;http://www.w3.org/TR/WCAG20-TECHS/G18&quot; target=&quot;_blank&quot;&gt;G18&lt;/a&gt;&lt;/li&gt;&lt;/ul&gt;&lt;/td&gt;&lt;td class=&quot;screenshot&quot;&gt;&lt;a data-toggle=&quot;modal&quot; data-target=&quot;#screenshot&quot;  onClick=showImg(&quot;screenshots/14_32_37_2_21_2018/26.png&quot;)&gt;&lt;img src=&quot;screenshots/14_32_37_2_21_2018/26.png&quot; style=&quot;width:25px;height:25px&quot;&gt;&lt;/a&gt;&lt;/td&gt;&lt;/tr&gt;&lt;tr class=&quot;error&quot;&gt;&lt;td  class=&quot;number&quot;&gt;&lt;span class=&quot;flag&quot;&gt;Error&lt;/span&gt;&lt;/td&gt;&lt;td  class=&quot;messagePrinciple&quot;&gt;&lt;a href=&quot;http://www.w3.org/TR/WCAG20/#perceivable&quot; target=&quot;_blank&quot;&gt;Perceivable&lt;/a&gt;&lt;/td&gt;&lt;td class=&quot;messageText&quot;&gt; This element has insufficient contrast at this conformance level. Expected a contrast ratio of at least 4.5:1, but text in this element has a contrast ratio of 4.17:1. Recommendation: change background to #fefefe.&lt;/td&gt;&lt;td&gt;&amp;lt;span class=&quot;c&quot;&amp;gt;# Extra
project-specific targets.
simulate-kzm: 
&amp;lt;/span&amp;gt;&lt;/td&gt;&lt;td class=&quot;messageTechniques&quot;&gt;&lt;ul&gt;&lt;li&gt;&lt;a href=&quot;http://www.w3.org/TR/WCAG20-TECHS/G18&quot; target=&quot;_blank&quot;&gt;G18&lt;/a&gt;&lt;/li&gt;&lt;/ul&gt;&lt;/td&gt;&lt;td class=&quot;screenshot&quot;&gt;&lt;a data-toggle=&quot;modal&quot; data-target=&quot;#screenshot&quot;  onClick=showImg(&quot;screenshots/14_32_37_2_21_2018/150.png&quot;)&gt;&lt;img src=&quot;screenshots/14_32_37_2_21_2018/150.png&quot; style=&quot;width:25px;height:25px&quot;&gt;&lt;/a&gt;&lt;/td&gt;&lt;/tr&gt;&lt;tr class=&quot;error&quot;&gt;&lt;td  class=&quot;number&quot;&gt;&lt;span class=&quot;flag&quot;&gt;Error&lt;/span&gt;&lt;/td&gt;&lt;td  class=&quot;messagePrinciple&quot;&gt;&lt;a href=&quot;http://www.w3.org/TR/WCAG20/#perceivable&quot; target=&quot;_blank&quot;&gt;Perceivable&lt;/a&gt;&lt;/td&gt;&lt;td class=&quot;messageText&quot;&gt; This element has insufficient contrast at this conformance level. Expected a contrast ratio of at least 4.5:1, but text in this element has a contrast ratio of 2.56:1. Recommendation: change text colour to #747400.&lt;/td&gt;&lt;td&gt;&amp;lt;span
class=&quot;nl&quot;&amp;gt;myapp&amp;lt;/span&amp;g
;&lt;/td&gt;&lt;td class=&quot;messageTechniques&quot;&gt;&lt;ul&gt;&lt;li&gt;&lt;a href=&quot;http://www.w3.org/TR/WCAG20-TECHS/G18&quot; target=&quot;_blank&quot;&gt;G18&lt;/a&gt;&lt;/li&gt;&lt;/ul&gt;&lt;/td&gt;&lt;td class=&quot;screenshot&quot;&gt;&lt;a data-toggle=&quot;modal&quot; data-target=&quot;#screenshot&quot;  onClick=showImg(&quot;screenshots/14_32_37_2_21_2018/438.png&quot;)&gt;&lt;img src=&quot;screenshots/14_32_37_2_21_2018/438.png&quot; style=&quot;width:25px;height:25px&quot;&gt;&lt;/a&gt;&lt;/td&gt;&lt;/tr&gt;&lt;/tbody&gt;&lt;/table&gt;&lt;/div&gt;
</system-out>
		</testcase>
		<testcase classname="some.class.name" name="FrequentlyAskedQuestions.html" time="1.000000">
			<failure message="Detected 1 error(s)." type="failure"/>
			<system-out>&lt;div id=&quot;resultsWrapper&quot; class=&quot;resultsWrapperActive&quot;&gt;&lt;h3&gt;Frequently Asked Questions on seL4 | seL4 docs&lt;/h3&gt;&lt;h4&gt;http://localhost:4000/FrequentlyAskedQuestions.html&lt;/h4&gt;&lt;ul id=&quot;results-overview&quot;&gt;&lt;li class=&quot;active&quot;&gt;&lt;span class=&quot;result-count result-count-errors&quot;&gt;1&lt;/span&gt;&lt;span class=&quot;result-type&quot;&gt;errors&lt;/span&gt;&lt;/a&gt;&lt;/li&gt;&lt;span class=&quot;result-count result-count-warnings&quot;&gt;0&lt;/span&gt;&lt;span class=&quot;result-type&quot;&gt;warnings&lt;/span&gt;&lt;/a&gt;&lt;/li&gt;&lt;span class=&quot;result-count result-count-notices&quot;&gt;0&lt;/span&gt;&lt;span class=&quot;result-type&quot;&gt;notices&lt;/span&gt;&lt;/a&gt;&lt;/li&gt;&lt;/ul&gt;&lt;a href=&quot;#&quot; class=&quot;button-link&quot; id=&quot;export&quot;&gt;Export as CSV&lt;/a&gt;&lt;table id=&quot;test-results-table&quot; class=&quot;tablesorter&quot;&gt;&lt;thead&gt;&lt;tr&gt;&lt;th&gt;Error Level&lt;/th&gt;&lt;th&gt;Principle&lt;/th&gt;&lt;th&gt;Message&lt;/th&gt;&lt;th&gt;Code snippet&lt;/th&gt;&lt;th&gt;Techniques&lt;/th&gt;&lt;th&gt;Screenshot&lt;/th&gt;&lt;/thead&gt;&lt;/tr&gt;&lt;tbody&gt;&lt;tr class=&quot;error&quot;&gt;&lt;td  class=&quot;number&quot;&gt;&lt;span class=&quot;flag&quot;&gt;Error&lt;/span&gt;&lt;/td&gt;&lt;td  class=&quot;messagePrinciple&quot;&gt;&lt;a href=&quot;http://www.w3.org/TR/WCAG20/#perceivable&quot; target=&quot;_blank&quot;&gt;Perceivable&lt;/a&gt;&lt;/td&gt;&lt;td class=&quot;messageText&quot;&gt; Img element missing an alt attribute. Use the alt attribute to specify a short text alternative.&lt;/td&gt;&lt;td&gt;&amp;lt;img style=&quot;500&quot;
src=&quot;http://sel4.systems/image
/familytree.png&quot;&amp;gt;&lt;/td&gt;&lt;td class=&quot;messageTechniques&quot;&gt;&lt;ul&gt;&lt;li&gt;&lt;a href=&quot;http://www.w3.org/TR/WCAG20-TECHS/H37&quot; target=&quot;_blank&quot;&gt;H37&lt;/a&gt;&lt;/li&gt;&lt;/ul&gt;&lt;/td&gt;&lt;td class=&quot;screenshot&quot;&gt;&lt;a data-toggle=&quot;modal&quot; data-target=&quot;#screenshot&quot;  onClick=showImg(&quot;screenshots/14_32_37_2_21_2018/409.png&quot;)&gt;&lt;img src=&quot;screenshots/14_32_37_2_21_2018/409.png&quot; style=&quot;width:25px;height:25px&quot;&gt;&lt;/a&gt;&lt;/td&gt;&lt;/tr&gt;&lt;/tbody&gt;&lt;/table&gt;&lt;/div&gt;
</system-out>
		</testcase>
		<testcase classname="some.class.name" name="sitemap.html" time="1.000000">
			<system-out>&lt;div id=&quot;resultsWrapper&quot; class=&quot;resultsWrapperActive&quot;&gt;&lt;h3&gt;Sitemap | seL4 docs&lt;/h3&gt;&lt;h4&gt;http://localhost:4000/sitemap.html&lt;/h4&gt;&lt;ul id=&quot;results-overview&quot;&gt;&lt;li class=&quot;active&quot;&gt;&lt;span class=&quot;result-count result-count-errors&quot;&gt;0&lt;/span&gt;&lt;span class=&quot;result-type&quot;&gt;errors&lt;/span&gt;&lt;/a&gt;&lt;/li&gt;&lt;span class=&quot;result-count result-count-warnings&quot;&gt;0&lt;/span&gt;&lt;span class=&quot;result-type&quot;&gt;warnings&lt;/span&gt;&lt;/a&gt;&lt;/li&gt;&lt;span class=&quot;result-count result-count-notices&quot;&gt;0&lt;/span&gt;&lt;span class=&quot;result-type&quot;&gt;notices&lt;/span&gt;&lt;/a&gt;&lt;/li&gt;&lt;/ul&gt;&lt;a href=&quot;#&quot; class=&quot;button-link&quot; id=&quot;export&quot;&gt;Export as CSV&lt;/a&gt;&lt;table id=&quot;test-results-table&quot; class=&quot;tablesorter&quot;&gt;&lt;thead&gt;&lt;tr&gt;&lt;th&gt;Error Level&lt;/th&gt;&lt;th&gt;Principle&lt;/th&gt;&lt;th&gt;Message&lt;/th&gt;&lt;th&gt;Code snippet&lt;/th&gt;&lt;th&gt;Techniques&lt;/th&gt;&lt;th&gt;Screenshot&lt;/th&gt;&lt;/thead&gt;&lt;/tr&gt;&lt;tbody&gt;&lt;tr&gt;&lt;td colspan=&quot;6&quot;&gt; ----  No Errors ---  &lt;/td&gt;&lt;/tr&gt;&lt;/tbody&gt;&lt;/table&gt;&lt;/div&gt;
</system-out>
		</testcase>
		<testcase classname="some.class.name" name="CAmkESNext.html" time="1.000000">
			<failure message="Detected 4 error(s)." type="failure"/>
			<system-out>&lt;div id=&quot;resultsWrapper&quot; class=&quot;resultsWrapperActive&quot;&gt;&lt;h3&gt;CAmkES Next | seL4 docs&lt;/h3&gt;&lt;h4&gt;http://localhost:4000/CAmkESNext.html&lt;/h4&gt;&lt;ul id=&quot;results-overview&quot;&gt;&lt;li class=&quot;active&quot;&gt;&lt;span class=&quot;result-count result-count-errors&quot;&gt;4&lt;/span&gt;&lt;span class=&quot;result-type&quot;&gt;errors&lt;/span&gt;&lt;/a&gt;&lt;/li&gt;&lt;span class=&quot;result-count result-count-warnings&quot;&gt;0&lt;/span&gt;&lt;span class=&quot;result-type&quot;&gt;warnings&lt;/span&gt;&lt;/a&gt;&lt;/li&gt;&lt;span class=&quot;result-count result-count-notices&quot;&gt;0&lt;/span&gt;&lt;span class=&quot;result-type&quot;&gt;notices&lt;/span&gt;&lt;/a&gt;&lt;/li&gt;&lt;/ul&gt;&lt;a href=&quot;#&quot; class=&quot;button-link&quot; id=&quot;export&quot;&gt;Export as CSV&lt;/a&gt;&lt;table id=&quot;test-results-table&quot; class=&quot;tablesorter&quot;&gt;&lt;thead&gt;&lt;tr&gt;&lt;th&gt;Error Level&lt;/th&gt;&lt;th&gt;Principle&lt;/th&gt;&lt;th&gt;Message&lt;/th&gt;&lt;th&gt;Code snippet&lt;/th&gt;&lt;th&gt;Techniques&lt;/th&gt;&lt;th&gt;Screenshot&lt;/th&gt;&lt;/thead&gt;&lt;/tr&gt;&lt;tbody&gt;&lt;tr class=&quot;error&quot;&gt;&lt;td  class=&quot;number&quot;&gt;&lt;span class=&quot;flag&quot;&gt;Error&lt;/span&gt;&lt;/td&gt;&lt;td  class=&quot;messagePrinciple&quot;&gt;&lt;a href=&quot;http://www.w3.org/TR/WCAG20/#perceivable&quot; target=&quot;_blank&quot;&gt;Perceivable&lt;/a&gt;&lt;/td&gt;&lt;td class=&quot;messageText&quot;&gt; This element has insufficient contrast at this conformance level. Expected a contrast ratio of at least 4.5:1, but text in this element has a contrast ratio of 4.17:1. Recommendation: change background to #fefefe.&lt;/td&gt;&lt;td&gt;&amp;lt;span class=&quot;c&quot;&amp;gt;#
Download CAmkES, seL4, user
libraries and
exampl...&amp;lt;/span&amp;gt;&lt;/td&gt;&lt;td class=&quot;messageTechniques&quot;&gt;&lt;ul&gt;&lt;li&gt;&lt;a href=&quot;http://www.w3.org/TR/WCAG20-TECHS/G18&quot; target=&quot;_blank&quot;&gt;G18&lt;/a&gt;&lt;/li&gt;&lt;/ul&gt;&lt;/td&gt;&lt;td class=&quot;screenshot&quot;&gt;&lt;a data-toggle=&quot;modal&quot; data-target=&quot;#screenshot&quot;  onClick=showImg(&quot;screenshots/14_32_37_2_21_2018/459.png&quot;)&gt;&lt;img src=&quot;screenshots/14_32_37_2_21_2018/459.png&quot; style=&quot;width:25px;height:25px&quot;&gt;&lt;/a&gt;&lt;/td&gt;&lt;/tr&gt;&lt;tr class=&quot;error&quot;&gt;&lt;td  class=&quot;number&quot;&gt;&lt;span class=&quot;flag&quot;&gt;Error&lt;/span&gt;&lt;/td&gt;&lt;td  class=&quot;messagePrinciple&quot;&gt;&lt;a href=&quot;http://www.w3.org/TR/WCAG20/#perceivable&quot; target=&quot;_blank&quot;&gt;Perceivable&lt;/a&gt;&lt;/td&gt;&lt;td class=&quot;messageText&quot;&gt; This element has insufficient contrast at this conformance level. Expected a contrast ratio of at least 4.5:1, but text in this element has a contrast ratio of 4.17:1. Recommendation: change background to #fefefe.&lt;/td&gt;&lt;td&gt;&amp;lt;span class=&quot;c&quot;&amp;gt;#
Select an app to build (build
configs for
exampl...&amp;lt;/span&amp;gt;&lt;/td&gt;&lt;td class=&quot;messageTechniques&quot;&gt;&lt;ul&gt;&lt;li&gt;&lt;a href=&quot;http://www.w3.org/TR/WCAG20-TECHS/G18&quot; target=&quot;_blank&quot;&gt;G18&lt;/a&gt;&lt;/li&gt;&lt;/ul&gt;&lt;/td&gt;&lt;td class=&quot;screenshot&quot;&gt;&lt;a data-toggle=&quot;modal&quot; data-target=&quot;#screenshot&quot;  onClick=showImg(&quot;screenshots/14_32_37_2_21_2018/353.png&quot;)&gt;&lt;img src=&quot;screenshots/14_32_37_2_21_2018/353.png&quot; style=&quot;width:25px;height:25px&quot;&gt;&lt;/a&gt;&lt;/td&gt;&lt;/tr&gt;&lt;tr class=&quot;error&quot;&gt;&lt;td  class=&quot;number&quot;&gt;&lt;span class=&quot;flag&quot;&gt;Error&lt;/span&gt;&lt;/td&gt;&lt;td  class=&quot;messagePrinciple&quot;&gt;&lt;a href=&quot;http://www.w3.org/TR/WCAG20/#perceivable&quot; target=&quot;_blank&quot;&gt;Perceivable&lt;/a&gt;&lt;/td&gt;&lt;td class=&quot;messageText&quot;&gt; This element has insufficient contrast at this conformance level. Expected a contrast ratio of at least 4.5:1, but text in this element has a contrast ratio of 4.17:1. Recommendation: change background to #fefefe.&lt;/td&gt;&lt;td&gt;&amp;lt;span class=&quot;c&quot;&amp;gt;#
Compile it&amp;lt;/span&amp;gt;&lt;/td&gt;&lt;td class=&quot;messageTechniques&quot;&gt;&lt;ul&gt;&lt;li&gt;&lt;a href=&quot;http://www.w3.org/TR/WCAG20-TECHS/G18&quot; target=&quot;_blank&quot;&gt;G18&lt;/a&gt;&lt;/li&gt;&lt;/ul&gt;&lt;/td&gt;&lt;td class=&quot;screenshot&quot;&gt;&lt;a data-toggle=&quot;modal&quot; data-target=&quot;#screenshot&quot;  onClick=showImg(&quot;screenshots/14_32_37_2_21_2018/771.png&quot;)&gt;&lt;img src=&quot;screenshots/14_32_37_2_21_2018/771.png&quot; style=&quot;width:25px;height:25px&quot;&gt;&lt;/a&gt;&lt;/td&gt;&lt;/tr&gt;&lt;tr class=&quot;error&quot;&gt;&lt;td  class=&quot;number&quot;&gt;&lt;span class=&quot;flag&quot;&gt;Error&lt;/span&gt;&lt;/td&gt;&lt;td  class=&quot;messagePrinciple&quot;&gt;&lt;a href=&quot;http://www.w3.org/TR/WCAG20/#perceivable&quot; target=&quot;_blank&quot;&gt;Perceivable&lt;/a&gt;&lt;/td&gt;&lt;td class=&quot;messageText&quot;&gt; This element has insufficient contrast at this conformance level. Expected a contrast ratio of at least 4.5:1, but text in this element has a contrast ratio of 4.17:1. Recommendation: change background to #fefefe.&lt;/td&gt;&lt;td&gt;&amp;lt;span class=&quot;c&quot;&amp;gt;# Run
the app in qemu&amp;lt;/span&amp;gt;&lt;/td&gt;&lt;td class=&quot;messageTechniques&quot;&gt;&lt;ul&gt;&lt;li&gt;&lt;a href=&quot;http://www.w3.org/TR/WCAG20-TECHS/G18&quot; target=&quot;_blank&quot;&gt;G18&lt;/a&gt;&lt;/li&gt;&lt;/ul&gt;&lt;/td&gt;&lt;td class=&quot;screenshot&quot;&gt;&lt;a data-toggle=&quot;modal&quot; data-target=&quot;#screenshot&quot;  onClick=showImg(&quot;screenshots/14_32_37_2_21_2018/893.png&quot;)&gt;&lt;img src=&quot;screenshots/14_32_37_2_21_2018/893.png&quot; style=&quot;width:25px;height:25px&quot;&gt;&lt;/a&gt;&lt;/td&gt;&lt;/tr&gt;&lt;/tbody&gt;&lt;/table&gt;&lt;/div&gt;
</system-out>
		</testcase>
		<testcase classname="some.class.name" name="ReleaseProcess.html" time="1.000000">
			<system-out>&lt;div id=&quot;resultsWrapper&quot; class=&quot;resultsWrapperActive&quot;&gt;&lt;h3&gt;seL4 Release Process | seL4 docs&lt;/h3&gt;&lt;h4&gt;http://localhost:4000/ReleaseProcess.html&lt;/h4&gt;&lt;ul id=&quot;results-overview&quot;&gt;&lt;li class=&quot;active&quot;&gt;&lt;span class=&quot;result-count result-count-errors&quot;&gt;0&lt;/span&gt;&lt;span class=&quot;result-type&quot;&gt;errors&lt;/span&gt;&lt;/a&gt;&lt;/li&gt;&lt;span class=&quot;result-count result-count-warnings&quot;&gt;0&lt;/span&gt;&lt;span class=&quot;result-type&quot;&gt;warnings&lt;/span&gt;&lt;/a&gt;&lt;/li&gt;&lt;span class=&quot;result-count result-count-notices&quot;&gt;0&lt;/span&gt;&lt;span class=&quot;result-type&quot;&gt;notices&lt;/span&gt;&lt;/a&gt;&lt;/li&gt;&lt;/ul&gt;&lt;a href=&quot;#&quot; class=&quot;button-link&quot; id=&quot;export&quot;&gt;Export as CSV&lt;/a&gt;&lt;table id=&quot;test-results-table&quot; class=&quot;tablesorter&quot;&gt;&lt;thead&gt;&lt;tr&gt;&lt;th&gt;Error Level&lt;/th&gt;&lt;th&gt;Principle&lt;/th&gt;&lt;th&gt;Message&lt;/th&gt;&lt;th&gt;Code snippet&lt;/th&gt;&lt;th&gt;Techniques&lt;/th&gt;&lt;th&gt;Screenshot&lt;/th&gt;&lt;/thead&gt;&lt;/tr&gt;&lt;tbody&gt;&lt;tr&gt;&lt;td colspan=&quot;6&quot;&gt; ----  No Errors ---  &lt;/td&gt;&lt;/tr&gt;&lt;/tbody&gt;&lt;/table&gt;&lt;/div&gt;
</system-out>
		</testcase>
		<testcase classname="some.class.name" name="seL4SharedDataWithCaps.html" time="1.000000">
			<system-out>&lt;div id=&quot;resultsWrapper&quot; class=&quot;resultsWrapperActive&quot;&gt;&lt;h3&gt;seL4SharedDataWithCaps | seL4 docs&lt;/h3&gt;&lt;h4&gt;http://localhost:4000/seL4SharedDataWithCaps.html&lt;/h4&gt;&lt;ul id=&quot;results-overview&quot;&gt;&lt;li class=&quot;active&quot;&gt;&lt;span class=&quot;result-count result-count-errors&quot;&gt;0&lt;/span&gt;&lt;span class=&quot;result-type&quot;&gt;errors&lt;/span&gt;&lt;/a&gt;&lt;/li&gt;&lt;span class=&quot;result-count result-count-warnings&quot;&gt;0&lt;/span&gt;&lt;span class=&quot;result-type&quot;&gt;warnings&lt;/span&gt;&lt;/a&gt;&lt;/li&gt;&lt;span class=&quot;result-count result-count-notices&quot;&gt;0&lt;/span&gt;&lt;span class=&quot;result-type&quot;&gt;notices&lt;/span&gt;&lt;/a&gt;&lt;/li&gt;&lt;/ul&gt;&lt;a href=&quot;#&quot; class=&quot;button-link&quot; id=&quot;export&quot;&gt;Export as CSV&lt;/a&gt;&lt;table id=&quot;test-results-table&quot; class=&quot;tablesorter&quot;&gt;&lt;thead&gt;&lt;tr&gt;&lt;th&gt;Error Level&lt;/th&gt;&lt;th&gt;Principle&lt;/th&gt;&lt;th&gt;Message&lt;/th&gt;&lt;th&gt;Code snippet&lt;/th&gt;&lt;th&gt;Techniques&lt;/th&gt;&lt;th&gt;Screenshot&lt;/th&gt;&lt;/thead&gt;&lt;/tr&gt;&lt;tbody&gt;&lt;tr&gt;&lt;td colspan=&quot;6&quot;&gt; ----  No Errors ---  &lt;/td&gt;&lt;/tr&gt;&lt;/tbody&gt;&lt;/table&gt;&lt;/div&gt;
</system-out>
		</testcase>
		<testcase classname="some.class.name" name="Getting_started.html" time="1.000000">
			<system-out>&lt;div id=&quot;resultsWrapper&quot; class=&quot;resultsWrapperActive&quot;&gt;&lt;h3&gt;Getting Started | seL4 docs&lt;/h3&gt;&lt;h4&gt;http://localhost:4000/Getting_started.html&lt;/h4&gt;&lt;ul id=&quot;results-overview&quot;&gt;&lt;li class=&quot;active&quot;&gt;&lt;span class=&quot;result-count result-count-errors&quot;&gt;0&lt;/span&gt;&lt;span class=&quot;result-type&quot;&gt;errors&lt;/span&gt;&lt;/a&gt;&lt;/li&gt;&lt;span class=&quot;result-count result-count-warnings&quot;&gt;0&lt;/span&gt;&lt;span class=&quot;result-type&quot;&gt;warnings&lt;/span&gt;&lt;/a&gt;&lt;/li&gt;&lt;span class=&quot;result-count result-count-notices&quot;&gt;0&lt;/span&gt;&lt;span class=&quot;result-type&quot;&gt;notices&lt;/span&gt;&lt;/a&gt;&lt;/li&gt;&lt;/ul&gt;&lt;a href=&quot;#&quot; class=&quot;button-link&quot; id=&quot;export&quot;&gt;Export as CSV&lt;/a&gt;&lt;table id=&quot;test-results-table&quot; class=&quot;tablesorter&quot;&gt;&lt;thead&gt;&lt;tr&gt;&lt;th&gt;Error Level&lt;/th&gt;&lt;th&gt;Principle&lt;/th&gt;&lt;th&gt;Message&lt;/th&gt;&lt;th&gt;Code snippet&lt;/th&gt;&lt;th&gt;Techniques&lt;/th&gt;&lt;th&gt;Screenshot&lt;/th&gt;&lt;/thead&gt;&lt;/tr&gt;&lt;tbody&gt;&lt;tr&gt;&lt;td colspan=&quot;6&quot;&gt; ----  No Errors ---  &lt;/td&gt;&lt;/tr&gt;&lt;/tbody&gt;&lt;/table&gt;&lt;/div&gt;
</system-out>
		</testcase>
		<testcase classname="some.class.name" name="404.html" time="1.000000">
			<system-out>&lt;div id=&quot;resultsWrapper&quot; class=&quot;resultsWrapperActive&quot;&gt;&lt;h3&gt;| seL4 docs&lt;/h3&gt;&lt;h4&gt;http://localhost:4000/404.html&lt;/h4&gt;&lt;ul id=&quot;results-overview&quot;&gt;&lt;li class=&quot;active&quot;&gt;&lt;span class=&quot;result-count result-count-errors&quot;&gt;0&lt;/span&gt;&lt;span class=&quot;result-type&quot;&gt;errors&lt;/span&gt;&lt;/a&gt;&lt;/li&gt;&lt;span class=&quot;result-count result-count-warnings&quot;&gt;0&lt;/span&gt;&lt;span class=&quot;result-type&quot;&gt;warnings&lt;/span&gt;&lt;/a&gt;&lt;/li&gt;&lt;span class=&quot;result-count result-count-notices&quot;&gt;0&lt;/span&gt;&lt;span class=&quot;result-type&quot;&gt;notices&lt;/span&gt;&lt;/a&gt;&lt;/li&gt;&lt;/ul&gt;&lt;a href=&quot;#&quot; class=&quot;button-link&quot; id=&quot;export&quot;&gt;Export as CSV&lt;/a&gt;&lt;table id=&quot;test-results-table&quot; class=&quot;tablesorter&quot;&gt;&lt;thead&gt;&lt;tr&gt;&lt;th&gt;Error Level&lt;/th&gt;&lt;th&gt;Principle&lt;/th&gt;&lt;th&gt;Message&lt;/th&gt;&lt;th&gt;Code snippet&lt;/th&gt;&lt;th&gt;Techniques&lt;/th&gt;&lt;th&gt;Screenshot&lt;/th&gt;&lt;/thead&gt;&lt;/tr&gt;&lt;tbody&gt;&lt;tr&gt;&lt;td colspan=&quot;6&quot;&gt; ----  No Errors ---  &lt;/td&gt;&lt;/tr&gt;&lt;/tbody&gt;&lt;/table&gt;&lt;/div&gt;
</system-out>
		</testcase>
		<testcase classname="some.class.name" name="Userland_Components_and_Drivers.html" time="1.000000">
			<system-out>&lt;div id=&quot;resultsWrapper&quot; class=&quot;resultsWrapperActive&quot;&gt;&lt;h3&gt;Userland Components and Drivers | seL4 docs&lt;/h3&gt;&lt;h4&gt;http://localhost:4000/Userland_Components_and_Drivers.html&lt;/h4&gt;&lt;ul id=&quot;results-overview&quot;&gt;&lt;li class=&quot;active&quot;&gt;&lt;span class=&quot;result-count result-count-errors&quot;&gt;0&lt;/span&gt;&lt;span class=&quot;result-type&quot;&gt;errors&lt;/span&gt;&lt;/a&gt;&lt;/li&gt;&lt;span class=&quot;result-count result-count-warnings&quot;&gt;0&lt;/span&gt;&lt;span class=&quot;result-type&quot;&gt;warnings&lt;/span&gt;&lt;/a&gt;&lt;/li&gt;&lt;span class=&quot;result-count result-count-notices&quot;&gt;0&lt;/span&gt;&lt;span class=&quot;result-type&quot;&gt;notices&lt;/span&gt;&lt;/a&gt;&lt;/li&gt;&lt;/ul&gt;&lt;a href=&quot;#&quot; class=&quot;button-link&quot; id=&quot;export&quot;&gt;Export as CSV&lt;/a&gt;&lt;table id=&quot;test-results-table&quot; class=&quot;tablesorter&quot;&gt;&lt;thead&gt;&lt;tr&gt;&lt;th&gt;Error Level&lt;/th&gt;&lt;th&gt;Principle&lt;/th&gt;&lt;th&gt;Message&lt;/th&gt;&lt;th&gt;Code snippet&lt;/th&gt;&lt;th&gt;Techniques&lt;/th&gt;&lt;th&gt;Screenshot&lt;/th&gt;&lt;/thead&gt;&lt;/tr&gt;&lt;tbody&gt;&lt;tr&gt;&lt;td colspan=&quot;6&quot;&gt; ----  No Errors ---  &lt;/td&gt;&lt;/tr&gt;&lt;/tbody&gt;&lt;/table&gt;&lt;/div&gt;
</system-out>
		</testcase>
		<testcase classname="some.class.name" name="CapDL.html" time="1.000000">
			<system-out>&lt;div id=&quot;resultsWrapper&quot; class=&quot;resultsWrapperActive&quot;&gt;&lt;h3&gt;CapDL | seL4 docs&lt;/h3&gt;&lt;h4&gt;http://localhost:4000/CapDL.html&lt;/h4&gt;&lt;ul id=&quot;results-overview&quot;&gt;&lt;li class=&quot;active&quot;&gt;&lt;span class=&quot;result-count result-count-errors&quot;&gt;0&lt;/span&gt;&lt;span class=&quot;result-type&quot;&gt;errors&lt;/span&gt;&lt;/a&gt;&lt;/li&gt;&lt;span class=&quot;result-count result-count-warnings&quot;&gt;0&lt;/span&gt;&lt;span class=&quot;result-type&quot;&gt;warnings&lt;/span&gt;&lt;/a&gt;&lt;/li&gt;&lt;span class=&quot;result-count result-count-notices&quot;&gt;0&lt;/span&gt;&lt;span class=&quot;result-type&quot;&gt;notices&lt;/span&gt;&lt;/a&gt;&lt;/li&gt;&lt;/ul&gt;&lt;a href=&quot;#&quot; class=&quot;button-link&quot; id=&quot;export&quot;&gt;Export as CSV&lt;/a&gt;&lt;table id=&quot;test-results-table&quot; class=&quot;tablesorter&quot;&gt;&lt;thead&gt;&lt;tr&gt;&lt;th&gt;Error Level&lt;/th&gt;&lt;th&gt;Principle&lt;/th&gt;&lt;th&gt;Message&lt;/th&gt;&lt;th&gt;Code snippet&lt;/th&gt;&lt;th&gt;Techniques&lt;/th&gt;&lt;th&gt;Screenshot&lt;/th&gt;&lt;/thead&gt;&lt;/tr&gt;&lt;tbody&gt;&lt;tr&gt;&lt;td colspan=&quot;6&quot;&gt; ----  No Errors ---  &lt;/td&gt;&lt;/tr&gt;&lt;/tbody&gt;&lt;/table&gt;&lt;/div&gt;
</system-out>
		</testcase>
		<testcase classname="some.class.name" name="camkes_release/CAmkES_3.1.0.html" time="1.000000">
			<system-out>&lt;div id=&quot;resultsWrapper&quot; class=&quot;resultsWrapperActive&quot;&gt;&lt;h3&gt;camkes-3.1.0 | seL4 docs&lt;/h3&gt;&lt;h4&gt;http://localhost:4000/camkes_release/CAmkES_3.1.0.html&lt;/h4&gt;&lt;ul id=&quot;results-overview&quot;&gt;&lt;li class=&quot;active&quot;&gt;&lt;span class=&quot;result-count result-count-errors&quot;&gt;0&lt;/span&gt;&lt;span class=&quot;result-type&quot;&gt;errors&lt;/span&gt;&lt;/a&gt;&lt;/li&gt;&lt;span class=&quot;result-count result-count-warnings&quot;&gt;0&lt;/span&gt;&lt;span class=&quot;result-type&quot;&gt;warnings&lt;/span&gt;&lt;/a&gt;&lt;/li&gt;&lt;span class=&quot;result-count result-count-notices&quot;&gt;0&lt;/span&gt;&lt;span class=&quot;result-type&quot;&gt;notices&lt;/span&gt;&lt;/a&gt;&lt;/li&gt;&lt;/ul&gt;&lt;a href=&quot;#&quot; class=&quot;button-link&quot; id=&quot;export&quot;&gt;Export as CSV&lt;/a&gt;&lt;table id=&quot;test-results-table&quot; class=&quot;tablesorter&quot;&gt;&lt;thead&gt;&lt;tr&gt;&lt;th&gt;Error Level&lt;/th&gt;&lt;th&gt;Principle&lt;/th&gt;&lt;th&gt;Message&lt;/th&gt;&lt;th&gt;Code snippet&lt;/th&gt;&lt;th&gt;Techniques&lt;/th&gt;&lt;th&gt;Screenshot&lt;/th&gt;&lt;/thead&gt;&lt;/tr&gt;&lt;tbody&gt;&lt;tr&gt;&lt;td colspan=&quot;6&quot;&gt; ----  No Errors ---  &lt;/td&gt;&lt;/tr&gt;&lt;/tbody&gt;&lt;/table&gt;&lt;/div&gt;
</system-out>
		</testcase>
		<testcase classname="some.class.name" name="camkes_release/CAmkES_2.3.1.html" time="1.000000">
			<system-out>&lt;div id=&quot;resultsWrapper&quot; class=&quot;resultsWrapperActive&quot;&gt;&lt;h3&gt;camkes-2.3.1 | seL4 docs&lt;/h3&gt;&lt;h4&gt;http://localhost:4000/camkes_release/CAmkES_2.3.1.html&lt;/h4&gt;&lt;ul id=&quot;results-overview&quot;&gt;&lt;li class=&quot;active&quot;&gt;&lt;span class=&quot;result-count result-count-errors&quot;&gt;0&lt;/span&gt;&lt;span class=&quot;result-type&quot;&gt;errors&lt;/span&gt;&lt;/a&gt;&lt;/li&gt;&lt;span class=&quot;result-count result-count-warnings&quot;&gt;0&lt;/span&gt;&lt;span class=&quot;result-type&quot;&gt;warnings&lt;/span&gt;&lt;/a&gt;&lt;/li&gt;&lt;span class=&quot;result-count result-count-notices&quot;&gt;0&lt;/span&gt;&lt;span class=&quot;result-type&quot;&gt;notices&lt;/span&gt;&lt;/a&gt;&lt;/li&gt;&lt;/ul&gt;&lt;a href=&quot;#&quot; class=&quot;button-link&quot; id=&quot;export&quot;&gt;Export as CSV&lt;/a&gt;&lt;table id=&quot;test-results-table&quot; class=&quot;tablesorter&quot;&gt;&lt;thead&gt;&lt;tr&gt;&lt;th&gt;Error Level&lt;/th&gt;&lt;th&gt;Principle&lt;/th&gt;&lt;th&gt;Message&lt;/th&gt;&lt;th&gt;Code snippet&lt;/th&gt;&lt;th&gt;Techniques&lt;/th&gt;&lt;th&gt;Screenshot&lt;/th&gt;&lt;/thead&gt;&lt;/tr&gt;&lt;tbody&gt;&lt;tr&gt;&lt;td colspan=&quot;6&quot;&gt; ----  No Errors ---  &lt;/td&gt;&lt;/tr&gt;&lt;/tbody&gt;&lt;/table&gt;&lt;/div&gt;
</system-out>
		</testcase>
		<testcase classname="some.class.name" name="camkes_release/CAmkES_2.1.0.html" time="1.000000">
			<system-out>&lt;div id=&quot;resultsWrapper&quot; class=&quot;resultsWrapperActive&quot;&gt;&lt;h3&gt;camkes-2.1.0 | seL4 docs&lt;/h3&gt;&lt;h4&gt;http://localhost:4000/camkes_release/CAmkES_2.1.0.html&lt;/h4&gt;&lt;ul id=&quot;results-overview&quot;&gt;&lt;li class=&quot;active&quot;&gt;&lt;span class=&quot;result-count result-count-errors&quot;&gt;0&lt;/span&gt;&lt;span class=&quot;result-type&quot;&gt;errors&lt;/span&gt;&lt;/a&gt;&lt;/li&gt;&lt;span class=&quot;result-count result-count-warnings&quot;&gt;0&lt;/span&gt;&lt;span class=&quot;result-type&quot;&gt;warnings&lt;/span&gt;&lt;/a&gt;&lt;/li&gt;&lt;span class=&quot;result-count result-count-notices&quot;&gt;0&lt;/span&gt;&lt;span class=&quot;result-type&quot;&gt;notices&lt;/span&gt;&lt;/a&gt;&lt;/li&gt;&lt;/ul&gt;&lt;a href=&quot;#&quot; class=&quot;button-link&quot; id=&quot;export&quot;&gt;Export as CSV&lt;/a&gt;&lt;table id=&quot;test-results-table&quot; class=&quot;tablesorter&quot;&gt;&lt;thead&gt;&lt;tr&gt;&lt;th&gt;Error Level&lt;/th&gt;&lt;th&gt;Principle&lt;/th&gt;&lt;th&gt;Message&lt;/th&gt;&lt;th&gt;Code snippet&lt;/th&gt;&lt;th&gt;Techniques&lt;/th&gt;&lt;th&gt;Screenshot&lt;/th&gt;&lt;/thead&gt;&lt;/tr&gt;&lt;tbody&gt;&lt;tr&gt;&lt;td colspan=&quot;6&quot;&gt; ----  No Errors ---  &lt;/td&gt;&lt;/tr&gt;&lt;/tbody&gt;&lt;/table&gt;&lt;/div&gt;
</system-out>
		</testcase>
		<testcase classname="some.class.name" name="camkes_release/CAmkES_3.2.0.html" time="1.000000">
			<system-out>&lt;div id=&quot;resultsWrapper&quot; class=&quot;resultsWrapperActive&quot;&gt;&lt;h3&gt;camkes-3.2.0 | seL4 docs&lt;/h3&gt;&lt;h4&gt;http://localhost:4000/camkes_release/CAmkES_3.2.0.html&lt;/h4&gt;&lt;ul id=&quot;results-overview&quot;&gt;&lt;li class=&quot;active&quot;&gt;&lt;span class=&quot;result-count result-count-errors&quot;&gt;0&lt;/span&gt;&lt;span class=&quot;result-type&quot;&gt;errors&lt;/span&gt;&lt;/a&gt;&lt;/li&gt;&lt;span class=&quot;result-count result-count-warnings&quot;&gt;0&lt;/span&gt;&lt;span class=&quot;result-type&quot;&gt;warnings&lt;/span&gt;&lt;/a&gt;&lt;/li&gt;&lt;span class=&quot;result-count result-count-notices&quot;&gt;0&lt;/span&gt;&lt;span class=&quot;result-type&quot;&gt;notices&lt;/span&gt;&lt;/a&gt;&lt;/li&gt;&lt;/ul&gt;&lt;a href=&quot;#&quot; class=&quot;button-link&quot; id=&quot;export&quot;&gt;Export as CSV&lt;/a&gt;&lt;table id=&quot;test-results-table&quot; class=&quot;tablesorter&quot;&gt;&lt;thead&gt;&lt;tr&gt;&lt;th&gt;Error Level&lt;/th&gt;&lt;th&gt;Principle&lt;/th&gt;&lt;th&gt;Message&lt;/th&gt;&lt;th&gt;Code snippet&lt;/th&gt;&lt;th&gt;Techniques&lt;/th&gt;&lt;th&gt;Screenshot&lt;/th&gt;&lt;/thead&gt;&lt;/tr&gt;&lt;tbody&gt;&lt;tr&gt;&lt;td colspan=&quot;6&quot;&gt; ----  No Errors ---  &lt;/td&gt;&lt;/tr&gt;&lt;/tbody&gt;&lt;/table&gt;&lt;/div&gt;
</system-out>
		</testcase>
		<testcase classname="some.class.name" name="camkes_release/CAmkES_3.0.0.html" time="1.000000">
			<failure message="Detected 13 error(s)." type="failure"/>
			<system-out>&lt;div id=&quot;resultsWrapper&quot; class=&quot;resultsWrapperActive&quot;&gt;&lt;h3&gt;camkes-3.0.0 | seL4 docs&lt;/h3&gt;&lt;h4&gt;http://localhost:4000/camkes_release/CAmkES_3.0.0.html&lt;/h4&gt;&lt;ul id=&quot;results-overview&quot;&gt;&lt;li class=&quot;active&quot;&gt;&lt;span class=&quot;result-count result-count-errors&quot;&gt;13&lt;/span&gt;&lt;span class=&quot;result-type&quot;&gt;errors&lt;/span&gt;&lt;/a&gt;&lt;/li&gt;&lt;span class=&quot;result-count result-count-warnings&quot;&gt;0&lt;/span&gt;&lt;span class=&quot;result-type&quot;&gt;warnings&lt;/span&gt;&lt;/a&gt;&lt;/li&gt;&lt;span class=&quot;result-count result-count-notices&quot;&gt;0&lt;/span&gt;&lt;span class=&quot;result-type&quot;&gt;notices&lt;/span&gt;&lt;/a&gt;&lt;/li&gt;&lt;/ul&gt;&lt;a href=&quot;#&quot; class=&quot;button-link&quot; id=&quot;export&quot;&gt;Export as CSV&lt;/a&gt;&lt;table id=&quot;test-results-table&quot; class=&quot;tablesorter&quot;&gt;&lt;thead&gt;&lt;tr&gt;&lt;th&gt;Error Level&lt;/th&gt;&lt;th&gt;Principle&lt;/th&gt;&lt;th&gt;Message&lt;/th&gt;&lt;th&gt;Code snippet&lt;/th&gt;&lt;th&gt;Techniques&lt;/th&gt;&lt;th&gt;Screenshot&lt;/th&gt;&lt;/thead&gt;&lt;/tr&gt;&lt;tbody&gt;&lt;tr class=&quot;error&quot;&gt;&lt;td  class=&quot;number&quot;&gt;&lt;span class=&quot;flag&quot;&gt;Error&lt;/span&gt;&lt;/td&gt;&lt;td  class=&quot;messagePrinciple&quot;&gt;&lt;a href=&quot;http://www.w3.org/TR/WCAG20/#perceivable&quot; target=&quot;_blank&quot;&gt;Perceivable&lt;/a&gt;&lt;/td&gt;&lt;td class=&quot;messageText&quot;&gt; This element has insufficient contrast at this conformance level. Expected a contrast ratio of at least 4.5:1, but text in this element has a contrast ratio of 3.27:1. Recommendation: change text colour to #657811.&lt;/td&gt;&lt;td&gt;&amp;lt;span
class=&quot;na&quot;&amp;gt;name=&amp;lt;/span&amp;g
;&lt;/td&gt;&lt;td class=&quot;messageTechniques&quot;&gt;&lt;ul&gt;&lt;li&gt;&lt;a href=&quot;http://www.w3.org/TR/WCAG20-TECHS/G18&quot; target=&quot;_blank&quot;&gt;G18&lt;/a&gt;&lt;/li&gt;&lt;/ul&gt;&lt;/td&gt;&lt;td class=&quot;screenshot&quot;&gt;&lt;a data-toggle=&quot;modal&quot; data-target=&quot;#screenshot&quot;  onClick=showImg(&quot;screenshots/14_32_38_2_21_2018/447.png&quot;)&gt;&lt;img src=&quot;screenshots/14_32_38_2_21_2018/447.png&quot; style=&quot;width:25px;height:25px&quot;&gt;&lt;/a&gt;&lt;/td&gt;&lt;/tr&gt;&lt;tr class=&quot;error&quot;&gt;&lt;td  class=&quot;number&quot;&gt;&lt;span class=&quot;flag&quot;&gt;Error&lt;/span&gt;&lt;/td&gt;&lt;td  class=&quot;messagePrinciple&quot;&gt;&lt;a href=&quot;http://www.w3.org/TR/WCAG20/#perceivable&quot; target=&quot;_blank&quot;&gt;Perceivable&lt;/a&gt;&lt;/td&gt;&lt;td class=&quot;messageText&quot;&gt; This element has insufficient contrast at this conformance level. Expected a contrast ratio of at least 4.5:1, but text in this element has a contrast ratio of 3.27:1. Recommendation: change text colour to #657811.&lt;/td&gt;&lt;td&gt;&amp;lt;span
class=&quot;na&quot;&amp;gt;path=&amp;lt;/span&amp;g
;&lt;/td&gt;&lt;td class=&quot;messageTechniques&quot;&gt;&lt;ul&gt;&lt;li&gt;&lt;a href=&quot;http://www.w3.org/TR/WCAG20-TECHS/G18&quot; target=&quot;_blank&quot;&gt;G18&lt;/a&gt;&lt;/li&gt;&lt;/ul&gt;&lt;/td&gt;&lt;td class=&quot;screenshot&quot;&gt;&lt;a data-toggle=&quot;modal&quot; data-target=&quot;#screenshot&quot;  onClick=showImg(&quot;screenshots/14_32_38_2_21_2018/772.png&quot;)&gt;&lt;img src=&quot;screenshots/14_32_38_2_21_2018/772.png&quot; style=&quot;width:25px;height:25px&quot;&gt;&lt;/a&gt;&lt;/td&gt;&lt;/tr&gt;&lt;tr class=&quot;error&quot;&gt;&lt;td  class=&quot;number&quot;&gt;&lt;span class=&quot;flag&quot;&gt;Error&lt;/span&gt;&lt;/td&gt;&lt;td  class=&quot;messagePrinciple&quot;&gt;&lt;a href=&quot;http://www.w3.org/TR/WCAG20/#perceivable&quot; target=&quot;_blank&quot;&gt;Perceivable&lt;/a&gt;&lt;/td&gt;&lt;td class=&quot;messageText&quot;&gt; This element has insufficient contrast at this conformance level. Expected a contrast ratio of at least 4.5:1, but text in this element has a contrast ratio of 3.27:1. Recommendation: change text colour to #657811.&lt;/td&gt;&lt;td&gt;&amp;lt;span
class=&quot;na&quot;&amp;gt;revision=&amp;lt;/sp
n&amp;gt;&lt;/td&gt;&lt;td class=&quot;messageTechniques&quot;&gt;&lt;ul&gt;&lt;li&gt;&lt;a href=&quot;http://www.w3.org/TR/WCAG20-TECHS/G18&quot; target=&quot;_blank&quot;&gt;G18&lt;/a&gt;&lt;/li&gt;&lt;/ul&gt;&lt;/td&gt;&lt;td class=&quot;screenshot&quot;&gt;&lt;a data-toggle=&quot;modal&quot; data-target=&quot;#screenshot&quot;  onClick=showImg(&quot;screenshots/14_32_38_2_21_2018/601.png&quot;)&gt;&lt;img src=&quot;screenshots/14_32_38_2_21_2018/601.png&quot; style=&quot;width:25px;height:25px&quot;&gt;&lt;/a&gt;&lt;/td&gt;&lt;/tr&gt;&lt;tr class=&quot;error&quot;&gt;&lt;td  class=&quot;number&quot;&gt;&lt;span class=&quot;flag&quot;&gt;Error&lt;/span&gt;&lt;/td&gt;&lt;td  class=&quot;messagePrinciple&quot;&gt;&lt;a href=&quot;http://www.w3.org/TR/WCAG20/#perceivable&quot; target=&quot;_blank&quot;&gt;Perceivable&lt;/a&gt;&lt;/td&gt;&lt;td class=&quot;messageText&quot;&gt; This element has insufficient contrast at this conformance level. Expected a contrast ratio of at least 4.5:1, but text in this element has a contrast ratio of 3.27:1. Recommendation: change text colour to #657811.&lt;/td&gt;&lt;td&gt;&amp;lt;span
class=&quot;na&quot;&amp;gt;name=&amp;lt;/span&amp;g
;&lt;/td&gt;&lt;td class=&quot;messageTechniques&quot;&gt;&lt;ul&gt;&lt;li&gt;&lt;a href=&quot;http://www.w3.org/TR/WCAG20-TECHS/G18&quot; target=&quot;_blank&quot;&gt;G18&lt;/a&gt;&lt;/li&gt;&lt;/ul&gt;&lt;/td&gt;&lt;td class=&quot;screenshot&quot;&gt;&lt;a data-toggle=&quot;modal&quot; data-target=&quot;#screenshot&quot;  onClick=showImg(&quot;screenshots/14_32_38_2_21_2018/412.png&quot;)&gt;&lt;img src=&quot;screenshots/14_32_38_2_21_2018/412.png&quot; style=&quot;width:25px;height:25px&quot;&gt;&lt;/a&gt;&lt;/td&gt;&lt;/tr&gt;&lt;tr class=&quot;error&quot;&gt;&lt;td  class=&quot;number&quot;&gt;&lt;span class=&quot;flag&quot;&gt;Error&lt;/span&gt;&lt;/td&gt;&lt;td  class=&quot;messagePrinciple&quot;&gt;&lt;a href=&quot;http://www.w3.org/TR/WCAG20/#perceivable&quot; target=&quot;_blank&quot;&gt;Perceivable&lt;/a&gt;&lt;/td&gt;&lt;td class=&quot;messageText&quot;&gt; This element has insufficient contrast at this conformance level. Expected a contrast ratio of at least 4.5:1, but text in this element has a contrast ratio of 3.27:1. Recommendation: change text colour to #657811.&lt;/td&gt;&lt;td&gt;&amp;lt;span
class=&quot;na&quot;&amp;gt;path=&amp;lt;/span&amp;g
;&lt;/td&gt;&lt;td class=&quot;messageTechniques&quot;&gt;&lt;ul&gt;&lt;li&gt;&lt;a href=&quot;http://www.w3.org/TR/WCAG20-TECHS/G18&quot; target=&quot;_blank&quot;&gt;G18&lt;/a&gt;&lt;/li&gt;&lt;/ul&gt;&lt;/td&gt;&lt;td class=&quot;screenshot&quot;&gt;&lt;a data-toggle=&quot;modal&quot; data-target=&quot;#screenshot&quot;  onClick=showImg(&quot;screenshots/14_32_38_2_21_2018/748.png&quot;)&gt;&lt;img src=&quot;screenshots/14_32_38_2_21_2018/748.png&quot; style=&quot;width:25px;height:25px&quot;&gt;&lt;/a&gt;&lt;/td&gt;&lt;/tr&gt;&lt;tr class=&quot;error&quot;&gt;&lt;td  class=&quot;number&quot;&gt;&lt;span class=&quot;flag&quot;&gt;Error&lt;/span&gt;&lt;/td&gt;&lt;td  class=&quot;messagePrinciple&quot;&gt;&lt;a href=&quot;http://www.w3.org/TR/WCAG20/#perceivable&quot; target=&quot;_blank&quot;&gt;Perceivable&lt;/a&gt;&lt;/td&gt;&lt;td class=&quot;messageText&quot;&gt; This element has insufficient contrast at this conformance level. Expected a contrast ratio of at least 4.5:1, but text in this element has a contrast ratio of 3.27:1. Recommendation: change text colour to #657811.&lt;/td&gt;&lt;td&gt;&amp;lt;span
class=&quot;na&quot;&amp;gt;revision=&amp;lt;/sp
n&amp;gt;&lt;/td&gt;&lt;td class=&quot;messageTechniques&quot;&gt;&lt;ul&gt;&lt;li&gt;&lt;a href=&quot;http://www.w3.org/TR/WCAG20-TECHS/G18&quot; target=&quot;_blank&quot;&gt;G18&lt;/a&gt;&lt;/li&gt;&lt;/ul&gt;&lt;/td&gt;&lt;td class=&quot;screenshot&quot;&gt;&lt;a data-toggle=&quot;modal&quot; data-target=&quot;#screenshot&quot;  onClick=showImg(&quot;screenshots/14_32_38_2_21_2018/327.png&quot;)&gt;&lt;img src=&quot;screenshots/14_32_38_2_21_2018/327.png&quot; style=&quot;width:25px;height:25px&quot;&gt;&lt;/a&gt;&lt;/td&gt;&lt;/tr&gt;&lt;tr class=&quot;error&quot;&gt;&lt;td  class=&quot;number&quot;&gt;&lt;span class=&quot;flag&quot;&gt;Error&lt;/span&gt;&lt;/td&gt;&lt;td  class=&quot;messagePrinciple&quot;&gt;&lt;a href=&quot;http://www.w3.org/TR/WCAG20/#perceivable&quot; target=&quot;_blank&quot;&gt;Perceivable&lt;/a&gt;&lt;/td&gt;&lt;td class=&quot;messageText&quot;&gt; This element has insufficient contrast at this conformance level. Expected a contrast ratio of at least 4.5:1, but text in this element has a contrast ratio of 3.27:1. Recommendation: change text colour to #657811.&lt;/td&gt;&lt;td&gt;&amp;lt;span
class=&quot;na&quot;&amp;gt;name=&amp;lt;/span&amp;g
;&lt;/td&gt;&lt;td class=&quot;messageTechniques&quot;&gt;&lt;ul&gt;&lt;li&gt;&lt;a href=&quot;http://www.w3.org/TR/WCAG20-TECHS/G18&quot; target=&quot;_blank&quot;&gt;G18&lt;/a&gt;&lt;/li&gt;&lt;/ul&gt;&lt;/td&gt;&lt;td class=&quot;screenshot&quot;&gt;&lt;a data-toggle=&quot;modal&quot; data-target=&quot;#screenshot&quot;  onClick=showImg(&quot;screenshots/14_32_38_2_21_2018/840.png&quot;)&gt;&lt;img src=&quot;screenshots/14_32_38_2_21_2018/840.png&quot; style=&quot;width:25px;height:25px&quot;&gt;&lt;/a&gt;&lt;/td&gt;&lt;/tr&gt;&lt;tr class=&quot;error&quot;&gt;&lt;td  class=&quot;number&quot;&gt;&lt;span class=&quot;flag&quot;&gt;Error&lt;/span&gt;&lt;/td&gt;&lt;td  class=&quot;messagePrinciple&quot;&gt;&lt;a href=&quot;http://www.w3.org/TR/WCAG20/#perceivable&quot; target=&quot;_blank&quot;&gt;Perceivable&lt;/a&gt;&lt;/td&gt;&lt;td class=&quot;messageText&quot;&gt; This element has insufficient contrast at this conformance level. Expected a contrast ratio of at least 4.5:1, but text in this element has a contrast ratio of 3.27:1. Recommendation: change text colour to #657811.&lt;/td&gt;&lt;td&gt;&amp;lt;span
class=&quot;na&quot;&amp;gt;path=&amp;lt;/span&amp;g
;&lt;/td&gt;&lt;td class=&quot;messageTechniques&quot;&gt;&lt;ul&gt;&lt;li&gt;&lt;a href=&quot;http://www.w3.org/TR/WCAG20-TECHS/G18&quot; target=&quot;_blank&quot;&gt;G18&lt;/a&gt;&lt;/li&gt;&lt;/ul&gt;&lt;/td&gt;&lt;td class=&quot;screenshot&quot;&gt;&lt;a data-toggle=&quot;modal&quot; data-target=&quot;#screenshot&quot;  onClick=showImg(&quot;screenshots/14_32_38_2_21_2018/295.png&quot;)&gt;&lt;img src=&quot;screenshots/14_32_38_2_21_2018/295.png&quot; style=&quot;width:25px;height:25px&quot;&gt;&lt;/a&gt;&lt;/td&gt;&lt;/tr&gt;&lt;tr class=&quot;error&quot;&gt;&lt;td  class=&quot;number&quot;&gt;&lt;span class=&quot;flag&quot;&gt;Error&lt;/span&gt;&lt;/td&gt;&lt;td  class=&quot;messagePrinciple&quot;&gt;&lt;a href=&quot;http://www.w3.org/TR/WCAG20/#perceivable&quot; target=&quot;_blank&quot;&gt;Perceivable&lt;/a&gt;&lt;/td&gt;&lt;td class=&quot;messageText&quot;&gt; This element has insufficient contrast at this conformance level. Expected a contrast ratio of at least 4.5:1, but text in this element has a contrast ratio of 3.27:1. Recommendation: change text colour to #657811.&lt;/td&gt;&lt;td&gt;&amp;lt;span
class=&quot;na&quot;&amp;gt;revision=&amp;lt;/sp
n&amp;gt;&lt;/td&gt;&lt;td class=&quot;messageTechniques&quot;&gt;&lt;ul&gt;&lt;li&gt;&lt;a href=&quot;http://www.w3.org/TR/WCAG20-TECHS/G18&quot; target=&quot;_blank&quot;&gt;G18&lt;/a&gt;&lt;/li&gt;&lt;/ul&gt;&lt;/td&gt;&lt;td class=&quot;screenshot&quot;&gt;&lt;a data-toggle=&quot;modal&quot; data-target=&quot;#screenshot&quot;  onClick=showImg(&quot;screenshots/14_32_38_2_21_2018/754.png&quot;)&gt;&lt;img src=&quot;screenshots/14_32_38_2_21_2018/754.png&quot; style=&quot;width:25px;height:25px&quot;&gt;&lt;/a&gt;&lt;/td&gt;&lt;/tr&gt;&lt;tr class=&quot;error&quot;&gt;&lt;td  class=&quot;number&quot;&gt;&lt;span class=&quot;flag&quot;&gt;Error&lt;/span&gt;&lt;/td&gt;&lt;td  class=&quot;messagePrinciple&quot;&gt;&lt;a href=&quot;http://www.w3.org/TR/WCAG20/#perceivable&quot; target=&quot;_blank&quot;&gt;Perceivable&lt;/a&gt;&lt;/td&gt;&lt;td class=&quot;messageText&quot;&gt; This element has insufficient contrast at this conformance level. Expected a contrast ratio of at least 4.5:1, but text in this element has a contrast ratio of 3.27:1. Recommendation: change text colour to #657811.&lt;/td&gt;&lt;td&gt;&amp;lt;span
class=&quot;na&quot;&amp;gt;name=&amp;lt;/span&amp;g
;&lt;/td&gt;&lt;td class=&quot;messageTechniques&quot;&gt;&lt;ul&gt;&lt;li&gt;&lt;a href=&quot;http://www.w3.org/TR/WCAG20-TECHS/G18&quot; target=&quot;_blank&quot;&gt;G18&lt;/a&gt;&lt;/li&gt;&lt;/ul&gt;&lt;/td&gt;&lt;td class=&quot;screenshot&quot;&gt;&lt;a data-toggle=&quot;modal&quot; data-target=&quot;#screenshot&quot;  onClick=showImg(&quot;screenshots/14_32_38_2_21_2018/778.png&quot;)&gt;&lt;img src=&quot;screenshots/14_32_38_2_21_2018/778.png&quot; style=&quot;width:25px;height:25px&quot;&gt;&lt;/a&gt;&lt;/td&gt;&lt;/tr&gt;&lt;tr class=&quot;error&quot;&gt;&lt;td  class=&quot;number&quot;&gt;&lt;span class=&quot;flag&quot;&gt;Error&lt;/span&gt;&lt;/td&gt;&lt;td  class=&quot;messagePrinciple&quot;&gt;&lt;a href=&quot;http://www.w3.org/TR/WCAG20/#perceivable&quot; target=&quot;_blank&quot;&gt;Perceivable&lt;/a&gt;&lt;/td&gt;&lt;td class=&quot;messageText&quot;&gt; This element has insufficient contrast at this conformance level. Expected a contrast ratio of at least 4.5:1, but text in this element has a contrast ratio of 3.27:1. Recommendation: change text colour to #657811.&lt;/td&gt;&lt;td&gt;&amp;lt;span
class=&quot;na&quot;&amp;gt;path=&amp;lt;/span&amp;g
;&lt;/td&gt;&lt;td class=&quot;messageTechniques&quot;&gt;&lt;ul&gt;&lt;li&gt;&lt;a href=&quot;http://www.w3.org/TR/WCAG20-TECHS/G18&quot; target=&quot;_blank&quot;&gt;G18&lt;/a&gt;&lt;/li&gt;&lt;/ul&gt;&lt;/td&gt;&lt;td class=&quot;screenshot&quot;&gt;&lt;a data-toggle=&quot;modal&quot; data-target=&quot;#screenshot&quot;  onClick=showImg(&quot;screenshots/14_32_38_2_21_2018/102.png&quot;)&gt;&lt;img src=&quot;screenshots/14_32_38_2_21_2018/102.png&quot; style=&quot;width:25px;height:25px&quot;&gt;&lt;/a&gt;&lt;/td&gt;&lt;/tr&gt;&lt;tr class=&quot;error&quot;&gt;&lt;td  class=&quot;number&quot;&gt;&lt;span class=&quot;flag&quot;&gt;Error&lt;/span&gt;&lt;/td&gt;&lt;td  class=&quot;messagePrinciple&quot;&gt;&lt;a href=&quot;http://www.w3.org/TR/WCAG20/#perceivable&quot; target=&quot;_blank&quot;&gt;Perceivable&lt;/a&gt;&lt;/td&gt;&lt;td class=&quot;messageText&quot;&gt; This element has insufficient contrast at this conformance level. Expected a contrast ratio of at least 4.5:1, but text in this element has a contrast ratio of 3.27:1. Recommendation: change text colour to #657811.&lt;/td&gt;&lt;td&gt;&amp;lt;span
class=&quot;na&quot;&amp;gt;name=&amp;lt;/span&amp;g
;&lt;/td&gt;&lt;td class=&quot;messageTechniques&quot;&gt;&lt;ul&gt;&lt;li&gt;&lt;a href=&quot;http://www.w3.org/TR/WCAG20-TECHS/G18&quot; target=&quot;_blank&quot;&gt;G18&lt;/a&gt;&lt;/li&gt;&lt;/ul&gt;&lt;/td&gt;&lt;td class=&quot;screenshot&quot;&gt;&lt;a data-toggle=&quot;modal&quot; data-target=&quot;#screenshot&quot;  onClick=showImg(&quot;screenshots/14_32_38_2_21_2018/862.png&quot;)&gt;&lt;img src=&quot;screenshots/14_32_38_2_21_2018/862.png&quot; style=&quot;width:25px;height:25px&quot;&gt;&lt;/a&gt;&lt;/td&gt;&lt;/tr&gt;&lt;tr class=&quot;error&quot;&gt;&lt;td  class=&quot;number&quot;&gt;&lt;span class=&quot;flag&quot;&gt;Error&lt;/span&gt;&lt;/td&gt;&lt;td  class=&quot;messagePrinciple&quot;&gt;&lt;a href=&quot;http://www.w3.org/TR/WCAG20/#perceivable&quot; target=&quot;_blank&quot;&gt;Perceivable&lt;/a&gt;&lt;/td&gt;&lt;td class=&quot;messageText&quot;&gt; This element has insufficient contrast at this conformance level. Expected a contrast ratio of at least 4.5:1, but text in this element has a contrast ratio of 3.27:1. Recommendation: change text colour to #657811.&lt;/td&gt;&lt;td&gt;&amp;lt;span
class=&quot;na&quot;&amp;gt;path=&amp;lt;/span&amp;g
;&lt;/td&gt;&lt;td class=&quot;messageTechniques&quot;&gt;&lt;ul&gt;&lt;li&gt;&lt;a href=&quot;http://www.w3.org/TR/WCAG20-TECHS/G18&quot; target=&quot;_blank&quot;&gt;G18&lt;/a&gt;&lt;/li&gt;&lt;/ul&gt;&lt;/td&gt;&lt;td class=&quot;screenshot&quot;&gt;&lt;a data-toggle=&quot;modal&quot; data-target=&quot;#screenshot&quot;  onClick=showImg(&quot;screenshots/14_32_38_2_21_2018/340.png&quot;)&gt;&lt;img src=&quot;screenshots/14_32_38_2_21_2018/340.png&quot; style=&quot;width:25px;height:25px&quot;&gt;&lt;/a&gt;&lt;/td&gt;&lt;/tr&gt;&lt;/tbody&gt;&lt;/table&gt;&lt;/div&gt;
</system-out>
		</testcase>
		<testcase classname="some.class.name" name="camkes_release/CAmkES_2.0.0.html" time="1.000000">
			<system-out>&lt;div id=&quot;resultsWrapper&quot; class=&quot;resultsWrapperActive&quot;&gt;&lt;h3&gt;camkes-2.0.0 | seL4 docs&lt;/h3&gt;&lt;h4&gt;http://localhost:4000/camkes_release/CAmkES_2.0.0.html&lt;/h4&gt;&lt;ul id=&quot;results-overview&quot;&gt;&lt;li class=&quot;active&quot;&gt;&lt;span class=&quot;result-count result-count-errors&quot;&gt;0&lt;/span&gt;&lt;span class=&quot;result-type&quot;&gt;errors&lt;/span&gt;&lt;/a&gt;&lt;/li&gt;&lt;span class=&quot;result-count result-count-warnings&quot;&gt;0&lt;/span&gt;&lt;span class=&quot;result-type&quot;&gt;warnings&lt;/span&gt;&lt;/a&gt;&lt;/li&gt;&lt;span class=&quot;result-count result-count-notices&quot;&gt;0&lt;/span&gt;&lt;span class=&quot;result-type&quot;&gt;notices&lt;/span&gt;&lt;/a&gt;&lt;/li&gt;&lt;/ul&gt;&lt;a href=&quot;#&quot; class=&quot;button-link&quot; id=&quot;export&quot;&gt;Export as CSV&lt;/a&gt;&lt;table id=&quot;test-results-table&quot; class=&quot;tablesorter&quot;&gt;&lt;thead&gt;&lt;tr&gt;&lt;th&gt;Error Level&lt;/th&gt;&lt;th&gt;Principle&lt;/th&gt;&lt;th&gt;Message&lt;/th&gt;&lt;th&gt;Code snippet&lt;/th&gt;&lt;th&gt;Techniques&lt;/th&gt;&lt;th&gt;Screenshot&lt;/th&gt;&lt;/thead&gt;&lt;/tr&gt;&lt;tbody&gt;&lt;tr&gt;&lt;td colspan=&quot;6&quot;&gt; ----  No Errors ---  &lt;/td&gt;&lt;/tr&gt;&lt;/tbody&gt;&lt;/table&gt;&lt;/div&gt;
</system-out>
		</testcase>
		<testcase classname="some.class.name" name="camkes_release/index.html" time="1.000000">
			<system-out>&lt;div id=&quot;resultsWrapper&quot; class=&quot;resultsWrapperActive&quot;&gt;&lt;h3&gt;CAmkES Releases | seL4 docs&lt;/h3&gt;&lt;h4&gt;http://localhost:4000/camkes_release/index.html&lt;/h4&gt;&lt;ul id=&quot;results-overview&quot;&gt;&lt;li class=&quot;active&quot;&gt;&lt;span class=&quot;result-count result-count-errors&quot;&gt;0&lt;/span&gt;&lt;span class=&quot;result-type&quot;&gt;errors&lt;/span&gt;&lt;/a&gt;&lt;/li&gt;&lt;span class=&quot;result-count result-count-warnings&quot;&gt;0&lt;/span&gt;&lt;span class=&quot;result-type&quot;&gt;warnings&lt;/span&gt;&lt;/a&gt;&lt;/li&gt;&lt;span class=&quot;result-count result-count-notices&quot;&gt;0&lt;/span&gt;&lt;span class=&quot;result-type&quot;&gt;notices&lt;/span&gt;&lt;/a&gt;&lt;/li&gt;&lt;/ul&gt;&lt;a href=&quot;#&quot; class=&quot;button-link&quot; id=&quot;export&quot;&gt;Export as CSV&lt;/a&gt;&lt;table id=&quot;test-results-table&quot; class=&quot;tablesorter&quot;&gt;&lt;thead&gt;&lt;tr&gt;&lt;th&gt;Error Level&lt;/th&gt;&lt;th&gt;Principle&lt;/th&gt;&lt;th&gt;Message&lt;/th&gt;&lt;th&gt;Code snippet&lt;/th&gt;&lt;th&gt;Techniques&lt;/th&gt;&lt;th&gt;Screenshot&lt;/th&gt;&lt;/thead&gt;&lt;/tr&gt;&lt;tbody&gt;&lt;tr&gt;&lt;td colspan=&quot;6&quot;&gt; ----  No Errors ---  &lt;/td&gt;&lt;/tr&gt;&lt;/tbody&gt;&lt;/table&gt;&lt;/div&gt;
</system-out>
		</testcase>
		<testcase classname="some.class.name" name="camkes_release/CAmkES_2.2.0.html" time="1.000000">
			<system-out>&lt;div id=&quot;resultsWrapper&quot; class=&quot;resultsWrapperActive&quot;&gt;&lt;h3&gt;camkes-2.2.0 | seL4 docs&lt;/h3&gt;&lt;h4&gt;http://localhost:4000/camkes_release/CAmkES_2.2.0.html&lt;/h4&gt;&lt;ul id=&quot;results-overview&quot;&gt;&lt;li class=&quot;active&quot;&gt;&lt;span class=&quot;result-count result-count-errors&quot;&gt;0&lt;/span&gt;&lt;span class=&quot;result-type&quot;&gt;errors&lt;/span&gt;&lt;/a&gt;&lt;/li&gt;&lt;span class=&quot;result-count result-count-warnings&quot;&gt;0&lt;/span&gt;&lt;span class=&quot;result-type&quot;&gt;warnings&lt;/span&gt;&lt;/a&gt;&lt;/li&gt;&lt;span class=&quot;result-count result-count-notices&quot;&gt;0&lt;/span&gt;&lt;span class=&quot;result-type&quot;&gt;notices&lt;/span&gt;&lt;/a&gt;&lt;/li&gt;&lt;/ul&gt;&lt;a href=&quot;#&quot; class=&quot;button-link&quot; id=&quot;export&quot;&gt;Export as CSV&lt;/a&gt;&lt;table id=&quot;test-results-table&quot; class=&quot;tablesorter&quot;&gt;&lt;thead&gt;&lt;tr&gt;&lt;th&gt;Error Level&lt;/th&gt;&lt;th&gt;Principle&lt;/th&gt;&lt;th&gt;Message&lt;/th&gt;&lt;th&gt;Code snippet&lt;/th&gt;&lt;th&gt;Techniques&lt;/th&gt;&lt;th&gt;Screenshot&lt;/th&gt;&lt;/thead&gt;&lt;/tr&gt;&lt;tbody&gt;&lt;tr&gt;&lt;td colspan=&quot;6&quot;&gt; ----  No Errors ---  &lt;/td&gt;&lt;/tr&gt;&lt;/tbody&gt;&lt;/table&gt;&lt;/div&gt;
</system-out>
		</testcase>
		<testcase classname="some.class.name" name="camkes_release/CAmkES_2.3.0.html" time="1.000000">
			<system-out>&lt;div id=&quot;resultsWrapper&quot; class=&quot;resultsWrapperActive&quot;&gt;&lt;h3&gt;camkes-2.3.0 | seL4 docs&lt;/h3&gt;&lt;h4&gt;http://localhost:4000/camkes_release/CAmkES_2.3.0.html&lt;/h4&gt;&lt;ul id=&quot;results-overview&quot;&gt;&lt;li class=&quot;active&quot;&gt;&lt;span class=&quot;result-count result-count-errors&quot;&gt;0&lt;/span&gt;&lt;span class=&quot;result-type&quot;&gt;errors&lt;/span&gt;&lt;/a&gt;&lt;/li&gt;&lt;span class=&quot;result-count result-count-warnings&quot;&gt;0&lt;/span&gt;&lt;span class=&quot;result-type&quot;&gt;warnings&lt;/span&gt;&lt;/a&gt;&lt;/li&gt;&lt;span class=&quot;result-count result-count-notices&quot;&gt;0&lt;/span&gt;&lt;span class=&quot;result-type&quot;&gt;notices&lt;/span&gt;&lt;/a&gt;&lt;/li&gt;&lt;/ul&gt;&lt;a href=&quot;#&quot; class=&quot;button-link&quot; id=&quot;export&quot;&gt;Export as CSV&lt;/a&gt;&lt;table id=&quot;test-results-table&quot; class=&quot;tablesorter&quot;&gt;&lt;thead&gt;&lt;tr&gt;&lt;th&gt;Error Level&lt;/th&gt;&lt;th&gt;Principle&lt;/th&gt;&lt;th&gt;Message&lt;/th&gt;&lt;th&gt;Code snippet&lt;/th&gt;&lt;th&gt;Techniques&lt;/th&gt;&lt;th&gt;Screenshot&lt;/th&gt;&lt;/thead&gt;&lt;/tr&gt;&lt;tbody&gt;&lt;tr&gt;&lt;td colspan=&quot;6&quot;&gt; ----  No Errors ---  &lt;/td&gt;&lt;/tr&gt;&lt;/tbody&gt;&lt;/table&gt;&lt;/div&gt;
</system-out>
		</testcase>
		<testcase classname="some.class.name" name="CONTRIBUTING.html" time="1.000000">
			<system-out>&lt;div id=&quot;resultsWrapper&quot; class=&quot;resultsWrapperActive&quot;&gt;&lt;h3&gt;Contributing | seL4 docs&lt;/h3&gt;&lt;h4&gt;http://localhost:4000/CONTRIBUTING.html&lt;/h4&gt;&lt;ul id=&quot;results-overview&quot;&gt;&lt;li class=&quot;active&quot;&gt;&lt;span class=&quot;result-count result-count-errors&quot;&gt;0&lt;/span&gt;&lt;span class=&quot;result-type&quot;&gt;errors&lt;/span&gt;&lt;/a&gt;&lt;/li&gt;&lt;span class=&quot;result-count result-count-warnings&quot;&gt;0&lt;/span&gt;&lt;span class=&quot;result-type&quot;&gt;warnings&lt;/span&gt;&lt;/a&gt;&lt;/li&gt;&lt;span class=&quot;result-count result-count-notices&quot;&gt;0&lt;/span&gt;&lt;span class=&quot;result-type&quot;&gt;notices&lt;/span&gt;&lt;/a&gt;&lt;/li&gt;&lt;/ul&gt;&lt;a href=&quot;#&quot; class=&quot;button-link&quot; id=&quot;export&quot;&gt;Export as CSV&lt;/a&gt;&lt;table id=&quot;test-results-table&quot; class=&quot;tablesorter&quot;&gt;&lt;thead&gt;&lt;tr&gt;&lt;th&gt;Error Level&lt;/th&gt;&lt;th&gt;Principle&lt;/th&gt;&lt;th&gt;Message&lt;/th&gt;&lt;th&gt;Code snippet&lt;/th&gt;&lt;th&gt;Techniques&lt;/th&gt;&lt;th&gt;Screenshot&lt;/th&gt;&lt;/thead&gt;&lt;/tr&gt;&lt;tbody&gt;&lt;tr&gt;&lt;td colspan=&quot;6&quot;&gt; ----  No Errors ---  &lt;/td&gt;&lt;/tr&gt;&lt;/tbody&gt;&lt;/table&gt;&lt;/div&gt;
</system-out>
		</testcase>
		<testcase classname="some.class.name" name="Suggested_projects.html" time="1.000000">
			<system-out>&lt;div id=&quot;resultsWrapper&quot; class=&quot;resultsWrapperActive&quot;&gt;&lt;h3&gt;Suggested Projects | seL4 docs&lt;/h3&gt;&lt;h4&gt;http://localhost:4000/Suggested_projects.html&lt;/h4&gt;&lt;ul id=&quot;results-overview&quot;&gt;&lt;li class=&quot;active&quot;&gt;&lt;span class=&quot;result-count result-count-errors&quot;&gt;0&lt;/span&gt;&lt;span class=&quot;result-type&quot;&gt;errors&lt;/span&gt;&lt;/a&gt;&lt;/li&gt;&lt;span class=&quot;result-count result-count-warnings&quot;&gt;0&lt;/span&gt;&lt;span class=&quot;result-type&quot;&gt;warnings&lt;/span&gt;&lt;/a&gt;&lt;/li&gt;&lt;span class=&quot;result-count result-count-notices&quot;&gt;0&lt;/span&gt;&lt;span class=&quot;result-type&quot;&gt;notices&lt;/span&gt;&lt;/a&gt;&lt;/li&gt;&lt;/ul&gt;&lt;a href=&quot;#&quot; class=&quot;button-link&quot; id=&quot;export&quot;&gt;Export as CSV&lt;/a&gt;&lt;table id=&quot;test-results-table&quot; class=&quot;tablesorter&quot;&gt;&lt;thead&gt;&lt;tr&gt;&lt;th&gt;Error Level&lt;/th&gt;&lt;th&gt;Principle&lt;/th&gt;&lt;th&gt;Message&lt;/th&gt;&lt;th&gt;Code snippet&lt;/th&gt;&lt;th&gt;Techniques&lt;/th&gt;&lt;th&gt;Screenshot&lt;/th&gt;&lt;/thead&gt;&lt;/tr&gt;&lt;tbody&gt;&lt;tr&gt;&lt;td colspan=&quot;6&quot;&gt; ----  No Errors ---  &lt;/td&gt;&lt;/tr&gt;&lt;/tbody&gt;&lt;/table&gt;&lt;/div&gt;
</system-out>
		</testcase>
		<testcase classname="some.class.name" name="CAmkES-ARM-VM.html" time="1.000000">
			<system-out>&lt;div id=&quot;resultsWrapper&quot; class=&quot;resultsWrapperActive&quot;&gt;&lt;h3&gt;CAmkES ARM VMM | seL4 docs&lt;/h3&gt;&lt;h4&gt;http://localhost:4000/CAmkES-ARM-VM.html&lt;/h4&gt;&lt;ul id=&quot;results-overview&quot;&gt;&lt;li class=&quot;active&quot;&gt;&lt;span class=&quot;result-count result-count-errors&quot;&gt;0&lt;/span&gt;&lt;span class=&quot;result-type&quot;&gt;errors&lt;/span&gt;&lt;/a&gt;&lt;/li&gt;&lt;span class=&quot;result-count result-count-warnings&quot;&gt;0&lt;/span&gt;&lt;span class=&quot;result-type&quot;&gt;warnings&lt;/span&gt;&lt;/a&gt;&lt;/li&gt;&lt;span class=&quot;result-count result-count-notices&quot;&gt;0&lt;/span&gt;&lt;span class=&quot;result-type&quot;&gt;notices&lt;/span&gt;&lt;/a&gt;&lt;/li&gt;&lt;/ul&gt;&lt;a href=&quot;#&quot; class=&quot;button-link&quot; id=&quot;export&quot;&gt;Export as CSV&lt;/a&gt;&lt;table id=&quot;test-results-table&quot; class=&quot;tablesorter&quot;&gt;&lt;thead&gt;&lt;tr&gt;&lt;th&gt;Error Level&lt;/th&gt;&lt;th&gt;Principle&lt;/th&gt;&lt;th&gt;Message&lt;/th&gt;&lt;th&gt;Code snippet&lt;/th&gt;&lt;th&gt;Techniques&lt;/th&gt;&lt;th&gt;Screenshot&lt;/th&gt;&lt;/thead&gt;&lt;/tr&gt;&lt;tbody&gt;&lt;tr&gt;&lt;td colspan=&quot;6&quot;&gt; ----  No Errors ---  &lt;/td&gt;&lt;/tr&gt;&lt;/tbody&gt;&lt;/table&gt;&lt;/div&gt;
</system-out>
		</testcase>
		<testcase classname="some.class.name" name="LevelConverter/index.html" time="1.000000">
			<failure message="Detected 1 error(s)." type="failure"/>
			<system-out>&lt;div id=&quot;resultsWrapper&quot; class=&quot;resultsWrapperActive&quot;&gt;&lt;h3&gt;| seL4 docs&lt;/h3&gt;&lt;h4&gt;http://localhost:4000/LevelConverter/index.html&lt;/h4&gt;&lt;ul id=&quot;results-overview&quot;&gt;&lt;li class=&quot;active&quot;&gt;&lt;span class=&quot;result-count result-count-errors&quot;&gt;1&lt;/span&gt;&lt;span class=&quot;result-type&quot;&gt;errors&lt;/span&gt;&lt;/a&gt;&lt;/li&gt;&lt;span class=&quot;result-count result-count-warnings&quot;&gt;0&lt;/span&gt;&lt;span class=&quot;result-type&quot;&gt;warnings&lt;/span&gt;&lt;/a&gt;&lt;/li&gt;&lt;span class=&quot;result-count result-count-notices&quot;&gt;0&lt;/span&gt;&lt;span class=&quot;result-type&quot;&gt;notices&lt;/span&gt;&lt;/a&gt;&lt;/li&gt;&lt;/ul&gt;&lt;a href=&quot;#&quot; class=&quot;button-link&quot; id=&quot;export&quot;&gt;Export as CSV&lt;/a&gt;&lt;table id=&quot;test-results-table&quot; class=&quot;tablesorter&quot;&gt;&lt;thead&gt;&lt;tr&gt;&lt;th&gt;Error Level&lt;/th&gt;&lt;th&gt;Principle&lt;/th&gt;&lt;th&gt;Message&lt;/th&gt;&lt;th&gt;Code snippet&lt;/th&gt;&lt;th&gt;Techniques&lt;/th&gt;&lt;th&gt;Screenshot&lt;/th&gt;&lt;/thead&gt;&lt;/tr&gt;&lt;tbody&gt;&lt;tr class=&quot;error&quot;&gt;&lt;td  class=&quot;number&quot;&gt;&lt;span class=&quot;flag&quot;&gt;Error&lt;/span&gt;&lt;/td&gt;&lt;td  class=&quot;messagePrinciple&quot;&gt;&lt;a href=&quot;http://www.w3.org/TR/WCAG20/#perceivable&quot; target=&quot;_blank&quot;&gt;Perceivable&lt;/a&gt;&lt;/td&gt;&lt;td class=&quot;messageText&quot;&gt; Img element missing an alt attribute. Use the alt attribute to specify a short text alternative.&lt;/td&gt;&lt;td&gt;&amp;lt;img
src=&quot;levelconverter-small.jpg&quot;
gt;&lt;/td&gt;&lt;td class=&quot;messageTechniques&quot;&gt;&lt;ul&gt;&lt;li&gt;&lt;a href=&quot;http://www.w3.org/TR/WCAG20-TECHS/H37&quot; target=&quot;_blank&quot;&gt;H37&lt;/a&gt;&lt;/li&gt;&lt;/ul&gt;&lt;/td&gt;&lt;td class=&quot;screenshot&quot;&gt;&lt;a data-toggle=&quot;modal&quot; data-target=&quot;#screenshot&quot;  onClick=showImg(&quot;screenshots/14_32_40_2_21_2018/232.png&quot;)&gt;&lt;img src=&quot;screenshots/14_32_40_2_21_2018/232.png&quot; style=&quot;width:25px;height:25px&quot;&gt;&lt;/a&gt;&lt;/td&gt;&lt;/tr&gt;&lt;/tbody&gt;&lt;/table&gt;&lt;/div&gt;
</system-out>
		</testcase>
		<testcase classname="some.class.name" name="sel4_release/seL4_8.0.0.html" time="1.000000">
			<system-out>&lt;div id=&quot;resultsWrapper&quot; class=&quot;resultsWrapperActive&quot;&gt;&lt;h3&gt;seL4 8.0.0 | seL4 docs&lt;/h3&gt;&lt;h4&gt;http://localhost:4000/sel4_release/seL4_8.0.0.html&lt;/h4&gt;&lt;ul id=&quot;results-overview&quot;&gt;&lt;li class=&quot;active&quot;&gt;&lt;span class=&quot;result-count result-count-errors&quot;&gt;0&lt;/span&gt;&lt;span class=&quot;result-type&quot;&gt;errors&lt;/span&gt;&lt;/a&gt;&lt;/li&gt;&lt;span class=&quot;result-count result-count-warnings&quot;&gt;0&lt;/span&gt;&lt;span class=&quot;result-type&quot;&gt;warnings&lt;/span&gt;&lt;/a&gt;&lt;/li&gt;&lt;span class=&quot;result-count result-count-notices&quot;&gt;0&lt;/span&gt;&lt;span class=&quot;result-type&quot;&gt;notices&lt;/span&gt;&lt;/a&gt;&lt;/li&gt;&lt;/ul&gt;&lt;a href=&quot;#&quot; class=&quot;button-link&quot; id=&quot;export&quot;&gt;Export as CSV&lt;/a&gt;&lt;table id=&quot;test-results-table&quot; class=&quot;tablesorter&quot;&gt;&lt;thead&gt;&lt;tr&gt;&lt;th&gt;Error Level&lt;/th&gt;&lt;th&gt;Principle&lt;/th&gt;&lt;th&gt;Message&lt;/th&gt;&lt;th&gt;Code snippet&lt;/th&gt;&lt;th&gt;Techniques&lt;/th&gt;&lt;th&gt;Screenshot&lt;/th&gt;&lt;/thead&gt;&lt;/tr&gt;&lt;tbody&gt;&lt;tr&gt;&lt;td colspan=&quot;6&quot;&gt; ----  No Errors ---  &lt;/td&gt;&lt;/tr&gt;&lt;/tbody&gt;&lt;/table&gt;&lt;/div&gt;
</system-out>
		</testcase>
		<testcase classname="some.class.name" name="sel4_release/seL4_5.0.0.html" time="1.000000">
			<system-out>&lt;div id=&quot;resultsWrapper&quot; class=&quot;resultsWrapperActive&quot;&gt;&lt;h3&gt;seL4 5.0.0 | seL4 docs&lt;/h3&gt;&lt;h4&gt;http://localhost:4000/sel4_release/seL4_5.0.0.html&lt;/h4&gt;&lt;ul id=&quot;results-overview&quot;&gt;&lt;li class=&quot;active&quot;&gt;&lt;span class=&quot;result-count result-count-errors&quot;&gt;0&lt;/span&gt;&lt;span class=&quot;result-type&quot;&gt;errors&lt;/span&gt;&lt;/a&gt;&lt;/li&gt;&lt;span class=&quot;result-count result-count-warnings&quot;&gt;0&lt;/span&gt;&lt;span class=&quot;result-type&quot;&gt;warnings&lt;/span&gt;&lt;/a&gt;&lt;/li&gt;&lt;span class=&quot;result-count result-count-notices&quot;&gt;0&lt;/span&gt;&lt;span class=&quot;result-type&quot;&gt;notices&lt;/span&gt;&lt;/a&gt;&lt;/li&gt;&lt;/ul&gt;&lt;a href=&quot;#&quot; class=&quot;button-link&quot; id=&quot;export&quot;&gt;Export as CSV&lt;/a&gt;&lt;table id=&quot;test-results-table&quot; class=&quot;tablesorter&quot;&gt;&lt;thead&gt;&lt;tr&gt;&lt;th&gt;Error Level&lt;/th&gt;&lt;th&gt;Principle&lt;/th&gt;&lt;th&gt;Message&lt;/th&gt;&lt;th&gt;Code snippet&lt;/th&gt;&lt;th&gt;Techniques&lt;/th&gt;&lt;th&gt;Screenshot&lt;/th&gt;&lt;/thead&gt;&lt;/tr&gt;&lt;tbody&gt;&lt;tr&gt;&lt;td colspan=&quot;6&quot;&gt; ----  No Errors ---  &lt;/td&gt;&lt;/tr&gt;&lt;/tbody&gt;&lt;/table&gt;&lt;/div&gt;
</system-out>
		</testcase>
		<testcase classname="some.class.name" name="sel4_release/seL4_3.0.0.html" time="1.000000">
			<system-out>&lt;div id=&quot;resultsWrapper&quot; class=&quot;resultsWrapperActive&quot;&gt;&lt;h3&gt;seL4 3.0.0 | seL4 docs&lt;/h3&gt;&lt;h4&gt;http://localhost:4000/sel4_release/seL4_3.0.0.html&lt;/h4&gt;&lt;ul id=&quot;results-overview&quot;&gt;&lt;li class=&quot;active&quot;&gt;&lt;span class=&quot;result-count result-count-errors&quot;&gt;0&lt;/span&gt;&lt;span class=&quot;result-type&quot;&gt;errors&lt;/span&gt;&lt;/a&gt;&lt;/li&gt;&lt;span class=&quot;result-count result-count-warnings&quot;&gt;0&lt;/span&gt;&lt;span class=&quot;result-type&quot;&gt;warnings&lt;/span&gt;&lt;/a&gt;&lt;/li&gt;&lt;span class=&quot;result-count result-count-notices&quot;&gt;0&lt;/span&gt;&lt;span class=&quot;result-type&quot;&gt;notices&lt;/span&gt;&lt;/a&gt;&lt;/li&gt;&lt;/ul&gt;&lt;a href=&quot;#&quot; class=&quot;button-link&quot; id=&quot;export&quot;&gt;Export as CSV&lt;/a&gt;&lt;table id=&quot;test-results-table&quot; class=&quot;tablesorter&quot;&gt;&lt;thead&gt;&lt;tr&gt;&lt;th&gt;Error Level&lt;/th&gt;&lt;th&gt;Principle&lt;/th&gt;&lt;th&gt;Message&lt;/th&gt;&lt;th&gt;Code snippet&lt;/th&gt;&lt;th&gt;Techniques&lt;/th&gt;&lt;th&gt;Screenshot&lt;/th&gt;&lt;/thead&gt;&lt;/tr&gt;&lt;tbody&gt;&lt;tr&gt;&lt;td colspan=&quot;6&quot;&gt; ----  No Errors ---  &lt;/td&gt;&lt;/tr&gt;&lt;/tbody&gt;&lt;/table&gt;&lt;/div&gt;
</system-out>
		</testcase>
		<testcase classname="some.class.name" name="sel4_release/seL4_0.0.1-rt-dev.html" time="1.000000">
			<system-out>&lt;div id=&quot;resultsWrapper&quot; class=&quot;resultsWrapperActive&quot;&gt;&lt;h3&gt;seL4 0.0.1-rt-dev | seL4 docs&lt;/h3&gt;&lt;h4&gt;http://localhost:4000/sel4_release/seL4_0.0.1-rt-dev.html&lt;/h4&gt;&lt;ul id=&quot;results-overview&quot;&gt;&lt;li class=&quot;active&quot;&gt;&lt;span class=&quot;result-count result-count-errors&quot;&gt;0&lt;/span&gt;&lt;span class=&quot;result-type&quot;&gt;errors&lt;/span&gt;&lt;/a&gt;&lt;/li&gt;&lt;span class=&quot;result-count result-count-warnings&quot;&gt;0&lt;/span&gt;&lt;span class=&quot;result-type&quot;&gt;warnings&lt;/span&gt;&lt;/a&gt;&lt;/li&gt;&lt;span class=&quot;result-count result-count-notices&quot;&gt;0&lt;/span&gt;&lt;span class=&quot;result-type&quot;&gt;notices&lt;/span&gt;&lt;/a&gt;&lt;/li&gt;&lt;/ul&gt;&lt;a href=&quot;#&quot; class=&quot;button-link&quot; id=&quot;export&quot;&gt;Export as CSV&lt;/a&gt;&lt;table id=&quot;test-results-table&quot; class=&quot;tablesorter&quot;&gt;&lt;thead&gt;&lt;tr&gt;&lt;th&gt;Error Level&lt;/th&gt;&lt;th&gt;Principle&lt;/th&gt;&lt;th&gt;Message&lt;/th&gt;&lt;th&gt;Code snippet&lt;/th&gt;&lt;th&gt;Techniques&lt;/th&gt;&lt;th&gt;Screenshot&lt;/th&gt;&lt;/thead&gt;&lt;/tr&gt;&lt;tbody&gt;&lt;tr&gt;&lt;td colspan=&quot;6&quot;&gt; ----  No Errors ---  &lt;/td&gt;&lt;/tr&gt;&lt;/tbody&gt;&lt;/table&gt;&lt;/div&gt;
</system-out>
		</testcase>
		<testcase classname="some.class.name" name="sel4_release/seL4_1.0.0-rt-dev.html" time="1.000000">
			<system-out>&lt;div id=&quot;resultsWrapper&quot; class=&quot;resultsWrapperActive&quot;&gt;&lt;h3&gt;seL4 1.0.0-rt-dev | seL4 docs&lt;/h3&gt;&lt;h4&gt;http://localhost:4000/sel4_release/seL4_1.0.0-rt-dev.html&lt;/h4&gt;&lt;ul id=&quot;results-overview&quot;&gt;&lt;li class=&quot;active&quot;&gt;&lt;span class=&quot;result-count result-count-errors&quot;&gt;0&lt;/span&gt;&lt;span class=&quot;result-type&quot;&gt;errors&lt;/span&gt;&lt;/a&gt;&lt;/li&gt;&lt;span class=&quot;result-count result-count-warnings&quot;&gt;0&lt;/span&gt;&lt;span class=&quot;result-type&quot;&gt;warnings&lt;/span&gt;&lt;/a&gt;&lt;/li&gt;&lt;span class=&quot;result-count result-count-notices&quot;&gt;0&lt;/span&gt;&lt;span class=&quot;result-type&quot;&gt;notices&lt;/span&gt;&lt;/a&gt;&lt;/li&gt;&lt;/ul&gt;&lt;a href=&quot;#&quot; class=&quot;button-link&quot; id=&quot;export&quot;&gt;Export as CSV&lt;/a&gt;&lt;table id=&quot;test-results-table&quot; class=&quot;tablesorter&quot;&gt;&lt;thead&gt;&lt;tr&gt;&lt;th&gt;Error Level&lt;/th&gt;&lt;th&gt;Principle&lt;/th&gt;&lt;th&gt;Message&lt;/th&gt;&lt;th&gt;Code snippet&lt;/th&gt;&lt;th&gt;Techniques&lt;/th&gt;&lt;th&gt;Screenshot&lt;/th&gt;&lt;/thead&gt;&lt;/tr&gt;&lt;tbody&gt;&lt;tr&gt;&lt;td colspan=&quot;6&quot;&gt; ----  No Errors ---  &lt;/td&gt;&lt;/tr&gt;&lt;/tbody&gt;&lt;/table&gt;&lt;/div&gt;
</system-out>
		</testcase>
		<testcase classname="some.class.name" name="sel4_release/seL4_7.0.0.html" time="1.000000">
			<system-out>&lt;div id=&quot;resultsWrapper&quot; class=&quot;resultsWrapperActive&quot;&gt;&lt;h3&gt;seL4 7.0.0 | seL4 docs&lt;/h3&gt;&lt;h4&gt;http://localhost:4000/sel4_release/seL4_7.0.0.html&lt;/h4&gt;&lt;ul id=&quot;results-overview&quot;&gt;&lt;li class=&quot;active&quot;&gt;&lt;span class=&quot;result-count result-count-errors&quot;&gt;0&lt;/span&gt;&lt;span class=&quot;result-type&quot;&gt;errors&lt;/span&gt;&lt;/a&gt;&lt;/li&gt;&lt;span class=&quot;result-count result-count-warnings&quot;&gt;0&lt;/span&gt;&lt;span class=&quot;result-type&quot;&gt;warnings&lt;/span&gt;&lt;/a&gt;&lt;/li&gt;&lt;span class=&quot;result-count result-count-notices&quot;&gt;0&lt;/span&gt;&lt;span class=&quot;result-type&quot;&gt;notices&lt;/span&gt;&lt;/a&gt;&lt;/li&gt;&lt;/ul&gt;&lt;a href=&quot;#&quot; class=&quot;button-link&quot; id=&quot;export&quot;&gt;Export as CSV&lt;/a&gt;&lt;table id=&quot;test-results-table&quot; class=&quot;tablesorter&quot;&gt;&lt;thead&gt;&lt;tr&gt;&lt;th&gt;Error Level&lt;/th&gt;&lt;th&gt;Principle&lt;/th&gt;&lt;th&gt;Message&lt;/th&gt;&lt;th&gt;Code snippet&lt;/th&gt;&lt;th&gt;Techniques&lt;/th&gt;&lt;th&gt;Screenshot&lt;/th&gt;&lt;/thead&gt;&lt;/tr&gt;&lt;tbody&gt;&lt;tr&gt;&lt;td colspan=&quot;6&quot;&gt; ----  No Errors ---  &lt;/td&gt;&lt;/tr&gt;&lt;/tbody&gt;&lt;/table&gt;&lt;/div&gt;
</system-out>
		</testcase>
		<testcase classname="some.class.name" name="sel4_release/seL4_5.1.0.html" time="1.000000">
			<system-out>&lt;div id=&quot;resultsWrapper&quot; class=&quot;resultsWrapperActive&quot;&gt;&lt;h3&gt;seL4 5.1.0 | seL4 docs&lt;/h3&gt;&lt;h4&gt;http://localhost:4000/sel4_release/seL4_5.1.0.html&lt;/h4&gt;&lt;ul id=&quot;results-overview&quot;&gt;&lt;li class=&quot;active&quot;&gt;&lt;span class=&quot;result-count result-count-errors&quot;&gt;0&lt;/span&gt;&lt;span class=&quot;result-type&quot;&gt;errors&lt;/span&gt;&lt;/a&gt;&lt;/li&gt;&lt;span class=&quot;result-count result-count-warnings&quot;&gt;0&lt;/span&gt;&lt;span class=&quot;result-type&quot;&gt;warnings&lt;/span&gt;&lt;/a&gt;&lt;/li&gt;&lt;span class=&quot;result-count result-count-notices&quot;&gt;0&lt;/span&gt;&lt;span class=&quot;result-type&quot;&gt;notices&lt;/span&gt;&lt;/a&gt;&lt;/li&gt;&lt;/ul&gt;&lt;a href=&quot;#&quot; class=&quot;button-link&quot; id=&quot;export&quot;&gt;Export as CSV&lt;/a&gt;&lt;table id=&quot;test-results-table&quot; class=&quot;tablesorter&quot;&gt;&lt;thead&gt;&lt;tr&gt;&lt;th&gt;Error Level&lt;/th&gt;&lt;th&gt;Principle&lt;/th&gt;&lt;th&gt;Message&lt;/th&gt;&lt;th&gt;Code snippet&lt;/th&gt;&lt;th&gt;Techniques&lt;/th&gt;&lt;th&gt;Screenshot&lt;/th&gt;&lt;/thead&gt;&lt;/tr&gt;&lt;tbody&gt;&lt;tr&gt;&lt;td colspan=&quot;6&quot;&gt; ----  No Errors ---  &lt;/td&gt;&lt;/tr&gt;&lt;/tbody&gt;&lt;/table&gt;&lt;/div&gt;
</system-out>
		</testcase>
		<testcase classname="some.class.name" name="sel4_release/seL4_3.1.0.html" time="1.000000">
			<system-out>&lt;div id=&quot;resultsWrapper&quot; class=&quot;resultsWrapperActive&quot;&gt;&lt;h3&gt;seL4 3.1.0 | seL4 docs&lt;/h3&gt;&lt;h4&gt;http://localhost:4000/sel4_release/seL4_3.1.0.html&lt;/h4&gt;&lt;ul id=&quot;results-overview&quot;&gt;&lt;li class=&quot;active&quot;&gt;&lt;span class=&quot;result-count result-count-errors&quot;&gt;0&lt;/span&gt;&lt;span class=&quot;result-type&quot;&gt;errors&lt;/span&gt;&lt;/a&gt;&lt;/li&gt;&lt;span class=&quot;result-count result-count-warnings&quot;&gt;0&lt;/span&gt;&lt;span class=&quot;result-type&quot;&gt;warnings&lt;/span&gt;&lt;/a&gt;&lt;/li&gt;&lt;span class=&quot;result-count result-count-notices&quot;&gt;0&lt;/span&gt;&lt;span class=&quot;result-type&quot;&gt;notices&lt;/span&gt;&lt;/a&gt;&lt;/li&gt;&lt;/ul&gt;&lt;a href=&quot;#&quot; class=&quot;button-link&quot; id=&quot;export&quot;&gt;Export as CSV&lt;/a&gt;&lt;table id=&quot;test-results-table&quot; class=&quot;tablesorter&quot;&gt;&lt;thead&gt;&lt;tr&gt;&lt;th&gt;Error Level&lt;/th&gt;&lt;th&gt;Principle&lt;/th&gt;&lt;th&gt;Message&lt;/th&gt;&lt;th&gt;Code snippet&lt;/th&gt;&lt;th&gt;Techniques&lt;/th&gt;&lt;th&gt;Screenshot&lt;/th&gt;&lt;/thead&gt;&lt;/tr&gt;&lt;tbody&gt;&lt;tr&gt;&lt;td colspan=&quot;6&quot;&gt; ----  No Errors ---  &lt;/td&gt;&lt;/tr&gt;&lt;/tbody&gt;&lt;/table&gt;&lt;/div&gt;
</system-out>
		</testcase>
		<testcase classname="some.class.name" name="sel4_release/seL4_5.2.0-mcs.html" time="1.000000">
			<system-out>&lt;div id=&quot;resultsWrapper&quot; class=&quot;resultsWrapperActive&quot;&gt;&lt;h3&gt;seL4 5.2.0-mcs | seL4 docs&lt;/h3&gt;&lt;h4&gt;http://localhost:4000/sel4_release/seL4_5.2.0-mcs.html&lt;/h4&gt;&lt;ul id=&quot;results-overview&quot;&gt;&lt;li class=&quot;active&quot;&gt;&lt;span class=&quot;result-count result-count-errors&quot;&gt;0&lt;/span&gt;&lt;span class=&quot;result-type&quot;&gt;errors&lt;/span&gt;&lt;/a&gt;&lt;/li&gt;&lt;span class=&quot;result-count result-count-warnings&quot;&gt;0&lt;/span&gt;&lt;span class=&quot;result-type&quot;&gt;warnings&lt;/span&gt;&lt;/a&gt;&lt;/li&gt;&lt;span class=&quot;result-count result-count-notices&quot;&gt;0&lt;/span&gt;&lt;span class=&quot;result-type&quot;&gt;notices&lt;/span&gt;&lt;/a&gt;&lt;/li&gt;&lt;/ul&gt;&lt;a href=&quot;#&quot; class=&quot;button-link&quot; id=&quot;export&quot;&gt;Export as CSV&lt;/a&gt;&lt;table id=&quot;test-results-table&quot; class=&quot;tablesorter&quot;&gt;&lt;thead&gt;&lt;tr&gt;&lt;th&gt;Error Level&lt;/th&gt;&lt;th&gt;Principle&lt;/th&gt;&lt;th&gt;Message&lt;/th&gt;&lt;th&gt;Code snippet&lt;/th&gt;&lt;th&gt;Techniques&lt;/th&gt;&lt;th&gt;Screenshot&lt;/th&gt;&lt;/thead&gt;&lt;/tr&gt;&lt;tbody&gt;&lt;tr&gt;&lt;td colspan=&quot;6&quot;&gt; ----  No Errors ---  &lt;/td&gt;&lt;/tr&gt;&lt;/tbody&gt;&lt;/table&gt;&lt;/div&gt;
</system-out>
		</testcase>
		<testcase classname="some.class.name" name="sel4_release/seL4_5.2.0.html" time="1.000000">
			<system-out>&lt;div id=&quot;resultsWrapper&quot; class=&quot;resultsWrapperActive&quot;&gt;&lt;h3&gt;seL4 5.2.0 | seL4 docs&lt;/h3&gt;&lt;h4&gt;http://localhost:4000/sel4_release/seL4_5.2.0.html&lt;/h4&gt;&lt;ul id=&quot;results-overview&quot;&gt;&lt;li class=&quot;active&quot;&gt;&lt;span class=&quot;result-count result-count-errors&quot;&gt;0&lt;/span&gt;&lt;span class=&quot;result-type&quot;&gt;errors&lt;/span&gt;&lt;/a&gt;&lt;/li&gt;&lt;span class=&quot;result-count result-count-warnings&quot;&gt;0&lt;/span&gt;&lt;span class=&quot;result-type&quot;&gt;warnings&lt;/span&gt;&lt;/a&gt;&lt;/li&gt;&lt;span class=&quot;result-count result-count-notices&quot;&gt;0&lt;/span&gt;&lt;span class=&quot;result-type&quot;&gt;notices&lt;/span&gt;&lt;/a&gt;&lt;/li&gt;&lt;/ul&gt;&lt;a href=&quot;#&quot; class=&quot;button-link&quot; id=&quot;export&quot;&gt;Export as CSV&lt;/a&gt;&lt;table id=&quot;test-results-table&quot; class=&quot;tablesorter&quot;&gt;&lt;thead&gt;&lt;tr&gt;&lt;th&gt;Error Level&lt;/th&gt;&lt;th&gt;Principle&lt;/th&gt;&lt;th&gt;Message&lt;/th&gt;&lt;th&gt;Code snippet&lt;/th&gt;&lt;th&gt;Techniques&lt;/th&gt;&lt;th&gt;Screenshot&lt;/th&gt;&lt;/thead&gt;&lt;/tr&gt;&lt;tbody&gt;&lt;tr&gt;&lt;td colspan=&quot;6&quot;&gt; ----  No Errors ---  &lt;/td&gt;&lt;/tr&gt;&lt;/tbody&gt;&lt;/table&gt;&lt;/div&gt;
</system-out>
		</testcase>
		<testcase classname="some.class.name" name="sel4_release/seL4_3.0.1.html" time="1.000000">
			<system-out>&lt;div id=&quot;resultsWrapper&quot; class=&quot;resultsWrapperActive&quot;&gt;&lt;h3&gt;seL4 3.0.1 | seL4 docs&lt;/h3&gt;&lt;h4&gt;http://localhost:4000/sel4_release/seL4_3.0.1.html&lt;/h4&gt;&lt;ul id=&quot;results-overview&quot;&gt;&lt;li class=&quot;active&quot;&gt;&lt;span class=&quot;result-count result-count-errors&quot;&gt;0&lt;/span&gt;&lt;span class=&quot;result-type&quot;&gt;errors&lt;/span&gt;&lt;/a&gt;&lt;/li&gt;&lt;span class=&quot;result-count result-count-warnings&quot;&gt;0&lt;/span&gt;&lt;span class=&quot;result-type&quot;&gt;warnings&lt;/span&gt;&lt;/a&gt;&lt;/li&gt;&lt;span class=&quot;result-count result-count-notices&quot;&gt;0&lt;/span&gt;&lt;span class=&quot;result-type&quot;&gt;notices&lt;/span&gt;&lt;/a&gt;&lt;/li&gt;&lt;/ul&gt;&lt;a href=&quot;#&quot; class=&quot;button-link&quot; id=&quot;export&quot;&gt;Export as CSV&lt;/a&gt;&lt;table id=&quot;test-results-table&quot; class=&quot;tablesorter&quot;&gt;&lt;thead&gt;&lt;tr&gt;&lt;th&gt;Error Level&lt;/th&gt;&lt;th&gt;Principle&lt;/th&gt;&lt;th&gt;Message&lt;/th&gt;&lt;th&gt;Code snippet&lt;/th&gt;&lt;th&gt;Techniques&lt;/th&gt;&lt;th&gt;Screenshot&lt;/th&gt;&lt;/thead&gt;&lt;/tr&gt;&lt;tbody&gt;&lt;tr&gt;&lt;td colspan=&quot;6&quot;&gt; ----  No Errors ---  &lt;/td&gt;&lt;/tr&gt;&lt;/tbody&gt;&lt;/table&gt;&lt;/div&gt;
</system-out>
		</testcase>
		<testcase classname="some.class.name" name="sel4_release/index.html" time="1.000000">
			<system-out>&lt;div id=&quot;resultsWrapper&quot; class=&quot;resultsWrapperActive&quot;&gt;&lt;h3&gt;seL4 releases | seL4 docs&lt;/h3&gt;&lt;h4&gt;http://localhost:4000/sel4_release/index.html&lt;/h4&gt;&lt;ul id=&quot;results-overview&quot;&gt;&lt;li class=&quot;active&quot;&gt;&lt;span class=&quot;result-count result-count-errors&quot;&gt;0&lt;/span&gt;&lt;span class=&quot;result-type&quot;&gt;errors&lt;/span&gt;&lt;/a&gt;&lt;/li&gt;&lt;span class=&quot;result-count result-count-warnings&quot;&gt;0&lt;/span&gt;&lt;span class=&quot;result-type&quot;&gt;warnings&lt;/span&gt;&lt;/a&gt;&lt;/li&gt;&lt;span class=&quot;result-count result-count-notices&quot;&gt;0&lt;/span&gt;&lt;span class=&quot;result-type&quot;&gt;notices&lt;/span&gt;&lt;/a&gt;&lt;/li&gt;&lt;/ul&gt;&lt;a href=&quot;#&quot; class=&quot;button-link&quot; id=&quot;export&quot;&gt;Export as CSV&lt;/a&gt;&lt;table id=&quot;test-results-table&quot; class=&quot;tablesorter&quot;&gt;&lt;thead&gt;&lt;tr&gt;&lt;th&gt;Error Level&lt;/th&gt;&lt;th&gt;Principle&lt;/th&gt;&lt;th&gt;Message&lt;/th&gt;&lt;th&gt;Code snippet&lt;/th&gt;&lt;th&gt;Techniques&lt;/th&gt;&lt;th&gt;Screenshot&lt;/th&gt;&lt;/thead&gt;&lt;/tr&gt;&lt;tbody&gt;&lt;tr&gt;&lt;td colspan=&quot;6&quot;&gt; ----  No Errors ---  &lt;/td&gt;&lt;/tr&gt;&lt;/tbody&gt;&lt;/table&gt;&lt;/div&gt;
</system-out>
		</testcase>
		<testcase classname="some.class.name" name="sel4_release/seL4_2.1.0.html" time="1.000000">
			<system-out>&lt;div id=&quot;resultsWrapper&quot; class=&quot;resultsWrapperActive&quot;&gt;&lt;h3&gt;seL4 2.1.0 | seL4 docs&lt;/h3&gt;&lt;h4&gt;http://localhost:4000/sel4_release/seL4_2.1.0.html&lt;/h4&gt;&lt;ul id=&quot;results-overview&quot;&gt;&lt;li class=&quot;active&quot;&gt;&lt;span class=&quot;result-count result-count-errors&quot;&gt;0&lt;/span&gt;&lt;span class=&quot;result-type&quot;&gt;errors&lt;/span&gt;&lt;/a&gt;&lt;/li&gt;&lt;span class=&quot;result-count result-count-warnings&quot;&gt;0&lt;/span&gt;&lt;span class=&quot;result-type&quot;&gt;warnings&lt;/span&gt;&lt;/a&gt;&lt;/li&gt;&lt;span class=&quot;result-count result-count-notices&quot;&gt;0&lt;/span&gt;&lt;span class=&quot;result-type&quot;&gt;notices&lt;/span&gt;&lt;/a&gt;&lt;/li&gt;&lt;/ul&gt;&lt;a href=&quot;#&quot; class=&quot;button-link&quot; id=&quot;export&quot;&gt;Export as CSV&lt;/a&gt;&lt;table id=&quot;test-results-table&quot; class=&quot;tablesorter&quot;&gt;&lt;thead&gt;&lt;tr&gt;&lt;th&gt;Error Level&lt;/th&gt;&lt;th&gt;Principle&lt;/th&gt;&lt;th&gt;Message&lt;/th&gt;&lt;th&gt;Code snippet&lt;/th&gt;&lt;th&gt;Techniques&lt;/th&gt;&lt;th&gt;Screenshot&lt;/th&gt;&lt;/thead&gt;&lt;/tr&gt;&lt;tbody&gt;&lt;tr&gt;&lt;td colspan=&quot;6&quot;&gt; ----  No Errors ---  &lt;/td&gt;&lt;/tr&gt;&lt;/tbody&gt;&lt;/table&gt;&lt;/div&gt;
</system-out>
		</testcase>
		<testcase classname="some.class.name" name="sel4_release/seL4_3.2.0.html" time="1.000000">
			<system-out>&lt;div id=&quot;resultsWrapper&quot; class=&quot;resultsWrapperActive&quot;&gt;&lt;h3&gt;seL4 3.2.0 | seL4 docs&lt;/h3&gt;&lt;h4&gt;http://localhost:4000/sel4_release/seL4_3.2.0.html&lt;/h4&gt;&lt;ul id=&quot;results-overview&quot;&gt;&lt;li class=&quot;active&quot;&gt;&lt;span class=&quot;result-count result-count-errors&quot;&gt;0&lt;/span&gt;&lt;span class=&quot;result-type&quot;&gt;errors&lt;/span&gt;&lt;/a&gt;&lt;/li&gt;&lt;span class=&quot;result-count result-count-warnings&quot;&gt;0&lt;/span&gt;&lt;span class=&quot;result-type&quot;&gt;warnings&lt;/span&gt;&lt;/a&gt;&lt;/li&gt;&lt;span class=&quot;result-count result-count-notices&quot;&gt;0&lt;/span&gt;&lt;span class=&quot;result-type&quot;&gt;notices&lt;/span&gt;&lt;/a&gt;&lt;/li&gt;&lt;/ul&gt;&lt;a href=&quot;#&quot; class=&quot;button-link&quot; id=&quot;export&quot;&gt;Export as CSV&lt;/a&gt;&lt;table id=&quot;test-results-table&quot; class=&quot;tablesorter&quot;&gt;&lt;thead&gt;&lt;tr&gt;&lt;th&gt;Error Level&lt;/th&gt;&lt;th&gt;Principle&lt;/th&gt;&lt;th&gt;Message&lt;/th&gt;&lt;th&gt;Code snippet&lt;/th&gt;&lt;th&gt;Techniques&lt;/th&gt;&lt;th&gt;Screenshot&lt;/th&gt;&lt;/thead&gt;&lt;/tr&gt;&lt;tbody&gt;&lt;tr&gt;&lt;td colspan=&quot;6&quot;&gt; ----  No Errors ---  &lt;/td&gt;&lt;/tr&gt;&lt;/tbody&gt;&lt;/table&gt;&lt;/div&gt;
</system-out>
		</testcase>
		<testcase classname="some.class.name" name="sel4_release/seL4_6.0.0.html" time="1.000000">
			<system-out>&lt;div id=&quot;resultsWrapper&quot; class=&quot;resultsWrapperActive&quot;&gt;&lt;h3&gt;seL4 6.0.0 | seL4 docs&lt;/h3&gt;&lt;h4&gt;http://localhost:4000/sel4_release/seL4_6.0.0.html&lt;/h4&gt;&lt;ul id=&quot;results-overview&quot;&gt;&lt;li class=&quot;active&quot;&gt;&lt;span class=&quot;result-count result-count-errors&quot;&gt;0&lt;/span&gt;&lt;span class=&quot;result-type&quot;&gt;errors&lt;/span&gt;&lt;/a&gt;&lt;/li&gt;&lt;span class=&quot;result-count result-count-warnings&quot;&gt;0&lt;/span&gt;&lt;span class=&quot;result-type&quot;&gt;warnings&lt;/span&gt;&lt;/a&gt;&lt;/li&gt;&lt;span class=&quot;result-count result-count-notices&quot;&gt;0&lt;/span&gt;&lt;span class=&quot;result-type&quot;&gt;notices&lt;/span&gt;&lt;/a&gt;&lt;/li&gt;&lt;/ul&gt;&lt;a href=&quot;#&quot; class=&quot;button-link&quot; id=&quot;export&quot;&gt;Export as CSV&lt;/a&gt;&lt;table id=&quot;test-results-table&quot; class=&quot;tablesorter&quot;&gt;&lt;thead&gt;&lt;tr&gt;&lt;th&gt;Error Level&lt;/th&gt;&lt;th&gt;Principle&lt;/th&gt;&lt;th&gt;Message&lt;/th&gt;&lt;th&gt;Code snippet&lt;/th&gt;&lt;th&gt;Techniques&lt;/th&gt;&lt;th&gt;Screenshot&lt;/th&gt;&lt;/thead&gt;&lt;/tr&gt;&lt;tbody&gt;&lt;tr&gt;&lt;td colspan=&quot;6&quot;&gt; ----  No Errors ---  &lt;/td&gt;&lt;/tr&gt;&lt;/tbody&gt;&lt;/table&gt;&lt;/div&gt;
</system-out>
		</testcase>
		<testcase classname="some.class.name" name="sel4_release/seL4_2.0.0.html" time="1.000000">
			<system-out>&lt;div id=&quot;resultsWrapper&quot; class=&quot;resultsWrapperActive&quot;&gt;&lt;h3&gt;seL4 2.0.0 | seL4 docs&lt;/h3&gt;&lt;h4&gt;http://localhost:4000/sel4_release/seL4_2.0.0.html&lt;/h4&gt;&lt;ul id=&quot;results-overview&quot;&gt;&lt;li class=&quot;active&quot;&gt;&lt;span class=&quot;result-count result-count-errors&quot;&gt;0&lt;/span&gt;&lt;span class=&quot;result-type&quot;&gt;errors&lt;/span&gt;&lt;/a&gt;&lt;/li&gt;&lt;span class=&quot;result-count result-count-warnings&quot;&gt;0&lt;/span&gt;&lt;span class=&quot;result-type&quot;&gt;warnings&lt;/span&gt;&lt;/a&gt;&lt;/li&gt;&lt;span class=&quot;result-count result-count-notices&quot;&gt;0&lt;/span&gt;&lt;span class=&quot;result-type&quot;&gt;notices&lt;/span&gt;&lt;/a&gt;&lt;/li&gt;&lt;/ul&gt;&lt;a href=&quot;#&quot; class=&quot;button-link&quot; id=&quot;export&quot;&gt;Export as CSV&lt;/a&gt;&lt;table id=&quot;test-results-table&quot; class=&quot;tablesorter&quot;&gt;&lt;thead&gt;&lt;tr&gt;&lt;th&gt;Error Level&lt;/th&gt;&lt;th&gt;Principle&lt;/th&gt;&lt;th&gt;Message&lt;/th&gt;&lt;th&gt;Code snippet&lt;/th&gt;&lt;th&gt;Techniques&lt;/th&gt;&lt;th&gt;Screenshot&lt;/th&gt;&lt;/thead&gt;&lt;/tr&gt;&lt;tbody&gt;&lt;tr&gt;&lt;td colspan=&quot;6&quot;&gt; ----  No Errors ---  &lt;/td&gt;&lt;/tr&gt;&lt;/tbody&gt;&lt;/table&gt;&lt;/div&gt;
</system-out>
		</testcase>
		<testcase classname="some.class.name" name="sel4_release/seL4_4.0.0.html" time="1.000000">
			<system-out>&lt;div id=&quot;resultsWrapper&quot; class=&quot;resultsWrapperActive&quot;&gt;&lt;h3&gt;seL4 4.0.0 | seL4 docs&lt;/h3&gt;&lt;h4&gt;http://localhost:4000/sel4_release/seL4_4.0.0.html&lt;/h4&gt;&lt;ul id=&quot;results-overview&quot;&gt;&lt;li class=&quot;active&quot;&gt;&lt;span class=&quot;result-count result-count-errors&quot;&gt;0&lt;/span&gt;&lt;span class=&quot;result-type&quot;&gt;errors&lt;/span&gt;&lt;/a&gt;&lt;/li&gt;&lt;span class=&quot;result-count result-count-warnings&quot;&gt;0&lt;/span&gt;&lt;span class=&quot;result-type&quot;&gt;warnings&lt;/span&gt;&lt;/a&gt;&lt;/li&gt;&lt;span class=&quot;result-count result-count-notices&quot;&gt;0&lt;/span&gt;&lt;span class=&quot;result-type&quot;&gt;notices&lt;/span&gt;&lt;/a&gt;&lt;/li&gt;&lt;/ul&gt;&lt;a href=&quot;#&quot; class=&quot;button-link&quot; id=&quot;export&quot;&gt;Export as CSV&lt;/a&gt;&lt;table id=&quot;test-results-table&quot; class=&quot;tablesorter&quot;&gt;&lt;thead&gt;&lt;tr&gt;&lt;th&gt;Error Level&lt;/th&gt;&lt;th&gt;Principle&lt;/th&gt;&lt;th&gt;Message&lt;/th&gt;&lt;th&gt;Code snippet&lt;/th&gt;&lt;th&gt;Techniques&lt;/th&gt;&lt;th&gt;Screenshot&lt;/th&gt;&lt;/thead&gt;&lt;/tr&gt;&lt;tbody&gt;&lt;tr&gt;&lt;td colspan=&quot;6&quot;&gt; ----  No Errors ---  &lt;/td&gt;&lt;/tr&gt;&lt;/tbody&gt;&lt;/table&gt;&lt;/div&gt;
</system-out>
		</testcase>
		<testcase classname="some.class.name" name="seL4ManualAPIGeneration.html" time="1.000000">
			<failure message="Detected 12 error(s)." type="failure"/>
			<system-out>&lt;div id=&quot;resultsWrapper&quot; class=&quot;resultsWrapperActive&quot;&gt;&lt;h3&gt;seL4 Manual API Generation | seL4 docs&lt;/h3&gt;&lt;h4&gt;http://localhost:4000/seL4ManualAPIGeneration.html&lt;/h4&gt;&lt;ul id=&quot;results-overview&quot;&gt;&lt;li class=&quot;active&quot;&gt;&lt;span class=&quot;result-count result-count-errors&quot;&gt;12&lt;/span&gt;&lt;span class=&quot;result-type&quot;&gt;errors&lt;/span&gt;&lt;/a&gt;&lt;/li&gt;&lt;span class=&quot;result-count result-count-warnings&quot;&gt;0&lt;/span&gt;&lt;span class=&quot;result-type&quot;&gt;warnings&lt;/span&gt;&lt;/a&gt;&lt;/li&gt;&lt;span class=&quot;result-count result-count-notices&quot;&gt;0&lt;/span&gt;&lt;span class=&quot;result-type&quot;&gt;notices&lt;/span&gt;&lt;/a&gt;&lt;/li&gt;&lt;/ul&gt;&lt;a href=&quot;#&quot; class=&quot;button-link&quot; id=&quot;export&quot;&gt;Export as CSV&lt;/a&gt;&lt;table id=&quot;test-results-table&quot; class=&quot;tablesorter&quot;&gt;&lt;thead&gt;&lt;tr&gt;&lt;th&gt;Error Level&lt;/th&gt;&lt;th&gt;Principle&lt;/th&gt;&lt;th&gt;Message&lt;/th&gt;&lt;th&gt;Code snippet&lt;/th&gt;&lt;th&gt;Techniques&lt;/th&gt;&lt;th&gt;Screenshot&lt;/th&gt;&lt;/thead&gt;&lt;/tr&gt;&lt;tbody&gt;&lt;tr class=&quot;error&quot;&gt;&lt;td  class=&quot;number&quot;&gt;&lt;span class=&quot;flag&quot;&gt;Error&lt;/span&gt;&lt;/td&gt;&lt;td  class=&quot;messagePrinciple&quot;&gt;&lt;a href=&quot;http://www.w3.org/TR/WCAG20/#perceivable&quot; target=&quot;_blank&quot;&gt;Perceivable&lt;/a&gt;&lt;/td&gt;&lt;td class=&quot;messageText&quot;&gt; This element has insufficient contrast at this conformance level. Expected a contrast ratio of at least 4.5:1, but text in this element has a contrast ratio of 4.17:1. Recommendation: change background to #fefefe.&lt;/td&gt;&lt;td&gt;&amp;lt;span
class=&quot;c&quot;&amp;gt;&amp;amp;lt;!-- 
Introduces documentation for
a new functi...&amp;lt;/span&amp;gt;&lt;/td&gt;&lt;td class=&quot;messageTechniques&quot;&gt;&lt;ul&gt;&lt;li&gt;&lt;a href=&quot;http://www.w3.org/TR/WCAG20-TECHS/G18&quot; target=&quot;_blank&quot;&gt;G18&lt;/a&gt;&lt;/li&gt;&lt;/ul&gt;&lt;/td&gt;&lt;td class=&quot;screenshot&quot;&gt;&lt;a data-toggle=&quot;modal&quot; data-target=&quot;#screenshot&quot;  onClick=showImg(&quot;screenshots/14_32_43_2_21_2018/117.png&quot;)&gt;&lt;img src=&quot;screenshots/14_32_43_2_21_2018/117.png&quot; style=&quot;width:25px;height:25px&quot;&gt;&lt;/a&gt;&lt;/td&gt;&lt;/tr&gt;&lt;tr class=&quot;error&quot;&gt;&lt;td  class=&quot;number&quot;&gt;&lt;span class=&quot;flag&quot;&gt;Error&lt;/span&gt;&lt;/td&gt;&lt;td  class=&quot;messagePrinciple&quot;&gt;&lt;a href=&quot;http://www.w3.org/TR/WCAG20/#perceivable&quot; target=&quot;_blank&quot;&gt;Perceivable&lt;/a&gt;&lt;/td&gt;&lt;td class=&quot;messageText&quot;&gt; This element has insufficient contrast at this conformance level. Expected a contrast ratio of at least 4.5:1, but text in this element has a contrast ratio of 3.27:1. Recommendation: change text colour to #657811.&lt;/td&gt;&lt;td&gt;&amp;lt;span
class=&quot;na&quot;&amp;gt;name=&amp;lt;/span&amp;g
;&lt;/td&gt;&lt;td class=&quot;messageTechniques&quot;&gt;&lt;ul&gt;&lt;li&gt;&lt;a href=&quot;http://www.w3.org/TR/WCAG20-TECHS/G18&quot; target=&quot;_blank&quot;&gt;G18&lt;/a&gt;&lt;/li&gt;&lt;/ul&gt;&lt;/td&gt;&lt;td class=&quot;screenshot&quot;&gt;&lt;a data-toggle=&quot;modal&quot; data-target=&quot;#screenshot&quot;  onClick=showImg(&quot;screenshots/14_32_43_2_21_2018/9.png&quot;)&gt;&lt;img src=&quot;screenshots/14_32_43_2_21_2018/9.png&quot; style=&quot;width:25px;height:25px&quot;&gt;&lt;/a&gt;&lt;/td&gt;&lt;/tr&gt;&lt;tr class=&quot;error&quot;&gt;&lt;td  class=&quot;number&quot;&gt;&lt;span class=&quot;flag&quot;&gt;Error&lt;/span&gt;&lt;/td&gt;&lt;td  class=&quot;messagePrinciple&quot;&gt;&lt;a href=&quot;http://www.w3.org/TR/WCAG20/#perceivable&quot; target=&quot;_blank&quot;&gt;Perceivable&lt;/a&gt;&lt;/td&gt;&lt;td class=&quot;messageText&quot;&gt; This element has insufficient contrast at this conformance level. Expected a contrast ratio of at least 4.5:1, but text in this element has a contrast ratio of 3.27:1. Recommendation: change text colour to #657811.&lt;/td&gt;&lt;td&gt;&amp;lt;span
class=&quot;na&quot;&amp;gt;label=&amp;lt;/span&amp;
t;&lt;/td&gt;&lt;td class=&quot;messageTechniques&quot;&gt;&lt;ul&gt;&lt;li&gt;&lt;a href=&quot;http://www.w3.org/TR/WCAG20-TECHS/G18&quot; target=&quot;_blank&quot;&gt;G18&lt;/a&gt;&lt;/li&gt;&lt;/ul&gt;&lt;/td&gt;&lt;td class=&quot;screenshot&quot;&gt;&lt;a data-toggle=&quot;modal&quot; data-target=&quot;#screenshot&quot;  onClick=showImg(&quot;screenshots/14_32_43_2_21_2018/489.png&quot;)&gt;&lt;img src=&quot;screenshots/14_32_43_2_21_2018/489.png&quot; style=&quot;width:25px;height:25px&quot;&gt;&lt;/a&gt;&lt;/td&gt;&lt;/tr&gt;&lt;tr class=&quot;error&quot;&gt;&lt;td  class=&quot;number&quot;&gt;&lt;span class=&quot;flag&quot;&gt;Error&lt;/span&gt;&lt;/td&gt;&lt;td  class=&quot;messagePrinciple&quot;&gt;&lt;a href=&quot;http://www.w3.org/TR/WCAG20/#perceivable&quot; target=&quot;_blank&quot;&gt;Perceivable&lt;/a&gt;&lt;/td&gt;&lt;td class=&quot;messageText&quot;&gt; This element has insufficient contrast at this conformance level. Expected a contrast ratio of at least 4.5:1, but text in this element has a contrast ratio of 4.17:1. Recommendation: change background to #fefefe.&lt;/td&gt;&lt;td&gt;&amp;lt;span
class=&quot;c&quot;&amp;gt;&amp;amp;lt;!--
Translated to the latex
\autoref{sec:SEC}
...&amp;lt;/span&amp;gt;&lt;/td&gt;&lt;td class=&quot;messageTechniques&quot;&gt;&lt;ul&gt;&lt;li&gt;&lt;a href=&quot;http://www.w3.org/TR/WCAG20-TECHS/G18&quot; target=&quot;_blank&quot;&gt;G18&lt;/a&gt;&lt;/li&gt;&lt;/ul&gt;&lt;/td&gt;&lt;td class=&quot;screenshot&quot;&gt;&lt;a data-toggle=&quot;modal&quot; data-target=&quot;#screenshot&quot;  onClick=showImg(&quot;screenshots/14_32_43_2_21_2018/322.png&quot;)&gt;&lt;img src=&quot;screenshots/14_32_43_2_21_2018/322.png&quot; style=&quot;width:25px;height:25px&quot;&gt;&lt;/a&gt;&lt;/td&gt;&lt;/tr&gt;&lt;tr class=&quot;error&quot;&gt;&lt;td  class=&quot;number&quot;&gt;&lt;span class=&quot;flag&quot;&gt;Error&lt;/span&gt;&lt;/td&gt;&lt;td  class=&quot;messagePrinciple&quot;&gt;&lt;a href=&quot;http://www.w3.org/TR/WCAG20/#perceivable&quot; target=&quot;_blank&quot;&gt;Perceivable&lt;/a&gt;&lt;/td&gt;&lt;td class=&quot;messageText&quot;&gt; This element has insufficient contrast at this conformance level. Expected a contrast ratio of at least 4.5:1, but text in this element has a contrast ratio of 3.27:1. Recommendation: change text colour to #657811.&lt;/td&gt;&lt;td&gt;&amp;lt;span
class=&quot;na&quot;&amp;gt;sec=&amp;lt;/span&amp;gt
&lt;/td&gt;&lt;td class=&quot;messageTechniques&quot;&gt;&lt;ul&gt;&lt;li&gt;&lt;a href=&quot;http://www.w3.org/TR/WCAG20-TECHS/G18&quot; target=&quot;_blank&quot;&gt;G18&lt;/a&gt;&lt;/li&gt;&lt;/ul&gt;&lt;/td&gt;&lt;td class=&quot;screenshot&quot;&gt;&lt;a data-toggle=&quot;modal&quot; data-target=&quot;#screenshot&quot;  onClick=showImg(&quot;screenshots/14_32_43_2_21_2018/919.png&quot;)&gt;&lt;img src=&quot;screenshots/14_32_43_2_21_2018/919.png&quot; style=&quot;width:25px;height:25px&quot;&gt;&lt;/a&gt;&lt;/td&gt;&lt;/tr&gt;&lt;tr class=&quot;error&quot;&gt;&lt;td  class=&quot;number&quot;&gt;&lt;span class=&quot;flag&quot;&gt;Error&lt;/span&gt;&lt;/td&gt;&lt;td  class=&quot;messagePrinciple&quot;&gt;&lt;a href=&quot;http://www.w3.org/TR/WCAG20/#perceivable&quot; target=&quot;_blank&quot;&gt;Perceivable&lt;/a&gt;&lt;/td&gt;&lt;td class=&quot;messageText&quot;&gt; This element has insufficient contrast at this conformance level. Expected a contrast ratio of at least 4.5:1, but text in this element has a contrast ratio of 4.17:1. Recommendation: change background to #fefefe.&lt;/td&gt;&lt;td&gt;&amp;lt;span
class=&quot;c&quot;&amp;gt;&amp;amp;lt;!--
Translated to the latex
\ref{sec:SEC}
--&amp;amp;g...&amp;lt;/span&amp;gt;&lt;/td&gt;&lt;td class=&quot;messageTechniques&quot;&gt;&lt;ul&gt;&lt;li&gt;&lt;a href=&quot;http://www.w3.org/TR/WCAG20-TECHS/G18&quot; target=&quot;_blank&quot;&gt;G18&lt;/a&gt;&lt;/li&gt;&lt;/ul&gt;&lt;/td&gt;&lt;td class=&quot;screenshot&quot;&gt;&lt;a data-toggle=&quot;modal&quot; data-target=&quot;#screenshot&quot;  onClick=showImg(&quot;screenshots/14_32_43_2_21_2018/743.png&quot;)&gt;&lt;img src=&quot;screenshots/14_32_43_2_21_2018/743.png&quot; style=&quot;width:25px;height:25px&quot;&gt;&lt;/a&gt;&lt;/td&gt;&lt;/tr&gt;&lt;tr class=&quot;error&quot;&gt;&lt;td  class=&quot;number&quot;&gt;&lt;span class=&quot;flag&quot;&gt;Error&lt;/span&gt;&lt;/td&gt;&lt;td  class=&quot;messagePrinciple&quot;&gt;&lt;a href=&quot;http://www.w3.org/TR/WCAG20/#perceivable&quot; target=&quot;_blank&quot;&gt;Perceivable&lt;/a&gt;&lt;/td&gt;&lt;td class=&quot;messageText&quot;&gt; This element has insufficient contrast at this conformance level. Expected a contrast ratio of at least 4.5:1, but text in this element has a contrast ratio of 3.27:1. Recommendation: change text colour to #657811.&lt;/td&gt;&lt;td&gt;&amp;lt;span
class=&quot;na&quot;&amp;gt;sec=&amp;lt;/span&amp;gt
&lt;/td&gt;&lt;td class=&quot;messageTechniques&quot;&gt;&lt;ul&gt;&lt;li&gt;&lt;a href=&quot;http://www.w3.org/TR/WCAG20-TECHS/G18&quot; target=&quot;_blank&quot;&gt;G18&lt;/a&gt;&lt;/li&gt;&lt;/ul&gt;&lt;/td&gt;&lt;td class=&quot;screenshot&quot;&gt;&lt;a data-toggle=&quot;modal&quot; data-target=&quot;#screenshot&quot;  onClick=showImg(&quot;screenshots/14_32_43_2_21_2018/60.png&quot;)&gt;&lt;img src=&quot;screenshots/14_32_43_2_21_2018/60.png&quot; style=&quot;width:25px;height:25px&quot;&gt;&lt;/a&gt;&lt;/td&gt;&lt;/tr&gt;&lt;tr class=&quot;error&quot;&gt;&lt;td  class=&quot;number&quot;&gt;&lt;span class=&quot;flag&quot;&gt;Error&lt;/span&gt;&lt;/td&gt;&lt;td  class=&quot;messagePrinciple&quot;&gt;&lt;a href=&quot;http://www.w3.org/TR/WCAG20/#perceivable&quot; target=&quot;_blank&quot;&gt;Perceivable&lt;/a&gt;&lt;/td&gt;&lt;td class=&quot;messageText&quot;&gt; This element has insufficient contrast at this conformance level. Expected a contrast ratio of at least 4.5:1, but text in this element has a contrast ratio of 4.17:1. Recommendation: change background to #fefefe.&lt;/td&gt;&lt;td&gt;&amp;lt;span
class=&quot;c&quot;&amp;gt;&amp;amp;lt;!--
Translated to the latex
\errorenumdesc, a
...&amp;lt;/span&amp;gt;&lt;/td&gt;&lt;td class=&quot;messageTechniques&quot;&gt;&lt;ul&gt;&lt;li&gt;&lt;a href=&quot;http://www.w3.org/TR/WCAG20-TECHS/G18&quot; target=&quot;_blank&quot;&gt;G18&lt;/a&gt;&lt;/li&gt;&lt;/ul&gt;&lt;/td&gt;&lt;td class=&quot;screenshot&quot;&gt;&lt;a data-toggle=&quot;modal&quot; data-target=&quot;#screenshot&quot;  onClick=showImg(&quot;screenshots/14_32_43_2_21_2018/496.png&quot;)&gt;&lt;img src=&quot;screenshots/14_32_43_2_21_2018/496.png&quot; style=&quot;width:25px;height:25px&quot;&gt;&lt;/a&gt;&lt;/td&gt;&lt;/tr&gt;&lt;tr class=&quot;error&quot;&gt;&lt;td  class=&quot;number&quot;&gt;&lt;span class=&quot;flag&quot;&gt;Error&lt;/span&gt;&lt;/td&gt;&lt;td  class=&quot;messagePrinciple&quot;&gt;&lt;a href=&quot;http://www.w3.org/TR/WCAG20/#perceivable&quot; target=&quot;_blank&quot;&gt;Perceivable&lt;/a&gt;&lt;/td&gt;&lt;td class=&quot;messageText&quot;&gt; This element has insufficient contrast at this conformance level. Expected a contrast ratio of at least 4.5:1, but text in this element has a contrast ratio of 4.17:1. Recommendation: change background to #fefefe.&lt;/td&gt;&lt;td&gt;&amp;lt;span
class=&quot;c&quot;&amp;gt;&amp;amp;lt;!--
Translated to the latex
\obj{NAME}, a
cust...&amp;lt;/span&amp;gt;&lt;/td&gt;&lt;td class=&quot;messageTechniques&quot;&gt;&lt;ul&gt;&lt;li&gt;&lt;a href=&quot;http://www.w3.org/TR/WCAG20-TECHS/G18&quot; target=&quot;_blank&quot;&gt;G18&lt;/a&gt;&lt;/li&gt;&lt;/ul&gt;&lt;/td&gt;&lt;td class=&quot;screenshot&quot;&gt;&lt;a data-toggle=&quot;modal&quot; data-target=&quot;#screenshot&quot;  onClick=showImg(&quot;screenshots/14_32_43_2_21_2018/236.png&quot;)&gt;&lt;img src=&quot;screenshots/14_32_43_2_21_2018/236.png&quot; style=&quot;width:25px;height:25px&quot;&gt;&lt;/a&gt;&lt;/td&gt;&lt;/tr&gt;&lt;tr class=&quot;error&quot;&gt;&lt;td  class=&quot;number&quot;&gt;&lt;span class=&quot;flag&quot;&gt;Error&lt;/span&gt;&lt;/td&gt;&lt;td  class=&quot;messagePrinciple&quot;&gt;&lt;a href=&quot;http://www.w3.org/TR/WCAG20/#perceivable&quot; target=&quot;_blank&quot;&gt;Perceivable&lt;/a&gt;&lt;/td&gt;&lt;td class=&quot;messageText&quot;&gt; This element has insufficient contrast at this conformance level. Expected a contrast ratio of at least 4.5:1, but text in this element has a contrast ratio of 3.27:1. Recommendation: change text colour to #657811.&lt;/td&gt;&lt;td&gt;&amp;lt;span
class=&quot;na&quot;&amp;gt;name=&amp;lt;/span&amp;g
;&lt;/td&gt;&lt;td class=&quot;messageTechniques&quot;&gt;&lt;ul&gt;&lt;li&gt;&lt;a href=&quot;http://www.w3.org/TR/WCAG20-TECHS/G18&quot; target=&quot;_blank&quot;&gt;G18&lt;/a&gt;&lt;/li&gt;&lt;/ul&gt;&lt;/td&gt;&lt;td class=&quot;screenshot&quot;&gt;&lt;a data-toggle=&quot;modal&quot; data-target=&quot;#screenshot&quot;  onClick=showImg(&quot;screenshots/14_32_43_2_21_2018/81.png&quot;)&gt;&lt;img src=&quot;screenshots/14_32_43_2_21_2018/81.png&quot; style=&quot;width:25px;height:25px&quot;&gt;&lt;/a&gt;&lt;/td&gt;&lt;/tr&gt;&lt;tr class=&quot;error&quot;&gt;&lt;td  class=&quot;number&quot;&gt;&lt;span class=&quot;flag&quot;&gt;Error&lt;/span&gt;&lt;/td&gt;&lt;td  class=&quot;messagePrinciple&quot;&gt;&lt;a href=&quot;http://www.w3.org/TR/WCAG20/#perceivable&quot; target=&quot;_blank&quot;&gt;Perceivable&lt;/a&gt;&lt;/td&gt;&lt;td class=&quot;messageText&quot;&gt; This element has insufficient contrast at this conformance level. Expected a contrast ratio of at least 4.5:1, but text in this element has a contrast ratio of 4.17:1. Recommendation: change background to #fefefe.&lt;/td&gt;&lt;td&gt;&amp;lt;span
class=&quot;c&quot;&amp;gt;&amp;amp;lt;!--
Translated to the latex
\texttt{TEXT}
--&amp;amp;g...&amp;lt;/span&amp;gt;&lt;/td&gt;&lt;td class=&quot;messageTechniques&quot;&gt;&lt;ul&gt;&lt;li&gt;&lt;a href=&quot;http://www.w3.org/TR/WCAG20-TECHS/G18&quot; target=&quot;_blank&quot;&gt;G18&lt;/a&gt;&lt;/li&gt;&lt;/ul&gt;&lt;/td&gt;&lt;td class=&quot;screenshot&quot;&gt;&lt;a data-toggle=&quot;modal&quot; data-target=&quot;#screenshot&quot;  onClick=showImg(&quot;screenshots/14_32_43_2_21_2018/683.png&quot;)&gt;&lt;img src=&quot;screenshots/14_32_43_2_21_2018/683.png&quot; style=&quot;width:25px;height:25px&quot;&gt;&lt;/a&gt;&lt;/td&gt;&lt;/tr&gt;&lt;tr class=&quot;error&quot;&gt;&lt;td  class=&quot;number&quot;&gt;&lt;span class=&quot;flag&quot;&gt;Error&lt;/span&gt;&lt;/td&gt;&lt;td  class=&quot;messagePrinciple&quot;&gt;&lt;a href=&quot;http://www.w3.org/TR/WCAG20/#perceivable&quot; target=&quot;_blank&quot;&gt;Perceivable&lt;/a&gt;&lt;/td&gt;&lt;td class=&quot;messageText&quot;&gt; This element has insufficient contrast at this conformance level. Expected a contrast ratio of at least 4.5:1, but text in this element has a contrast ratio of 3.27:1. Recommendation: change text colour to #657811.&lt;/td&gt;&lt;td&gt;&amp;lt;span
class=&quot;na&quot;&amp;gt;text=&amp;lt;/span&amp;g
;&lt;/td&gt;&lt;td class=&quot;messageTechniques&quot;&gt;&lt;ul&gt;&lt;li&gt;&lt;a href=&quot;http://www.w3.org/TR/WCAG20-TECHS/G18&quot; target=&quot;_blank&quot;&gt;G18&lt;/a&gt;&lt;/li&gt;&lt;/ul&gt;&lt;/td&gt;&lt;td class=&quot;screenshot&quot;&gt;&lt;a data-toggle=&quot;modal&quot; data-target=&quot;#screenshot&quot;  onClick=showImg(&quot;screenshots/14_32_43_2_21_2018/514.png&quot;)&gt;&lt;img src=&quot;screenshots/14_32_43_2_21_2018/514.png&quot; style=&quot;width:25px;height:25px&quot;&gt;&lt;/a&gt;&lt;/td&gt;&lt;/tr&gt;&lt;/tbody&gt;&lt;/table&gt;&lt;/div&gt;
</system-out>
		</testcase>
		<testcase classname="some.class.name" name="CMA34DBMC/index.html" time="1.000000">
			<failure message="Detected 1 error(s)." type="failure"/>
			<system-out>&lt;div id=&quot;resultsWrapper&quot; class=&quot;resultsWrapperActive&quot;&gt;&lt;h3&gt;| seL4 docs&lt;/h3&gt;&lt;h4&gt;http://localhost:4000/CMA34DBMC/index.html&lt;/h4&gt;&lt;ul id=&quot;results-overview&quot;&gt;&lt;li class=&quot;active&quot;&gt;&lt;span class=&quot;result-count result-count-errors&quot;&gt;1&lt;/span&gt;&lt;span class=&quot;result-type&quot;&gt;errors&lt;/span&gt;&lt;/a&gt;&lt;/li&gt;&lt;span class=&quot;result-count result-count-warnings&quot;&gt;0&lt;/span&gt;&lt;span class=&quot;result-type&quot;&gt;warnings&lt;/span&gt;&lt;/a&gt;&lt;/li&gt;&lt;span class=&quot;result-count result-count-notices&quot;&gt;0&lt;/span&gt;&lt;span class=&quot;result-type&quot;&gt;notices&lt;/span&gt;&lt;/a&gt;&lt;/li&gt;&lt;/ul&gt;&lt;a href=&quot;#&quot; class=&quot;button-link&quot; id=&quot;export&quot;&gt;Export as CSV&lt;/a&gt;&lt;table id=&quot;test-results-table&quot; class=&quot;tablesorter&quot;&gt;&lt;thead&gt;&lt;tr&gt;&lt;th&gt;Error Level&lt;/th&gt;&lt;th&gt;Principle&lt;/th&gt;&lt;th&gt;Message&lt;/th&gt;&lt;th&gt;Code snippet&lt;/th&gt;&lt;th&gt;Techniques&lt;/th&gt;&lt;th&gt;Screenshot&lt;/th&gt;&lt;/thead&gt;&lt;/tr&gt;&lt;tbody&gt;&lt;tr class=&quot;error&quot;&gt;&lt;td  class=&quot;number&quot;&gt;&lt;span class=&quot;flag&quot;&gt;Error&lt;/span&gt;&lt;/td&gt;&lt;td  class=&quot;messagePrinciple&quot;&gt;&lt;a href=&quot;http://www.w3.org/TR/WCAG20/#perceivable&quot; target=&quot;_blank&quot;&gt;Perceivable&lt;/a&gt;&lt;/td&gt;&lt;td class=&quot;messageText&quot;&gt; Img element missing an alt attribute. Use the alt attribute to specify a short text alternative.&lt;/td&gt;&lt;td&gt;&amp;lt;img
src=&quot;CMA34CRD-thumb.jpg&quot;&amp;gt;&lt;/td&gt;&lt;td class=&quot;messageTechniques&quot;&gt;&lt;ul&gt;&lt;li&gt;&lt;a href=&quot;http://www.w3.org/TR/WCAG20-TECHS/H37&quot; target=&quot;_blank&quot;&gt;H37&lt;/a&gt;&lt;/li&gt;&lt;/ul&gt;&lt;/td&gt;&lt;td class=&quot;screenshot&quot;&gt;&lt;a data-toggle=&quot;modal&quot; data-target=&quot;#screenshot&quot;  onClick=showImg(&quot;screenshots/14_32_43_2_21_2018/569.png&quot;)&gt;&lt;img src=&quot;screenshots/14_32_43_2_21_2018/569.png&quot; style=&quot;width:25px;height:25px&quot;&gt;&lt;/a&gt;&lt;/td&gt;&lt;/tr&gt;&lt;/tbody&gt;&lt;/table&gt;&lt;/div&gt;
</system-out>
		</testcase>
		<testcase classname="some.class.name" name="CAmkESInternals.html" time="1.000000">
			<system-out>&lt;div id=&quot;resultsWrapper&quot; class=&quot;resultsWrapperActive&quot;&gt;&lt;h3&gt;CAmkES Internals | seL4 docs&lt;/h3&gt;&lt;h4&gt;http://localhost:4000/CAmkESInternals.html&lt;/h4&gt;&lt;ul id=&quot;results-overview&quot;&gt;&lt;li class=&quot;active&quot;&gt;&lt;span class=&quot;result-count result-count-errors&quot;&gt;0&lt;/span&gt;&lt;span class=&quot;result-type&quot;&gt;errors&lt;/span&gt;&lt;/a&gt;&lt;/li&gt;&lt;span class=&quot;result-count result-count-warnings&quot;&gt;0&lt;/span&gt;&lt;span class=&quot;result-type&quot;&gt;warnings&lt;/span&gt;&lt;/a&gt;&lt;/li&gt;&lt;span class=&quot;result-count result-count-notices&quot;&gt;0&lt;/span&gt;&lt;span class=&quot;result-type&quot;&gt;notices&lt;/span&gt;&lt;/a&gt;&lt;/li&gt;&lt;/ul&gt;&lt;a href=&quot;#&quot; class=&quot;button-link&quot; id=&quot;export&quot;&gt;Export as CSV&lt;/a&gt;&lt;table id=&quot;test-results-table&quot; class=&quot;tablesorter&quot;&gt;&lt;thead&gt;&lt;tr&gt;&lt;th&gt;Error Level&lt;/th&gt;&lt;th&gt;Principle&lt;/th&gt;&lt;th&gt;Message&lt;/th&gt;&lt;th&gt;Code snippet&lt;/th&gt;&lt;th&gt;Techniques&lt;/th&gt;&lt;th&gt;Screenshot&lt;/th&gt;&lt;/thead&gt;&lt;/tr&gt;&lt;tbody&gt;&lt;tr&gt;&lt;td colspan=&quot;6&quot;&gt; ----  No Errors ---  &lt;/td&gt;&lt;/tr&gt;&lt;/tbody&gt;&lt;/table&gt;&lt;/div&gt;
</system-out>
		</testcase>
		<testcase classname="some.class.name" name="SetupUbuntu.html" time="1.000000">
			<system-out>&lt;div id=&quot;resultsWrapper&quot; class=&quot;resultsWrapperActive&quot;&gt;&lt;h3&gt;Setup Ubuntu | seL4 docs&lt;/h3&gt;&lt;h4&gt;http://localhost:4000/SetupUbuntu.html&lt;/h4&gt;&lt;ul id=&quot;results-overview&quot;&gt;&lt;li class=&quot;active&quot;&gt;&lt;span class=&quot;result-count result-count-errors&quot;&gt;0&lt;/span&gt;&lt;span class=&quot;result-type&quot;&gt;errors&lt;/span&gt;&lt;/a&gt;&lt;/li&gt;&lt;span class=&quot;result-count result-count-warnings&quot;&gt;0&lt;/span&gt;&lt;span class=&quot;result-type&quot;&gt;warnings&lt;/span&gt;&lt;/a&gt;&lt;/li&gt;&lt;span class=&quot;result-count result-count-notices&quot;&gt;0&lt;/span&gt;&lt;span class=&quot;result-type&quot;&gt;notices&lt;/span&gt;&lt;/a&gt;&lt;/li&gt;&lt;/ul&gt;&lt;a href=&quot;#&quot; class=&quot;button-link&quot; id=&quot;export&quot;&gt;Export as CSV&lt;/a&gt;&lt;table id=&quot;test-results-table&quot; class=&quot;tablesorter&quot;&gt;&lt;thead&gt;&lt;tr&gt;&lt;th&gt;Error Level&lt;/th&gt;&lt;th&gt;Principle&lt;/th&gt;&lt;th&gt;Message&lt;/th&gt;&lt;th&gt;Code snippet&lt;/th&gt;&lt;th&gt;Techniques&lt;/th&gt;&lt;th&gt;Screenshot&lt;/th&gt;&lt;/thead&gt;&lt;/tr&gt;&lt;tbody&gt;&lt;tr&gt;&lt;td colspan=&quot;6&quot;&gt; ----  No Errors ---  &lt;/td&gt;&lt;/tr&gt;&lt;/tbody&gt;&lt;/table&gt;&lt;/div&gt;
</system-out>
		</testcase>
		<testcase classname="some.class.name" name="Testing.html" time="1.000000">
			<failure message="Detected 2 error(s)." type="failure"/>
			<system-out>&lt;div id=&quot;resultsWrapper&quot; class=&quot;resultsWrapperActive&quot;&gt;&lt;h3&gt;seL4Test | seL4 docs&lt;/h3&gt;&lt;h4&gt;http://localhost:4000/Testing.html&lt;/h4&gt;&lt;ul id=&quot;results-overview&quot;&gt;&lt;li class=&quot;active&quot;&gt;&lt;span class=&quot;result-count result-count-errors&quot;&gt;2&lt;/span&gt;&lt;span class=&quot;result-type&quot;&gt;errors&lt;/span&gt;&lt;/a&gt;&lt;/li&gt;&lt;span class=&quot;result-count result-count-warnings&quot;&gt;0&lt;/span&gt;&lt;span class=&quot;result-type&quot;&gt;warnings&lt;/span&gt;&lt;/a&gt;&lt;/li&gt;&lt;span class=&quot;result-count result-count-notices&quot;&gt;0&lt;/span&gt;&lt;span class=&quot;result-type&quot;&gt;notices&lt;/span&gt;&lt;/a&gt;&lt;/li&gt;&lt;/ul&gt;&lt;a href=&quot;#&quot; class=&quot;button-link&quot; id=&quot;export&quot;&gt;Export as CSV&lt;/a&gt;&lt;table id=&quot;test-results-table&quot; class=&quot;tablesorter&quot;&gt;&lt;thead&gt;&lt;tr&gt;&lt;th&gt;Error Level&lt;/th&gt;&lt;th&gt;Principle&lt;/th&gt;&lt;th&gt;Message&lt;/th&gt;&lt;th&gt;Code snippet&lt;/th&gt;&lt;th&gt;Techniques&lt;/th&gt;&lt;th&gt;Screenshot&lt;/th&gt;&lt;/thead&gt;&lt;/tr&gt;&lt;tbody&gt;&lt;tr class=&quot;error&quot;&gt;&lt;td  class=&quot;number&quot;&gt;&lt;span class=&quot;flag&quot;&gt;Error&lt;/span&gt;&lt;/td&gt;&lt;td  class=&quot;messagePrinciple&quot;&gt;&lt;a href=&quot;http://www.w3.org/TR/WCAG20/#perceivable&quot; target=&quot;_blank&quot;&gt;Perceivable&lt;/a&gt;&lt;/td&gt;&lt;td class=&quot;messageText&quot;&gt; This element has insufficient contrast at this conformance level. Expected a contrast ratio of at least 4.5:1, but text in this element has a contrast ratio of 4.17:1. Recommendation: change background to #fefefe.&lt;/td&gt;&lt;td&gt;&amp;lt;span class=&quot;c&quot;&amp;gt;#
kernel/ libs/ projects/
tools/ apps configs
Kbui...&amp;lt;/span&amp;gt;&lt;/td&gt;&lt;td class=&quot;messageTechniques&quot;&gt;&lt;ul&gt;&lt;li&gt;&lt;a href=&quot;http://www.w3.org/TR/WCAG20-TECHS/G18&quot; target=&quot;_blank&quot;&gt;G18&lt;/a&gt;&lt;/li&gt;&lt;/ul&gt;&lt;/td&gt;&lt;td class=&quot;screenshot&quot;&gt;&lt;a data-toggle=&quot;modal&quot; data-target=&quot;#screenshot&quot;  onClick=showImg(&quot;screenshots/14_32_43_2_21_2018/834.png&quot;)&gt;&lt;img src=&quot;screenshots/14_32_43_2_21_2018/834.png&quot; style=&quot;width:25px;height:25px&quot;&gt;&lt;/a&gt;&lt;/td&gt;&lt;/tr&gt;&lt;tr class=&quot;error&quot;&gt;&lt;td  class=&quot;number&quot;&gt;&lt;span class=&quot;flag&quot;&gt;Error&lt;/span&gt;&lt;/td&gt;&lt;td  class=&quot;messagePrinciple&quot;&gt;&lt;a href=&quot;http://www.w3.org/TR/WCAG20/#perceivable&quot; target=&quot;_blank&quot;&gt;Perceivable&lt;/a&gt;&lt;/td&gt;&lt;td class=&quot;messageText&quot;&gt; This element has insufficient contrast at this conformance level. Expected a contrast ratio of at least 4.5:1, but text in this element has a contrast ratio of 4.17:1. Recommendation: change background to #fefefe.&lt;/td&gt;&lt;td&gt;&amp;lt;span class=&quot;c&quot;&amp;gt;#
sel4test-driver-image-arm-imx3
&amp;lt;/span&amp;gt;&lt;/td&gt;&lt;td class=&quot;messageTechniques&quot;&gt;&lt;ul&gt;&lt;li&gt;&lt;a href=&quot;http://www.w3.org/TR/WCAG20-TECHS/G18&quot; target=&quot;_blank&quot;&gt;G18&lt;/a&gt;&lt;/li&gt;&lt;/ul&gt;&lt;/td&gt;&lt;td class=&quot;screenshot&quot;&gt;&lt;a data-toggle=&quot;modal&quot; data-target=&quot;#screenshot&quot;  onClick=showImg(&quot;screenshots/14_32_43_2_21_2018/694.png&quot;)&gt;&lt;img src=&quot;screenshots/14_32_43_2_21_2018/694.png&quot; style=&quot;width:25px;height:25px&quot;&gt;&lt;/a&gt;&lt;/td&gt;&lt;/tr&gt;&lt;/tbody&gt;&lt;/table&gt;&lt;/div&gt;
</system-out>
		</testcase>
		<testcase classname="some.class.name" name="CAmkESDifferences.html" time="1.000000">
			<failure message="Detected 21 error(s)." type="failure"/>
			<system-out>&lt;div id=&quot;resultsWrapper&quot; class=&quot;resultsWrapperActive&quot;&gt;&lt;h3&gt;Differences between CAmkES 2 and 3 | seL4 docs&lt;/h3&gt;&lt;h4&gt;http://localhost:4000/CAmkESDifferences.html&lt;/h4&gt;&lt;ul id=&quot;results-overview&quot;&gt;&lt;li class=&quot;active&quot;&gt;&lt;span class=&quot;result-count result-count-errors&quot;&gt;21&lt;/span&gt;&lt;span class=&quot;result-type&quot;&gt;errors&lt;/span&gt;&lt;/a&gt;&lt;/li&gt;&lt;span class=&quot;result-count result-count-warnings&quot;&gt;0&lt;/span&gt;&lt;span class=&quot;result-type&quot;&gt;warnings&lt;/span&gt;&lt;/a&gt;&lt;/li&gt;&lt;span class=&quot;result-count result-count-notices&quot;&gt;0&lt;/span&gt;&lt;span class=&quot;result-type&quot;&gt;notices&lt;/span&gt;&lt;/a&gt;&lt;/li&gt;&lt;/ul&gt;&lt;a href=&quot;#&quot; class=&quot;button-link&quot; id=&quot;export&quot;&gt;Export as CSV&lt;/a&gt;&lt;table id=&quot;test-results-table&quot; class=&quot;tablesorter&quot;&gt;&lt;thead&gt;&lt;tr&gt;&lt;th&gt;Error Level&lt;/th&gt;&lt;th&gt;Principle&lt;/th&gt;&lt;th&gt;Message&lt;/th&gt;&lt;th&gt;Code snippet&lt;/th&gt;&lt;th&gt;Techniques&lt;/th&gt;&lt;th&gt;Screenshot&lt;/th&gt;&lt;/thead&gt;&lt;/tr&gt;&lt;tbody&gt;&lt;tr class=&quot;error&quot;&gt;&lt;td  class=&quot;number&quot;&gt;&lt;span class=&quot;flag&quot;&gt;Error&lt;/span&gt;&lt;/td&gt;&lt;td  class=&quot;messagePrinciple&quot;&gt;&lt;a href=&quot;http://www.w3.org/TR/WCAG20/#perceivable&quot; target=&quot;_blank&quot;&gt;Perceivable&lt;/a&gt;&lt;/td&gt;&lt;td class=&quot;messageText&quot;&gt; This element has insufficient contrast at this conformance level. Expected a contrast ratio of at least 4.5:1, but text in this element has a contrast ratio of 4.17:1. Recommendation: change background to #fefefe.&lt;/td&gt;&lt;td&gt;&amp;lt;span class=&quot;c1&quot;&amp;gt;//
list
&amp;lt;/span&amp;gt;&lt;/td&gt;&lt;td class=&quot;messageTechniques&quot;&gt;&lt;ul&gt;&lt;li&gt;&lt;a href=&quot;http://www.w3.org/TR/WCAG20-TECHS/G18&quot; target=&quot;_blank&quot;&gt;G18&lt;/a&gt;&lt;/li&gt;&lt;/ul&gt;&lt;/td&gt;&lt;td class=&quot;screenshot&quot;&gt;&lt;a data-toggle=&quot;modal&quot; data-target=&quot;#screenshot&quot;  onClick=showImg(&quot;screenshots/14_32_44_2_21_2018/14.png&quot;)&gt;&lt;img src=&quot;screenshots/14_32_44_2_21_2018/14.png&quot; style=&quot;width:25px;height:25px&quot;&gt;&lt;/a&gt;&lt;/td&gt;&lt;/tr&gt;&lt;tr class=&quot;error&quot;&gt;&lt;td  class=&quot;number&quot;&gt;&lt;span class=&quot;flag&quot;&gt;Error&lt;/span&gt;&lt;/td&gt;&lt;td  class=&quot;messagePrinciple&quot;&gt;&lt;a href=&quot;http://www.w3.org/TR/WCAG20/#perceivable&quot; target=&quot;_blank&quot;&gt;Perceivable&lt;/a&gt;&lt;/td&gt;&lt;td class=&quot;messageText&quot;&gt; This element has insufficient contrast at this conformance level. Expected a contrast ratio of at least 4.5:1, but text in this element has a contrast ratio of 4.17:1. Recommendation: change background to #fefefe.&lt;/td&gt;&lt;td&gt;&amp;lt;span class=&quot;c1&quot;&amp;gt;//
boolean
&amp;lt;/span&amp;gt;&lt;/td&gt;&lt;td class=&quot;messageTechniques&quot;&gt;&lt;ul&gt;&lt;li&gt;&lt;a href=&quot;http://www.w3.org/TR/WCAG20-TECHS/G18&quot; target=&quot;_blank&quot;&gt;G18&lt;/a&gt;&lt;/li&gt;&lt;/ul&gt;&lt;/td&gt;&lt;td class=&quot;screenshot&quot;&gt;&lt;a data-toggle=&quot;modal&quot; data-target=&quot;#screenshot&quot;  onClick=showImg(&quot;screenshots/14_32_44_2_21_2018/591.png&quot;)&gt;&lt;img src=&quot;screenshots/14_32_44_2_21_2018/591.png&quot; style=&quot;width:25px;height:25px&quot;&gt;&lt;/a&gt;&lt;/td&gt;&lt;/tr&gt;&lt;tr class=&quot;error&quot;&gt;&lt;td  class=&quot;number&quot;&gt;&lt;span class=&quot;flag&quot;&gt;Error&lt;/span&gt;&lt;/td&gt;&lt;td  class=&quot;messagePrinciple&quot;&gt;&lt;a href=&quot;http://www.w3.org/TR/WCAG20/#perceivable&quot; target=&quot;_blank&quot;&gt;Perceivable&lt;/a&gt;&lt;/td&gt;&lt;td class=&quot;messageText&quot;&gt; This element has insufficient contrast at this conformance level. Expected a contrast ratio of at least 4.5:1, but text in this element has a contrast ratio of 4.17:1. Recommendation: change background to #fefefe.&lt;/td&gt;&lt;td&gt;&amp;lt;span class=&quot;c1&quot;&amp;gt;//
string
&amp;lt;/span&amp;gt;&lt;/td&gt;&lt;td class=&quot;messageTechniques&quot;&gt;&lt;ul&gt;&lt;li&gt;&lt;a href=&quot;http://www.w3.org/TR/WCAG20-TECHS/G18&quot; target=&quot;_blank&quot;&gt;G18&lt;/a&gt;&lt;/li&gt;&lt;/ul&gt;&lt;/td&gt;&lt;td class=&quot;screenshot&quot;&gt;&lt;a data-toggle=&quot;modal&quot; data-target=&quot;#screenshot&quot;  onClick=showImg(&quot;screenshots/14_32_44_2_21_2018/185.png&quot;)&gt;&lt;img src=&quot;screenshots/14_32_44_2_21_2018/185.png&quot; style=&quot;width:25px;height:25px&quot;&gt;&lt;/a&gt;&lt;/td&gt;&lt;/tr&gt;&lt;tr class=&quot;error&quot;&gt;&lt;td  class=&quot;number&quot;&gt;&lt;span class=&quot;flag&quot;&gt;Error&lt;/span&gt;&lt;/td&gt;&lt;td  class=&quot;messagePrinciple&quot;&gt;&lt;a href=&quot;http://www.w3.org/TR/WCAG20/#perceivable&quot; target=&quot;_blank&quot;&gt;Perceivable&lt;/a&gt;&lt;/td&gt;&lt;td class=&quot;messageText&quot;&gt; This element has insufficient contrast at this conformance level. Expected a contrast ratio of at least 4.5:1, but text in this element has a contrast ratio of 4.17:1. Recommendation: change background to #fefefe.&lt;/td&gt;&lt;td&gt;&amp;lt;span class=&quot;c1&quot;&amp;gt;//
dict
&amp;lt;/span&amp;gt;&lt;/td&gt;&lt;td class=&quot;messageTechniques&quot;&gt;&lt;ul&gt;&lt;li&gt;&lt;a href=&quot;http://www.w3.org/TR/WCAG20-TECHS/G18&quot; target=&quot;_blank&quot;&gt;G18&lt;/a&gt;&lt;/li&gt;&lt;/ul&gt;&lt;/td&gt;&lt;td class=&quot;screenshot&quot;&gt;&lt;a data-toggle=&quot;modal&quot; data-target=&quot;#screenshot&quot;  onClick=showImg(&quot;screenshots/14_32_44_2_21_2018/88.png&quot;)&gt;&lt;img src=&quot;screenshots/14_32_44_2_21_2018/88.png&quot; style=&quot;width:25px;height:25px&quot;&gt;&lt;/a&gt;&lt;/td&gt;&lt;/tr&gt;&lt;tr class=&quot;error&quot;&gt;&lt;td  class=&quot;number&quot;&gt;&lt;span class=&quot;flag&quot;&gt;Error&lt;/span&gt;&lt;/td&gt;&lt;td  class=&quot;messagePrinciple&quot;&gt;&lt;a href=&quot;http://www.w3.org/TR/WCAG20/#perceivable&quot; target=&quot;_blank&quot;&gt;Perceivable&lt;/a&gt;&lt;/td&gt;&lt;td class=&quot;messageText&quot;&gt; This element has insufficient contrast at this conformance level. Expected a contrast ratio of at least 4.5:1, but text in this element has a contrast ratio of 4.17:1. Recommendation: change background to #fefefe.&lt;/td&gt;&lt;td&gt;&amp;lt;span class=&quot;c1&quot;&amp;gt;//
appropriate numeric type 
&amp;lt;/span&amp;gt;&lt;/td&gt;&lt;td class=&quot;messageTechniques&quot;&gt;&lt;ul&gt;&lt;li&gt;&lt;a href=&quot;http://www.w3.org/TR/WCAG20-TECHS/G18&quot; target=&quot;_blank&quot;&gt;G18&lt;/a&gt;&lt;/li&gt;&lt;/ul&gt;&lt;/td&gt;&lt;td class=&quot;screenshot&quot;&gt;&lt;a data-toggle=&quot;modal&quot; data-target=&quot;#screenshot&quot;  onClick=showImg(&quot;screenshots/14_32_44_2_21_2018/632.png&quot;)&gt;&lt;img src=&quot;screenshots/14_32_44_2_21_2018/632.png&quot; style=&quot;width:25px;height:25px&quot;&gt;&lt;/a&gt;&lt;/td&gt;&lt;/tr&gt;&lt;tr class=&quot;error&quot;&gt;&lt;td  class=&quot;number&quot;&gt;&lt;span class=&quot;flag&quot;&gt;Error&lt;/span&gt;&lt;/td&gt;&lt;td  class=&quot;messagePrinciple&quot;&gt;&lt;a href=&quot;http://www.w3.org/TR/WCAG20/#perceivable&quot; target=&quot;_blank&quot;&gt;Perceivable&lt;/a&gt;&lt;/td&gt;&lt;td class=&quot;messageText&quot;&gt; This element has insufficient contrast at this conformance level. Expected a contrast ratio of at least 4.5:1, but text in this element has a contrast ratio of 4.17:1. Recommendation: change background to #fefefe.&lt;/td&gt;&lt;td&gt;&amp;lt;span class=&quot;c1&quot;&amp;gt;//
error
&amp;lt;/span&amp;gt;&lt;/td&gt;&lt;td class=&quot;messageTechniques&quot;&gt;&lt;ul&gt;&lt;li&gt;&lt;a href=&quot;http://www.w3.org/TR/WCAG20-TECHS/G18&quot; target=&quot;_blank&quot;&gt;G18&lt;/a&gt;&lt;/li&gt;&lt;/ul&gt;&lt;/td&gt;&lt;td class=&quot;screenshot&quot;&gt;&lt;a data-toggle=&quot;modal&quot; data-target=&quot;#screenshot&quot;  onClick=showImg(&quot;screenshots/14_32_44_2_21_2018/485.png&quot;)&gt;&lt;img src=&quot;screenshots/14_32_44_2_21_2018/485.png&quot; style=&quot;width:25px;height:25px&quot;&gt;&lt;/a&gt;&lt;/td&gt;&lt;/tr&gt;&lt;tr class=&quot;error&quot;&gt;&lt;td  class=&quot;number&quot;&gt;&lt;span class=&quot;flag&quot;&gt;Error&lt;/span&gt;&lt;/td&gt;&lt;td  class=&quot;messagePrinciple&quot;&gt;&lt;a href=&quot;http://www.w3.org/TR/WCAG20/#perceivable&quot; target=&quot;_blank&quot;&gt;Perceivable&lt;/a&gt;&lt;/td&gt;&lt;td class=&quot;messageText&quot;&gt; This element has insufficient contrast at this conformance level. Expected a contrast ratio of at least 4.5:1, but text in this element has a contrast ratio of 4.17:1. Recommendation: change background to #fefefe.&lt;/td&gt;&lt;td&gt;&amp;lt;span class=&quot;c1&quot;&amp;gt;// see
below
&amp;lt;/span&amp;gt;&lt;/td&gt;&lt;td class=&quot;messageTechniques&quot;&gt;&lt;ul&gt;&lt;li&gt;&lt;a href=&quot;http://www.w3.org/TR/WCAG20-TECHS/G18&quot; target=&quot;_blank&quot;&gt;G18&lt;/a&gt;&lt;/li&gt;&lt;/ul&gt;&lt;/td&gt;&lt;td class=&quot;screenshot&quot;&gt;&lt;a data-toggle=&quot;modal&quot; data-target=&quot;#screenshot&quot;  onClick=showImg(&quot;screenshots/14_32_44_2_21_2018/53.png&quot;)&gt;&lt;img src=&quot;screenshots/14_32_44_2_21_2018/53.png&quot; style=&quot;width:25px;height:25px&quot;&gt;&lt;/a&gt;&lt;/td&gt;&lt;/tr&gt;&lt;tr class=&quot;error&quot;&gt;&lt;td  class=&quot;number&quot;&gt;&lt;span class=&quot;flag&quot;&gt;Error&lt;/span&gt;&lt;/td&gt;&lt;td  class=&quot;messagePrinciple&quot;&gt;&lt;a href=&quot;http://www.w3.org/TR/WCAG20/#perceivable&quot; target=&quot;_blank&quot;&gt;Perceivable&lt;/a&gt;&lt;/td&gt;&lt;td class=&quot;messageText&quot;&gt; This element has insufficient contrast at this conformance level. Expected a contrast ratio of at least 4.5:1, but text in this element has a contrast ratio of 4.17:1. Recommendation: change background to #fefefe.&lt;/td&gt;&lt;td&gt;&amp;lt;span class=&quot;c1&quot;&amp;gt;//
string in format &quot;paddr:size&quot;
&amp;lt;/span&amp;gt;&lt;/td&gt;&lt;td class=&quot;messageTechniques&quot;&gt;&lt;ul&gt;&lt;li&gt;&lt;a href=&quot;http://www.w3.org/TR/WCAG20-TECHS/G18&quot; target=&quot;_blank&quot;&gt;G18&lt;/a&gt;&lt;/li&gt;&lt;/ul&gt;&lt;/td&gt;&lt;td class=&quot;screenshot&quot;&gt;&lt;a data-toggle=&quot;modal&quot; data-target=&quot;#screenshot&quot;  onClick=showImg(&quot;screenshots/14_32_44_2_21_2018/582.png&quot;)&gt;&lt;img src=&quot;screenshots/14_32_44_2_21_2018/582.png&quot; style=&quot;width:25px;height:25px&quot;&gt;&lt;/a&gt;&lt;/td&gt;&lt;/tr&gt;&lt;tr class=&quot;error&quot;&gt;&lt;td  class=&quot;number&quot;&gt;&lt;span class=&quot;flag&quot;&gt;Error&lt;/span&gt;&lt;/td&gt;&lt;td  class=&quot;messagePrinciple&quot;&gt;&lt;a href=&quot;http://www.w3.org/TR/WCAG20/#perceivable&quot; target=&quot;_blank&quot;&gt;Perceivable&lt;/a&gt;&lt;/td&gt;&lt;td class=&quot;messageText&quot;&gt; This element has insufficient contrast at this conformance level. Expected a contrast ratio of at least 4.5:1, but text in this element has a contrast ratio of 4.17:1. Recommendation: change background to #fefefe.&lt;/td&gt;&lt;td&gt;&amp;lt;span class=&quot;c1&quot;&amp;gt;// irq
number
&amp;lt;/span&amp;gt;&lt;/td&gt;&lt;td class=&quot;messageTechniques&quot;&gt;&lt;ul&gt;&lt;li&gt;&lt;a href=&quot;http://www.w3.org/TR/WCAG20-TECHS/G18&quot; target=&quot;_blank&quot;&gt;G18&lt;/a&gt;&lt;/li&gt;&lt;/ul&gt;&lt;/td&gt;&lt;td class=&quot;screenshot&quot;&gt;&lt;a data-toggle=&quot;modal&quot; data-target=&quot;#screenshot&quot;  onClick=showImg(&quot;screenshots/14_32_44_2_21_2018/829.png&quot;)&gt;&lt;img src=&quot;screenshots/14_32_44_2_21_2018/829.png&quot; style=&quot;width:25px;height:25px&quot;&gt;&lt;/a&gt;&lt;/td&gt;&lt;/tr&gt;&lt;tr class=&quot;error&quot;&gt;&lt;td  class=&quot;number&quot;&gt;&lt;span class=&quot;flag&quot;&gt;Error&lt;/span&gt;&lt;/td&gt;&lt;td  class=&quot;messagePrinciple&quot;&gt;&lt;a href=&quot;http://www.w3.org/TR/WCAG20/#perceivable&quot; target=&quot;_blank&quot;&gt;Perceivable&lt;/a&gt;&lt;/td&gt;&lt;td class=&quot;messageText&quot;&gt; This element has insufficient contrast at this conformance level. Expected a contrast ratio of at least 4.5:1, but text in this element has a contrast ratio of 4.17:1. Recommendation: change background to #fefefe.&lt;/td&gt;&lt;td&gt;&amp;lt;span class=&quot;c1&quot;&amp;gt;//
string in format
&quot;start_port:end_port&quot;
&amp;lt;/span&amp;gt;&lt;/td&gt;&lt;td class=&quot;messageTechniques&quot;&gt;&lt;ul&gt;&lt;li&gt;&lt;a href=&quot;http://www.w3.org/TR/WCAG20-TECHS/G18&quot; target=&quot;_blank&quot;&gt;G18&lt;/a&gt;&lt;/li&gt;&lt;/ul&gt;&lt;/td&gt;&lt;td class=&quot;screenshot&quot;&gt;&lt;a data-toggle=&quot;modal&quot; data-target=&quot;#screenshot&quot;  onClick=showImg(&quot;screenshots/14_32_44_2_21_2018/952.png&quot;)&gt;&lt;img src=&quot;screenshots/14_32_44_2_21_2018/952.png&quot; style=&quot;width:25px;height:25px&quot;&gt;&lt;/a&gt;&lt;/td&gt;&lt;/tr&gt;&lt;tr class=&quot;error&quot;&gt;&lt;td  class=&quot;number&quot;&gt;&lt;span class=&quot;flag&quot;&gt;Error&lt;/span&gt;&lt;/td&gt;&lt;td  class=&quot;messagePrinciple&quot;&gt;&lt;a href=&quot;http://www.w3.org/TR/WCAG20/#perceivable&quot; target=&quot;_blank&quot;&gt;Perceivable&lt;/a&gt;&lt;/td&gt;&lt;td class=&quot;messageText&quot;&gt; This element has insufficient contrast at this conformance level. Expected a contrast ratio of at least 4.5:1, but text in this element has a contrast ratio of 4.17:1. Recommendation: change background to #fefefe.&lt;/td&gt;&lt;td&gt;&amp;lt;span class=&quot;c1&quot;&amp;gt;//
separate attribute for paddr
and size
&amp;lt;/span&amp;gt;&lt;/td&gt;&lt;td class=&quot;messageTechniques&quot;&gt;&lt;ul&gt;&lt;li&gt;&lt;a href=&quot;http://www.w3.org/TR/WCAG20-TECHS/G18&quot; target=&quot;_blank&quot;&gt;G18&lt;/a&gt;&lt;/li&gt;&lt;/ul&gt;&lt;/td&gt;&lt;td class=&quot;screenshot&quot;&gt;&lt;a data-toggle=&quot;modal&quot; data-target=&quot;#screenshot&quot;  onClick=showImg(&quot;screenshots/14_32_44_2_21_2018/210.png&quot;)&gt;&lt;img src=&quot;screenshots/14_32_44_2_21_2018/210.png&quot; style=&quot;width:25px;height:25px&quot;&gt;&lt;/a&gt;&lt;/td&gt;&lt;/tr&gt;&lt;tr class=&quot;error&quot;&gt;&lt;td  class=&quot;number&quot;&gt;&lt;span class=&quot;flag&quot;&gt;Error&lt;/span&gt;&lt;/td&gt;&lt;td  class=&quot;messagePrinciple&quot;&gt;&lt;a href=&quot;http://www.w3.org/TR/WCAG20/#perceivable&quot; target=&quot;_blank&quot;&gt;Perceivable&lt;/a&gt;&lt;/td&gt;&lt;td class=&quot;messageText&quot;&gt; This element has insufficient contrast at this conformance level. Expected a contrast ratio of at least 4.5:1, but text in this element has a contrast ratio of 4.17:1. Recommendation: change background to #fefefe.&lt;/td&gt;&lt;td&gt;&amp;lt;span class=&quot;c1&quot;&amp;gt;//
attribute name has changed
&amp;lt;/span&amp;gt;&lt;/td&gt;&lt;td class=&quot;messageTechniques&quot;&gt;&lt;ul&gt;&lt;li&gt;&lt;a href=&quot;http://www.w3.org/TR/WCAG20-TECHS/G18&quot; target=&quot;_blank&quot;&gt;G18&lt;/a&gt;&lt;/li&gt;&lt;/ul&gt;&lt;/td&gt;&lt;td class=&quot;screenshot&quot;&gt;&lt;a data-toggle=&quot;modal&quot; data-target=&quot;#screenshot&quot;  onClick=showImg(&quot;screenshots/14_32_44_2_21_2018/909.png&quot;)&gt;&lt;img src=&quot;screenshots/14_32_44_2_21_2018/909.png&quot; style=&quot;width:25px;height:25px&quot;&gt;&lt;/a&gt;&lt;/td&gt;&lt;/tr&gt;&lt;tr class=&quot;error&quot;&gt;&lt;td  class=&quot;number&quot;&gt;&lt;span class=&quot;flag&quot;&gt;Error&lt;/span&gt;&lt;/td&gt;&lt;td  class=&quot;messagePrinciple&quot;&gt;&lt;a href=&quot;http://www.w3.org/TR/WCAG20/#perceivable&quot; target=&quot;_blank&quot;&gt;Perceivable&lt;/a&gt;&lt;/td&gt;&lt;td class=&quot;messageText&quot;&gt; This element has insufficient contrast at this conformance level. Expected a contrast ratio of at least 4.5:1, but text in this element has a contrast ratio of 4.17:1. Recommendation: change background to #fefefe.&lt;/td&gt;&lt;td&gt;&amp;lt;span class=&quot;c1&quot;&amp;gt;//
unchanged
&amp;lt;/span&amp;gt;&lt;/td&gt;&lt;td class=&quot;messageTechniques&quot;&gt;&lt;ul&gt;&lt;li&gt;&lt;a href=&quot;http://www.w3.org/TR/WCAG20-TECHS/G18&quot; target=&quot;_blank&quot;&gt;G18&lt;/a&gt;&lt;/li&gt;&lt;/ul&gt;&lt;/td&gt;&lt;td class=&quot;screenshot&quot;&gt;&lt;a data-toggle=&quot;modal&quot; data-target=&quot;#screenshot&quot;  onClick=showImg(&quot;screenshots/14_32_44_2_21_2018/930.png&quot;)&gt;&lt;img src=&quot;screenshots/14_32_44_2_21_2018/930.png&quot; style=&quot;width:25px;height:25px&quot;&gt;&lt;/a&gt;&lt;/td&gt;&lt;/tr&gt;&lt;tr class=&quot;error&quot;&gt;&lt;td  class=&quot;number&quot;&gt;&lt;span class=&quot;flag&quot;&gt;Error&lt;/span&gt;&lt;/td&gt;&lt;td  class=&quot;messagePrinciple&quot;&gt;&lt;a href=&quot;http://www.w3.org/TR/WCAG20/#perceivable&quot; target=&quot;_blank&quot;&gt;Perceivable&lt;/a&gt;&lt;/td&gt;&lt;td class=&quot;messageText&quot;&gt; This element has insufficient contrast at this conformance level. Expected a contrast ratio of at least 4.5:1, but text in this element has a contrast ratio of 4.17:1. Recommendation: change background to #fefefe.&lt;/td&gt;&lt;td&gt;&amp;lt;span class=&quot;c1&quot;&amp;gt;//
interface of this component 
&amp;lt;/span&amp;gt;&lt;/td&gt;&lt;td class=&quot;messageTechniques&quot;&gt;&lt;ul&gt;&lt;li&gt;&lt;a href=&quot;http://www.w3.org/TR/WCAG20-TECHS/G18&quot; target=&quot;_blank&quot;&gt;G18&lt;/a&gt;&lt;/li&gt;&lt;/ul&gt;&lt;/td&gt;&lt;td class=&quot;screenshot&quot;&gt;&lt;a data-toggle=&quot;modal&quot; data-target=&quot;#screenshot&quot;  onClick=showImg(&quot;screenshots/14_32_44_2_21_2018/526.png&quot;)&gt;&lt;img src=&quot;screenshots/14_32_44_2_21_2018/526.png&quot; style=&quot;width:25px;height:25px&quot;&gt;&lt;/a&gt;&lt;/td&gt;&lt;/tr&gt;&lt;tr class=&quot;error&quot;&gt;&lt;td  class=&quot;number&quot;&gt;&lt;span class=&quot;flag&quot;&gt;Error&lt;/span&gt;&lt;/td&gt;&lt;td  class=&quot;messagePrinciple&quot;&gt;&lt;a href=&quot;http://www.w3.org/TR/WCAG20/#perceivable&quot; target=&quot;_blank&quot;&gt;Perceivable&lt;/a&gt;&lt;/td&gt;&lt;td class=&quot;messageText&quot;&gt; This element has insufficient contrast at this conformance level. Expected a contrast ratio of at least 4.5:1, but text in this element has a contrast ratio of 4.17:1. Recommendation: change background to #fefefe.&lt;/td&gt;&lt;td&gt;&amp;lt;span class=&quot;c1&quot;&amp;gt;//
internal components
&amp;lt;/span&amp;gt;&lt;/td&gt;&lt;td class=&quot;messageTechniques&quot;&gt;&lt;ul&gt;&lt;li&gt;&lt;a href=&quot;http://www.w3.org/TR/WCAG20-TECHS/G18&quot; target=&quot;_blank&quot;&gt;G18&lt;/a&gt;&lt;/li&gt;&lt;/ul&gt;&lt;/td&gt;&lt;td class=&quot;screenshot&quot;&gt;&lt;a data-toggle=&quot;modal&quot; data-target=&quot;#screenshot&quot;  onClick=showImg(&quot;screenshots/14_32_44_2_21_2018/706.png&quot;)&gt;&lt;img src=&quot;screenshots/14_32_44_2_21_2018/706.png&quot; style=&quot;width:25px;height:25px&quot;&gt;&lt;/a&gt;&lt;/td&gt;&lt;/tr&gt;&lt;tr class=&quot;error&quot;&gt;&lt;td  class=&quot;number&quot;&gt;&lt;span class=&quot;flag&quot;&gt;Error&lt;/span&gt;&lt;/td&gt;&lt;td  class=&quot;messagePrinciple&quot;&gt;&lt;a href=&quot;http://www.w3.org/TR/WCAG20/#perceivable&quot; target=&quot;_blank&quot;&gt;Perceivable&lt;/a&gt;&lt;/td&gt;&lt;td class=&quot;messageText&quot;&gt; This element has insufficient contrast at this conformance level. Expected a contrast ratio of at least 4.5:1, but text in this element has a contrast ratio of 4.17:1. Recommendation: change background to #fefefe.&lt;/td&gt;&lt;td&gt;&amp;lt;span class=&quot;c1&quot;&amp;gt;//
internal connection
&amp;lt;/span&amp;gt;&lt;/td&gt;&lt;td class=&quot;messageTechniques&quot;&gt;&lt;ul&gt;&lt;li&gt;&lt;a href=&quot;http://www.w3.org/TR/WCAG20-TECHS/G18&quot; target=&quot;_blank&quot;&gt;G18&lt;/a&gt;&lt;/li&gt;&lt;/ul&gt;&lt;/td&gt;&lt;td class=&quot;screenshot&quot;&gt;&lt;a data-toggle=&quot;modal&quot; data-target=&quot;#screenshot&quot;  onClick=showImg(&quot;screenshots/14_32_44_2_21_2018/294.png&quot;)&gt;&lt;img src=&quot;screenshots/14_32_44_2_21_2018/294.png&quot; style=&quot;width:25px;height:25px&quot;&gt;&lt;/a&gt;&lt;/td&gt;&lt;/tr&gt;&lt;tr class=&quot;error&quot;&gt;&lt;td  class=&quot;number&quot;&gt;&lt;span class=&quot;flag&quot;&gt;Error&lt;/span&gt;&lt;/td&gt;&lt;td  class=&quot;messagePrinciple&quot;&gt;&lt;a href=&quot;http://www.w3.org/TR/WCAG20/#perceivable&quot; target=&quot;_blank&quot;&gt;Perceivable&lt;/a&gt;&lt;/td&gt;&lt;td class=&quot;messageText&quot;&gt; This element has insufficient contrast at this conformance level. Expected a contrast ratio of at least 4.5:1, but text in this element has a contrast ratio of 4.17:1. Recommendation: change background to #fefefe.&lt;/td&gt;&lt;td&gt;&amp;lt;span class=&quot;c1&quot;&amp;gt;//
export interface of driver
component as
interfa...&amp;lt;/span&amp;gt;&lt;/td&gt;&lt;td class=&quot;messageTechniques&quot;&gt;&lt;ul&gt;&lt;li&gt;&lt;a href=&quot;http://www.w3.org/TR/WCAG20-TECHS/G18&quot; target=&quot;_blank&quot;&gt;G18&lt;/a&gt;&lt;/li&gt;&lt;/ul&gt;&lt;/td&gt;&lt;td class=&quot;screenshot&quot;&gt;&lt;a data-toggle=&quot;modal&quot; data-target=&quot;#screenshot&quot;  onClick=showImg(&quot;screenshots/14_32_44_2_21_2018/940.png&quot;)&gt;&lt;img src=&quot;screenshots/14_32_44_2_21_2018/940.png&quot; style=&quot;width:25px;height:25px&quot;&gt;&lt;/a&gt;&lt;/td&gt;&lt;/tr&gt;&lt;tr class=&quot;error&quot;&gt;&lt;td  class=&quot;number&quot;&gt;&lt;span class=&quot;flag&quot;&gt;Error&lt;/span&gt;&lt;/td&gt;&lt;td  class=&quot;messagePrinciple&quot;&gt;&lt;a href=&quot;http://www.w3.org/TR/WCAG20/#perceivable&quot; target=&quot;_blank&quot;&gt;Perceivable&lt;/a&gt;&lt;/td&gt;&lt;td class=&quot;messageText&quot;&gt; This element has insufficient contrast at this conformance level. Expected a contrast ratio of at least 4.5:1, but text in this element has a contrast ratio of 4.17:1. Recommendation: change background to #fefefe.&lt;/td&gt;&lt;td&gt;&amp;lt;span class=&quot;c1&quot;&amp;gt;//
interface of this component
&amp;lt;/span&amp;gt;&lt;/td&gt;&lt;td class=&quot;messageTechniques&quot;&gt;&lt;ul&gt;&lt;li&gt;&lt;a href=&quot;http://www.w3.org/TR/WCAG20-TECHS/G18&quot; target=&quot;_blank&quot;&gt;G18&lt;/a&gt;&lt;/li&gt;&lt;/ul&gt;&lt;/td&gt;&lt;td class=&quot;screenshot&quot;&gt;&lt;a data-toggle=&quot;modal&quot; data-target=&quot;#screenshot&quot;  onClick=showImg(&quot;screenshots/14_32_44_2_21_2018/991.png&quot;)&gt;&lt;img src=&quot;screenshots/14_32_44_2_21_2018/991.png&quot; style=&quot;width:25px;height:25px&quot;&gt;&lt;/a&gt;&lt;/td&gt;&lt;/tr&gt;&lt;tr class=&quot;error&quot;&gt;&lt;td  class=&quot;number&quot;&gt;&lt;span class=&quot;flag&quot;&gt;Error&lt;/span&gt;&lt;/td&gt;&lt;td  class=&quot;messagePrinciple&quot;&gt;&lt;a href=&quot;http://www.w3.org/TR/WCAG20/#perceivable&quot; target=&quot;_blank&quot;&gt;Perceivable&lt;/a&gt;&lt;/td&gt;&lt;td class=&quot;messageText&quot;&gt; This element has insufficient contrast at this conformance level. Expected a contrast ratio of at least 4.5:1, but text in this element has a contrast ratio of 4.17:1. Recommendation: change background to #fefefe.&lt;/td&gt;&lt;td&gt;&amp;lt;span class=&quot;c1&quot;&amp;gt;//
internal components
&amp;lt;/span&amp;gt;&lt;/td&gt;&lt;td class=&quot;messageTechniques&quot;&gt;&lt;ul&gt;&lt;li&gt;&lt;a href=&quot;http://www.w3.org/TR/WCAG20-TECHS/G18&quot; target=&quot;_blank&quot;&gt;G18&lt;/a&gt;&lt;/li&gt;&lt;/ul&gt;&lt;/td&gt;&lt;td class=&quot;screenshot&quot;&gt;&lt;a data-toggle=&quot;modal&quot; data-target=&quot;#screenshot&quot;  onClick=showImg(&quot;screenshots/14_32_44_2_21_2018/264.png&quot;)&gt;&lt;img src=&quot;screenshots/14_32_44_2_21_2018/264.png&quot; style=&quot;width:25px;height:25px&quot;&gt;&lt;/a&gt;&lt;/td&gt;&lt;/tr&gt;&lt;tr class=&quot;error&quot;&gt;&lt;td  class=&quot;number&quot;&gt;&lt;span class=&quot;flag&quot;&gt;Error&lt;/span&gt;&lt;/td&gt;&lt;td  class=&quot;messagePrinciple&quot;&gt;&lt;a href=&quot;http://www.w3.org/TR/WCAG20/#perceivable&quot; target=&quot;_blank&quot;&gt;Perceivable&lt;/a&gt;&lt;/td&gt;&lt;td class=&quot;messageText&quot;&gt; This element has insufficient contrast at this conformance level. Expected a contrast ratio of at least 4.5:1, but text in this element has a contrast ratio of 4.17:1. Recommendation: change background to #fefefe.&lt;/td&gt;&lt;td&gt;&amp;lt;span class=&quot;c1&quot;&amp;gt;//
internal connection
&amp;lt;/span&amp;gt;&lt;/td&gt;&lt;td class=&quot;messageTechniques&quot;&gt;&lt;ul&gt;&lt;li&gt;&lt;a href=&quot;http://www.w3.org/TR/WCAG20-TECHS/G18&quot; target=&quot;_blank&quot;&gt;G18&lt;/a&gt;&lt;/li&gt;&lt;/ul&gt;&lt;/td&gt;&lt;td class=&quot;screenshot&quot;&gt;&lt;a data-toggle=&quot;modal&quot; data-target=&quot;#screenshot&quot;  onClick=showImg(&quot;screenshots/14_32_44_2_21_2018/496.png&quot;)&gt;&lt;img src=&quot;screenshots/14_32_44_2_21_2018/496.png&quot; style=&quot;width:25px;height:25px&quot;&gt;&lt;/a&gt;&lt;/td&gt;&lt;/tr&gt;&lt;tr class=&quot;error&quot;&gt;&lt;td  class=&quot;number&quot;&gt;&lt;span class=&quot;flag&quot;&gt;Error&lt;/span&gt;&lt;/td&gt;&lt;td  class=&quot;messagePrinciple&quot;&gt;&lt;a href=&quot;http://www.w3.org/TR/WCAG20/#perceivable&quot; target=&quot;_blank&quot;&gt;Perceivable&lt;/a&gt;&lt;/td&gt;&lt;td class=&quot;messageText&quot;&gt; This element has insufficient contrast at this conformance level. Expected a contrast ratio of at least 4.5:1, but text in this element has a contrast ratio of 4.17:1. Recommendation: change background to #fefefe.&lt;/td&gt;&lt;td&gt;&amp;lt;span class=&quot;c1&quot;&amp;gt;//
export interface of driver
component as
interfa...&amp;lt;/span&amp;gt;&lt;/td&gt;&lt;td class=&quot;messageTechniques&quot;&gt;&lt;ul&gt;&lt;li&gt;&lt;a href=&quot;http://www.w3.org/TR/WCAG20-TECHS/G18&quot; target=&quot;_blank&quot;&gt;G18&lt;/a&gt;&lt;/li&gt;&lt;/ul&gt;&lt;/td&gt;&lt;td class=&quot;screenshot&quot;&gt;&lt;a data-toggle=&quot;modal&quot; data-target=&quot;#screenshot&quot;  onClick=showImg(&quot;screenshots/14_32_44_2_21_2018/150.png&quot;)&gt;&lt;img src=&quot;screenshots/14_32_44_2_21_2018/150.png&quot; style=&quot;width:25px;height:25px&quot;&gt;&lt;/a&gt;&lt;/td&gt;&lt;/tr&gt;&lt;/tbody&gt;&lt;/table&gt;&lt;/div&gt;
</system-out>
		</testcase>
		<testcase classname="some.class.name" name="SetupFedora.html" time="1.000000">
			<system-out>&lt;div id=&quot;resultsWrapper&quot; class=&quot;resultsWrapperActive&quot;&gt;&lt;h3&gt;Toolchains on CentOS and Fedora | seL4 docs&lt;/h3&gt;&lt;h4&gt;http://localhost:4000/SetupFedora.html&lt;/h4&gt;&lt;ul id=&quot;results-overview&quot;&gt;&lt;li class=&quot;active&quot;&gt;&lt;span class=&quot;result-count result-count-errors&quot;&gt;0&lt;/span&gt;&lt;span class=&quot;result-type&quot;&gt;errors&lt;/span&gt;&lt;/a&gt;&lt;/li&gt;&lt;span class=&quot;result-count result-count-warnings&quot;&gt;0&lt;/span&gt;&lt;span class=&quot;result-type&quot;&gt;warnings&lt;/span&gt;&lt;/a&gt;&lt;/li&gt;&lt;span class=&quot;result-count result-count-notices&quot;&gt;0&lt;/span&gt;&lt;span class=&quot;result-type&quot;&gt;notices&lt;/span&gt;&lt;/a&gt;&lt;/li&gt;&lt;/ul&gt;&lt;a href=&quot;#&quot; class=&quot;button-link&quot; id=&quot;export&quot;&gt;Export as CSV&lt;/a&gt;&lt;table id=&quot;test-results-table&quot; class=&quot;tablesorter&quot;&gt;&lt;thead&gt;&lt;tr&gt;&lt;th&gt;Error Level&lt;/th&gt;&lt;th&gt;Principle&lt;/th&gt;&lt;th&gt;Message&lt;/th&gt;&lt;th&gt;Code snippet&lt;/th&gt;&lt;th&gt;Techniques&lt;/th&gt;&lt;th&gt;Screenshot&lt;/th&gt;&lt;/thead&gt;&lt;/tr&gt;&lt;tbody&gt;&lt;tr&gt;&lt;td colspan=&quot;6&quot;&gt; ----  No Errors ---  &lt;/td&gt;&lt;/tr&gt;&lt;/tbody&gt;&lt;/table&gt;&lt;/div&gt;
</system-out>
		</testcase>
		<testcase classname="some.class.name" name="index.html" time="1.000000">
			<system-out>&lt;div id=&quot;resultsWrapper&quot; class=&quot;resultsWrapperActive&quot;&gt;&lt;h3&gt;seL4 Docs | seL4 docs&lt;/h3&gt;&lt;h4&gt;http://localhost:4000/index.html&lt;/h4&gt;&lt;ul id=&quot;results-overview&quot;&gt;&lt;li class=&quot;active&quot;&gt;&lt;span class=&quot;result-count result-count-errors&quot;&gt;0&lt;/span&gt;&lt;span class=&quot;result-type&quot;&gt;errors&lt;/span&gt;&lt;/a&gt;&lt;/li&gt;&lt;span class=&quot;result-count result-count-warnings&quot;&gt;0&lt;/span&gt;&lt;span class=&quot;result-type&quot;&gt;warnings&lt;/span&gt;&lt;/a&gt;&lt;/li&gt;&lt;span class=&quot;result-count result-count-notices&quot;&gt;0&lt;/span&gt;&lt;span class=&quot;result-type&quot;&gt;notices&lt;/span&gt;&lt;/a&gt;&lt;/li&gt;&lt;/ul&gt;&lt;a href=&quot;#&quot; class=&quot;button-link&quot; id=&quot;export&quot;&gt;Export as CSV&lt;/a&gt;&lt;table id=&quot;test-results-table&quot; class=&quot;tablesorter&quot;&gt;&lt;thead&gt;&lt;tr&gt;&lt;th&gt;Error Level&lt;/th&gt;&lt;th&gt;Principle&lt;/th&gt;&lt;th&gt;Message&lt;/th&gt;&lt;th&gt;Code snippet&lt;/th&gt;&lt;th&gt;Techniques&lt;/th&gt;&lt;th&gt;Screenshot&lt;/th&gt;&lt;/thead&gt;&lt;/tr&gt;&lt;tbody&gt;&lt;tr&gt;&lt;td colspan=&quot;6&quot;&gt; ----  No Errors ---  &lt;/td&gt;&lt;/tr&gt;&lt;/tbody&gt;&lt;/table&gt;&lt;/div&gt;
</system-out>
		</testcase>
		<testcase classname="some.class.name" name="CAmkES/index.html" time="1.000000">
			<failure message="Detected 6 error(s)." type="failure"/>
			<system-out>&lt;div id=&quot;resultsWrapper&quot; class=&quot;resultsWrapperActive&quot;&gt;&lt;h3&gt;CAmkES | seL4 docs&lt;/h3&gt;&lt;h4&gt;http://localhost:4000/CAmkES/index.html&lt;/h4&gt;&lt;ul id=&quot;results-overview&quot;&gt;&lt;li class=&quot;active&quot;&gt;&lt;span class=&quot;result-count result-count-errors&quot;&gt;6&lt;/span&gt;&lt;span class=&quot;result-type&quot;&gt;errors&lt;/span&gt;&lt;/a&gt;&lt;/li&gt;&lt;span class=&quot;result-count result-count-warnings&quot;&gt;0&lt;/span&gt;&lt;span class=&quot;result-type&quot;&gt;warnings&lt;/span&gt;&lt;/a&gt;&lt;/li&gt;&lt;span class=&quot;result-count result-count-notices&quot;&gt;0&lt;/span&gt;&lt;span class=&quot;result-type&quot;&gt;notices&lt;/span&gt;&lt;/a&gt;&lt;/li&gt;&lt;/ul&gt;&lt;a href=&quot;#&quot; class=&quot;button-link&quot; id=&quot;export&quot;&gt;Export as CSV&lt;/a&gt;&lt;table id=&quot;test-results-table&quot; class=&quot;tablesorter&quot;&gt;&lt;thead&gt;&lt;tr&gt;&lt;th&gt;Error Level&lt;/th&gt;&lt;th&gt;Principle&lt;/th&gt;&lt;th&gt;Message&lt;/th&gt;&lt;th&gt;Code snippet&lt;/th&gt;&lt;th&gt;Techniques&lt;/th&gt;&lt;th&gt;Screenshot&lt;/th&gt;&lt;/thead&gt;&lt;/tr&gt;&lt;tbody&gt;&lt;tr class=&quot;error&quot;&gt;&lt;td  class=&quot;number&quot;&gt;&lt;span class=&quot;flag&quot;&gt;Error&lt;/span&gt;&lt;/td&gt;&lt;td  class=&quot;messagePrinciple&quot;&gt;&lt;a href=&quot;http://www.w3.org/TR/WCAG20/#perceivable&quot; target=&quot;_blank&quot;&gt;Perceivable&lt;/a&gt;&lt;/td&gt;&lt;td class=&quot;messageText&quot;&gt; This element has insufficient contrast at this conformance level. Expected a contrast ratio of at least 4.5:1, but text in this element has a contrast ratio of 3.82:1. Recommendation: change text colour to #ae5915.&lt;/td&gt;&lt;td&gt;&amp;lt;span
class=&quot;se&quot;&amp;gt;\&amp;lt;/span&amp;gt;&lt;/td&gt;&lt;td class=&quot;messageTechniques&quot;&gt;&lt;ul&gt;&lt;li&gt;&lt;a href=&quot;http://www.w3.org/TR/WCAG20-TECHS/G18&quot; target=&quot;_blank&quot;&gt;G18&lt;/a&gt;&lt;/li&gt;&lt;/ul&gt;&lt;/td&gt;&lt;td class=&quot;screenshot&quot;&gt;&lt;a data-toggle=&quot;modal&quot; data-target=&quot;#screenshot&quot;  onClick=showImg(&quot;screenshots/14_32_45_2_21_2018/435.png&quot;)&gt;&lt;img src=&quot;screenshots/14_32_45_2_21_2018/435.png&quot; style=&quot;width:25px;height:25px&quot;&gt;&lt;/a&gt;&lt;/td&gt;&lt;/tr&gt;&lt;tr class=&quot;error&quot;&gt;&lt;td  class=&quot;number&quot;&gt;&lt;span class=&quot;flag&quot;&gt;Error&lt;/span&gt;&lt;/td&gt;&lt;td  class=&quot;messagePrinciple&quot;&gt;&lt;a href=&quot;http://www.w3.org/TR/WCAG20/#perceivable&quot; target=&quot;_blank&quot;&gt;Perceivable&lt;/a&gt;&lt;/td&gt;&lt;td class=&quot;messageText&quot;&gt; This element has insufficient contrast at this conformance level. Expected a contrast ratio of at least 4.5:1, but text in this element has a contrast ratio of 3.82:1. Recommendation: change text colour to #ae5915.&lt;/td&gt;&lt;td&gt;&amp;lt;span
class=&quot;se&quot;&amp;gt;\&amp;lt;/span&amp;gt;&lt;/td&gt;&lt;td class=&quot;messageTechniques&quot;&gt;&lt;ul&gt;&lt;li&gt;&lt;a href=&quot;http://www.w3.org/TR/WCAG20-TECHS/G18&quot; target=&quot;_blank&quot;&gt;G18&lt;/a&gt;&lt;/li&gt;&lt;/ul&gt;&lt;/td&gt;&lt;td class=&quot;screenshot&quot;&gt;&lt;a data-toggle=&quot;modal&quot; data-target=&quot;#screenshot&quot;  onClick=showImg(&quot;screenshots/14_32_45_2_21_2018/482.png&quot;)&gt;&lt;img src=&quot;screenshots/14_32_45_2_21_2018/482.png&quot; style=&quot;width:25px;height:25px&quot;&gt;&lt;/a&gt;&lt;/td&gt;&lt;/tr&gt;&lt;tr class=&quot;error&quot;&gt;&lt;td  class=&quot;number&quot;&gt;&lt;span class=&quot;flag&quot;&gt;Error&lt;/span&gt;&lt;/td&gt;&lt;td  class=&quot;messagePrinciple&quot;&gt;&lt;a href=&quot;http://www.w3.org/TR/WCAG20/#perceivable&quot; target=&quot;_blank&quot;&gt;Perceivable&lt;/a&gt;&lt;/td&gt;&lt;td class=&quot;messageText&quot;&gt; This element has insufficient contrast at this conformance level. Expected a contrast ratio of at least 4.5:1, but text in this element has a contrast ratio of 3.82:1. Recommendation: change text colour to #ae5915.&lt;/td&gt;&lt;td&gt;&amp;lt;span
class=&quot;se&quot;&amp;gt;\&amp;lt;/span&amp;gt;&lt;/td&gt;&lt;td class=&quot;messageTechniques&quot;&gt;&lt;ul&gt;&lt;li&gt;&lt;a href=&quot;http://www.w3.org/TR/WCAG20-TECHS/G18&quot; target=&quot;_blank&quot;&gt;G18&lt;/a&gt;&lt;/li&gt;&lt;/ul&gt;&lt;/td&gt;&lt;td class=&quot;screenshot&quot;&gt;&lt;a data-toggle=&quot;modal&quot; data-target=&quot;#screenshot&quot;  onClick=showImg(&quot;screenshots/14_32_45_2_21_2018/762.png&quot;)&gt;&lt;img src=&quot;screenshots/14_32_45_2_21_2018/762.png&quot; style=&quot;width:25px;height:25px&quot;&gt;&lt;/a&gt;&lt;/td&gt;&lt;/tr&gt;&lt;tr class=&quot;error&quot;&gt;&lt;td  class=&quot;number&quot;&gt;&lt;span class=&quot;flag&quot;&gt;Error&lt;/span&gt;&lt;/td&gt;&lt;td  class=&quot;messagePrinciple&quot;&gt;&lt;a href=&quot;http://www.w3.org/TR/WCAG20/#perceivable&quot; target=&quot;_blank&quot;&gt;Perceivable&lt;/a&gt;&lt;/td&gt;&lt;td class=&quot;messageText&quot;&gt; This element has insufficient contrast at this conformance level. Expected a contrast ratio of at least 4.5:1, but text in this element has a contrast ratio of 3.82:1. Recommendation: change text colour to #ae5915.&lt;/td&gt;&lt;td&gt;&amp;lt;span
class=&quot;se&quot;&amp;gt;\&amp;lt;/span&amp;gt;&lt;/td&gt;&lt;td class=&quot;messageTechniques&quot;&gt;&lt;ul&gt;&lt;li&gt;&lt;a href=&quot;http://www.w3.org/TR/WCAG20-TECHS/G18&quot; target=&quot;_blank&quot;&gt;G18&lt;/a&gt;&lt;/li&gt;&lt;/ul&gt;&lt;/td&gt;&lt;td class=&quot;screenshot&quot;&gt;&lt;a data-toggle=&quot;modal&quot; data-target=&quot;#screenshot&quot;  onClick=showImg(&quot;screenshots/14_32_45_2_21_2018/183.png&quot;)&gt;&lt;img src=&quot;screenshots/14_32_45_2_21_2018/183.png&quot; style=&quot;width:25px;height:25px&quot;&gt;&lt;/a&gt;&lt;/td&gt;&lt;/tr&gt;&lt;tr class=&quot;error&quot;&gt;&lt;td  class=&quot;number&quot;&gt;&lt;span class=&quot;flag&quot;&gt;Error&lt;/span&gt;&lt;/td&gt;&lt;td  class=&quot;messagePrinciple&quot;&gt;&lt;a href=&quot;http://www.w3.org/TR/WCAG20/#perceivable&quot; target=&quot;_blank&quot;&gt;Perceivable&lt;/a&gt;&lt;/td&gt;&lt;td class=&quot;messageText&quot;&gt; This element has insufficient contrast at this conformance level. Expected a contrast ratio of at least 4.5:1, but text in this element has a contrast ratio of 3.82:1. Recommendation: change text colour to #ae5915.&lt;/td&gt;&lt;td&gt;&amp;lt;span
class=&quot;se&quot;&amp;gt;\&amp;lt;/span&amp;gt;&lt;/td&gt;&lt;td class=&quot;messageTechniques&quot;&gt;&lt;ul&gt;&lt;li&gt;&lt;a href=&quot;http://www.w3.org/TR/WCAG20-TECHS/G18&quot; target=&quot;_blank&quot;&gt;G18&lt;/a&gt;&lt;/li&gt;&lt;/ul&gt;&lt;/td&gt;&lt;td class=&quot;screenshot&quot;&gt;&lt;a data-toggle=&quot;modal&quot; data-target=&quot;#screenshot&quot;  onClick=showImg(&quot;screenshots/14_32_45_2_21_2018/918.png&quot;)&gt;&lt;img src=&quot;screenshots/14_32_45_2_21_2018/918.png&quot; style=&quot;width:25px;height:25px&quot;&gt;&lt;/a&gt;&lt;/td&gt;&lt;/tr&gt;&lt;tr class=&quot;error&quot;&gt;&lt;td  class=&quot;number&quot;&gt;&lt;span class=&quot;flag&quot;&gt;Error&lt;/span&gt;&lt;/td&gt;&lt;td  class=&quot;messagePrinciple&quot;&gt;&lt;a href=&quot;http://www.w3.org/TR/WCAG20/#perceivable&quot; target=&quot;_blank&quot;&gt;Perceivable&lt;/a&gt;&lt;/td&gt;&lt;td class=&quot;messageText&quot;&gt; This element has insufficient contrast at this conformance level. Expected a contrast ratio of at least 4.5:1, but text in this element has a contrast ratio of 3.82:1. Recommendation: change text colour to #ae5915.&lt;/td&gt;&lt;td&gt;&amp;lt;span
class=&quot;se&quot;&amp;gt;\&amp;lt;/span&amp;gt;&lt;/td&gt;&lt;td class=&quot;messageTechniques&quot;&gt;&lt;ul&gt;&lt;li&gt;&lt;a href=&quot;http://www.w3.org/TR/WCAG20-TECHS/G18&quot; target=&quot;_blank&quot;&gt;G18&lt;/a&gt;&lt;/li&gt;&lt;/ul&gt;&lt;/td&gt;&lt;td class=&quot;screenshot&quot;&gt;&lt;a data-toggle=&quot;modal&quot; data-target=&quot;#screenshot&quot;  onClick=showImg(&quot;screenshots/14_32_45_2_21_2018/79.png&quot;)&gt;&lt;img src=&quot;screenshots/14_32_45_2_21_2018/79.png&quot; style=&quot;width:25px;height:25px&quot;&gt;&lt;/a&gt;&lt;/td&gt;&lt;/tr&gt;&lt;/tbody&gt;&lt;/table&gt;&lt;/div&gt;
</system-out>
		</testcase>
		<testcase classname="some.class.name" name="CAmkES/Terminology.html" time="1.000000">
			<system-out>&lt;div id=&quot;resultsWrapper&quot; class=&quot;resultsWrapperActive&quot;&gt;&lt;h3&gt;Terminology | seL4 docs&lt;/h3&gt;&lt;h4&gt;http://localhost:4000/CAmkES/Terminology.html&lt;/h4&gt;&lt;ul id=&quot;results-overview&quot;&gt;&lt;li class=&quot;active&quot;&gt;&lt;span class=&quot;result-count result-count-errors&quot;&gt;0&lt;/span&gt;&lt;span class=&quot;result-type&quot;&gt;errors&lt;/span&gt;&lt;/a&gt;&lt;/li&gt;&lt;span class=&quot;result-count result-count-warnings&quot;&gt;0&lt;/span&gt;&lt;span class=&quot;result-type&quot;&gt;warnings&lt;/span&gt;&lt;/a&gt;&lt;/li&gt;&lt;span class=&quot;result-count result-count-notices&quot;&gt;0&lt;/span&gt;&lt;span class=&quot;result-type&quot;&gt;notices&lt;/span&gt;&lt;/a&gt;&lt;/li&gt;&lt;/ul&gt;&lt;a href=&quot;#&quot; class=&quot;button-link&quot; id=&quot;export&quot;&gt;Export as CSV&lt;/a&gt;&lt;table id=&quot;test-results-table&quot; class=&quot;tablesorter&quot;&gt;&lt;thead&gt;&lt;tr&gt;&lt;th&gt;Error Level&lt;/th&gt;&lt;th&gt;Principle&lt;/th&gt;&lt;th&gt;Message&lt;/th&gt;&lt;th&gt;Code snippet&lt;/th&gt;&lt;th&gt;Techniques&lt;/th&gt;&lt;th&gt;Screenshot&lt;/th&gt;&lt;/thead&gt;&lt;/tr&gt;&lt;tbody&gt;&lt;tr&gt;&lt;td colspan=&quot;6&quot;&gt; ----  No Errors ---  &lt;/td&gt;&lt;/tr&gt;&lt;/tbody&gt;&lt;/table&gt;&lt;/div&gt;
</system-out>
		</testcase>
		<testcase classname="some.class.name" name="seL4_Driver_API/Driver_Management.html" time="1.000000">
			<system-out>&lt;div id=&quot;resultsWrapper&quot; class=&quot;resultsWrapperActive&quot;&gt;&lt;h3&gt;Power management commands for the seL4 Driver API: | seL4 docs&lt;/h3&gt;&lt;h4&gt;http://localhost:4000/seL4_Driver_API/Driver_Management.html&lt;/h4&gt;&lt;ul id=&quot;results-overview&quot;&gt;&lt;li class=&quot;active&quot;&gt;&lt;span class=&quot;result-count result-count-errors&quot;&gt;0&lt;/span&gt;&lt;span class=&quot;result-type&quot;&gt;errors&lt;/span&gt;&lt;/a&gt;&lt;/li&gt;&lt;span class=&quot;result-count result-count-warnings&quot;&gt;0&lt;/span&gt;&lt;span class=&quot;result-type&quot;&gt;warnings&lt;/span&gt;&lt;/a&gt;&lt;/li&gt;&lt;span class=&quot;result-count result-count-notices&quot;&gt;0&lt;/span&gt;&lt;span class=&quot;result-type&quot;&gt;notices&lt;/span&gt;&lt;/a&gt;&lt;/li&gt;&lt;/ul&gt;&lt;a href=&quot;#&quot; class=&quot;button-link&quot; id=&quot;export&quot;&gt;Export as CSV&lt;/a&gt;&lt;table id=&quot;test-results-table&quot; class=&quot;tablesorter&quot;&gt;&lt;thead&gt;&lt;tr&gt;&lt;th&gt;Error Level&lt;/th&gt;&lt;th&gt;Principle&lt;/th&gt;&lt;th&gt;Message&lt;/th&gt;&lt;th&gt;Code snippet&lt;/th&gt;&lt;th&gt;Techniques&lt;/th&gt;&lt;th&gt;Screenshot&lt;/th&gt;&lt;/thead&gt;&lt;/tr&gt;&lt;tbody&gt;&lt;tr&gt;&lt;td colspan=&quot;6&quot;&gt; ----  No Errors ---  &lt;/td&gt;&lt;/tr&gt;&lt;/tbody&gt;&lt;/table&gt;&lt;/div&gt;
</system-out>
		</testcase>
		<testcase classname="some.class.name" name="seL4_Driver_API/Addressing_Other_Devices.html" time="1.000000">
			<system-out>&lt;div id=&quot;resultsWrapper&quot; class=&quot;resultsWrapperActive&quot;&gt;&lt;h3&gt;seL4 Driver API Persistent Device Naming Scheme | seL4 docs&lt;/h3&gt;&lt;h4&gt;http://localhost:4000/seL4_Driver_API/Addressing_Other_Devices.html&lt;/h4&gt;&lt;ul id=&quot;results-overview&quot;&gt;&lt;li class=&quot;active&quot;&gt;&lt;span class=&quot;result-count result-count-errors&quot;&gt;0&lt;/span&gt;&lt;span class=&quot;result-type&quot;&gt;errors&lt;/span&gt;&lt;/a&gt;&lt;/li&gt;&lt;span class=&quot;result-count result-count-warnings&quot;&gt;0&lt;/span&gt;&lt;span class=&quot;result-type&quot;&gt;warnings&lt;/span&gt;&lt;/a&gt;&lt;/li&gt;&lt;span class=&quot;result-count result-count-notices&quot;&gt;0&lt;/span&gt;&lt;span class=&quot;result-type&quot;&gt;notices&lt;/span&gt;&lt;/a&gt;&lt;/li&gt;&lt;/ul&gt;&lt;a href=&quot;#&quot; class=&quot;button-link&quot; id=&quot;export&quot;&gt;Export as CSV&lt;/a&gt;&lt;table id=&quot;test-results-table&quot; class=&quot;tablesorter&quot;&gt;&lt;thead&gt;&lt;tr&gt;&lt;th&gt;Error Level&lt;/th&gt;&lt;th&gt;Principle&lt;/th&gt;&lt;th&gt;Message&lt;/th&gt;&lt;th&gt;Code snippet&lt;/th&gt;&lt;th&gt;Techniques&lt;/th&gt;&lt;th&gt;Screenshot&lt;/th&gt;&lt;/thead&gt;&lt;/tr&gt;&lt;tbody&gt;&lt;tr&gt;&lt;td colspan=&quot;6&quot;&gt; ----  No Errors ---  &lt;/td&gt;&lt;/tr&gt;&lt;/tbody&gt;&lt;/table&gt;&lt;/div&gt;
</system-out>
		</testcase>
		<testcase classname="some.class.name" name="seL4_Driver_API/Child_Enumeration.html" time="1.000000">
			<system-out>&lt;div id=&quot;resultsWrapper&quot; class=&quot;resultsWrapperActive&quot;&gt;&lt;h3&gt;Child enumeration model for the seL4 Driver API: | seL4 docs&lt;/h3&gt;&lt;h4&gt;http://localhost:4000/seL4_Driver_API/Child_Enumeration.html&lt;/h4&gt;&lt;ul id=&quot;results-overview&quot;&gt;&lt;li class=&quot;active&quot;&gt;&lt;span class=&quot;result-count result-count-errors&quot;&gt;0&lt;/span&gt;&lt;span class=&quot;result-type&quot;&gt;errors&lt;/span&gt;&lt;/a&gt;&lt;/li&gt;&lt;span class=&quot;result-count result-count-warnings&quot;&gt;0&lt;/span&gt;&lt;span class=&quot;result-type&quot;&gt;warnings&lt;/span&gt;&lt;/a&gt;&lt;/li&gt;&lt;span class=&quot;result-count result-count-notices&quot;&gt;0&lt;/span&gt;&lt;span class=&quot;result-type&quot;&gt;notices&lt;/span&gt;&lt;/a&gt;&lt;/li&gt;&lt;/ul&gt;&lt;a href=&quot;#&quot; class=&quot;button-link&quot; id=&quot;export&quot;&gt;Export as CSV&lt;/a&gt;&lt;table id=&quot;test-results-table&quot; class=&quot;tablesorter&quot;&gt;&lt;thead&gt;&lt;tr&gt;&lt;th&gt;Error Level&lt;/th&gt;&lt;th&gt;Principle&lt;/th&gt;&lt;th&gt;Message&lt;/th&gt;&lt;th&gt;Code snippet&lt;/th&gt;&lt;th&gt;Techniques&lt;/th&gt;&lt;th&gt;Screenshot&lt;/th&gt;&lt;/thead&gt;&lt;/tr&gt;&lt;tbody&gt;&lt;tr&gt;&lt;td colspan=&quot;6&quot;&gt; ----  No Errors ---  &lt;/td&gt;&lt;/tr&gt;&lt;/tbody&gt;&lt;/table&gt;&lt;/div&gt;
</system-out>
		</testcase>
		<testcase classname="some.class.name" name="Benchmarking_guide.html" time="1.000000">
			<failure message="Detected 5 error(s)." type="failure"/>
			<system-out>&lt;div id=&quot;resultsWrapper&quot; class=&quot;resultsWrapperActive&quot;&gt;&lt;h3&gt;Benchmarking seL4 | seL4 docs&lt;/h3&gt;&lt;h4&gt;http://localhost:4000/Benchmarking_guide.html&lt;/h4&gt;&lt;ul id=&quot;results-overview&quot;&gt;&lt;li class=&quot;active&quot;&gt;&lt;span class=&quot;result-count result-count-errors&quot;&gt;5&lt;/span&gt;&lt;span class=&quot;result-type&quot;&gt;errors&lt;/span&gt;&lt;/a&gt;&lt;/li&gt;&lt;span class=&quot;result-count result-count-warnings&quot;&gt;0&lt;/span&gt;&lt;span class=&quot;result-type&quot;&gt;warnings&lt;/span&gt;&lt;/a&gt;&lt;/li&gt;&lt;span class=&quot;result-count result-count-notices&quot;&gt;0&lt;/span&gt;&lt;span class=&quot;result-type&quot;&gt;notices&lt;/span&gt;&lt;/a&gt;&lt;/li&gt;&lt;/ul&gt;&lt;a href=&quot;#&quot; class=&quot;button-link&quot; id=&quot;export&quot;&gt;Export as CSV&lt;/a&gt;&lt;table id=&quot;test-results-table&quot; class=&quot;tablesorter&quot;&gt;&lt;thead&gt;&lt;tr&gt;&lt;th&gt;Error Level&lt;/th&gt;&lt;th&gt;Principle&lt;/th&gt;&lt;th&gt;Message&lt;/th&gt;&lt;th&gt;Code snippet&lt;/th&gt;&lt;th&gt;Techniques&lt;/th&gt;&lt;th&gt;Screenshot&lt;/th&gt;&lt;/thead&gt;&lt;/tr&gt;&lt;tbody&gt;&lt;tr class=&quot;error&quot;&gt;&lt;td  class=&quot;number&quot;&gt;&lt;span class=&quot;flag&quot;&gt;Error&lt;/span&gt;&lt;/td&gt;&lt;td  class=&quot;messagePrinciple&quot;&gt;&lt;a href=&quot;http://www.w3.org/TR/WCAG20/#perceivable&quot; target=&quot;_blank&quot;&gt;Perceivable&lt;/a&gt;&lt;/td&gt;&lt;td class=&quot;messageText&quot;&gt; This element has insufficient contrast at this conformance level. Expected a contrast ratio of at least 4.5:1, but text in this element has a contrast ratio of 3.25:1. Recommendation: change text colour to #9c6500.&lt;/td&gt;&lt;td&gt;&amp;lt;span
class=&quot;cp&quot;&amp;gt;#include
&amp;amp;lt;sel4/benchmark_utilisa
ion_types.h&amp;amp;gt...&amp;lt;/span
gt;&lt;/td&gt;&lt;td class=&quot;messageTechniques&quot;&gt;&lt;ul&gt;&lt;li&gt;&lt;a href=&quot;http://www.w3.org/TR/WCAG20-TECHS/G18&quot; target=&quot;_blank&quot;&gt;G18&lt;/a&gt;&lt;/li&gt;&lt;/ul&gt;&lt;/td&gt;&lt;td class=&quot;screenshot&quot;&gt;&lt;a data-toggle=&quot;modal&quot; data-target=&quot;#screenshot&quot;  onClick=showImg(&quot;screenshots/14_32_45_2_21_2018/55.png&quot;)&gt;&lt;img src=&quot;screenshots/14_32_45_2_21_2018/55.png&quot; style=&quot;width:25px;height:25px&quot;&gt;&lt;/a&gt;&lt;/td&gt;&lt;/tr&gt;&lt;tr class=&quot;error&quot;&gt;&lt;td  class=&quot;number&quot;&gt;&lt;span class=&quot;flag&quot;&gt;Error&lt;/span&gt;&lt;/td&gt;&lt;td  class=&quot;messagePrinciple&quot;&gt;&lt;a href=&quot;http://www.w3.org/TR/WCAG20/#perceivable&quot; target=&quot;_blank&quot;&gt;Perceivable&lt;/a&gt;&lt;/td&gt;&lt;td class=&quot;messageText&quot;&gt; This element has insufficient contrast at this conformance level. Expected a contrast ratio of at least 4.5:1, but text in this element has a contrast ratio of 3.25:1. Recommendation: change text colour to #9c6500.&lt;/td&gt;&lt;td&gt;&amp;lt;span class=&quot;cp&quot;&amp;gt;#ifdef
CONFIG_BENCHMARK_TRACK_KERNEL_
NTRIES
&amp;lt;/span&amp;gt;&lt;/td&gt;&lt;td class=&quot;messageTechniques&quot;&gt;&lt;ul&gt;&lt;li&gt;&lt;a href=&quot;http://www.w3.org/TR/WCAG20-TECHS/G18&quot; target=&quot;_blank&quot;&gt;G18&lt;/a&gt;&lt;/li&gt;&lt;/ul&gt;&lt;/td&gt;&lt;td class=&quot;screenshot&quot;&gt;&lt;a data-toggle=&quot;modal&quot; data-target=&quot;#screenshot&quot;  onClick=showImg(&quot;screenshots/14_32_45_2_21_2018/11.png&quot;)&gt;&lt;img src=&quot;screenshots/14_32_45_2_21_2018/11.png&quot; style=&quot;width:25px;height:25px&quot;&gt;&lt;/a&gt;&lt;/td&gt;&lt;/tr&gt;&lt;tr class=&quot;error&quot;&gt;&lt;td  class=&quot;number&quot;&gt;&lt;span class=&quot;flag&quot;&gt;Error&lt;/span&gt;&lt;/td&gt;&lt;td  class=&quot;messagePrinciple&quot;&gt;&lt;a href=&quot;http://www.w3.org/TR/WCAG20/#perceivable&quot; target=&quot;_blank&quot;&gt;Perceivable&lt;/a&gt;&lt;/td&gt;&lt;td class=&quot;messageText&quot;&gt; This element has insufficient contrast at this conformance level. Expected a contrast ratio of at least 4.5:1, but text in this element has a contrast ratio of 3.25:1. Recommendation: change text colour to #9c6500.&lt;/td&gt;&lt;td&gt;&amp;lt;span
class=&quot;cp&quot;&amp;gt;#include
&amp;amp;lt;sel4/benchmark_track_t
pes.h&amp;amp;gt;
&amp;lt;/span&amp;gt;&lt;/td&gt;&lt;td class=&quot;messageTechniques&quot;&gt;&lt;ul&gt;&lt;li&gt;&lt;a href=&quot;http://www.w3.org/TR/WCAG20-TECHS/G18&quot; target=&quot;_blank&quot;&gt;G18&lt;/a&gt;&lt;/li&gt;&lt;/ul&gt;&lt;/td&gt;&lt;td class=&quot;screenshot&quot;&gt;&lt;a data-toggle=&quot;modal&quot; data-target=&quot;#screenshot&quot;  onClick=showImg(&quot;screenshots/14_32_45_2_21_2018/745.png&quot;)&gt;&lt;img src=&quot;screenshots/14_32_45_2_21_2018/745.png&quot; style=&quot;width:25px;height:25px&quot;&gt;&lt;/a&gt;&lt;/td&gt;&lt;/tr&gt;&lt;tr class=&quot;error&quot;&gt;&lt;td  class=&quot;number&quot;&gt;&lt;span class=&quot;flag&quot;&gt;Error&lt;/span&gt;&lt;/td&gt;&lt;td  class=&quot;messagePrinciple&quot;&gt;&lt;a href=&quot;http://www.w3.org/TR/WCAG20/#perceivable&quot; target=&quot;_blank&quot;&gt;Perceivable&lt;/a&gt;&lt;/td&gt;&lt;td class=&quot;messageText&quot;&gt; This element has insufficient contrast at this conformance level. Expected a contrast ratio of at least 4.5:1, but text in this element has a contrast ratio of 4.17:1. Recommendation: change background to #fefefe.&lt;/td&gt;&lt;td&gt;&amp;lt;span class=&quot;cm&quot;&amp;gt;/*
Create large page to use for
benchmarking and
g...&amp;lt;/span&amp;gt;&lt;/td&gt;&lt;td class=&quot;messageTechniques&quot;&gt;&lt;ul&gt;&lt;li&gt;&lt;a href=&quot;http://www.w3.org/TR/WCAG20-TECHS/G18&quot; target=&quot;_blank&quot;&gt;G18&lt;/a&gt;&lt;/li&gt;&lt;/ul&gt;&lt;/td&gt;&lt;td class=&quot;screenshot&quot;&gt;&lt;a data-toggle=&quot;modal&quot; data-target=&quot;#screenshot&quot;  onClick=showImg(&quot;screenshots/14_32_45_2_21_2018/841.png&quot;)&gt;&lt;img src=&quot;screenshots/14_32_45_2_21_2018/841.png&quot; style=&quot;width:25px;height:25px&quot;&gt;&lt;/a&gt;&lt;/td&gt;&lt;/tr&gt;&lt;tr class=&quot;error&quot;&gt;&lt;td  class=&quot;number&quot;&gt;&lt;span class=&quot;flag&quot;&gt;Error&lt;/span&gt;&lt;/td&gt;&lt;td  class=&quot;messagePrinciple&quot;&gt;&lt;a href=&quot;http://www.w3.org/TR/WCAG20/#perceivable&quot; target=&quot;_blank&quot;&gt;Perceivable&lt;/a&gt;&lt;/td&gt;&lt;td class=&quot;messageText&quot;&gt; This element has insufficient contrast at this conformance level. Expected a contrast ratio of at least 4.5:1, but text in this element has a contrast ratio of 3.25:1. Recommendation: change text colour to #9c6500.&lt;/td&gt;&lt;td&gt;&amp;lt;span class=&quot;cp&quot;&amp;gt;#endif
CONFIG_BENCHMARK_TRACK_KERNEL_
NTRIES
&amp;lt;/span&amp;gt;&lt;/td&gt;&lt;td class=&quot;messageTechniques&quot;&gt;&lt;ul&gt;&lt;li&gt;&lt;a href=&quot;http://www.w3.org/TR/WCAG20-TECHS/G18&quot; target=&quot;_blank&quot;&gt;G18&lt;/a&gt;&lt;/li&gt;&lt;/ul&gt;&lt;/td&gt;&lt;td class=&quot;screenshot&quot;&gt;&lt;a data-toggle=&quot;modal&quot; data-target=&quot;#screenshot&quot;  onClick=showImg(&quot;screenshots/14_32_45_2_21_2018/164.png&quot;)&gt;&lt;img src=&quot;screenshots/14_32_45_2_21_2018/164.png&quot; style=&quot;width:25px;height:25px&quot;&gt;&lt;/a&gt;&lt;/td&gt;&lt;/tr&gt;&lt;/tbody&gt;&lt;/table&gt;&lt;/div&gt;
</system-out>
		</testcase>
		<testcase classname="some.class.name" name="Contributing_to_upstream_seL4_projects.html" time="1.000000">
			<failure message="Detected 1 error(s)." type="failure"/>
			<system-out>&lt;div id=&quot;resultsWrapper&quot; class=&quot;resultsWrapperActive&quot;&gt;&lt;h3&gt;Contributing to upstream seL4 projects | seL4 docs&lt;/h3&gt;&lt;h4&gt;http://localhost:4000/Contributing_to_upstream_seL4_projects.html&lt;/h4&gt;&lt;ul id=&quot;results-overview&quot;&gt;&lt;li class=&quot;active&quot;&gt;&lt;span class=&quot;result-count result-count-errors&quot;&gt;1&lt;/span&gt;&lt;span class=&quot;result-type&quot;&gt;errors&lt;/span&gt;&lt;/a&gt;&lt;/li&gt;&lt;span class=&quot;result-count result-count-warnings&quot;&gt;0&lt;/span&gt;&lt;span class=&quot;result-type&quot;&gt;warnings&lt;/span&gt;&lt;/a&gt;&lt;/li&gt;&lt;span class=&quot;result-count result-count-notices&quot;&gt;0&lt;/span&gt;&lt;span class=&quot;result-type&quot;&gt;notices&lt;/span&gt;&lt;/a&gt;&lt;/li&gt;&lt;/ul&gt;&lt;a href=&quot;#&quot; class=&quot;button-link&quot; id=&quot;export&quot;&gt;Export as CSV&lt;/a&gt;&lt;table id=&quot;test-results-table&quot; class=&quot;tablesorter&quot;&gt;&lt;thead&gt;&lt;tr&gt;&lt;th&gt;Error Level&lt;/th&gt;&lt;th&gt;Principle&lt;/th&gt;&lt;th&gt;Message&lt;/th&gt;&lt;th&gt;Code snippet&lt;/th&gt;&lt;th&gt;Techniques&lt;/th&gt;&lt;th&gt;Screenshot&lt;/th&gt;&lt;/thead&gt;&lt;/tr&gt;&lt;tbody&gt;&lt;tr class=&quot;error&quot;&gt;&lt;td  class=&quot;number&quot;&gt;&lt;span class=&quot;flag&quot;&gt;Error&lt;/span&gt;&lt;/td&gt;&lt;td  class=&quot;messagePrinciple&quot;&gt;&lt;a href=&quot;http://www.w3.org/TR/WCAG20/#perceivable&quot; target=&quot;_blank&quot;&gt;Perceivable&lt;/a&gt;&lt;/td&gt;&lt;td class=&quot;messageText&quot;&gt; Img element missing an alt attribute. Use the alt attribute to specify a short text alternative.&lt;/td&gt;&lt;td&gt;&amp;lt;img
src=&quot;http://i.imgur.com/kuAok5
.png&quot;&amp;gt;&lt;/td&gt;&lt;td class=&quot;messageTechniques&quot;&gt;&lt;ul&gt;&lt;li&gt;&lt;a href=&quot;http://www.w3.org/TR/WCAG20-TECHS/H37&quot; target=&quot;_blank&quot;&gt;H37&lt;/a&gt;&lt;/li&gt;&lt;/ul&gt;&lt;/td&gt;&lt;td class=&quot;screenshot&quot;&gt;&lt;a data-toggle=&quot;modal&quot; data-target=&quot;#screenshot&quot;  onClick=showImg(&quot;screenshots/14_32_46_2_21_2018/61.png&quot;)&gt;&lt;img src=&quot;screenshots/14_32_46_2_21_2018/61.png&quot; style=&quot;width:25px;height:25px&quot;&gt;&lt;/a&gt;&lt;/td&gt;&lt;/tr&gt;&lt;/tbody&gt;&lt;/table&gt;&lt;/div&gt;
</system-out>
		</testcase>
		<testcase classname="some.class.name" name="CommunityProjects.html" time="1.000000">
			<system-out>&lt;div id=&quot;resultsWrapper&quot; class=&quot;resultsWrapperActive&quot;&gt;&lt;h3&gt;Community Projects | seL4 docs&lt;/h3&gt;&lt;h4&gt;http://localhost:4000/CommunityProjects.html&lt;/h4&gt;&lt;ul id=&quot;results-overview&quot;&gt;&lt;li class=&quot;active&quot;&gt;&lt;span class=&quot;result-count result-count-errors&quot;&gt;0&lt;/span&gt;&lt;span class=&quot;result-type&quot;&gt;errors&lt;/span&gt;&lt;/a&gt;&lt;/li&gt;&lt;span class=&quot;result-count result-count-warnings&quot;&gt;0&lt;/span&gt;&lt;span class=&quot;result-type&quot;&gt;warnings&lt;/span&gt;&lt;/a&gt;&lt;/li&gt;&lt;span class=&quot;result-count result-count-notices&quot;&gt;0&lt;/span&gt;&lt;span class=&quot;result-type&quot;&gt;notices&lt;/span&gt;&lt;/a&gt;&lt;/li&gt;&lt;/ul&gt;&lt;a href=&quot;#&quot; class=&quot;button-link&quot; id=&quot;export&quot;&gt;Export as CSV&lt;/a&gt;&lt;table id=&quot;test-results-table&quot; class=&quot;tablesorter&quot;&gt;&lt;thead&gt;&lt;tr&gt;&lt;th&gt;Error Level&lt;/th&gt;&lt;th&gt;Principle&lt;/th&gt;&lt;th&gt;Message&lt;/th&gt;&lt;th&gt;Code snippet&lt;/th&gt;&lt;th&gt;Techniques&lt;/th&gt;&lt;th&gt;Screenshot&lt;/th&gt;&lt;/thead&gt;&lt;/tr&gt;&lt;tbody&gt;&lt;tr&gt;&lt;td colspan=&quot;6&quot;&gt; ----  No Errors ---  &lt;/td&gt;&lt;/tr&gt;&lt;/tbody&gt;&lt;/table&gt;&lt;/div&gt;
</system-out>
		</testcase>
		<testcase classname="some.class.name" name="Debugging_guide.html" time="1.000000">
			<failure message="Detected 18 error(s)." type="failure"/>
			<system-out>&lt;div id=&quot;resultsWrapper&quot; class=&quot;resultsWrapperActive&quot;&gt;&lt;h3&gt;Debugging guide | seL4 docs&lt;/h3&gt;&lt;h4&gt;http://localhost:4000/Debugging_guide.html&lt;/h4&gt;&lt;ul id=&quot;results-overview&quot;&gt;&lt;li class=&quot;active&quot;&gt;&lt;span class=&quot;result-count result-count-errors&quot;&gt;18&lt;/span&gt;&lt;span class=&quot;result-type&quot;&gt;errors&lt;/span&gt;&lt;/a&gt;&lt;/li&gt;&lt;span class=&quot;result-count result-count-warnings&quot;&gt;0&lt;/span&gt;&lt;span class=&quot;result-type&quot;&gt;warnings&lt;/span&gt;&lt;/a&gt;&lt;/li&gt;&lt;span class=&quot;result-count result-count-notices&quot;&gt;0&lt;/span&gt;&lt;span class=&quot;result-type&quot;&gt;notices&lt;/span&gt;&lt;/a&gt;&lt;/li&gt;&lt;/ul&gt;&lt;a href=&quot;#&quot; class=&quot;button-link&quot; id=&quot;export&quot;&gt;Export as CSV&lt;/a&gt;&lt;table id=&quot;test-results-table&quot; class=&quot;tablesorter&quot;&gt;&lt;thead&gt;&lt;tr&gt;&lt;th&gt;Error Level&lt;/th&gt;&lt;th&gt;Principle&lt;/th&gt;&lt;th&gt;Message&lt;/th&gt;&lt;th&gt;Code snippet&lt;/th&gt;&lt;th&gt;Techniques&lt;/th&gt;&lt;th&gt;Screenshot&lt;/th&gt;&lt;/thead&gt;&lt;/tr&gt;&lt;tbody&gt;&lt;tr class=&quot;error&quot;&gt;&lt;td  class=&quot;number&quot;&gt;&lt;span class=&quot;flag&quot;&gt;Error&lt;/span&gt;&lt;/td&gt;&lt;td  class=&quot;messagePrinciple&quot;&gt;&lt;a href=&quot;http://www.w3.org/TR/WCAG20/#perceivable&quot; target=&quot;_blank&quot;&gt;Perceivable&lt;/a&gt;&lt;/td&gt;&lt;td class=&quot;messageText&quot;&gt; This element has insufficient contrast at this conformance level. Expected a contrast ratio of at least 4.5:1, but text in this element has a contrast ratio of 4.17:1. Recommendation: change background to #fefefe.&lt;/td&gt;&lt;td&gt;&amp;lt;span class=&quot;c&quot;&amp;gt;#
Simulate KZM
execution&amp;lt;/span&amp;gt;&lt;/td&gt;&lt;td class=&quot;messageTechniques&quot;&gt;&lt;ul&gt;&lt;li&gt;&lt;a href=&quot;http://www.w3.org/TR/WCAG20-TECHS/G18&quot; target=&quot;_blank&quot;&gt;G18&lt;/a&gt;&lt;/li&gt;&lt;/ul&gt;&lt;/td&gt;&lt;td class=&quot;screenshot&quot;&gt;&lt;a data-toggle=&quot;modal&quot; data-target=&quot;#screenshot&quot;  onClick=showImg(&quot;screenshots/14_32_46_2_21_2018/709.png&quot;)&gt;&lt;img src=&quot;screenshots/14_32_46_2_21_2018/709.png&quot; style=&quot;width:25px;height:25px&quot;&gt;&lt;/a&gt;&lt;/td&gt;&lt;/tr&gt;&lt;tr class=&quot;error&quot;&gt;&lt;td  class=&quot;number&quot;&gt;&lt;span class=&quot;flag&quot;&gt;Error&lt;/span&gt;&lt;/td&gt;&lt;td  class=&quot;messagePrinciple&quot;&gt;&lt;a href=&quot;http://www.w3.org/TR/WCAG20/#perceivable&quot; target=&quot;_blank&quot;&gt;Perceivable&lt;/a&gt;&lt;/td&gt;&lt;td class=&quot;messageText&quot;&gt; This element has insufficient contrast at this conformance level. Expected a contrast ratio of at least 4.5:1, but text in this element has a contrast ratio of 4.17:1. Recommendation: change background to #fefefe.&lt;/td&gt;&lt;td&gt;&amp;lt;span class=&quot;c&quot;&amp;gt;#
Simulate x86
execution&amp;lt;/span&amp;gt;&lt;/td&gt;&lt;td class=&quot;messageTechniques&quot;&gt;&lt;ul&gt;&lt;li&gt;&lt;a href=&quot;http://www.w3.org/TR/WCAG20-TECHS/G18&quot; target=&quot;_blank&quot;&gt;G18&lt;/a&gt;&lt;/li&gt;&lt;/ul&gt;&lt;/td&gt;&lt;td class=&quot;screenshot&quot;&gt;&lt;a data-toggle=&quot;modal&quot; data-target=&quot;#screenshot&quot;  onClick=showImg(&quot;screenshots/14_32_46_2_21_2018/904.png&quot;)&gt;&lt;img src=&quot;screenshots/14_32_46_2_21_2018/904.png&quot; style=&quot;width:25px;height:25px&quot;&gt;&lt;/a&gt;&lt;/td&gt;&lt;/tr&gt;&lt;tr class=&quot;error&quot;&gt;&lt;td  class=&quot;number&quot;&gt;&lt;span class=&quot;flag&quot;&gt;Error&lt;/span&gt;&lt;/td&gt;&lt;td  class=&quot;messagePrinciple&quot;&gt;&lt;a href=&quot;http://www.w3.org/TR/WCAG20/#perceivable&quot; target=&quot;_blank&quot;&gt;Perceivable&lt;/a&gt;&lt;/td&gt;&lt;td class=&quot;messageText&quot;&gt; This element has insufficient contrast at this conformance level. Expected a contrast ratio of at least 4.5:1, but text in this element has a contrast ratio of 4.17:1. Recommendation: change background to #fefefe.&lt;/td&gt;&lt;td&gt;&amp;lt;span class=&quot;c&quot;&amp;gt;# Apply
a sel4test config for
simulating using
qem...&amp;lt;/span&amp;gt;&lt;/td&gt;&lt;td class=&quot;messageTechniques&quot;&gt;&lt;ul&gt;&lt;li&gt;&lt;a href=&quot;http://www.w3.org/TR/WCAG20-TECHS/G18&quot; target=&quot;_blank&quot;&gt;G18&lt;/a&gt;&lt;/li&gt;&lt;/ul&gt;&lt;/td&gt;&lt;td class=&quot;screenshot&quot;&gt;&lt;a data-toggle=&quot;modal&quot; data-target=&quot;#screenshot&quot;  onClick=showImg(&quot;screenshots/14_32_46_2_21_2018/158.png&quot;)&gt;&lt;img src=&quot;screenshots/14_32_46_2_21_2018/158.png&quot; style=&quot;width:25px;height:25px&quot;&gt;&lt;/a&gt;&lt;/td&gt;&lt;/tr&gt;&lt;tr class=&quot;error&quot;&gt;&lt;td  class=&quot;number&quot;&gt;&lt;span class=&quot;flag&quot;&gt;Error&lt;/span&gt;&lt;/td&gt;&lt;td  class=&quot;messagePrinciple&quot;&gt;&lt;a href=&quot;http://www.w3.org/TR/WCAG20/#perceivable&quot; target=&quot;_blank&quot;&gt;Perceivable&lt;/a&gt;&lt;/td&gt;&lt;td class=&quot;messageText&quot;&gt; This element has insufficient contrast at this conformance level. Expected a contrast ratio of at least 4.5:1, but text in this element has a contrast ratio of 4.17:1. Recommendation: change background to #fefefe.&lt;/td&gt;&lt;td&gt;&amp;lt;span class=&quot;c&quot;&amp;gt;# After
building, check that all of
the tests run ...&amp;lt;/span&amp;gt;&lt;/td&gt;&lt;td class=&quot;messageTechniques&quot;&gt;&lt;ul&gt;&lt;li&gt;&lt;a href=&quot;http://www.w3.org/TR/WCAG20-TECHS/G18&quot; target=&quot;_blank&quot;&gt;G18&lt;/a&gt;&lt;/li&gt;&lt;/ul&gt;&lt;/td&gt;&lt;td class=&quot;screenshot&quot;&gt;&lt;a data-toggle=&quot;modal&quot; data-target=&quot;#screenshot&quot;  onClick=showImg(&quot;screenshots/14_32_46_2_21_2018/137.png&quot;)&gt;&lt;img src=&quot;screenshots/14_32_46_2_21_2018/137.png&quot; style=&quot;width:25px;height:25px&quot;&gt;&lt;/a&gt;&lt;/td&gt;&lt;/tr&gt;&lt;tr class=&quot;error&quot;&gt;&lt;td  class=&quot;number&quot;&gt;&lt;span class=&quot;flag&quot;&gt;Error&lt;/span&gt;&lt;/td&gt;&lt;td  class=&quot;messagePrinciple&quot;&gt;&lt;a href=&quot;http://www.w3.org/TR/WCAG20/#perceivable&quot; target=&quot;_blank&quot;&gt;Perceivable&lt;/a&gt;&lt;/td&gt;&lt;td class=&quot;messageText&quot;&gt; This element has insufficient contrast at this conformance level. Expected a contrast ratio of at least 4.5:1, but text in this element has a contrast ratio of 4.17:1. Recommendation: change background to #fefefe.&lt;/td&gt;&lt;td&gt;&amp;lt;span class=&quot;c&quot;&amp;gt;#
Invoke qemu with the flags -s
-S. It should
bloc...&amp;lt;/span&amp;gt;&lt;/td&gt;&lt;td class=&quot;messageTechniques&quot;&gt;&lt;ul&gt;&lt;li&gt;&lt;a href=&quot;http://www.w3.org/TR/WCAG20-TECHS/G18&quot; target=&quot;_blank&quot;&gt;G18&lt;/a&gt;&lt;/li&gt;&lt;/ul&gt;&lt;/td&gt;&lt;td class=&quot;screenshot&quot;&gt;&lt;a data-toggle=&quot;modal&quot; data-target=&quot;#screenshot&quot;  onClick=showImg(&quot;screenshots/14_32_46_2_21_2018/978.png&quot;)&gt;&lt;img src=&quot;screenshots/14_32_46_2_21_2018/978.png&quot; style=&quot;width:25px;height:25px&quot;&gt;&lt;/a&gt;&lt;/td&gt;&lt;/tr&gt;&lt;tr class=&quot;error&quot;&gt;&lt;td  class=&quot;number&quot;&gt;&lt;span class=&quot;flag&quot;&gt;Error&lt;/span&gt;&lt;/td&gt;&lt;td  class=&quot;messagePrinciple&quot;&gt;&lt;a href=&quot;http://www.w3.org/TR/WCAG20/#perceivable&quot; target=&quot;_blank&quot;&gt;Perceivable&lt;/a&gt;&lt;/td&gt;&lt;td class=&quot;messageText&quot;&gt; This element has insufficient contrast at this conformance level. Expected a contrast ratio of at least 4.5:1, but text in this element has a contrast ratio of 4.17:1. Recommendation: change background to #fefefe.&lt;/td&gt;&lt;td&gt;&amp;lt;span class=&quot;c&quot;&amp;gt;# -s
shorthand for -gdb
tcp::1234&amp;lt;/span&amp;gt;&lt;/td&gt;&lt;td class=&quot;messageTechniques&quot;&gt;&lt;ul&gt;&lt;li&gt;&lt;a href=&quot;http://www.w3.org/TR/WCAG20-TECHS/G18&quot; target=&quot;_blank&quot;&gt;G18&lt;/a&gt;&lt;/li&gt;&lt;/ul&gt;&lt;/td&gt;&lt;td class=&quot;screenshot&quot;&gt;&lt;a data-toggle=&quot;modal&quot; data-target=&quot;#screenshot&quot;  onClick=showImg(&quot;screenshots/14_32_46_2_21_2018/87.png&quot;)&gt;&lt;img src=&quot;screenshots/14_32_46_2_21_2018/87.png&quot; style=&quot;width:25px;height:25px&quot;&gt;&lt;/a&gt;&lt;/td&gt;&lt;/tr&gt;&lt;tr class=&quot;error&quot;&gt;&lt;td  class=&quot;number&quot;&gt;&lt;span class=&quot;flag&quot;&gt;Error&lt;/span&gt;&lt;/td&gt;&lt;td  class=&quot;messagePrinciple&quot;&gt;&lt;a href=&quot;http://www.w3.org/TR/WCAG20/#perceivable&quot; target=&quot;_blank&quot;&gt;Perceivable&lt;/a&gt;&lt;/td&gt;&lt;td class=&quot;messageText&quot;&gt; This element has insufficient contrast at this conformance level. Expected a contrast ratio of at least 4.5:1, but text in this element has a contrast ratio of 4.17:1. Recommendation: change background to #fefefe.&lt;/td&gt;&lt;td&gt;&amp;lt;span class=&quot;c&quot;&amp;gt;# -S
freeze CPU at startup (use
'c' to start
execu...&amp;lt;/span&amp;gt;&lt;/td&gt;&lt;td class=&quot;messageTechniques&quot;&gt;&lt;ul&gt;&lt;li&gt;&lt;a href=&quot;http://www.w3.org/TR/WCAG20-TECHS/G18&quot; target=&quot;_blank&quot;&gt;G18&lt;/a&gt;&lt;/li&gt;&lt;/ul&gt;&lt;/td&gt;&lt;td class=&quot;screenshot&quot;&gt;&lt;a data-toggle=&quot;modal&quot; data-target=&quot;#screenshot&quot;  onClick=showImg(&quot;screenshots/14_32_46_2_21_2018/298.png&quot;)&gt;&lt;img src=&quot;screenshots/14_32_46_2_21_2018/298.png&quot; style=&quot;width:25px;height:25px&quot;&gt;&lt;/a&gt;&lt;/td&gt;&lt;/tr&gt;&lt;tr class=&quot;error&quot;&gt;&lt;td  class=&quot;number&quot;&gt;&lt;span class=&quot;flag&quot;&gt;Error&lt;/span&gt;&lt;/td&gt;&lt;td  class=&quot;messagePrinciple&quot;&gt;&lt;a href=&quot;http://www.w3.org/TR/WCAG20/#perceivable&quot; target=&quot;_blank&quot;&gt;Perceivable&lt;/a&gt;&lt;/td&gt;&lt;td class=&quot;messageText&quot;&gt; This element has insufficient contrast at this conformance level. Expected a contrast ratio of at least 4.5:1, but text in this element has a contrast ratio of 4.17:1. Recommendation: change background to #fefefe.&lt;/td&gt;&lt;td&gt;&amp;lt;span class=&quot;c&quot;&amp;gt;# Start
a gdb instance in another
window.&amp;lt;/span&amp;gt;&lt;/td&gt;&lt;td class=&quot;messageTechniques&quot;&gt;&lt;ul&gt;&lt;li&gt;&lt;a href=&quot;http://www.w3.org/TR/WCAG20-TECHS/G18&quot; target=&quot;_blank&quot;&gt;G18&lt;/a&gt;&lt;/li&gt;&lt;/ul&gt;&lt;/td&gt;&lt;td class=&quot;screenshot&quot;&gt;&lt;a data-toggle=&quot;modal&quot; data-target=&quot;#screenshot&quot;  onClick=showImg(&quot;screenshots/14_32_46_2_21_2018/115.png&quot;)&gt;&lt;img src=&quot;screenshots/14_32_46_2_21_2018/115.png&quot; style=&quot;width:25px;height:25px&quot;&gt;&lt;/a&gt;&lt;/td&gt;&lt;/tr&gt;&lt;tr class=&quot;error&quot;&gt;&lt;td  class=&quot;number&quot;&gt;&lt;span class=&quot;flag&quot;&gt;Error&lt;/span&gt;&lt;/td&gt;&lt;td  class=&quot;messagePrinciple&quot;&gt;&lt;a href=&quot;http://www.w3.org/TR/WCAG20/#perceivable&quot; target=&quot;_blank&quot;&gt;Perceivable&lt;/a&gt;&lt;/td&gt;&lt;td class=&quot;messageText&quot;&gt; This element has insufficient contrast at this conformance level. Expected a contrast ratio of at least 4.5:1, but text in this element has a contrast ratio of 4.17:1. Recommendation: change background to #fefefe.&lt;/td&gt;&lt;td&gt;&amp;lt;span class=&quot;c&quot;&amp;gt;# (Or
gdb
stage/x86/pc99/bin/sel4test-te
ts)&amp;lt;/span&amp;gt;&lt;/td&gt;&lt;td class=&quot;messageTechniques&quot;&gt;&lt;ul&gt;&lt;li&gt;&lt;a href=&quot;http://www.w3.org/TR/WCAG20-TECHS/G18&quot; target=&quot;_blank&quot;&gt;G18&lt;/a&gt;&lt;/li&gt;&lt;/ul&gt;&lt;/td&gt;&lt;td class=&quot;screenshot&quot;&gt;&lt;a data-toggle=&quot;modal&quot; data-target=&quot;#screenshot&quot;  onClick=showImg(&quot;screenshots/14_32_46_2_21_2018/368.png&quot;)&gt;&lt;img src=&quot;screenshots/14_32_46_2_21_2018/368.png&quot; style=&quot;width:25px;height:25px&quot;&gt;&lt;/a&gt;&lt;/td&gt;&lt;/tr&gt;&lt;tr class=&quot;error&quot;&gt;&lt;td  class=&quot;number&quot;&gt;&lt;span class=&quot;flag&quot;&gt;Error&lt;/span&gt;&lt;/td&gt;&lt;td  class=&quot;messagePrinciple&quot;&gt;&lt;a href=&quot;http://www.w3.org/TR/WCAG20/#perceivable&quot; target=&quot;_blank&quot;&gt;Perceivable&lt;/a&gt;&lt;/td&gt;&lt;td class=&quot;messageText&quot;&gt; This element has insufficient contrast at this conformance level. Expected a contrast ratio of at least 4.5:1, but text in this element has a contrast ratio of 4.17:1. Recommendation: change background to #fefefe.&lt;/td&gt;&lt;td&gt;&amp;lt;span class=&quot;c&quot;&amp;gt;#
Attach to the qemu instance
using remote gdb
ser...&amp;lt;/span&amp;gt;&lt;/td&gt;&lt;td class=&quot;messageTechniques&quot;&gt;&lt;ul&gt;&lt;li&gt;&lt;a href=&quot;http://www.w3.org/TR/WCAG20-TECHS/G18&quot; target=&quot;_blank&quot;&gt;G18&lt;/a&gt;&lt;/li&gt;&lt;/ul&gt;&lt;/td&gt;&lt;td class=&quot;screenshot&quot;&gt;&lt;a data-toggle=&quot;modal&quot; data-target=&quot;#screenshot&quot;  onClick=showImg(&quot;screenshots/14_32_46_2_21_2018/620.png&quot;)&gt;&lt;img src=&quot;screenshots/14_32_46_2_21_2018/620.png&quot; style=&quot;width:25px;height:25px&quot;&gt;&lt;/a&gt;&lt;/td&gt;&lt;/tr&gt;&lt;tr class=&quot;error&quot;&gt;&lt;td  class=&quot;number&quot;&gt;&lt;span class=&quot;flag&quot;&gt;Error&lt;/span&gt;&lt;/td&gt;&lt;td  class=&quot;messagePrinciple&quot;&gt;&lt;a href=&quot;http://www.w3.org/TR/WCAG20/#perceivable&quot; target=&quot;_blank&quot;&gt;Perceivable&lt;/a&gt;&lt;/td&gt;&lt;td class=&quot;messageText&quot;&gt; This element has insufficient contrast at this conformance level. Expected a contrast ratio of at least 4.5:1, but text in this element has a contrast ratio of 4.17:1. Recommendation: change background to #fefefe.&lt;/td&gt;&lt;td&gt;&amp;lt;span class=&quot;c&quot;&amp;gt;#
Remote debugging using
:1234&amp;lt;/span&amp;gt;&lt;/td&gt;&lt;td class=&quot;messageTechniques&quot;&gt;&lt;ul&gt;&lt;li&gt;&lt;a href=&quot;http://www.w3.org/TR/WCAG20-TECHS/G18&quot; target=&quot;_blank&quot;&gt;G18&lt;/a&gt;&lt;/li&gt;&lt;/ul&gt;&lt;/td&gt;&lt;td class=&quot;screenshot&quot;&gt;&lt;a data-toggle=&quot;modal&quot; data-target=&quot;#screenshot&quot;  onClick=showImg(&quot;screenshots/14_32_46_2_21_2018/444.png&quot;)&gt;&lt;img src=&quot;screenshots/14_32_46_2_21_2018/444.png&quot; style=&quot;width:25px;height:25px&quot;&gt;&lt;/a&gt;&lt;/td&gt;&lt;/tr&gt;&lt;tr class=&quot;error&quot;&gt;&lt;td  class=&quot;number&quot;&gt;&lt;span class=&quot;flag&quot;&gt;Error&lt;/span&gt;&lt;/td&gt;&lt;td  class=&quot;messagePrinciple&quot;&gt;&lt;a href=&quot;http://www.w3.org/TR/WCAG20/#perceivable&quot; target=&quot;_blank&quot;&gt;Perceivable&lt;/a&gt;&lt;/td&gt;&lt;td class=&quot;messageText&quot;&gt; This element has insufficient contrast at this conformance level. Expected a contrast ratio of at least 4.5:1, but text in this element has a contrast ratio of 4.17:1. Recommendation: change background to #fefefe.&lt;/td&gt;&lt;td&gt;&amp;lt;span class=&quot;c&quot;&amp;gt;#
0x0000fff0 in ??
()&amp;lt;/span&amp;gt;&lt;/td&gt;&lt;td class=&quot;messageTechniques&quot;&gt;&lt;ul&gt;&lt;li&gt;&lt;a href=&quot;http://www.w3.org/TR/WCAG20-TECHS/G18&quot; target=&quot;_blank&quot;&gt;G18&lt;/a&gt;&lt;/li&gt;&lt;/ul&gt;&lt;/td&gt;&lt;td class=&quot;screenshot&quot;&gt;&lt;a data-toggle=&quot;modal&quot; data-target=&quot;#screenshot&quot;  onClick=showImg(&quot;screenshots/14_32_46_2_21_2018/296.png&quot;)&gt;&lt;img src=&quot;screenshots/14_32_46_2_21_2018/296.png&quot; style=&quot;width:25px;height:25px&quot;&gt;&lt;/a&gt;&lt;/td&gt;&lt;/tr&gt;&lt;tr class=&quot;error&quot;&gt;&lt;td  class=&quot;number&quot;&gt;&lt;span class=&quot;flag&quot;&gt;Error&lt;/span&gt;&lt;/td&gt;&lt;td  class=&quot;messagePrinciple&quot;&gt;&lt;a href=&quot;http://www.w3.org/TR/WCAG20/#perceivable&quot; target=&quot;_blank&quot;&gt;Perceivable&lt;/a&gt;&lt;/td&gt;&lt;td class=&quot;messageText&quot;&gt; This element has insufficient contrast at this conformance level. Expected a contrast ratio of at least 4.5:1, but text in this element has a contrast ratio of 4.17:1. Recommendation: change background to #fefefe.&lt;/td&gt;&lt;td&gt;&amp;lt;span class=&quot;c&quot;&amp;gt;# Set a
breakpoint at
main.&amp;lt;/span&amp;gt;&lt;/td&gt;&lt;td class=&quot;messageTechniques&quot;&gt;&lt;ul&gt;&lt;li&gt;&lt;a href=&quot;http://www.w3.org/TR/WCAG20-TECHS/G18&quot; target=&quot;_blank&quot;&gt;G18&lt;/a&gt;&lt;/li&gt;&lt;/ul&gt;&lt;/td&gt;&lt;td class=&quot;screenshot&quot;&gt;&lt;a data-toggle=&quot;modal&quot; data-target=&quot;#screenshot&quot;  onClick=showImg(&quot;screenshots/14_32_46_2_21_2018/981.png&quot;)&gt;&lt;img src=&quot;screenshots/14_32_46_2_21_2018/981.png&quot; style=&quot;width:25px;height:25px&quot;&gt;&lt;/a&gt;&lt;/td&gt;&lt;/tr&gt;&lt;tr class=&quot;error&quot;&gt;&lt;td  class=&quot;number&quot;&gt;&lt;span class=&quot;flag&quot;&gt;Error&lt;/span&gt;&lt;/td&gt;&lt;td  class=&quot;messagePrinciple&quot;&gt;&lt;a href=&quot;http://www.w3.org/TR/WCAG20/#perceivable&quot; target=&quot;_blank&quot;&gt;Perceivable&lt;/a&gt;&lt;/td&gt;&lt;td class=&quot;messageText&quot;&gt; This element has insufficient contrast at this conformance level. Expected a contrast ratio of at least 4.5:1, but text in this element has a contrast ratio of 4.17:1. Recommendation: change background to #fefefe.&lt;/td&gt;&lt;td&gt;&amp;lt;span class=&quot;c&quot;&amp;gt;#
Breakpoint 1 at 0x8048460:
file
/tmp/tmp.hlCOEKk...&amp;lt;/span&amp;g
;&lt;/td&gt;&lt;td class=&quot;messageTechniques&quot;&gt;&lt;ul&gt;&lt;li&gt;&lt;a href=&quot;http://www.w3.org/TR/WCAG20-TECHS/G18&quot; target=&quot;_blank&quot;&gt;G18&lt;/a&gt;&lt;/li&gt;&lt;/ul&gt;&lt;/td&gt;&lt;td class=&quot;screenshot&quot;&gt;&lt;a data-toggle=&quot;modal&quot; data-target=&quot;#screenshot&quot;  onClick=showImg(&quot;screenshots/14_32_46_2_21_2018/768.png&quot;)&gt;&lt;img src=&quot;screenshots/14_32_46_2_21_2018/768.png&quot; style=&quot;width:25px;height:25px&quot;&gt;&lt;/a&gt;&lt;/td&gt;&lt;/tr&gt;&lt;tr class=&quot;error&quot;&gt;&lt;td  class=&quot;number&quot;&gt;&lt;span class=&quot;flag&quot;&gt;Error&lt;/span&gt;&lt;/td&gt;&lt;td  class=&quot;messagePrinciple&quot;&gt;&lt;a href=&quot;http://www.w3.org/TR/WCAG20/#perceivable&quot; target=&quot;_blank&quot;&gt;Perceivable&lt;/a&gt;&lt;/td&gt;&lt;td class=&quot;messageText&quot;&gt; This element has insufficient contrast at this conformance level. Expected a contrast ratio of at least 4.5:1, but text in this element has a contrast ratio of 4.17:1. Recommendation: change background to #fefefe.&lt;/td&gt;&lt;td&gt;&amp;lt;span class=&quot;c&quot;&amp;gt;#
Resume the qemu cpu.
&amp;lt;/span&amp;gt;&lt;/td&gt;&lt;td class=&quot;messageTechniques&quot;&gt;&lt;ul&gt;&lt;li&gt;&lt;a href=&quot;http://www.w3.org/TR/WCAG20-TECHS/G18&quot; target=&quot;_blank&quot;&gt;G18&lt;/a&gt;&lt;/li&gt;&lt;/ul&gt;&lt;/td&gt;&lt;td class=&quot;screenshot&quot;&gt;&lt;a data-toggle=&quot;modal&quot; data-target=&quot;#screenshot&quot;  onClick=showImg(&quot;screenshots/14_32_46_2_21_2018/980.png&quot;)&gt;&lt;img src=&quot;screenshots/14_32_46_2_21_2018/980.png&quot; style=&quot;width:25px;height:25px&quot;&gt;&lt;/a&gt;&lt;/td&gt;&lt;/tr&gt;&lt;tr class=&quot;error&quot;&gt;&lt;td  class=&quot;number&quot;&gt;&lt;span class=&quot;flag&quot;&gt;Error&lt;/span&gt;&lt;/td&gt;&lt;td  class=&quot;messagePrinciple&quot;&gt;&lt;a href=&quot;http://www.w3.org/TR/WCAG20/#perceivable&quot; target=&quot;_blank&quot;&gt;Perceivable&lt;/a&gt;&lt;/td&gt;&lt;td class=&quot;messageText&quot;&gt; This element has insufficient contrast at this conformance level. Expected a contrast ratio of at least 4.5:1, but text in this element has a contrast ratio of 4.17:1. Recommendation: change background to #fefefe.&lt;/td&gt;&lt;td&gt;&amp;lt;span class=&quot;c&quot;&amp;gt;#
Continuing. &amp;lt;/span&amp;gt;&lt;/td&gt;&lt;td class=&quot;messageTechniques&quot;&gt;&lt;ul&gt;&lt;li&gt;&lt;a href=&quot;http://www.w3.org/TR/WCAG20-TECHS/G18&quot; target=&quot;_blank&quot;&gt;G18&lt;/a&gt;&lt;/li&gt;&lt;/ul&gt;&lt;/td&gt;&lt;td class=&quot;screenshot&quot;&gt;&lt;a data-toggle=&quot;modal&quot; data-target=&quot;#screenshot&quot;  onClick=showImg(&quot;screenshots/14_32_46_2_21_2018/954.png&quot;)&gt;&lt;img src=&quot;screenshots/14_32_46_2_21_2018/954.png&quot; style=&quot;width:25px;height:25px&quot;&gt;&lt;/a&gt;&lt;/td&gt;&lt;/tr&gt;&lt;tr class=&quot;error&quot;&gt;&lt;td  class=&quot;number&quot;&gt;&lt;span class=&quot;flag&quot;&gt;Error&lt;/span&gt;&lt;/td&gt;&lt;td  class=&quot;messagePrinciple&quot;&gt;&lt;a href=&quot;http://www.w3.org/TR/WCAG20/#perceivable&quot; target=&quot;_blank&quot;&gt;Perceivable&lt;/a&gt;&lt;/td&gt;&lt;td class=&quot;messageText&quot;&gt; This element has insufficient contrast at this conformance level. Expected a contrast ratio of at least 4.5:1, but text in this element has a contrast ratio of 4.17:1. Recommendation: change background to #fefefe.&lt;/td&gt;&lt;td&gt;&amp;lt;span class=&quot;c&quot;&amp;gt;# # It
should hit the first
breakpoint.&amp;lt;/span&amp;gt;&lt;/td&gt;&lt;td class=&quot;messageTechniques&quot;&gt;&lt;ul&gt;&lt;li&gt;&lt;a href=&quot;http://www.w3.org/TR/WCAG20-TECHS/G18&quot; target=&quot;_blank&quot;&gt;G18&lt;/a&gt;&lt;/li&gt;&lt;/ul&gt;&lt;/td&gt;&lt;td class=&quot;screenshot&quot;&gt;&lt;a data-toggle=&quot;modal&quot; data-target=&quot;#screenshot&quot;  onClick=showImg(&quot;screenshots/14_32_46_2_21_2018/319.png&quot;)&gt;&lt;img src=&quot;screenshots/14_32_46_2_21_2018/319.png&quot; style=&quot;width:25px;height:25px&quot;&gt;&lt;/a&gt;&lt;/td&gt;&lt;/tr&gt;&lt;tr class=&quot;error&quot;&gt;&lt;td  class=&quot;number&quot;&gt;&lt;span class=&quot;flag&quot;&gt;Error&lt;/span&gt;&lt;/td&gt;&lt;td  class=&quot;messagePrinciple&quot;&gt;&lt;a href=&quot;http://www.w3.org/TR/WCAG20/#perceivable&quot; target=&quot;_blank&quot;&gt;Perceivable&lt;/a&gt;&lt;/td&gt;&lt;td class=&quot;messageText&quot;&gt; This element has insufficient contrast at this conformance level. Expected a contrast ratio of at least 4.5:1, but text in this element has a contrast ratio of 4.17:1. Recommendation: change background to #fefefe.&lt;/td&gt;&lt;td&gt;&amp;lt;span class=&quot;c&quot;&amp;gt;#
Breakpoint 1, main () at
/tmp/tmp.hlCOEKke8y/app...&amp;lt;
span&amp;gt;&lt;/td&gt;&lt;td class=&quot;messageTechniques&quot;&gt;&lt;ul&gt;&lt;li&gt;&lt;a href=&quot;http://www.w3.org/TR/WCAG20-TECHS/G18&quot; target=&quot;_blank&quot;&gt;G18&lt;/a&gt;&lt;/li&gt;&lt;/ul&gt;&lt;/td&gt;&lt;td class=&quot;screenshot&quot;&gt;&lt;a data-toggle=&quot;modal&quot; data-target=&quot;#screenshot&quot;  onClick=showImg(&quot;screenshots/14_32_46_2_21_2018/223.png&quot;)&gt;&lt;img src=&quot;screenshots/14_32_46_2_21_2018/223.png&quot; style=&quot;width:25px;height:25px&quot;&gt;&lt;/a&gt;&lt;/td&gt;&lt;/tr&gt;&lt;/tbody&gt;&lt;/table&gt;&lt;/div&gt;
</system-out>
		</testcase>
		<testcase classname="some.class.name" name="Status.html" time="1.000000">
			<failure message="Detected 4 error(s)." type="failure"/>
			<system-out>&lt;div id=&quot;resultsWrapper&quot; class=&quot;resultsWrapperActive&quot;&gt;&lt;h3&gt;Status of new and future seL4 features and projects | seL4 docs&lt;/h3&gt;&lt;h4&gt;http://localhost:4000/Status.html&lt;/h4&gt;&lt;ul id=&quot;results-overview&quot;&gt;&lt;li class=&quot;active&quot;&gt;&lt;span class=&quot;result-count result-count-errors&quot;&gt;4&lt;/span&gt;&lt;span class=&quot;result-type&quot;&gt;errors&lt;/span&gt;&lt;/a&gt;&lt;/li&gt;&lt;span class=&quot;result-count result-count-warnings&quot;&gt;0&lt;/span&gt;&lt;span class=&quot;result-type&quot;&gt;warnings&lt;/span&gt;&lt;/a&gt;&lt;/li&gt;&lt;span class=&quot;result-count result-count-notices&quot;&gt;0&lt;/span&gt;&lt;span class=&quot;result-type&quot;&gt;notices&lt;/span&gt;&lt;/a&gt;&lt;/li&gt;&lt;/ul&gt;&lt;a href=&quot;#&quot; class=&quot;button-link&quot; id=&quot;export&quot;&gt;Export as CSV&lt;/a&gt;&lt;table id=&quot;test-results-table&quot; class=&quot;tablesorter&quot;&gt;&lt;thead&gt;&lt;tr&gt;&lt;th&gt;Error Level&lt;/th&gt;&lt;th&gt;Principle&lt;/th&gt;&lt;th&gt;Message&lt;/th&gt;&lt;th&gt;Code snippet&lt;/th&gt;&lt;th&gt;Techniques&lt;/th&gt;&lt;th&gt;Screenshot&lt;/th&gt;&lt;/thead&gt;&lt;/tr&gt;&lt;tbody&gt;&lt;tr class=&quot;error&quot;&gt;&lt;td  class=&quot;number&quot;&gt;&lt;span class=&quot;flag&quot;&gt;Error&lt;/span&gt;&lt;/td&gt;&lt;td  class=&quot;messagePrinciple&quot;&gt;&lt;a href=&quot;http://www.w3.org/TR/WCAG20/#perceivable&quot; target=&quot;_blank&quot;&gt;Perceivable&lt;/a&gt;&lt;/td&gt;&lt;td class=&quot;messageText&quot;&gt; This element has insufficient contrast at this conformance level. Expected a contrast ratio of at least 4.5:1, but text in this element has a contrast ratio of 4.22:1. Recommendation: change background to #fefefe.&lt;/td&gt;&lt;td&gt;&amp;lt;a
href=&quot;mailto:devel@sel4.system
&quot;&amp;gt;D61&amp;lt;/a&amp;gt;&lt;/td&gt;&lt;td class=&quot;messageTechniques&quot;&gt;&lt;ul&gt;&lt;li&gt;&lt;a href=&quot;http://www.w3.org/TR/WCAG20-TECHS/G18&quot; target=&quot;_blank&quot;&gt;G18&lt;/a&gt;&lt;/li&gt;&lt;/ul&gt;&lt;/td&gt;&lt;td class=&quot;screenshot&quot;&gt;&lt;a data-toggle=&quot;modal&quot; data-target=&quot;#screenshot&quot;  onClick=showImg(&quot;screenshots/14_32_46_2_21_2018/563.png&quot;)&gt;&lt;img src=&quot;screenshots/14_32_46_2_21_2018/563.png&quot; style=&quot;width:25px;height:25px&quot;&gt;&lt;/a&gt;&lt;/td&gt;&lt;/tr&gt;&lt;tr class=&quot;error&quot;&gt;&lt;td  class=&quot;number&quot;&gt;&lt;span class=&quot;flag&quot;&gt;Error&lt;/span&gt;&lt;/td&gt;&lt;td  class=&quot;messagePrinciple&quot;&gt;&lt;a href=&quot;http://www.w3.org/TR/WCAG20/#perceivable&quot; target=&quot;_blank&quot;&gt;Perceivable&lt;/a&gt;&lt;/td&gt;&lt;td class=&quot;messageText&quot;&gt; This element has insufficient contrast at this conformance level. Expected a contrast ratio of at least 4.5:1, but text in this element has a contrast ratio of 4.22:1. Recommendation: change background to #fefefe.&lt;/td&gt;&lt;td&gt;&amp;lt;a
href=&quot;mailto:devel@sel4.system
&quot;&amp;gt;D61&amp;lt;/a&amp;gt;&lt;/td&gt;&lt;td class=&quot;messageTechniques&quot;&gt;&lt;ul&gt;&lt;li&gt;&lt;a href=&quot;http://www.w3.org/TR/WCAG20-TECHS/G18&quot; target=&quot;_blank&quot;&gt;G18&lt;/a&gt;&lt;/li&gt;&lt;/ul&gt;&lt;/td&gt;&lt;td class=&quot;screenshot&quot;&gt;&lt;a data-toggle=&quot;modal&quot; data-target=&quot;#screenshot&quot;  onClick=showImg(&quot;screenshots/14_32_46_2_21_2018/4.png&quot;)&gt;&lt;img src=&quot;screenshots/14_32_46_2_21_2018/4.png&quot; style=&quot;width:25px;height:25px&quot;&gt;&lt;/a&gt;&lt;/td&gt;&lt;/tr&gt;&lt;tr class=&quot;error&quot;&gt;&lt;td  class=&quot;number&quot;&gt;&lt;span class=&quot;flag&quot;&gt;Error&lt;/span&gt;&lt;/td&gt;&lt;td  class=&quot;messagePrinciple&quot;&gt;&lt;a href=&quot;http://www.w3.org/TR/WCAG20/#perceivable&quot; target=&quot;_blank&quot;&gt;Perceivable&lt;/a&gt;&lt;/td&gt;&lt;td class=&quot;messageText&quot;&gt; This element has insufficient contrast at this conformance level. Expected a contrast ratio of at least 4.5:1, but text in this element has a contrast ratio of 4.22:1. Recommendation: change background to #fefefe.&lt;/td&gt;&lt;td&gt;&amp;lt;a
href=&quot;mailto:devel@sel4.system
&quot;&amp;gt;D61&amp;lt;/a&amp;gt;&lt;/td&gt;&lt;td class=&quot;messageTechniques&quot;&gt;&lt;ul&gt;&lt;li&gt;&lt;a href=&quot;http://www.w3.org/TR/WCAG20-TECHS/G18&quot; target=&quot;_blank&quot;&gt;G18&lt;/a&gt;&lt;/li&gt;&lt;/ul&gt;&lt;/td&gt;&lt;td class=&quot;screenshot&quot;&gt;&lt;a data-toggle=&quot;modal&quot; data-target=&quot;#screenshot&quot;  onClick=showImg(&quot;screenshots/14_32_46_2_21_2018/705.png&quot;)&gt;&lt;img src=&quot;screenshots/14_32_46_2_21_2018/705.png&quot; style=&quot;width:25px;height:25px&quot;&gt;&lt;/a&gt;&lt;/td&gt;&lt;/tr&gt;&lt;tr class=&quot;error&quot;&gt;&lt;td  class=&quot;number&quot;&gt;&lt;span class=&quot;flag&quot;&gt;Error&lt;/span&gt;&lt;/td&gt;&lt;td  class=&quot;messagePrinciple&quot;&gt;&lt;a href=&quot;http://www.w3.org/TR/WCAG20/#perceivable&quot; target=&quot;_blank&quot;&gt;Perceivable&lt;/a&gt;&lt;/td&gt;&lt;td class=&quot;messageText&quot;&gt; This element has insufficient contrast at this conformance level. Expected a contrast ratio of at least 4.5:1, but text in this element has a contrast ratio of 4.22:1. Recommendation: change background to #fefefe.&lt;/td&gt;&lt;td&gt;&amp;lt;a
href=&quot;mailto:devel@sel4.system
&quot;&amp;gt;D61&amp;lt;/a&amp;gt;&lt;/td&gt;&lt;td class=&quot;messageTechniques&quot;&gt;&lt;ul&gt;&lt;li&gt;&lt;a href=&quot;http://www.w3.org/TR/WCAG20-TECHS/G18&quot; target=&quot;_blank&quot;&gt;G18&lt;/a&gt;&lt;/li&gt;&lt;/ul&gt;&lt;/td&gt;&lt;td class=&quot;screenshot&quot;&gt;&lt;a data-toggle=&quot;modal&quot; data-target=&quot;#screenshot&quot;  onClick=showImg(&quot;screenshots/14_32_46_2_21_2018/723.png&quot;)&gt;&lt;img src=&quot;screenshots/14_32_46_2_21_2018/723.png&quot; style=&quot;width:25px;height:25px&quot;&gt;&lt;/a&gt;&lt;/td&gt;&lt;/tr&gt;&lt;/tbody&gt;&lt;/table&gt;&lt;/div&gt;
</system-out>
		</testcase>
		<testcase classname="some.class.name" name="CAmkESVMCentOS.html" time="1.000000">
			<system-out>&lt;div id=&quot;resultsWrapper&quot; class=&quot;resultsWrapperActive&quot;&gt;&lt;h3&gt;Boot CentOS on the CAmkES VM | seL4 docs&lt;/h3&gt;&lt;h4&gt;http://localhost:4000/CAmkESVMCentOS.html&lt;/h4&gt;&lt;ul id=&quot;results-overview&quot;&gt;&lt;li class=&quot;active&quot;&gt;&lt;span class=&quot;result-count result-count-errors&quot;&gt;0&lt;/span&gt;&lt;span class=&quot;result-type&quot;&gt;errors&lt;/span&gt;&lt;/a&gt;&lt;/li&gt;&lt;span class=&quot;result-count result-count-warnings&quot;&gt;0&lt;/span&gt;&lt;span class=&quot;result-type&quot;&gt;warnings&lt;/span&gt;&lt;/a&gt;&lt;/li&gt;&lt;span class=&quot;result-count result-count-notices&quot;&gt;0&lt;/span&gt;&lt;span class=&quot;result-type&quot;&gt;notices&lt;/span&gt;&lt;/a&gt;&lt;/li&gt;&lt;/ul&gt;&lt;a href=&quot;#&quot; class=&quot;button-link&quot; id=&quot;export&quot;&gt;Export as CSV&lt;/a&gt;&lt;table id=&quot;test-results-table&quot; class=&quot;tablesorter&quot;&gt;&lt;thead&gt;&lt;tr&gt;&lt;th&gt;Error Level&lt;/th&gt;&lt;th&gt;Principle&lt;/th&gt;&lt;th&gt;Message&lt;/th&gt;&lt;th&gt;Code snippet&lt;/th&gt;&lt;th&gt;Techniques&lt;/th&gt;&lt;th&gt;Screenshot&lt;/th&gt;&lt;/thead&gt;&lt;/tr&gt;&lt;tbody&gt;&lt;tr&gt;&lt;td colspan=&quot;6&quot;&gt; ----  No Errors ---  &lt;/td&gt;&lt;/tr&gt;&lt;/tbody&gt;&lt;/table&gt;&lt;/div&gt;
</system-out>
		</testcase>
		<testcase classname="some.class.name" name="SeL4Libraries.html" time="1.000000">
			<system-out>&lt;div id=&quot;resultsWrapper&quot; class=&quot;resultsWrapperActive&quot;&gt;&lt;h3&gt;Internal Libraries | seL4 docs&lt;/h3&gt;&lt;h4&gt;http://localhost:4000/SeL4Libraries.html&lt;/h4&gt;&lt;ul id=&quot;results-overview&quot;&gt;&lt;li class=&quot;active&quot;&gt;&lt;span class=&quot;result-count result-count-errors&quot;&gt;0&lt;/span&gt;&lt;span class=&quot;result-type&quot;&gt;errors&lt;/span&gt;&lt;/a&gt;&lt;/li&gt;&lt;span class=&quot;result-count result-count-warnings&quot;&gt;0&lt;/span&gt;&lt;span class=&quot;result-type&quot;&gt;warnings&lt;/span&gt;&lt;/a&gt;&lt;/li&gt;&lt;span class=&quot;result-count result-count-notices&quot;&gt;0&lt;/span&gt;&lt;span class=&quot;result-type&quot;&gt;notices&lt;/span&gt;&lt;/a&gt;&lt;/li&gt;&lt;/ul&gt;&lt;a href=&quot;#&quot; class=&quot;button-link&quot; id=&quot;export&quot;&gt;Export as CSV&lt;/a&gt;&lt;table id=&quot;test-results-table&quot; class=&quot;tablesorter&quot;&gt;&lt;thead&gt;&lt;tr&gt;&lt;th&gt;Error Level&lt;/th&gt;&lt;th&gt;Principle&lt;/th&gt;&lt;th&gt;Message&lt;/th&gt;&lt;th&gt;Code snippet&lt;/th&gt;&lt;th&gt;Techniques&lt;/th&gt;&lt;th&gt;Screenshot&lt;/th&gt;&lt;/thead&gt;&lt;/tr&gt;&lt;tbody&gt;&lt;tr&gt;&lt;td colspan=&quot;6&quot;&gt; ----  No Errors ---  &lt;/td&gt;&lt;/tr&gt;&lt;/tbody&gt;&lt;/table&gt;&lt;/div&gt;
</system-out>
		</testcase>
		<testcase classname="some.class.name" name="Rust.html" time="1.000000">
			<failure message="Detected 10 error(s)." type="failure"/>
			<system-out>&lt;div id=&quot;resultsWrapper&quot; class=&quot;resultsWrapperActive&quot;&gt;&lt;h3&gt;Rust | seL4 docs&lt;/h3&gt;&lt;h4&gt;http://localhost:4000/Rust.html&lt;/h4&gt;&lt;ul id=&quot;results-overview&quot;&gt;&lt;li class=&quot;active&quot;&gt;&lt;span class=&quot;result-count result-count-errors&quot;&gt;10&lt;/span&gt;&lt;span class=&quot;result-type&quot;&gt;errors&lt;/span&gt;&lt;/a&gt;&lt;/li&gt;&lt;span class=&quot;result-count result-count-warnings&quot;&gt;0&lt;/span&gt;&lt;span class=&quot;result-type&quot;&gt;warnings&lt;/span&gt;&lt;/a&gt;&lt;/li&gt;&lt;span class=&quot;result-count result-count-notices&quot;&gt;0&lt;/span&gt;&lt;span class=&quot;result-type&quot;&gt;notices&lt;/span&gt;&lt;/a&gt;&lt;/li&gt;&lt;/ul&gt;&lt;a href=&quot;#&quot; class=&quot;button-link&quot; id=&quot;export&quot;&gt;Export as CSV&lt;/a&gt;&lt;table id=&quot;test-results-table&quot; class=&quot;tablesorter&quot;&gt;&lt;thead&gt;&lt;tr&gt;&lt;th&gt;Error Level&lt;/th&gt;&lt;th&gt;Principle&lt;/th&gt;&lt;th&gt;Message&lt;/th&gt;&lt;th&gt;Code snippet&lt;/th&gt;&lt;th&gt;Techniques&lt;/th&gt;&lt;th&gt;Screenshot&lt;/th&gt;&lt;/thead&gt;&lt;/tr&gt;&lt;tbody&gt;&lt;tr class=&quot;error&quot;&gt;&lt;td  class=&quot;number&quot;&gt;&lt;span class=&quot;flag&quot;&gt;Error&lt;/span&gt;&lt;/td&gt;&lt;td  class=&quot;messagePrinciple&quot;&gt;&lt;a href=&quot;http://www.w3.org/TR/WCAG20/#perceivable&quot; target=&quot;_blank&quot;&gt;Perceivable&lt;/a&gt;&lt;/td&gt;&lt;td class=&quot;messageText&quot;&gt; This element has insufficient contrast at this conformance level. Expected a contrast ratio of at least 4.5:1, but text in this element has a contrast ratio of 4.17:1. Recommendation: change background to #fefefe.&lt;/td&gt;&lt;td&gt;&amp;lt;span class=&quot;c&quot;&amp;gt;# This
installs multirust from here:
https://githu...&amp;lt;/span&amp;gt;&lt;/td&gt;&lt;td class=&quot;messageTechniques&quot;&gt;&lt;ul&gt;&lt;li&gt;&lt;a href=&quot;http://www.w3.org/TR/WCAG20-TECHS/G18&quot; target=&quot;_blank&quot;&gt;G18&lt;/a&gt;&lt;/li&gt;&lt;/ul&gt;&lt;/td&gt;&lt;td class=&quot;screenshot&quot;&gt;&lt;a data-toggle=&quot;modal&quot; data-target=&quot;#screenshot&quot;  onClick=showImg(&quot;screenshots/14_32_46_2_21_2018/772.png&quot;)&gt;&lt;img src=&quot;screenshots/14_32_46_2_21_2018/772.png&quot; style=&quot;width:25px;height:25px&quot;&gt;&lt;/a&gt;&lt;/td&gt;&lt;/tr&gt;&lt;tr class=&quot;error&quot;&gt;&lt;td  class=&quot;number&quot;&gt;&lt;span class=&quot;flag&quot;&gt;Error&lt;/span&gt;&lt;/td&gt;&lt;td  class=&quot;messagePrinciple&quot;&gt;&lt;a href=&quot;http://www.w3.org/TR/WCAG20/#perceivable&quot; target=&quot;_blank&quot;&gt;Perceivable&lt;/a&gt;&lt;/td&gt;&lt;td class=&quot;messageText&quot;&gt; This element has insufficient contrast at this conformance level. Expected a contrast ratio of at least 4.5:1, but text in this element has a contrast ratio of 4.17:1. Recommendation: change background to #fefefe.&lt;/td&gt;&lt;td&gt;&amp;lt;span class=&quot;c&quot;&amp;gt;# This
will install cargo and rustc
using the curr...&amp;lt;/span&amp;gt;&lt;/td&gt;&lt;td class=&quot;messageTechniques&quot;&gt;&lt;ul&gt;&lt;li&gt;&lt;a href=&quot;http://www.w3.org/TR/WCAG20-TECHS/G18&quot; target=&quot;_blank&quot;&gt;G18&lt;/a&gt;&lt;/li&gt;&lt;/ul&gt;&lt;/td&gt;&lt;td class=&quot;screenshot&quot;&gt;&lt;a data-toggle=&quot;modal&quot; data-target=&quot;#screenshot&quot;  onClick=showImg(&quot;screenshots/14_32_46_2_21_2018/272.png&quot;)&gt;&lt;img src=&quot;screenshots/14_32_46_2_21_2018/272.png&quot; style=&quot;width:25px;height:25px&quot;&gt;&lt;/a&gt;&lt;/td&gt;&lt;/tr&gt;&lt;tr class=&quot;error&quot;&gt;&lt;td  class=&quot;number&quot;&gt;&lt;span class=&quot;flag&quot;&gt;Error&lt;/span&gt;&lt;/td&gt;&lt;td  class=&quot;messagePrinciple&quot;&gt;&lt;a href=&quot;http://www.w3.org/TR/WCAG20/#perceivable&quot; target=&quot;_blank&quot;&gt;Perceivable&lt;/a&gt;&lt;/td&gt;&lt;td class=&quot;messageText&quot;&gt; This element has insufficient contrast at this conformance level. Expected a contrast ratio of at least 4.5:1, but text in this element has a contrast ratio of 4.17:1. Recommendation: change background to #fefefe.&lt;/td&gt;&lt;td&gt;&amp;lt;span class=&quot;c&quot;&amp;gt;# This
will set the default cargo
and rustc paths
...&amp;lt;/span&amp;gt;&lt;/td&gt;&lt;td class=&quot;messageTechniques&quot;&gt;&lt;ul&gt;&lt;li&gt;&lt;a href=&quot;http://www.w3.org/TR/WCAG20-TECHS/G18&quot; target=&quot;_blank&quot;&gt;G18&lt;/a&gt;&lt;/li&gt;&lt;/ul&gt;&lt;/td&gt;&lt;td class=&quot;screenshot&quot;&gt;&lt;a data-toggle=&quot;modal&quot; data-target=&quot;#screenshot&quot;  onClick=showImg(&quot;screenshots/14_32_46_2_21_2018/497.png&quot;)&gt;&lt;img src=&quot;screenshots/14_32_46_2_21_2018/497.png&quot; style=&quot;width:25px;height:25px&quot;&gt;&lt;/a&gt;&lt;/td&gt;&lt;/tr&gt;&lt;tr class=&quot;error&quot;&gt;&lt;td  class=&quot;number&quot;&gt;&lt;span class=&quot;flag&quot;&gt;Error&lt;/span&gt;&lt;/td&gt;&lt;td  class=&quot;messagePrinciple&quot;&gt;&lt;a href=&quot;http://www.w3.org/TR/WCAG20/#perceivable&quot; target=&quot;_blank&quot;&gt;Perceivable&lt;/a&gt;&lt;/td&gt;&lt;td class=&quot;messageText&quot;&gt; This element has insufficient contrast at this conformance level. Expected a contrast ratio of at least 4.5:1, but text in this element has a contrast ratio of 4.17:1. Recommendation: change background to #fefefe.&lt;/td&gt;&lt;td&gt;&amp;lt;span class=&quot;c&quot;&amp;gt;# This
just gets all of the
sources&amp;lt;/span&amp;gt;&lt;/td&gt;&lt;td class=&quot;messageTechniques&quot;&gt;&lt;ul&gt;&lt;li&gt;&lt;a href=&quot;http://www.w3.org/TR/WCAG20-TECHS/G18&quot; target=&quot;_blank&quot;&gt;G18&lt;/a&gt;&lt;/li&gt;&lt;/ul&gt;&lt;/td&gt;&lt;td class=&quot;screenshot&quot;&gt;&lt;a data-toggle=&quot;modal&quot; data-target=&quot;#screenshot&quot;  onClick=showImg(&quot;screenshots/14_32_46_2_21_2018/424.png&quot;)&gt;&lt;img src=&quot;screenshots/14_32_46_2_21_2018/424.png&quot; style=&quot;width:25px;height:25px&quot;&gt;&lt;/a&gt;&lt;/td&gt;&lt;/tr&gt;&lt;tr class=&quot;error&quot;&gt;&lt;td  class=&quot;number&quot;&gt;&lt;span class=&quot;flag&quot;&gt;Error&lt;/span&gt;&lt;/td&gt;&lt;td  class=&quot;messagePrinciple&quot;&gt;&lt;a href=&quot;http://www.w3.org/TR/WCAG20/#perceivable&quot; target=&quot;_blank&quot;&gt;Perceivable&lt;/a&gt;&lt;/td&gt;&lt;td class=&quot;messageText&quot;&gt; This element has insufficient contrast at this conformance level. Expected a contrast ratio of at least 4.5:1, but text in this element has a contrast ratio of 4.17:1. Recommendation: change background to #fefefe.&lt;/td&gt;&lt;td&gt;&amp;lt;span class=&quot;c&quot;&amp;gt;#
Configuration for arm kzm (so
we can use qemu)&amp;lt;/span&amp;gt;&lt;/td&gt;&lt;td class=&quot;messageTechniques&quot;&gt;&lt;ul&gt;&lt;li&gt;&lt;a href=&quot;http://www.w3.org/TR/WCAG20-TECHS/G18&quot; target=&quot;_blank&quot;&gt;G18&lt;/a&gt;&lt;/li&gt;&lt;/ul&gt;&lt;/td&gt;&lt;td class=&quot;screenshot&quot;&gt;&lt;a data-toggle=&quot;modal&quot; data-target=&quot;#screenshot&quot;  onClick=showImg(&quot;screenshots/14_32_46_2_21_2018/435.png&quot;)&gt;&lt;img src=&quot;screenshots/14_32_46_2_21_2018/435.png&quot; style=&quot;width:25px;height:25px&quot;&gt;&lt;/a&gt;&lt;/td&gt;&lt;/tr&gt;&lt;tr class=&quot;error&quot;&gt;&lt;td  class=&quot;number&quot;&gt;&lt;span class=&quot;flag&quot;&gt;Error&lt;/span&gt;&lt;/td&gt;&lt;td  class=&quot;messagePrinciple&quot;&gt;&lt;a href=&quot;http://www.w3.org/TR/WCAG20/#perceivable&quot; target=&quot;_blank&quot;&gt;Perceivable&lt;/a&gt;&lt;/td&gt;&lt;td class=&quot;messageText&quot;&gt; This element has insufficient contrast at this conformance level. Expected a contrast ratio of at least 4.5:1, but text in this element has a contrast ratio of 4.17:1. Recommendation: change background to #fefefe.&lt;/td&gt;&lt;td&gt;&amp;lt;span class=&quot;c&quot;&amp;gt;#
helloworld app: make
rust-helloworld-kzm_defconf...
lt;/span&amp;gt;&lt;/td&gt;&lt;td class=&quot;messageTechniques&quot;&gt;&lt;ul&gt;&lt;li&gt;&lt;a href=&quot;http://www.w3.org/TR/WCAG20-TECHS/G18&quot; target=&quot;_blank&quot;&gt;G18&lt;/a&gt;&lt;/li&gt;&lt;/ul&gt;&lt;/td&gt;&lt;td class=&quot;screenshot&quot;&gt;&lt;a data-toggle=&quot;modal&quot; data-target=&quot;#screenshot&quot;  onClick=showImg(&quot;screenshots/14_32_46_2_21_2018/747.png&quot;)&gt;&lt;img src=&quot;screenshots/14_32_46_2_21_2018/747.png&quot; style=&quot;width:25px;height:25px&quot;&gt;&lt;/a&gt;&lt;/td&gt;&lt;/tr&gt;&lt;tr class=&quot;error&quot;&gt;&lt;td  class=&quot;number&quot;&gt;&lt;span class=&quot;flag&quot;&gt;Error&lt;/span&gt;&lt;/td&gt;&lt;td  class=&quot;messagePrinciple&quot;&gt;&lt;a href=&quot;http://www.w3.org/TR/WCAG20/#perceivable&quot; target=&quot;_blank&quot;&gt;Perceivable&lt;/a&gt;&lt;/td&gt;&lt;td class=&quot;messageText&quot;&gt; This element has insufficient contrast at this conformance level. Expected a contrast ratio of at least 4.5:1, but text in this element has a contrast ratio of 4.17:1. Recommendation: change background to #fefefe.&lt;/td&gt;&lt;td&gt;&amp;lt;span class=&quot;c&quot;&amp;gt;#
keyvalue app: make
rust-keyvalue-kzm_defconfig&amp;lt
/span&amp;gt;&lt;/td&gt;&lt;td class=&quot;messageTechniques&quot;&gt;&lt;ul&gt;&lt;li&gt;&lt;a href=&quot;http://www.w3.org/TR/WCAG20-TECHS/G18&quot; target=&quot;_blank&quot;&gt;G18&lt;/a&gt;&lt;/li&gt;&lt;/ul&gt;&lt;/td&gt;&lt;td class=&quot;screenshot&quot;&gt;&lt;a data-toggle=&quot;modal&quot; data-target=&quot;#screenshot&quot;  onClick=showImg(&quot;screenshots/14_32_46_2_21_2018/332.png&quot;)&gt;&lt;img src=&quot;screenshots/14_32_46_2_21_2018/332.png&quot; style=&quot;width:25px;height:25px&quot;&gt;&lt;/a&gt;&lt;/td&gt;&lt;/tr&gt;&lt;tr class=&quot;error&quot;&gt;&lt;td  class=&quot;number&quot;&gt;&lt;span class=&quot;flag&quot;&gt;Error&lt;/span&gt;&lt;/td&gt;&lt;td  class=&quot;messagePrinciple&quot;&gt;&lt;a href=&quot;http://www.w3.org/TR/WCAG20/#perceivable&quot; target=&quot;_blank&quot;&gt;Perceivable&lt;/a&gt;&lt;/td&gt;&lt;td class=&quot;messageText&quot;&gt; This element has insufficient contrast at this conformance level. Expected a contrast ratio of at least 4.5:1, but text in this element has a contrast ratio of 4.17:1. Recommendation: change background to #fefefe.&lt;/td&gt;&lt;td&gt;&amp;lt;span class=&quot;c&quot;&amp;gt;# Build
and run on qemu&amp;lt;/span&amp;gt;&lt;/td&gt;&lt;td class=&quot;messageTechniques&quot;&gt;&lt;ul&gt;&lt;li&gt;&lt;a href=&quot;http://www.w3.org/TR/WCAG20-TECHS/G18&quot; target=&quot;_blank&quot;&gt;G18&lt;/a&gt;&lt;/li&gt;&lt;/ul&gt;&lt;/td&gt;&lt;td class=&quot;screenshot&quot;&gt;&lt;a data-toggle=&quot;modal&quot; data-target=&quot;#screenshot&quot;  onClick=showImg(&quot;screenshots/14_32_46_2_21_2018/643.png&quot;)&gt;&lt;img src=&quot;screenshots/14_32_46_2_21_2018/643.png&quot; style=&quot;width:25px;height:25px&quot;&gt;&lt;/a&gt;&lt;/td&gt;&lt;/tr&gt;&lt;tr class=&quot;error&quot;&gt;&lt;td  class=&quot;number&quot;&gt;&lt;span class=&quot;flag&quot;&gt;Error&lt;/span&gt;&lt;/td&gt;&lt;td  class=&quot;messagePrinciple&quot;&gt;&lt;a href=&quot;http://www.w3.org/TR/WCAG20/#perceivable&quot; target=&quot;_blank&quot;&gt;Perceivable&lt;/a&gt;&lt;/td&gt;&lt;td class=&quot;messageText&quot;&gt; This element has insufficient contrast at this conformance level. Expected a contrast ratio of at least 4.5:1, but text in this element has a contrast ratio of 4.17:1. Recommendation: change background to #fefefe.&lt;/td&gt;&lt;td&gt;&amp;lt;span class=&quot;c&quot;&amp;gt;#This
library uses a rust cargo
project to
generat...&amp;lt;/span&amp;gt;&lt;/td&gt;&lt;td class=&quot;messageTechniques&quot;&gt;&lt;ul&gt;&lt;li&gt;&lt;a href=&quot;http://www.w3.org/TR/WCAG20-TECHS/G18&quot; target=&quot;_blank&quot;&gt;G18&lt;/a&gt;&lt;/li&gt;&lt;/ul&gt;&lt;/td&gt;&lt;td class=&quot;screenshot&quot;&gt;&lt;a data-toggle=&quot;modal&quot; data-target=&quot;#screenshot&quot;  onClick=showImg(&quot;screenshots/14_32_46_2_21_2018/517.png&quot;)&gt;&lt;img src=&quot;screenshots/14_32_46_2_21_2018/517.png&quot; style=&quot;width:25px;height:25px&quot;&gt;&lt;/a&gt;&lt;/td&gt;&lt;/tr&gt;&lt;tr class=&quot;error&quot;&gt;&lt;td  class=&quot;number&quot;&gt;&lt;span class=&quot;flag&quot;&gt;Error&lt;/span&gt;&lt;/td&gt;&lt;td  class=&quot;messagePrinciple&quot;&gt;&lt;a href=&quot;http://www.w3.org/TR/WCAG20/#perceivable&quot; target=&quot;_blank&quot;&gt;Perceivable&lt;/a&gt;&lt;/td&gt;&lt;td class=&quot;messageText&quot;&gt; This element has insufficient contrast at this conformance level. Expected a contrast ratio of at least 4.5:1, but text in this element has a contrast ratio of 4.17:1. Recommendation: change background to #fefefe.&lt;/td&gt;&lt;td&gt;&amp;lt;span class=&quot;c&quot;&amp;gt;#
Header files/directories this
library provides
#...&amp;lt;/span&amp;gt;&lt;/td&gt;&lt;td class=&quot;messageTechniques&quot;&gt;&lt;ul&gt;&lt;li&gt;&lt;a href=&quot;http://www.w3.org/TR/WCAG20-TECHS/G18&quot; target=&quot;_blank&quot;&gt;G18&lt;/a&gt;&lt;/li&gt;&lt;/ul&gt;&lt;/td&gt;&lt;td class=&quot;screenshot&quot;&gt;&lt;a data-toggle=&quot;modal&quot; data-target=&quot;#screenshot&quot;  onClick=showImg(&quot;screenshots/14_32_46_2_21_2018/223.png&quot;)&gt;&lt;img src=&quot;screenshots/14_32_46_2_21_2018/223.png&quot; style=&quot;width:25px;height:25px&quot;&gt;&lt;/a&gt;&lt;/td&gt;&lt;/tr&gt;&lt;/tbody&gt;&lt;/table&gt;&lt;/div&gt;
</system-out>
		</testcase>
		<testcase classname="some.class.name" name="Hardware/jetsontx1.html" time="1.000000">
			<system-out>&lt;div id=&quot;resultsWrapper&quot; class=&quot;resultsWrapperActive&quot;&gt;&lt;h3&gt;Jetson TX1 | seL4 docs&lt;/h3&gt;&lt;h4&gt;http://localhost:4000/Hardware/jetsontx1.html&lt;/h4&gt;&lt;ul id=&quot;results-overview&quot;&gt;&lt;li class=&quot;active&quot;&gt;&lt;span class=&quot;result-count result-count-errors&quot;&gt;0&lt;/span&gt;&lt;span class=&quot;result-type&quot;&gt;errors&lt;/span&gt;&lt;/a&gt;&lt;/li&gt;&lt;span class=&quot;result-count result-count-warnings&quot;&gt;0&lt;/span&gt;&lt;span class=&quot;result-type&quot;&gt;warnings&lt;/span&gt;&lt;/a&gt;&lt;/li&gt;&lt;span class=&quot;result-count result-count-notices&quot;&gt;0&lt;/span&gt;&lt;span class=&quot;result-type&quot;&gt;notices&lt;/span&gt;&lt;/a&gt;&lt;/li&gt;&lt;/ul&gt;&lt;a href=&quot;#&quot; class=&quot;button-link&quot; id=&quot;export&quot;&gt;Export as CSV&lt;/a&gt;&lt;table id=&quot;test-results-table&quot; class=&quot;tablesorter&quot;&gt;&lt;thead&gt;&lt;tr&gt;&lt;th&gt;Error Level&lt;/th&gt;&lt;th&gt;Principle&lt;/th&gt;&lt;th&gt;Message&lt;/th&gt;&lt;th&gt;Code snippet&lt;/th&gt;&lt;th&gt;Techniques&lt;/th&gt;&lt;th&gt;Screenshot&lt;/th&gt;&lt;/thead&gt;&lt;/tr&gt;&lt;tbody&gt;&lt;tr&gt;&lt;td colspan=&quot;6&quot;&gt; ----  No Errors ---  &lt;/td&gt;&lt;/tr&gt;&lt;/tbody&gt;&lt;/table&gt;&lt;/div&gt;
</system-out>
		</testcase>
		<testcase classname="some.class.name" name="Hardware/General-ARM.html" time="1.000000">
			<system-out>&lt;div id=&quot;resultsWrapper&quot; class=&quot;resultsWrapperActive&quot;&gt;&lt;h3&gt;Loading onto ARM Hardware | seL4 docs&lt;/h3&gt;&lt;h4&gt;http://localhost:4000/Hardware/General-ARM.html&lt;/h4&gt;&lt;ul id=&quot;results-overview&quot;&gt;&lt;li class=&quot;active&quot;&gt;&lt;span class=&quot;result-count result-count-errors&quot;&gt;0&lt;/span&gt;&lt;span class=&quot;result-type&quot;&gt;errors&lt;/span&gt;&lt;/a&gt;&lt;/li&gt;&lt;span class=&quot;result-count result-count-warnings&quot;&gt;0&lt;/span&gt;&lt;span class=&quot;result-type&quot;&gt;warnings&lt;/span&gt;&lt;/a&gt;&lt;/li&gt;&lt;span class=&quot;result-count result-count-notices&quot;&gt;0&lt;/span&gt;&lt;span class=&quot;result-type&quot;&gt;notices&lt;/span&gt;&lt;/a&gt;&lt;/li&gt;&lt;/ul&gt;&lt;a href=&quot;#&quot; class=&quot;button-link&quot; id=&quot;export&quot;&gt;Export as CSV&lt;/a&gt;&lt;table id=&quot;test-results-table&quot; class=&quot;tablesorter&quot;&gt;&lt;thead&gt;&lt;tr&gt;&lt;th&gt;Error Level&lt;/th&gt;&lt;th&gt;Principle&lt;/th&gt;&lt;th&gt;Message&lt;/th&gt;&lt;th&gt;Code snippet&lt;/th&gt;&lt;th&gt;Techniques&lt;/th&gt;&lt;th&gt;Screenshot&lt;/th&gt;&lt;/thead&gt;&lt;/tr&gt;&lt;tbody&gt;&lt;tr&gt;&lt;td colspan=&quot;6&quot;&gt; ----  No Errors ---  &lt;/td&gt;&lt;/tr&gt;&lt;/tbody&gt;&lt;/table&gt;&lt;/div&gt;
</system-out>
		</testcase>
		<testcase classname="some.class.name" name="Hardware/arndale.html" time="1.000000">
			<failure message="Detected 2 error(s)." type="failure"/>
			<system-out>&lt;div id=&quot;resultsWrapper&quot; class=&quot;resultsWrapperActive&quot;&gt;&lt;h3&gt;Arndale | seL4 docs&lt;/h3&gt;&lt;h4&gt;http://localhost:4000/Hardware/arndale.html&lt;/h4&gt;&lt;ul id=&quot;results-overview&quot;&gt;&lt;li class=&quot;active&quot;&gt;&lt;span class=&quot;result-count result-count-errors&quot;&gt;2&lt;/span&gt;&lt;span class=&quot;result-type&quot;&gt;errors&lt;/span&gt;&lt;/a&gt;&lt;/li&gt;&lt;span class=&quot;result-count result-count-warnings&quot;&gt;0&lt;/span&gt;&lt;span class=&quot;result-type&quot;&gt;warnings&lt;/span&gt;&lt;/a&gt;&lt;/li&gt;&lt;span class=&quot;result-count result-count-notices&quot;&gt;0&lt;/span&gt;&lt;span class=&quot;result-type&quot;&gt;notices&lt;/span&gt;&lt;/a&gt;&lt;/li&gt;&lt;/ul&gt;&lt;a href=&quot;#&quot; class=&quot;button-link&quot; id=&quot;export&quot;&gt;Export as CSV&lt;/a&gt;&lt;table id=&quot;test-results-table&quot; class=&quot;tablesorter&quot;&gt;&lt;thead&gt;&lt;tr&gt;&lt;th&gt;Error Level&lt;/th&gt;&lt;th&gt;Principle&lt;/th&gt;&lt;th&gt;Message&lt;/th&gt;&lt;th&gt;Code snippet&lt;/th&gt;&lt;th&gt;Techniques&lt;/th&gt;&lt;th&gt;Screenshot&lt;/th&gt;&lt;/thead&gt;&lt;/tr&gt;&lt;tbody&gt;&lt;tr class=&quot;error&quot;&gt;&lt;td  class=&quot;number&quot;&gt;&lt;span class=&quot;flag&quot;&gt;Error&lt;/span&gt;&lt;/td&gt;&lt;td  class=&quot;messagePrinciple&quot;&gt;&lt;a href=&quot;http://www.w3.org/TR/WCAG20/#perceivable&quot; target=&quot;_blank&quot;&gt;Perceivable&lt;/a&gt;&lt;/td&gt;&lt;td class=&quot;messageText&quot;&gt; This element has insufficient contrast at this conformance level. Expected a contrast ratio of at least 4.5:1, but text in this element has a contrast ratio of 4.22:1. Recommendation: change background to #fefefe.&lt;/td&gt;&lt;td&gt;&amp;lt;a
href=&quot;https://wiki.linaro.org/
oards/Arndale/Setup/Enter...&quot;&amp;
t;https://wiki.linaro.org/Boar
s/Arndale/Setup/EnterpriseUbun
uServer?action=AttachFile&amp;amp;
mp;do=view&amp;amp;amp;target=smdk
250-spl.bin&amp;lt;/a&amp;gt;&lt;/td&gt;&lt;td class=&quot;messageTechniques&quot;&gt;&lt;ul&gt;&lt;li&gt;&lt;a href=&quot;http://www.w3.org/TR/WCAG20-TECHS/G18&quot; target=&quot;_blank&quot;&gt;G18&lt;/a&gt;&lt;/li&gt;&lt;/ul&gt;&lt;/td&gt;&lt;td class=&quot;screenshot&quot;&gt;&lt;a data-toggle=&quot;modal&quot; data-target=&quot;#screenshot&quot;  onClick=showImg(&quot;screenshots/14_32_47_2_21_2018/577.png&quot;)&gt;&lt;img src=&quot;screenshots/14_32_47_2_21_2018/577.png&quot; style=&quot;width:25px;height:25px&quot;&gt;&lt;/a&gt;&lt;/td&gt;&lt;/tr&gt;&lt;tr class=&quot;error&quot;&gt;&lt;td  class=&quot;number&quot;&gt;&lt;span class=&quot;flag&quot;&gt;Error&lt;/span&gt;&lt;/td&gt;&lt;td  class=&quot;messagePrinciple&quot;&gt;&lt;a href=&quot;http://www.w3.org/TR/WCAG20/#perceivable&quot; target=&quot;_blank&quot;&gt;Perceivable&lt;/a&gt;&lt;/td&gt;&lt;td class=&quot;messageText&quot;&gt; This element has insufficient contrast at this conformance level. Expected a contrast ratio of at least 4.5:1, but text in this element has a contrast ratio of 4.22:1. Recommendation: change background to #fefefe.&lt;/td&gt;&lt;td&gt;&amp;lt;a
href=&quot;https://wiki.linaro.org/
oards/Arndale/Setup/Enter...&quot;&amp;
t;https://wiki.linaro.org/Boar
s/Arndale/Setup/EnterpriseUbun
uServer?action=AttachFile&amp;amp;
mp;do=view&amp;amp;amp;target=uIma
e&amp;lt;/a&amp;gt;&lt;/td&gt;&lt;td class=&quot;messageTechniques&quot;&gt;&lt;ul&gt;&lt;li&gt;&lt;a href=&quot;http://www.w3.org/TR/WCAG20-TECHS/G18&quot; target=&quot;_blank&quot;&gt;G18&lt;/a&gt;&lt;/li&gt;&lt;/ul&gt;&lt;/td&gt;&lt;td class=&quot;screenshot&quot;&gt;&lt;a data-toggle=&quot;modal&quot; data-target=&quot;#screenshot&quot;  onClick=showImg(&quot;screenshots/14_32_47_2_21_2018/911.png&quot;)&gt;&lt;img src=&quot;screenshots/14_32_47_2_21_2018/911.png&quot; style=&quot;width:25px;height:25px&quot;&gt;&lt;/a&gt;&lt;/td&gt;&lt;/tr&gt;&lt;/tbody&gt;&lt;/table&gt;&lt;/div&gt;
</system-out>
		</testcase>
		<testcase classname="some.class.name" name="Hardware/odroidx.html" time="1.000000">
			<system-out>&lt;div id=&quot;resultsWrapper&quot; class=&quot;resultsWrapperActive&quot;&gt;&lt;h3&gt;Odroid-X | seL4 docs&lt;/h3&gt;&lt;h4&gt;http://localhost:4000/Hardware/odroidx.html&lt;/h4&gt;&lt;ul id=&quot;results-overview&quot;&gt;&lt;li class=&quot;active&quot;&gt;&lt;span class=&quot;result-count result-count-errors&quot;&gt;0&lt;/span&gt;&lt;span class=&quot;result-type&quot;&gt;errors&lt;/span&gt;&lt;/a&gt;&lt;/li&gt;&lt;span class=&quot;result-count result-count-warnings&quot;&gt;0&lt;/span&gt;&lt;span class=&quot;result-type&quot;&gt;warnings&lt;/span&gt;&lt;/a&gt;&lt;/li&gt;&lt;span class=&quot;result-count result-count-notices&quot;&gt;0&lt;/span&gt;&lt;span class=&quot;result-type&quot;&gt;notices&lt;/span&gt;&lt;/a&gt;&lt;/li&gt;&lt;/ul&gt;&lt;a href=&quot;#&quot; class=&quot;button-link&quot; id=&quot;export&quot;&gt;Export as CSV&lt;/a&gt;&lt;table id=&quot;test-results-table&quot; class=&quot;tablesorter&quot;&gt;&lt;thead&gt;&lt;tr&gt;&lt;th&gt;Error Level&lt;/th&gt;&lt;th&gt;Principle&lt;/th&gt;&lt;th&gt;Message&lt;/th&gt;&lt;th&gt;Code snippet&lt;/th&gt;&lt;th&gt;Techniques&lt;/th&gt;&lt;th&gt;Screenshot&lt;/th&gt;&lt;/thead&gt;&lt;/tr&gt;&lt;tbody&gt;&lt;tr&gt;&lt;td colspan=&quot;6&quot;&gt; ----  No Errors ---  &lt;/td&gt;&lt;/tr&gt;&lt;/tbody&gt;&lt;/table&gt;&lt;/div&gt;
</system-out>
		</testcase>
		<testcase classname="some.class.name" name="Hardware/Qemu/index.html" time="1.000000">
			<system-out>&lt;div id=&quot;resultsWrapper&quot; class=&quot;resultsWrapperActive&quot;&gt;&lt;h3&gt;seL4 on Qemu | seL4 docs&lt;/h3&gt;&lt;h4&gt;http://localhost:4000/Hardware/Qemu/index.html&lt;/h4&gt;&lt;ul id=&quot;results-overview&quot;&gt;&lt;li class=&quot;active&quot;&gt;&lt;span class=&quot;result-count result-count-errors&quot;&gt;0&lt;/span&gt;&lt;span class=&quot;result-type&quot;&gt;errors&lt;/span&gt;&lt;/a&gt;&lt;/li&gt;&lt;span class=&quot;result-count result-count-warnings&quot;&gt;0&lt;/span&gt;&lt;span class=&quot;result-type&quot;&gt;warnings&lt;/span&gt;&lt;/a&gt;&lt;/li&gt;&lt;span class=&quot;result-count result-count-notices&quot;&gt;0&lt;/span&gt;&lt;span class=&quot;result-type&quot;&gt;notices&lt;/span&gt;&lt;/a&gt;&lt;/li&gt;&lt;/ul&gt;&lt;a href=&quot;#&quot; class=&quot;button-link&quot; id=&quot;export&quot;&gt;Export as CSV&lt;/a&gt;&lt;table id=&quot;test-results-table&quot; class=&quot;tablesorter&quot;&gt;&lt;thead&gt;&lt;tr&gt;&lt;th&gt;Error Level&lt;/th&gt;&lt;th&gt;Principle&lt;/th&gt;&lt;th&gt;Message&lt;/th&gt;&lt;th&gt;Code snippet&lt;/th&gt;&lt;th&gt;Techniques&lt;/th&gt;&lt;th&gt;Screenshot&lt;/th&gt;&lt;/thead&gt;&lt;/tr&gt;&lt;tbody&gt;&lt;tr&gt;&lt;td colspan=&quot;6&quot;&gt; ----  No Errors ---  &lt;/td&gt;&lt;/tr&gt;&lt;/tbody&gt;&lt;/table&gt;&lt;/div&gt;
</system-out>
		</testcase>
		<testcase classname="some.class.name" name="Hardware/Rpi3.html" time="1.000000">
			<failure message="Detected 2 error(s)." type="failure"/>
			<system-out>&lt;div id=&quot;resultsWrapper&quot; class=&quot;resultsWrapperActive&quot;&gt;&lt;h3&gt;Raspberry PI 3 Model B | seL4 docs&lt;/h3&gt;&lt;h4&gt;http://localhost:4000/Hardware/Rpi3.html&lt;/h4&gt;&lt;ul id=&quot;results-overview&quot;&gt;&lt;li class=&quot;active&quot;&gt;&lt;span class=&quot;result-count result-count-errors&quot;&gt;2&lt;/span&gt;&lt;span class=&quot;result-type&quot;&gt;errors&lt;/span&gt;&lt;/a&gt;&lt;/li&gt;&lt;span class=&quot;result-count result-count-warnings&quot;&gt;0&lt;/span&gt;&lt;span class=&quot;result-type&quot;&gt;warnings&lt;/span&gt;&lt;/a&gt;&lt;/li&gt;&lt;span class=&quot;result-count result-count-notices&quot;&gt;0&lt;/span&gt;&lt;span class=&quot;result-type&quot;&gt;notices&lt;/span&gt;&lt;/a&gt;&lt;/li&gt;&lt;/ul&gt;&lt;a href=&quot;#&quot; class=&quot;button-link&quot; id=&quot;export&quot;&gt;Export as CSV&lt;/a&gt;&lt;table id=&quot;test-results-table&quot; class=&quot;tablesorter&quot;&gt;&lt;thead&gt;&lt;tr&gt;&lt;th&gt;Error Level&lt;/th&gt;&lt;th&gt;Principle&lt;/th&gt;&lt;th&gt;Message&lt;/th&gt;&lt;th&gt;Code snippet&lt;/th&gt;&lt;th&gt;Techniques&lt;/th&gt;&lt;th&gt;Screenshot&lt;/th&gt;&lt;/thead&gt;&lt;/tr&gt;&lt;tbody&gt;&lt;tr class=&quot;error&quot;&gt;&lt;td  class=&quot;number&quot;&gt;&lt;span class=&quot;flag&quot;&gt;Error&lt;/span&gt;&lt;/td&gt;&lt;td  class=&quot;messagePrinciple&quot;&gt;&lt;a href=&quot;http://www.w3.org/TR/WCAG20/#perceivable&quot; target=&quot;_blank&quot;&gt;Perceivable&lt;/a&gt;&lt;/td&gt;&lt;td class=&quot;messageText&quot;&gt; This element has insufficient contrast at this conformance level. Expected a contrast ratio of at least 4.5:1, but text in this element has a contrast ratio of 4.22:1. Recommendation: change background to #fefefe.&lt;/td&gt;&lt;td&gt;&amp;lt;a
href=&quot;https://github.com/raspb
rrypi/firmware/tree/maste...&quot;&amp;
t;https://github.com/raspberry
i/firmware/tree/master/boot&amp;lt
/a&amp;gt;&lt;/td&gt;&lt;td class=&quot;messageTechniques&quot;&gt;&lt;ul&gt;&lt;li&gt;&lt;a href=&quot;http://www.w3.org/TR/WCAG20-TECHS/G18&quot; target=&quot;_blank&quot;&gt;G18&lt;/a&gt;&lt;/li&gt;&lt;/ul&gt;&lt;/td&gt;&lt;td class=&quot;screenshot&quot;&gt;&lt;a data-toggle=&quot;modal&quot; data-target=&quot;#screenshot&quot;  onClick=showImg(&quot;screenshots/14_32_48_2_21_2018/419.png&quot;)&gt;&lt;img src=&quot;screenshots/14_32_48_2_21_2018/419.png&quot; style=&quot;width:25px;height:25px&quot;&gt;&lt;/a&gt;&lt;/td&gt;&lt;/tr&gt;&lt;tr class=&quot;error&quot;&gt;&lt;td  class=&quot;number&quot;&gt;&lt;span class=&quot;flag&quot;&gt;Error&lt;/span&gt;&lt;/td&gt;&lt;td  class=&quot;messagePrinciple&quot;&gt;&lt;a href=&quot;http://www.w3.org/TR/WCAG20/#perceivable&quot; target=&quot;_blank&quot;&gt;Perceivable&lt;/a&gt;&lt;/td&gt;&lt;td class=&quot;messageText&quot;&gt; This element has insufficient contrast at this conformance level. Expected a contrast ratio of at least 4.5:1, but text in this element has a contrast ratio of 4.22:1. Recommendation: change background to #fefefe.&lt;/td&gt;&lt;td&gt;&amp;lt;a
href=&quot;https://sel4.systems/Inf
/Docs/u-boot-working-rpi3-32bi
-v2017.11.bin&quot;&amp;gt;use our
prebuilt U-boot which
works&amp;lt;/a&amp;gt;&lt;/td&gt;&lt;td class=&quot;messageTechniques&quot;&gt;&lt;ul&gt;&lt;li&gt;&lt;a href=&quot;http://www.w3.org/TR/WCAG20-TECHS/G18&quot; target=&quot;_blank&quot;&gt;G18&lt;/a&gt;&lt;/li&gt;&lt;/ul&gt;&lt;/td&gt;&lt;td class=&quot;screenshot&quot;&gt;&lt;a data-toggle=&quot;modal&quot; data-target=&quot;#screenshot&quot;  onClick=showImg(&quot;screenshots/14_32_48_2_21_2018/808.png&quot;)&gt;&lt;img src=&quot;screenshots/14_32_48_2_21_2018/808.png&quot; style=&quot;width:25px;height:25px&quot;&gt;&lt;/a&gt;&lt;/td&gt;&lt;/tr&gt;&lt;/tbody&gt;&lt;/table&gt;&lt;/div&gt;
</system-out>
		</testcase>
		<testcase classname="some.class.name" name="Hardware/Beaglebone.html" time="1.000000">
			<system-out>&lt;div id=&quot;resultsWrapper&quot; class=&quot;resultsWrapperActive&quot;&gt;&lt;h3&gt;seL4 and RefOS on the Beaglebone Black | seL4 docs&lt;/h3&gt;&lt;h4&gt;http://localhost:4000/Hardware/Beaglebone.html&lt;/h4&gt;&lt;ul id=&quot;results-overview&quot;&gt;&lt;li class=&quot;active&quot;&gt;&lt;span class=&quot;result-count result-count-errors&quot;&gt;0&lt;/span&gt;&lt;span class=&quot;result-type&quot;&gt;errors&lt;/span&gt;&lt;/a&gt;&lt;/li&gt;&lt;span class=&quot;result-count result-count-warnings&quot;&gt;0&lt;/span&gt;&lt;span class=&quot;result-type&quot;&gt;warnings&lt;/span&gt;&lt;/a&gt;&lt;/li&gt;&lt;span class=&quot;result-count result-count-notices&quot;&gt;0&lt;/span&gt;&lt;span class=&quot;result-type&quot;&gt;notices&lt;/span&gt;&lt;/a&gt;&lt;/li&gt;&lt;/ul&gt;&lt;a href=&quot;#&quot; class=&quot;button-link&quot; id=&quot;export&quot;&gt;Export as CSV&lt;/a&gt;&lt;table id=&quot;test-results-table&quot; class=&quot;tablesorter&quot;&gt;&lt;thead&gt;&lt;tr&gt;&lt;th&gt;Error Level&lt;/th&gt;&lt;th&gt;Principle&lt;/th&gt;&lt;th&gt;Message&lt;/th&gt;&lt;th&gt;Code snippet&lt;/th&gt;&lt;th&gt;Techniques&lt;/th&gt;&lt;th&gt;Screenshot&lt;/th&gt;&lt;/thead&gt;&lt;/tr&gt;&lt;tbody&gt;&lt;tr&gt;&lt;td colspan=&quot;6&quot;&gt; ----  No Errors ---  &lt;/td&gt;&lt;/tr&gt;&lt;/tbody&gt;&lt;/table&gt;&lt;/div&gt;
</system-out>
		</testcase>
		<testcase classname="some.class.name" name="Hardware/CEI_TK1_SOM/L4TCan/index.html" time="1.000000">
			<failure message="Detected 2 error(s)." type="failure"/>
			<system-out>&lt;div id=&quot;resultsWrapper&quot; class=&quot;resultsWrapperActive&quot;&gt;&lt;h3&gt;Using CAN on L4T through an MCP251X | seL4 docs&lt;/h3&gt;&lt;h4&gt;http://localhost:4000/Hardware/CEI_TK1_SOM/L4TCan/index.html&lt;/h4&gt;&lt;ul id=&quot;results-overview&quot;&gt;&lt;li class=&quot;active&quot;&gt;&lt;span class=&quot;result-count result-count-errors&quot;&gt;2&lt;/span&gt;&lt;span class=&quot;result-type&quot;&gt;errors&lt;/span&gt;&lt;/a&gt;&lt;/li&gt;&lt;span class=&quot;result-count result-count-warnings&quot;&gt;0&lt;/span&gt;&lt;span class=&quot;result-type&quot;&gt;warnings&lt;/span&gt;&lt;/a&gt;&lt;/li&gt;&lt;span class=&quot;result-count result-count-notices&quot;&gt;0&lt;/span&gt;&lt;span class=&quot;result-type&quot;&gt;notices&lt;/span&gt;&lt;/a&gt;&lt;/li&gt;&lt;/ul&gt;&lt;a href=&quot;#&quot; class=&quot;button-link&quot; id=&quot;export&quot;&gt;Export as CSV&lt;/a&gt;&lt;table id=&quot;test-results-table&quot; class=&quot;tablesorter&quot;&gt;&lt;thead&gt;&lt;tr&gt;&lt;th&gt;Error Level&lt;/th&gt;&lt;th&gt;Principle&lt;/th&gt;&lt;th&gt;Message&lt;/th&gt;&lt;th&gt;Code snippet&lt;/th&gt;&lt;th&gt;Techniques&lt;/th&gt;&lt;th&gt;Screenshot&lt;/th&gt;&lt;/thead&gt;&lt;/tr&gt;&lt;tbody&gt;&lt;tr class=&quot;error&quot;&gt;&lt;td  class=&quot;number&quot;&gt;&lt;span class=&quot;flag&quot;&gt;Error&lt;/span&gt;&lt;/td&gt;&lt;td  class=&quot;messagePrinciple&quot;&gt;&lt;a href=&quot;http://www.w3.org/TR/WCAG20/#perceivable&quot; target=&quot;_blank&quot;&gt;Perceivable&lt;/a&gt;&lt;/td&gt;&lt;td class=&quot;messageText&quot;&gt; Img element missing an alt attribute. Use the alt attribute to specify a short text alternative.&lt;/td&gt;&lt;td&gt;&amp;lt;img style=&quot;width: 60%&quot;
src=&quot;jumper.jpg&quot;&amp;gt;&lt;/td&gt;&lt;td class=&quot;messageTechniques&quot;&gt;&lt;ul&gt;&lt;li&gt;&lt;a href=&quot;http://www.w3.org/TR/WCAG20-TECHS/H37&quot; target=&quot;_blank&quot;&gt;H37&lt;/a&gt;&lt;/li&gt;&lt;/ul&gt;&lt;/td&gt;&lt;td class=&quot;screenshot&quot;&gt;&lt;a data-toggle=&quot;modal&quot; data-target=&quot;#screenshot&quot;  onClick=showImg(&quot;screenshots/14_32_48_2_21_2018/410.png&quot;)&gt;&lt;img src=&quot;screenshots/14_32_48_2_21_2018/410.png&quot; style=&quot;width:25px;height:25px&quot;&gt;&lt;/a&gt;&lt;/td&gt;&lt;/tr&gt;&lt;tr class=&quot;error&quot;&gt;&lt;td  class=&quot;number&quot;&gt;&lt;span class=&quot;flag&quot;&gt;Error&lt;/span&gt;&lt;/td&gt;&lt;td  class=&quot;messagePrinciple&quot;&gt;&lt;a href=&quot;http://www.w3.org/TR/WCAG20/#perceivable&quot; target=&quot;_blank&quot;&gt;Perceivable&lt;/a&gt;&lt;/td&gt;&lt;td class=&quot;messageText&quot;&gt; This element has insufficient contrast at this conformance level. Expected a contrast ratio of at least 4.5:1, but text in this element has a contrast ratio of 4.17:1. Recommendation: change background to #fefefe.&lt;/td&gt;&lt;td&gt;&amp;lt;span
class=&quot;c&quot;&amp;gt;#!/bin/bash&amp;lt;/s
an&amp;gt;&lt;/td&gt;&lt;td class=&quot;messageTechniques&quot;&gt;&lt;ul&gt;&lt;li&gt;&lt;a href=&quot;http://www.w3.org/TR/WCAG20-TECHS/G18&quot; target=&quot;_blank&quot;&gt;G18&lt;/a&gt;&lt;/li&gt;&lt;/ul&gt;&lt;/td&gt;&lt;td class=&quot;screenshot&quot;&gt;&lt;a data-toggle=&quot;modal&quot; data-target=&quot;#screenshot&quot;  onClick=showImg(&quot;screenshots/14_32_48_2_21_2018/546.png&quot;)&gt;&lt;img src=&quot;screenshots/14_32_48_2_21_2018/546.png&quot; style=&quot;width:25px;height:25px&quot;&gt;&lt;/a&gt;&lt;/td&gt;&lt;/tr&gt;&lt;/tbody&gt;&lt;/table&gt;&lt;/div&gt;
</system-out>
		</testcase>
		<testcase classname="some.class.name" name="Hardware/CEI_TK1_SOM/Tk1SomMods/index.html" time="1.000000">
			<system-out>&lt;div id=&quot;resultsWrapper&quot; class=&quot;resultsWrapperActive&quot;&gt;&lt;h3&gt;TK1-SOM Hardware Modifications | seL4 docs&lt;/h3&gt;&lt;h4&gt;http://localhost:4000/Hardware/CEI_TK1_SOM/Tk1SomMods/index.html&lt;/h4&gt;&lt;ul id=&quot;results-overview&quot;&gt;&lt;li class=&quot;active&quot;&gt;&lt;span class=&quot;result-count result-count-errors&quot;&gt;0&lt;/span&gt;&lt;span class=&quot;result-type&quot;&gt;errors&lt;/span&gt;&lt;/a&gt;&lt;/li&gt;&lt;span class=&quot;result-count result-count-warnings&quot;&gt;0&lt;/span&gt;&lt;span class=&quot;result-type&quot;&gt;warnings&lt;/span&gt;&lt;/a&gt;&lt;/li&gt;&lt;span class=&quot;result-count result-count-notices&quot;&gt;0&lt;/span&gt;&lt;span class=&quot;result-type&quot;&gt;notices&lt;/span&gt;&lt;/a&gt;&lt;/li&gt;&lt;/ul&gt;&lt;a href=&quot;#&quot; class=&quot;button-link&quot; id=&quot;export&quot;&gt;Export as CSV&lt;/a&gt;&lt;table id=&quot;test-results-table&quot; class=&quot;tablesorter&quot;&gt;&lt;thead&gt;&lt;tr&gt;&lt;th&gt;Error Level&lt;/th&gt;&lt;th&gt;Principle&lt;/th&gt;&lt;th&gt;Message&lt;/th&gt;&lt;th&gt;Code snippet&lt;/th&gt;&lt;th&gt;Techniques&lt;/th&gt;&lt;th&gt;Screenshot&lt;/th&gt;&lt;/thead&gt;&lt;/tr&gt;&lt;tbody&gt;&lt;tr&gt;&lt;td colspan=&quot;6&quot;&gt; ----  No Errors ---  &lt;/td&gt;&lt;/tr&gt;&lt;/tbody&gt;&lt;/table&gt;&lt;/div&gt;
</system-out>
		</testcase>
		<testcase classname="some.class.name" name="Hardware/CEI_TK1_SOM/CAN-Board/index.html" time="1.000000">
			<failure message="Detected 1 error(s)." type="failure"/>
			<system-out>&lt;div id=&quot;resultsWrapper&quot; class=&quot;resultsWrapperActive&quot;&gt;&lt;h3&gt;The CAN Daughterboard | seL4 docs&lt;/h3&gt;&lt;h4&gt;http://localhost:4000/Hardware/CEI_TK1_SOM/CAN-Board/index.html&lt;/h4&gt;&lt;ul id=&quot;results-overview&quot;&gt;&lt;li class=&quot;active&quot;&gt;&lt;span class=&quot;result-count result-count-errors&quot;&gt;1&lt;/span&gt;&lt;span class=&quot;result-type&quot;&gt;errors&lt;/span&gt;&lt;/a&gt;&lt;/li&gt;&lt;span class=&quot;result-count result-count-warnings&quot;&gt;0&lt;/span&gt;&lt;span class=&quot;result-type&quot;&gt;warnings&lt;/span&gt;&lt;/a&gt;&lt;/li&gt;&lt;span class=&quot;result-count result-count-notices&quot;&gt;0&lt;/span&gt;&lt;span class=&quot;result-type&quot;&gt;notices&lt;/span&gt;&lt;/a&gt;&lt;/li&gt;&lt;/ul&gt;&lt;a href=&quot;#&quot; class=&quot;button-link&quot; id=&quot;export&quot;&gt;Export as CSV&lt;/a&gt;&lt;table id=&quot;test-results-table&quot; class=&quot;tablesorter&quot;&gt;&lt;thead&gt;&lt;tr&gt;&lt;th&gt;Error Level&lt;/th&gt;&lt;th&gt;Principle&lt;/th&gt;&lt;th&gt;Message&lt;/th&gt;&lt;th&gt;Code snippet&lt;/th&gt;&lt;th&gt;Techniques&lt;/th&gt;&lt;th&gt;Screenshot&lt;/th&gt;&lt;/thead&gt;&lt;/tr&gt;&lt;tbody&gt;&lt;tr class=&quot;error&quot;&gt;&lt;td  class=&quot;number&quot;&gt;&lt;span class=&quot;flag&quot;&gt;Error&lt;/span&gt;&lt;/td&gt;&lt;td  class=&quot;messagePrinciple&quot;&gt;&lt;a href=&quot;http://www.w3.org/TR/WCAG20/#perceivable&quot; target=&quot;_blank&quot;&gt;Perceivable&lt;/a&gt;&lt;/td&gt;&lt;td class=&quot;messageText&quot;&gt; This element has insufficient contrast at this conformance level. Expected a contrast ratio of at least 4.5:1, but text in this element has a contrast ratio of 4.22:1. Recommendation: change background to #fefefe.&lt;/td&gt;&lt;td&gt;&amp;lt;a
href=&quot;/Hardware/CEI_TK1_SOM/CA
-Board/CanBoardBOMDraft1.xlsx&quot;
gt;CanBoardBOMDraft1.xlsx&amp;lt;/
&amp;gt;&lt;/td&gt;&lt;td class=&quot;messageTechniques&quot;&gt;&lt;ul&gt;&lt;li&gt;&lt;a href=&quot;http://www.w3.org/TR/WCAG20-TECHS/G18&quot; target=&quot;_blank&quot;&gt;G18&lt;/a&gt;&lt;/li&gt;&lt;/ul&gt;&lt;/td&gt;&lt;td class=&quot;screenshot&quot;&gt;&lt;a data-toggle=&quot;modal&quot; data-target=&quot;#screenshot&quot;  onClick=showImg(&quot;screenshots/14_32_48_2_21_2018/465.png&quot;)&gt;&lt;img src=&quot;screenshots/14_32_48_2_21_2018/465.png&quot; style=&quot;width:25px;height:25px&quot;&gt;&lt;/a&gt;&lt;/td&gt;&lt;/tr&gt;&lt;/tbody&gt;&lt;/table&gt;&lt;/div&gt;
</system-out>
		</testcase>
		<testcase classname="some.class.name" name="Hardware/CEI_TK1_SOM/index.html" time="1.000000">
			<system-out>&lt;div id=&quot;resultsWrapper&quot; class=&quot;resultsWrapperActive&quot;&gt;&lt;h3&gt;TK1 som | seL4 docs&lt;/h3&gt;&lt;h4&gt;http://localhost:4000/Hardware/CEI_TK1_SOM/index.html&lt;/h4&gt;&lt;ul id=&quot;results-overview&quot;&gt;&lt;li class=&quot;active&quot;&gt;&lt;span class=&quot;result-count result-count-errors&quot;&gt;0&lt;/span&gt;&lt;span class=&quot;result-type&quot;&gt;errors&lt;/span&gt;&lt;/a&gt;&lt;/li&gt;&lt;span class=&quot;result-count result-count-warnings&quot;&gt;0&lt;/span&gt;&lt;span class=&quot;result-type&quot;&gt;warnings&lt;/span&gt;&lt;/a&gt;&lt;/li&gt;&lt;span class=&quot;result-count result-count-notices&quot;&gt;0&lt;/span&gt;&lt;span class=&quot;result-type&quot;&gt;notices&lt;/span&gt;&lt;/a&gt;&lt;/li&gt;&lt;/ul&gt;&lt;a href=&quot;#&quot; class=&quot;button-link&quot; id=&quot;export&quot;&gt;Export as CSV&lt;/a&gt;&lt;table id=&quot;test-results-table&quot; class=&quot;tablesorter&quot;&gt;&lt;thead&gt;&lt;tr&gt;&lt;th&gt;Error Level&lt;/th&gt;&lt;th&gt;Principle&lt;/th&gt;&lt;th&gt;Message&lt;/th&gt;&lt;th&gt;Code snippet&lt;/th&gt;&lt;th&gt;Techniques&lt;/th&gt;&lt;th&gt;Screenshot&lt;/th&gt;&lt;/thead&gt;&lt;/tr&gt;&lt;tbody&gt;&lt;tr&gt;&lt;td colspan=&quot;6&quot;&gt; ----  No Errors ---  &lt;/td&gt;&lt;/tr&gt;&lt;/tbody&gt;&lt;/table&gt;&lt;/div&gt;
</system-out>
		</testcase>
		<testcase classname="some.class.name" name="Hardware/CEI_TK1_SOM/LogicPro8/index.html" time="1.000000">
			<failure message="Detected 6 error(s)." type="failure"/>
			<system-out>&lt;div id=&quot;resultsWrapper&quot; class=&quot;resultsWrapperActive&quot;&gt;&lt;h3&gt;Using the Saleae Logic Pro 8 to debug a CAN bus | seL4 docs&lt;/h3&gt;&lt;h4&gt;http://localhost:4000/Hardware/CEI_TK1_SOM/LogicPro8/index.html&lt;/h4&gt;&lt;ul id=&quot;results-overview&quot;&gt;&lt;li class=&quot;active&quot;&gt;&lt;span class=&quot;result-count result-count-errors&quot;&gt;6&lt;/span&gt;&lt;span class=&quot;result-type&quot;&gt;errors&lt;/span&gt;&lt;/a&gt;&lt;/li&gt;&lt;span class=&quot;result-count result-count-warnings&quot;&gt;0&lt;/span&gt;&lt;span class=&quot;result-type&quot;&gt;warnings&lt;/span&gt;&lt;/a&gt;&lt;/li&gt;&lt;span class=&quot;result-count result-count-notices&quot;&gt;0&lt;/span&gt;&lt;span class=&quot;result-type&quot;&gt;notices&lt;/span&gt;&lt;/a&gt;&lt;/li&gt;&lt;/ul&gt;&lt;a href=&quot;#&quot; class=&quot;button-link&quot; id=&quot;export&quot;&gt;Export as CSV&lt;/a&gt;&lt;table id=&quot;test-results-table&quot; class=&quot;tablesorter&quot;&gt;&lt;thead&gt;&lt;tr&gt;&lt;th&gt;Error Level&lt;/th&gt;&lt;th&gt;Principle&lt;/th&gt;&lt;th&gt;Message&lt;/th&gt;&lt;th&gt;Code snippet&lt;/th&gt;&lt;th&gt;Techniques&lt;/th&gt;&lt;th&gt;Screenshot&lt;/th&gt;&lt;/thead&gt;&lt;/tr&gt;&lt;tbody&gt;&lt;tr class=&quot;error&quot;&gt;&lt;td  class=&quot;number&quot;&gt;&lt;span class=&quot;flag&quot;&gt;Error&lt;/span&gt;&lt;/td&gt;&lt;td  class=&quot;messagePrinciple&quot;&gt;&lt;a href=&quot;http://www.w3.org/TR/WCAG20/#perceivable&quot; target=&quot;_blank&quot;&gt;Perceivable&lt;/a&gt;&lt;/td&gt;&lt;td class=&quot;messageText&quot;&gt; Img element missing an alt attribute. Use the alt attribute to specify a short text alternative.&lt;/td&gt;&lt;td&gt;&amp;lt;img style=&quot;width: 50%&quot;
src=&quot;setup.JPG&quot;&amp;gt;&lt;/td&gt;&lt;td class=&quot;messageTechniques&quot;&gt;&lt;ul&gt;&lt;li&gt;&lt;a href=&quot;http://www.w3.org/TR/WCAG20-TECHS/H37&quot; target=&quot;_blank&quot;&gt;H37&lt;/a&gt;&lt;/li&gt;&lt;/ul&gt;&lt;/td&gt;&lt;td class=&quot;screenshot&quot;&gt;&lt;a data-toggle=&quot;modal&quot; data-target=&quot;#screenshot&quot;  onClick=showImg(&quot;screenshots/14_32_49_2_21_2018/959.png&quot;)&gt;&lt;img src=&quot;screenshots/14_32_49_2_21_2018/959.png&quot; style=&quot;width:25px;height:25px&quot;&gt;&lt;/a&gt;&lt;/td&gt;&lt;/tr&gt;&lt;tr class=&quot;error&quot;&gt;&lt;td  class=&quot;number&quot;&gt;&lt;span class=&quot;flag&quot;&gt;Error&lt;/span&gt;&lt;/td&gt;&lt;td  class=&quot;messagePrinciple&quot;&gt;&lt;a href=&quot;http://www.w3.org/TR/WCAG20/#perceivable&quot; target=&quot;_blank&quot;&gt;Perceivable&lt;/a&gt;&lt;/td&gt;&lt;td class=&quot;messageText&quot;&gt; Img element missing an alt attribute. Use the alt attribute to specify a short text alternative.&lt;/td&gt;&lt;td&gt;&amp;lt;img style=&quot;width: 50%&quot;
src=&quot;saleae.JPG&quot;&amp;gt;&lt;/td&gt;&lt;td class=&quot;messageTechniques&quot;&gt;&lt;ul&gt;&lt;li&gt;&lt;a href=&quot;http://www.w3.org/TR/WCAG20-TECHS/H37&quot; target=&quot;_blank&quot;&gt;H37&lt;/a&gt;&lt;/li&gt;&lt;/ul&gt;&lt;/td&gt;&lt;td class=&quot;screenshot&quot;&gt;&lt;a data-toggle=&quot;modal&quot; data-target=&quot;#screenshot&quot;  onClick=showImg(&quot;screenshots/14_32_49_2_21_2018/264.png&quot;)&gt;&lt;img src=&quot;screenshots/14_32_49_2_21_2018/264.png&quot; style=&quot;width:25px;height:25px&quot;&gt;&lt;/a&gt;&lt;/td&gt;&lt;/tr&gt;&lt;tr class=&quot;error&quot;&gt;&lt;td  class=&quot;number&quot;&gt;&lt;span class=&quot;flag&quot;&gt;Error&lt;/span&gt;&lt;/td&gt;&lt;td  class=&quot;messagePrinciple&quot;&gt;&lt;a href=&quot;http://www.w3.org/TR/WCAG20/#perceivable&quot; target=&quot;_blank&quot;&gt;Perceivable&lt;/a&gt;&lt;/td&gt;&lt;td class=&quot;messageText&quot;&gt; Img element missing an alt attribute. Use the alt attribute to specify a short text alternative.&lt;/td&gt;&lt;td&gt;&amp;lt;img style=&quot;width: 50%&quot;
src=&quot;daughterboard.PNG&quot;&amp;gt;&lt;/td&gt;&lt;td class=&quot;messageTechniques&quot;&gt;&lt;ul&gt;&lt;li&gt;&lt;a href=&quot;http://www.w3.org/TR/WCAG20-TECHS/H37&quot; target=&quot;_blank&quot;&gt;H37&lt;/a&gt;&lt;/li&gt;&lt;/ul&gt;&lt;/td&gt;&lt;td class=&quot;screenshot&quot;&gt;&lt;a data-toggle=&quot;modal&quot; data-target=&quot;#screenshot&quot;  onClick=showImg(&quot;screenshots/14_32_49_2_21_2018/81.png&quot;)&gt;&lt;img src=&quot;screenshots/14_32_49_2_21_2018/81.png&quot; style=&quot;width:25px;height:25px&quot;&gt;&lt;/a&gt;&lt;/td&gt;&lt;/tr&gt;&lt;tr class=&quot;error&quot;&gt;&lt;td  class=&quot;number&quot;&gt;&lt;span class=&quot;flag&quot;&gt;Error&lt;/span&gt;&lt;/td&gt;&lt;td  class=&quot;messagePrinciple&quot;&gt;&lt;a href=&quot;http://www.w3.org/TR/WCAG20/#perceivable&quot; target=&quot;_blank&quot;&gt;Perceivable&lt;/a&gt;&lt;/td&gt;&lt;td class=&quot;messageText&quot;&gt; Img element missing an alt attribute. Use the alt attribute to specify a short text alternative.&lt;/td&gt;&lt;td&gt;&amp;lt;img style=&quot;width: 50%&quot;
src=&quot;can.JPG&quot;&amp;gt;&lt;/td&gt;&lt;td class=&quot;messageTechniques&quot;&gt;&lt;ul&gt;&lt;li&gt;&lt;a href=&quot;http://www.w3.org/TR/WCAG20-TECHS/H37&quot; target=&quot;_blank&quot;&gt;H37&lt;/a&gt;&lt;/li&gt;&lt;/ul&gt;&lt;/td&gt;&lt;td class=&quot;screenshot&quot;&gt;&lt;a data-toggle=&quot;modal&quot; data-target=&quot;#screenshot&quot;  onClick=showImg(&quot;screenshots/14_32_49_2_21_2018/328.png&quot;)&gt;&lt;img src=&quot;screenshots/14_32_49_2_21_2018/328.png&quot; style=&quot;width:25px;height:25px&quot;&gt;&lt;/a&gt;&lt;/td&gt;&lt;/tr&gt;&lt;tr class=&quot;error&quot;&gt;&lt;td  class=&quot;number&quot;&gt;&lt;span class=&quot;flag&quot;&gt;Error&lt;/span&gt;&lt;/td&gt;&lt;td  class=&quot;messagePrinciple&quot;&gt;&lt;a href=&quot;http://www.w3.org/TR/WCAG20/#perceivable&quot; target=&quot;_blank&quot;&gt;Perceivable&lt;/a&gt;&lt;/td&gt;&lt;td class=&quot;messageText&quot;&gt; Img element missing an alt attribute. Use the alt attribute to specify a short text alternative.&lt;/td&gt;&lt;td&gt;&amp;lt;img style=&quot;width: 50%&quot;
src=&quot;logic.png&quot;&amp;gt;&lt;/td&gt;&lt;td class=&quot;messageTechniques&quot;&gt;&lt;ul&gt;&lt;li&gt;&lt;a href=&quot;http://www.w3.org/TR/WCAG20-TECHS/H37&quot; target=&quot;_blank&quot;&gt;H37&lt;/a&gt;&lt;/li&gt;&lt;/ul&gt;&lt;/td&gt;&lt;td class=&quot;screenshot&quot;&gt;&lt;a data-toggle=&quot;modal&quot; data-target=&quot;#screenshot&quot;  onClick=showImg(&quot;screenshots/14_32_49_2_21_2018/500.png&quot;)&gt;&lt;img src=&quot;screenshots/14_32_49_2_21_2018/500.png&quot; style=&quot;width:25px;height:25px&quot;&gt;&lt;/a&gt;&lt;/td&gt;&lt;/tr&gt;&lt;tr class=&quot;error&quot;&gt;&lt;td  class=&quot;number&quot;&gt;&lt;span class=&quot;flag&quot;&gt;Error&lt;/span&gt;&lt;/td&gt;&lt;td  class=&quot;messagePrinciple&quot;&gt;&lt;a href=&quot;http://www.w3.org/TR/WCAG20/#perceivable&quot; target=&quot;_blank&quot;&gt;Perceivable&lt;/a&gt;&lt;/td&gt;&lt;td class=&quot;messageText&quot;&gt; Img element missing an alt attribute. Use the alt attribute to specify a short text alternative.&lt;/td&gt;&lt;td&gt;&amp;lt;img style=&quot;width: 50%&quot;
src=&quot;logic1.png&quot;&amp;gt;&lt;/td&gt;&lt;td class=&quot;messageTechniques&quot;&gt;&lt;ul&gt;&lt;li&gt;&lt;a href=&quot;http://www.w3.org/TR/WCAG20-TECHS/H37&quot; target=&quot;_blank&quot;&gt;H37&lt;/a&gt;&lt;/li&gt;&lt;/ul&gt;&lt;/td&gt;&lt;td class=&quot;screenshot&quot;&gt;&lt;a data-toggle=&quot;modal&quot; data-target=&quot;#screenshot&quot;  onClick=showImg(&quot;screenshots/14_32_49_2_21_2018/117.png&quot;)&gt;&lt;img src=&quot;screenshots/14_32_49_2_21_2018/117.png&quot; style=&quot;width:25px;height:25px&quot;&gt;&lt;/a&gt;&lt;/td&gt;&lt;/tr&gt;&lt;/tbody&gt;&lt;/table&gt;&lt;/div&gt;
</system-out>
		</testcase>
		<testcase classname="some.class.name" name="Hardware/CEI_TK1_SOM/Daughter-Board/index.html" time="1.000000">
			<system-out>&lt;div id=&quot;resultsWrapper&quot; class=&quot;resultsWrapperActive&quot;&gt;&lt;h3&gt;The TK1-SOM Daughterboard | seL4 docs&lt;/h3&gt;&lt;h4&gt;http://localhost:4000/Hardware/CEI_TK1_SOM/Daughter-Board/index.html&lt;/h4&gt;&lt;ul id=&quot;results-overview&quot;&gt;&lt;li class=&quot;active&quot;&gt;&lt;span class=&quot;result-count result-count-errors&quot;&gt;0&lt;/span&gt;&lt;span class=&quot;result-type&quot;&gt;errors&lt;/span&gt;&lt;/a&gt;&lt;/li&gt;&lt;span class=&quot;result-count result-count-warnings&quot;&gt;0&lt;/span&gt;&lt;span class=&quot;result-type&quot;&gt;warnings&lt;/span&gt;&lt;/a&gt;&lt;/li&gt;&lt;span class=&quot;result-count result-count-notices&quot;&gt;0&lt;/span&gt;&lt;span class=&quot;result-type&quot;&gt;notices&lt;/span&gt;&lt;/a&gt;&lt;/li&gt;&lt;/ul&gt;&lt;a href=&quot;#&quot; class=&quot;button-link&quot; id=&quot;export&quot;&gt;Export as CSV&lt;/a&gt;&lt;table id=&quot;test-results-table&quot; class=&quot;tablesorter&quot;&gt;&lt;thead&gt;&lt;tr&gt;&lt;th&gt;Error Level&lt;/th&gt;&lt;th&gt;Principle&lt;/th&gt;&lt;th&gt;Message&lt;/th&gt;&lt;th&gt;Code snippet&lt;/th&gt;&lt;th&gt;Techniques&lt;/th&gt;&lt;th&gt;Screenshot&lt;/th&gt;&lt;/thead&gt;&lt;/tr&gt;&lt;tbody&gt;&lt;tr&gt;&lt;td colspan=&quot;6&quot;&gt; ----  No Errors ---  &lt;/td&gt;&lt;/tr&gt;&lt;/tbody&gt;&lt;/table&gt;&lt;/div&gt;
</system-out>
		</testcase>
		<testcase classname="some.class.name" name="Hardware/IF6410.html" time="1.000000">
			<system-out>&lt;div id=&quot;resultsWrapper&quot; class=&quot;resultsWrapperActive&quot;&gt;&lt;h3&gt;Inforce | seL4 docs&lt;/h3&gt;&lt;h4&gt;http://localhost:4000/Hardware/IF6410.html&lt;/h4&gt;&lt;ul id=&quot;results-overview&quot;&gt;&lt;li class=&quot;active&quot;&gt;&lt;span class=&quot;result-count result-count-errors&quot;&gt;0&lt;/span&gt;&lt;span class=&quot;result-type&quot;&gt;errors&lt;/span&gt;&lt;/a&gt;&lt;/li&gt;&lt;span class=&quot;result-count result-count-warnings&quot;&gt;0&lt;/span&gt;&lt;span class=&quot;result-type&quot;&gt;warnings&lt;/span&gt;&lt;/a&gt;&lt;/li&gt;&lt;span class=&quot;result-count result-count-notices&quot;&gt;0&lt;/span&gt;&lt;span class=&quot;result-type&quot;&gt;notices&lt;/span&gt;&lt;/a&gt;&lt;/li&gt;&lt;/ul&gt;&lt;a href=&quot;#&quot; class=&quot;button-link&quot; id=&quot;export&quot;&gt;Export as CSV&lt;/a&gt;&lt;table id=&quot;test-results-table&quot; class=&quot;tablesorter&quot;&gt;&lt;thead&gt;&lt;tr&gt;&lt;th&gt;Error Level&lt;/th&gt;&lt;th&gt;Principle&lt;/th&gt;&lt;th&gt;Message&lt;/th&gt;&lt;th&gt;Code snippet&lt;/th&gt;&lt;th&gt;Techniques&lt;/th&gt;&lt;th&gt;Screenshot&lt;/th&gt;&lt;/thead&gt;&lt;/tr&gt;&lt;tbody&gt;&lt;tr&gt;&lt;td colspan=&quot;6&quot;&gt; ----  No Errors ---  &lt;/td&gt;&lt;/tr&gt;&lt;/tbody&gt;&lt;/table&gt;&lt;/div&gt;
</system-out>
		</testcase>
		<testcase classname="some.class.name" name="Hardware/jetsontk1.html" time="1.000000">
			<failure message="Detected 3 error(s)." type="failure"/>
			<system-out>&lt;div id=&quot;resultsWrapper&quot; class=&quot;resultsWrapperActive&quot;&gt;&lt;h3&gt;Jetson TK1 | seL4 docs&lt;/h3&gt;&lt;h4&gt;http://localhost:4000/Hardware/jetsontk1.html&lt;/h4&gt;&lt;ul id=&quot;results-overview&quot;&gt;&lt;li class=&quot;active&quot;&gt;&lt;span class=&quot;result-count result-count-errors&quot;&gt;3&lt;/span&gt;&lt;span class=&quot;result-type&quot;&gt;errors&lt;/span&gt;&lt;/a&gt;&lt;/li&gt;&lt;span class=&quot;result-count result-count-warnings&quot;&gt;0&lt;/span&gt;&lt;span class=&quot;result-type&quot;&gt;warnings&lt;/span&gt;&lt;/a&gt;&lt;/li&gt;&lt;span class=&quot;result-count result-count-notices&quot;&gt;0&lt;/span&gt;&lt;span class=&quot;result-type&quot;&gt;notices&lt;/span&gt;&lt;/a&gt;&lt;/li&gt;&lt;/ul&gt;&lt;a href=&quot;#&quot; class=&quot;button-link&quot; id=&quot;export&quot;&gt;Export as CSV&lt;/a&gt;&lt;table id=&quot;test-results-table&quot; class=&quot;tablesorter&quot;&gt;&lt;thead&gt;&lt;tr&gt;&lt;th&gt;Error Level&lt;/th&gt;&lt;th&gt;Principle&lt;/th&gt;&lt;th&gt;Message&lt;/th&gt;&lt;th&gt;Code snippet&lt;/th&gt;&lt;th&gt;Techniques&lt;/th&gt;&lt;th&gt;Screenshot&lt;/th&gt;&lt;/thead&gt;&lt;/tr&gt;&lt;tbody&gt;&lt;tr class=&quot;error&quot;&gt;&lt;td  class=&quot;number&quot;&gt;&lt;span class=&quot;flag&quot;&gt;Error&lt;/span&gt;&lt;/td&gt;&lt;td  class=&quot;messagePrinciple&quot;&gt;&lt;a href=&quot;http://www.w3.org/TR/WCAG20/#perceivable&quot; target=&quot;_blank&quot;&gt;Perceivable&lt;/a&gt;&lt;/td&gt;&lt;td class=&quot;messageText&quot;&gt; This element has insufficient contrast at this conformance level. Expected a contrast ratio of at least 4.5:1, but text in this element has a contrast ratio of 4.17:1. Recommendation: change background to #fefefe.&lt;/td&gt;&lt;td&gt;&amp;lt;span class=&quot;c&quot;&amp;gt;#
sel4test-driver-image-arm-tk1&amp;
t;/span&amp;gt;&lt;/td&gt;&lt;td class=&quot;messageTechniques&quot;&gt;&lt;ul&gt;&lt;li&gt;&lt;a href=&quot;http://www.w3.org/TR/WCAG20-TECHS/G18&quot; target=&quot;_blank&quot;&gt;G18&lt;/a&gt;&lt;/li&gt;&lt;/ul&gt;&lt;/td&gt;&lt;td class=&quot;screenshot&quot;&gt;&lt;a data-toggle=&quot;modal&quot; data-target=&quot;#screenshot&quot;  onClick=showImg(&quot;screenshots/14_32_49_2_21_2018/74.png&quot;)&gt;&lt;img src=&quot;screenshots/14_32_49_2_21_2018/74.png&quot; style=&quot;width:25px;height:25px&quot;&gt;&lt;/a&gt;&lt;/td&gt;&lt;/tr&gt;&lt;tr class=&quot;error&quot;&gt;&lt;td  class=&quot;number&quot;&gt;&lt;span class=&quot;flag&quot;&gt;Error&lt;/span&gt;&lt;/td&gt;&lt;td  class=&quot;messagePrinciple&quot;&gt;&lt;a href=&quot;http://www.w3.org/TR/WCAG20/#perceivable&quot; target=&quot;_blank&quot;&gt;Perceivable&lt;/a&gt;&lt;/td&gt;&lt;td class=&quot;messageText&quot;&gt; This element has insufficient contrast at this conformance level. Expected a contrast ratio of at least 4.5:1, but text in this element has a contrast ratio of 3.2:1. Recommendation: change text colour to #008300.&lt;/td&gt;&lt;td&gt;&amp;lt;span class=&quot;gi&quot;&amp;gt;+++
b/include/configs/tegra-common
h
&amp;lt;/span&amp;gt;&lt;/td&gt;&lt;td class=&quot;messageTechniques&quot;&gt;&lt;ul&gt;&lt;li&gt;&lt;a href=&quot;http://www.w3.org/TR/WCAG20-TECHS/G18&quot; target=&quot;_blank&quot;&gt;G18&lt;/a&gt;&lt;/li&gt;&lt;/ul&gt;&lt;/td&gt;&lt;td class=&quot;screenshot&quot;&gt;&lt;a data-toggle=&quot;modal&quot; data-target=&quot;#screenshot&quot;  onClick=showImg(&quot;screenshots/14_32_49_2_21_2018/377.png&quot;)&gt;&lt;img src=&quot;screenshots/14_32_49_2_21_2018/377.png&quot; style=&quot;width:25px;height:25px&quot;&gt;&lt;/a&gt;&lt;/td&gt;&lt;/tr&gt;&lt;tr class=&quot;error&quot;&gt;&lt;td  class=&quot;number&quot;&gt;&lt;span class=&quot;flag&quot;&gt;Error&lt;/span&gt;&lt;/td&gt;&lt;td  class=&quot;messagePrinciple&quot;&gt;&lt;a href=&quot;http://www.w3.org/TR/WCAG20/#perceivable&quot; target=&quot;_blank&quot;&gt;Perceivable&lt;/a&gt;&lt;/td&gt;&lt;td class=&quot;messageText&quot;&gt; This element has insufficient contrast at this conformance level. Expected a contrast ratio of at least 4.5:1, but text in this element has a contrast ratio of 3.2:1. Recommendation: change text colour to #008300.&lt;/td&gt;&lt;td&gt;&amp;lt;span
class=&quot;gi&quot;&amp;gt;+#define
CONFIG_SYS_CBSIZE (256* 3) /*
Console I/O...&amp;lt;/span&amp;gt;&lt;/td&gt;&lt;td class=&quot;messageTechniques&quot;&gt;&lt;ul&gt;&lt;li&gt;&lt;a href=&quot;http://www.w3.org/TR/WCAG20-TECHS/G18&quot; target=&quot;_blank&quot;&gt;G18&lt;/a&gt;&lt;/li&gt;&lt;/ul&gt;&lt;/td&gt;&lt;td class=&quot;screenshot&quot;&gt;&lt;a data-toggle=&quot;modal&quot; data-target=&quot;#screenshot&quot;  onClick=showImg(&quot;screenshots/14_32_49_2_21_2018/686.png&quot;)&gt;&lt;img src=&quot;screenshots/14_32_49_2_21_2018/686.png&quot; style=&quot;width:25px;height:25px&quot;&gt;&lt;/a&gt;&lt;/td&gt;&lt;/tr&gt;&lt;/tbody&gt;&lt;/table&gt;&lt;/div&gt;
</system-out>
		</testcase>
		<testcase classname="some.class.name" name="Hardware/sabreLite.html" time="1.000000">
			<failure message="Detected 10 error(s)." type="failure"/>
			<system-out>&lt;div id=&quot;resultsWrapper&quot; class=&quot;resultsWrapperActive&quot;&gt;&lt;h3&gt;Sabre Lite | seL4 docs&lt;/h3&gt;&lt;h4&gt;http://localhost:4000/Hardware/sabreLite.html&lt;/h4&gt;&lt;ul id=&quot;results-overview&quot;&gt;&lt;li class=&quot;active&quot;&gt;&lt;span class=&quot;result-count result-count-errors&quot;&gt;10&lt;/span&gt;&lt;span class=&quot;result-type&quot;&gt;errors&lt;/span&gt;&lt;/a&gt;&lt;/li&gt;&lt;span class=&quot;result-count result-count-warnings&quot;&gt;0&lt;/span&gt;&lt;span class=&quot;result-type&quot;&gt;warnings&lt;/span&gt;&lt;/a&gt;&lt;/li&gt;&lt;span class=&quot;result-count result-count-notices&quot;&gt;0&lt;/span&gt;&lt;span class=&quot;result-type&quot;&gt;notices&lt;/span&gt;&lt;/a&gt;&lt;/li&gt;&lt;/ul&gt;&lt;a href=&quot;#&quot; class=&quot;button-link&quot; id=&quot;export&quot;&gt;Export as CSV&lt;/a&gt;&lt;table id=&quot;test-results-table&quot; class=&quot;tablesorter&quot;&gt;&lt;thead&gt;&lt;tr&gt;&lt;th&gt;Error Level&lt;/th&gt;&lt;th&gt;Principle&lt;/th&gt;&lt;th&gt;Message&lt;/th&gt;&lt;th&gt;Code snippet&lt;/th&gt;&lt;th&gt;Techniques&lt;/th&gt;&lt;th&gt;Screenshot&lt;/th&gt;&lt;/thead&gt;&lt;/tr&gt;&lt;tbody&gt;&lt;tr class=&quot;error&quot;&gt;&lt;td  class=&quot;number&quot;&gt;&lt;span class=&quot;flag&quot;&gt;Error&lt;/span&gt;&lt;/td&gt;&lt;td  class=&quot;messagePrinciple&quot;&gt;&lt;a href=&quot;http://www.w3.org/TR/WCAG20/#perceivable&quot; target=&quot;_blank&quot;&gt;Perceivable&lt;/a&gt;&lt;/td&gt;&lt;td class=&quot;messageText&quot;&gt; This element has insufficient contrast at this conformance level. Expected a contrast ratio of at least 4.5:1, but text in this element has a contrast ratio of 4.22:1. Recommendation: change background to #fefefe.&lt;/td&gt;&lt;td&gt;&amp;lt;a
href=&quot;https://sel4.systems/Inf
/Hardware/sabreLite/02_android
imx6-uboot-fastbootfix.patch&quot;&amp;
t;02_android-imx6-uboot-fastbo
tfix.patch&amp;lt;/a&amp;gt;&lt;/td&gt;&lt;td class=&quot;messageTechniques&quot;&gt;&lt;ul&gt;&lt;li&gt;&lt;a href=&quot;http://www.w3.org/TR/WCAG20-TECHS/G18&quot; target=&quot;_blank&quot;&gt;G18&lt;/a&gt;&lt;/li&gt;&lt;/ul&gt;&lt;/td&gt;&lt;td class=&quot;screenshot&quot;&gt;&lt;a data-toggle=&quot;modal&quot; data-target=&quot;#screenshot&quot;  onClick=showImg(&quot;screenshots/14_32_49_2_21_2018/673.png&quot;)&gt;&lt;img src=&quot;screenshots/14_32_49_2_21_2018/673.png&quot; style=&quot;width:25px;height:25px&quot;&gt;&lt;/a&gt;&lt;/td&gt;&lt;/tr&gt;&lt;tr class=&quot;error&quot;&gt;&lt;td  class=&quot;number&quot;&gt;&lt;span class=&quot;flag&quot;&gt;Error&lt;/span&gt;&lt;/td&gt;&lt;td  class=&quot;messagePrinciple&quot;&gt;&lt;a href=&quot;http://www.w3.org/TR/WCAG20/#perceivable&quot; target=&quot;_blank&quot;&gt;Perceivable&lt;/a&gt;&lt;/td&gt;&lt;td class=&quot;messageText&quot;&gt; This element has insufficient contrast at this conformance level. Expected a contrast ratio of at least 4.5:1, but text in this element has a contrast ratio of 4.22:1. Recommendation: change background to #fefefe.&lt;/td&gt;&lt;td&gt;&amp;lt;a
href=&quot;https://sel4.systems/Inf
/Hardware/sabreLite/04_android
imx6-uboot-update_env.patch&quot;&amp;g
;04_android-imx6-uboot-update_
nv.patch&amp;lt;/a&amp;gt;&lt;/td&gt;&lt;td class=&quot;messageTechniques&quot;&gt;&lt;ul&gt;&lt;li&gt;&lt;a href=&quot;http://www.w3.org/TR/WCAG20-TECHS/G18&quot; target=&quot;_blank&quot;&gt;G18&lt;/a&gt;&lt;/li&gt;&lt;/ul&gt;&lt;/td&gt;&lt;td class=&quot;screenshot&quot;&gt;&lt;a data-toggle=&quot;modal&quot; data-target=&quot;#screenshot&quot;  onClick=showImg(&quot;screenshots/14_32_49_2_21_2018/52.png&quot;)&gt;&lt;img src=&quot;screenshots/14_32_49_2_21_2018/52.png&quot; style=&quot;width:25px;height:25px&quot;&gt;&lt;/a&gt;&lt;/td&gt;&lt;/tr&gt;&lt;tr class=&quot;error&quot;&gt;&lt;td  class=&quot;number&quot;&gt;&lt;span class=&quot;flag&quot;&gt;Error&lt;/span&gt;&lt;/td&gt;&lt;td  class=&quot;messagePrinciple&quot;&gt;&lt;a href=&quot;http://www.w3.org/TR/WCAG20/#perceivable&quot; target=&quot;_blank&quot;&gt;Perceivable&lt;/a&gt;&lt;/td&gt;&lt;td class=&quot;messageText&quot;&gt; This element has insufficient contrast at this conformance level. Expected a contrast ratio of at least 4.5:1, but text in this element has a contrast ratio of 4.17:1. Recommendation: change background to #fefefe.&lt;/td&gt;&lt;td&gt;&amp;lt;span class=&quot;c&quot;&amp;gt;#
Initialise the SD card.
Replace 1 with 0 for
sta...&amp;lt;/span&amp;gt;&lt;/td&gt;&lt;td class=&quot;messageTechniques&quot;&gt;&lt;ul&gt;&lt;li&gt;&lt;a href=&quot;http://www.w3.org/TR/WCAG20-TECHS/G18&quot; target=&quot;_blank&quot;&gt;G18&lt;/a&gt;&lt;/li&gt;&lt;/ul&gt;&lt;/td&gt;&lt;td class=&quot;screenshot&quot;&gt;&lt;a data-toggle=&quot;modal&quot; data-target=&quot;#screenshot&quot;  onClick=showImg(&quot;screenshots/14_32_49_2_21_2018/818.png&quot;)&gt;&lt;img src=&quot;screenshots/14_32_49_2_21_2018/818.png&quot; style=&quot;width:25px;height:25px&quot;&gt;&lt;/a&gt;&lt;/td&gt;&lt;/tr&gt;&lt;tr class=&quot;error&quot;&gt;&lt;td  class=&quot;number&quot;&gt;&lt;span class=&quot;flag&quot;&gt;Error&lt;/span&gt;&lt;/td&gt;&lt;td  class=&quot;messagePrinciple&quot;&gt;&lt;a href=&quot;http://www.w3.org/TR/WCAG20/#perceivable&quot; target=&quot;_blank&quot;&gt;Perceivable&lt;/a&gt;&lt;/td&gt;&lt;td class=&quot;messageText&quot;&gt; This element has insufficient contrast at this conformance level. Expected a contrast ratio of at least 4.5:1, but text in this element has a contrast ratio of 4.17:1. Recommendation: change background to #fefefe.&lt;/td&gt;&lt;td&gt;&amp;lt;span class=&quot;c&quot;&amp;gt;# Load
the file with name
&quot;u-boot.bin&quot; from the
1s...&amp;lt;/span&amp;gt;&lt;/td&gt;&lt;td class=&quot;messageTechniques&quot;&gt;&lt;ul&gt;&lt;li&gt;&lt;a href=&quot;http://www.w3.org/TR/WCAG20-TECHS/G18&quot; target=&quot;_blank&quot;&gt;G18&lt;/a&gt;&lt;/li&gt;&lt;/ul&gt;&lt;/td&gt;&lt;td class=&quot;screenshot&quot;&gt;&lt;a data-toggle=&quot;modal&quot; data-target=&quot;#screenshot&quot;  onClick=showImg(&quot;screenshots/14_32_49_2_21_2018/827.png&quot;)&gt;&lt;img src=&quot;screenshots/14_32_49_2_21_2018/827.png&quot; style=&quot;width:25px;height:25px&quot;&gt;&lt;/a&gt;&lt;/td&gt;&lt;/tr&gt;&lt;tr class=&quot;error&quot;&gt;&lt;td  class=&quot;number&quot;&gt;&lt;span class=&quot;flag&quot;&gt;Error&lt;/span&gt;&lt;/td&gt;&lt;td  class=&quot;messagePrinciple&quot;&gt;&lt;a href=&quot;http://www.w3.org/TR/WCAG20/#perceivable&quot; target=&quot;_blank&quot;&gt;Perceivable&lt;/a&gt;&lt;/td&gt;&lt;td class=&quot;messageText&quot;&gt; This element has insufficient contrast at this conformance level. Expected a contrast ratio of at least 4.5:1, but text in this element has a contrast ratio of 4.17:1. Recommendation: change background to #fefefe.&lt;/td&gt;&lt;td&gt;&amp;lt;span class=&quot;c&quot;&amp;gt;#
Initialise the SPI flash
subsystem&amp;lt;/span&amp;gt;&lt;/td&gt;&lt;td class=&quot;messageTechniques&quot;&gt;&lt;ul&gt;&lt;li&gt;&lt;a href=&quot;http://www.w3.org/TR/WCAG20-TECHS/G18&quot; target=&quot;_blank&quot;&gt;G18&lt;/a&gt;&lt;/li&gt;&lt;/ul&gt;&lt;/td&gt;&lt;td class=&quot;screenshot&quot;&gt;&lt;a data-toggle=&quot;modal&quot; data-target=&quot;#screenshot&quot;  onClick=showImg(&quot;screenshots/14_32_49_2_21_2018/424.png&quot;)&gt;&lt;img src=&quot;screenshots/14_32_49_2_21_2018/424.png&quot; style=&quot;width:25px;height:25px&quot;&gt;&lt;/a&gt;&lt;/td&gt;&lt;/tr&gt;&lt;tr class=&quot;error&quot;&gt;&lt;td  class=&quot;number&quot;&gt;&lt;span class=&quot;flag&quot;&gt;Error&lt;/span&gt;&lt;/td&gt;&lt;td  class=&quot;messagePrinciple&quot;&gt;&lt;a href=&quot;http://www.w3.org/TR/WCAG20/#perceivable&quot; target=&quot;_blank&quot;&gt;Perceivable&lt;/a&gt;&lt;/td&gt;&lt;td class=&quot;messageText&quot;&gt; This element has insufficient contrast at this conformance level. Expected a contrast ratio of at least 4.5:1, but text in this element has a contrast ratio of 4.17:1. Recommendation: change background to #fefefe.&lt;/td&gt;&lt;td&gt;&amp;lt;span class=&quot;c&quot;&amp;gt;# Erase
0x100000 bytes from the SPI
flash starting...&amp;lt;/span&amp;gt;&lt;/td&gt;&lt;td class=&quot;messageTechniques&quot;&gt;&lt;ul&gt;&lt;li&gt;&lt;a href=&quot;http://www.w3.org/TR/WCAG20-TECHS/G18&quot; target=&quot;_blank&quot;&gt;G18&lt;/a&gt;&lt;/li&gt;&lt;/ul&gt;&lt;/td&gt;&lt;td class=&quot;screenshot&quot;&gt;&lt;a data-toggle=&quot;modal&quot; data-target=&quot;#screenshot&quot;  onClick=showImg(&quot;screenshots/14_32_49_2_21_2018/633.png&quot;)&gt;&lt;img src=&quot;screenshots/14_32_49_2_21_2018/633.png&quot; style=&quot;width:25px;height:25px&quot;&gt;&lt;/a&gt;&lt;/td&gt;&lt;/tr&gt;&lt;tr class=&quot;error&quot;&gt;&lt;td  class=&quot;number&quot;&gt;&lt;span class=&quot;flag&quot;&gt;Error&lt;/span&gt;&lt;/td&gt;&lt;td  class=&quot;messagePrinciple&quot;&gt;&lt;a href=&quot;http://www.w3.org/TR/WCAG20/#perceivable&quot; target=&quot;_blank&quot;&gt;Perceivable&lt;/a&gt;&lt;/td&gt;&lt;td class=&quot;messageText&quot;&gt; This element has insufficient contrast at this conformance level. Expected a contrast ratio of at least 4.5:1, but text in this element has a contrast ratio of 4.17:1. Recommendation: change background to #fefefe.&lt;/td&gt;&lt;td&gt;&amp;lt;span class=&quot;c&quot;&amp;gt;# This
covers both U-Boot and its
saved
environmen...&amp;lt;/span&amp;gt;&lt;/td&gt;&lt;td class=&quot;messageTechniques&quot;&gt;&lt;ul&gt;&lt;li&gt;&lt;a href=&quot;http://www.w3.org/TR/WCAG20-TECHS/G18&quot; target=&quot;_blank&quot;&gt;G18&lt;/a&gt;&lt;/li&gt;&lt;/ul&gt;&lt;/td&gt;&lt;td class=&quot;screenshot&quot;&gt;&lt;a data-toggle=&quot;modal&quot; data-target=&quot;#screenshot&quot;  onClick=showImg(&quot;screenshots/14_32_49_2_21_2018/424.png&quot;)&gt;&lt;img src=&quot;screenshots/14_32_49_2_21_2018/424.png&quot; style=&quot;width:25px;height:25px&quot;&gt;&lt;/a&gt;&lt;/td&gt;&lt;/tr&gt;&lt;tr class=&quot;error&quot;&gt;&lt;td  class=&quot;number&quot;&gt;&lt;span class=&quot;flag&quot;&gt;Error&lt;/span&gt;&lt;/td&gt;&lt;td  class=&quot;messagePrinciple&quot;&gt;&lt;a href=&quot;http://www.w3.org/TR/WCAG20/#perceivable&quot; target=&quot;_blank&quot;&gt;Perceivable&lt;/a&gt;&lt;/td&gt;&lt;td class=&quot;messageText&quot;&gt; This element has insufficient contrast at this conformance level. Expected a contrast ratio of at least 4.5:1, but text in this element has a contrast ratio of 4.17:1. Recommendation: change background to #fefefe.&lt;/td&gt;&lt;td&gt;&amp;lt;span class=&quot;c&quot;&amp;gt;# Copy
${filesize} bytes from RAM at
address 0x120...&amp;lt;/span&amp;gt;&lt;/td&gt;&lt;td class=&quot;messageTechniques&quot;&gt;&lt;ul&gt;&lt;li&gt;&lt;a href=&quot;http://www.w3.org/TR/WCAG20-TECHS/G18&quot; target=&quot;_blank&quot;&gt;G18&lt;/a&gt;&lt;/li&gt;&lt;/ul&gt;&lt;/td&gt;&lt;td class=&quot;screenshot&quot;&gt;&lt;a data-toggle=&quot;modal&quot; data-target=&quot;#screenshot&quot;  onClick=showImg(&quot;screenshots/14_32_49_2_21_2018/775.png&quot;)&gt;&lt;img src=&quot;screenshots/14_32_49_2_21_2018/775.png&quot; style=&quot;width:25px;height:25px&quot;&gt;&lt;/a&gt;&lt;/td&gt;&lt;/tr&gt;&lt;tr class=&quot;error&quot;&gt;&lt;td  class=&quot;number&quot;&gt;&lt;span class=&quot;flag&quot;&gt;Error&lt;/span&gt;&lt;/td&gt;&lt;td  class=&quot;messagePrinciple&quot;&gt;&lt;a href=&quot;http://www.w3.org/TR/WCAG20/#perceivable&quot; target=&quot;_blank&quot;&gt;Perceivable&lt;/a&gt;&lt;/td&gt;&lt;td class=&quot;messageText&quot;&gt; This element has insufficient contrast at this conformance level. Expected a contrast ratio of at least 4.5:1, but text in this element has a contrast ratio of 4.17:1. Recommendation: change background to #fefefe.&lt;/td&gt;&lt;td&gt;&amp;lt;span class=&quot;c&quot;&amp;gt;# Note
that the filesize variable
was set when
the...&amp;lt;/span&amp;gt;&lt;/td&gt;&lt;td class=&quot;messageTechniques&quot;&gt;&lt;ul&gt;&lt;li&gt;&lt;a href=&quot;http://www.w3.org/TR/WCAG20-TECHS/G18&quot; target=&quot;_blank&quot;&gt;G18&lt;/a&gt;&lt;/li&gt;&lt;/ul&gt;&lt;/td&gt;&lt;td class=&quot;screenshot&quot;&gt;&lt;a data-toggle=&quot;modal&quot; data-target=&quot;#screenshot&quot;  onClick=showImg(&quot;screenshots/14_32_49_2_21_2018/989.png&quot;)&gt;&lt;img src=&quot;screenshots/14_32_49_2_21_2018/989.png&quot; style=&quot;width:25px;height:25px&quot;&gt;&lt;/a&gt;&lt;/td&gt;&lt;/tr&gt;&lt;tr class=&quot;error&quot;&gt;&lt;td  class=&quot;number&quot;&gt;&lt;span class=&quot;flag&quot;&gt;Error&lt;/span&gt;&lt;/td&gt;&lt;td  class=&quot;messagePrinciple&quot;&gt;&lt;a href=&quot;http://www.w3.org/TR/WCAG20/#perceivable&quot; target=&quot;_blank&quot;&gt;Perceivable&lt;/a&gt;&lt;/td&gt;&lt;td class=&quot;messageText&quot;&gt; This element has insufficient contrast at this conformance level. Expected a contrast ratio of at least 4.5:1, but text in this element has a contrast ratio of 4.17:1. Recommendation: change background to #fefefe.&lt;/td&gt;&lt;td&gt;&amp;lt;span class=&quot;c&quot;&amp;gt;#
Ensure that the boot select
switches are set
app...&amp;lt;/span&amp;gt;&lt;/td&gt;&lt;td class=&quot;messageTechniques&quot;&gt;&lt;ul&gt;&lt;li&gt;&lt;a href=&quot;http://www.w3.org/TR/WCAG20-TECHS/G18&quot; target=&quot;_blank&quot;&gt;G18&lt;/a&gt;&lt;/li&gt;&lt;/ul&gt;&lt;/td&gt;&lt;td class=&quot;screenshot&quot;&gt;&lt;a data-toggle=&quot;modal&quot; data-target=&quot;#screenshot&quot;  onClick=showImg(&quot;screenshots/14_32_49_2_21_2018/417.png&quot;)&gt;&lt;img src=&quot;screenshots/14_32_49_2_21_2018/417.png&quot; style=&quot;width:25px;height:25px&quot;&gt;&lt;/a&gt;&lt;/td&gt;&lt;/tr&gt;&lt;/tbody&gt;&lt;/table&gt;&lt;/div&gt;
</system-out>
		</testcase>
		<testcase classname="some.class.name" name="Hardware/index.html" time="1.000000">
			<failure message="Detected 7 error(s)." type="failure"/>
			<system-out>&lt;div id=&quot;resultsWrapper&quot; class=&quot;resultsWrapperActive&quot;&gt;&lt;h3&gt;Supported hardware platforms | seL4 docs&lt;/h3&gt;&lt;h4&gt;http://localhost:4000/Hardware/index.html&lt;/h4&gt;&lt;ul id=&quot;results-overview&quot;&gt;&lt;li class=&quot;active&quot;&gt;&lt;span class=&quot;result-count result-count-errors&quot;&gt;7&lt;/span&gt;&lt;span class=&quot;result-type&quot;&gt;errors&lt;/span&gt;&lt;/a&gt;&lt;/li&gt;&lt;span class=&quot;result-count result-count-warnings&quot;&gt;0&lt;/span&gt;&lt;span class=&quot;result-type&quot;&gt;warnings&lt;/span&gt;&lt;/a&gt;&lt;/li&gt;&lt;span class=&quot;result-count result-count-notices&quot;&gt;0&lt;/span&gt;&lt;span class=&quot;result-type&quot;&gt;notices&lt;/span&gt;&lt;/a&gt;&lt;/li&gt;&lt;/ul&gt;&lt;a href=&quot;#&quot; class=&quot;button-link&quot; id=&quot;export&quot;&gt;Export as CSV&lt;/a&gt;&lt;table id=&quot;test-results-table&quot; class=&quot;tablesorter&quot;&gt;&lt;thead&gt;&lt;tr&gt;&lt;th&gt;Error Level&lt;/th&gt;&lt;th&gt;Principle&lt;/th&gt;&lt;th&gt;Message&lt;/th&gt;&lt;th&gt;Code snippet&lt;/th&gt;&lt;th&gt;Techniques&lt;/th&gt;&lt;th&gt;Screenshot&lt;/th&gt;&lt;/thead&gt;&lt;/tr&gt;&lt;tbody&gt;&lt;tr class=&quot;error&quot;&gt;&lt;td  class=&quot;number&quot;&gt;&lt;span class=&quot;flag&quot;&gt;Error&lt;/span&gt;&lt;/td&gt;&lt;td  class=&quot;messagePrinciple&quot;&gt;&lt;a href=&quot;http://www.w3.org/TR/WCAG20/#perceivable&quot; target=&quot;_blank&quot;&gt;Perceivable&lt;/a&gt;&lt;/td&gt;&lt;td class=&quot;messageText&quot;&gt; This element has insufficient contrast at this conformance level. Expected a contrast ratio of at least 4.5:1, but text in this element has a contrast ratio of 4.22:1. Recommendation: change background to #fefefe.&lt;/td&gt;&lt;td&gt;&amp;lt;a
href=&quot;IA32&quot;&amp;gt;PC99&amp;lt;/a&amp;gt;&lt;/td&gt;&lt;td class=&quot;messageTechniques&quot;&gt;&lt;ul&gt;&lt;li&gt;&lt;a href=&quot;http://www.w3.org/TR/WCAG20-TECHS/G18&quot; target=&quot;_blank&quot;&gt;G18&lt;/a&gt;&lt;/li&gt;&lt;/ul&gt;&lt;/td&gt;&lt;td class=&quot;screenshot&quot;&gt;&lt;a data-toggle=&quot;modal&quot; data-target=&quot;#screenshot&quot;  onClick=showImg(&quot;screenshots/14_32_49_2_21_2018/922.png&quot;)&gt;&lt;img src=&quot;screenshots/14_32_49_2_21_2018/922.png&quot; style=&quot;width:25px;height:25px&quot;&gt;&lt;/a&gt;&lt;/td&gt;&lt;/tr&gt;&lt;tr class=&quot;error&quot;&gt;&lt;td  class=&quot;number&quot;&gt;&lt;span class=&quot;flag&quot;&gt;Error&lt;/span&gt;&lt;/td&gt;&lt;td  class=&quot;messagePrinciple&quot;&gt;&lt;a href=&quot;http://www.w3.org/TR/WCAG20/#perceivable&quot; target=&quot;_blank&quot;&gt;Perceivable&lt;/a&gt;&lt;/td&gt;&lt;td class=&quot;messageText&quot;&gt; This element has insufficient contrast at this conformance level. Expected a contrast ratio of at least 4.5:1, but text in this element has a contrast ratio of 4.22:1. Recommendation: change background to #fefefe.&lt;/td&gt;&lt;td&gt;&amp;lt;a
href=&quot;BeagleBoard&quot;&amp;gt;BeagleBo
rd&amp;lt;/a&amp;gt;&lt;/td&gt;&lt;td class=&quot;messageTechniques&quot;&gt;&lt;ul&gt;&lt;li&gt;&lt;a href=&quot;http://www.w3.org/TR/WCAG20-TECHS/G18&quot; target=&quot;_blank&quot;&gt;G18&lt;/a&gt;&lt;/li&gt;&lt;/ul&gt;&lt;/td&gt;&lt;td class=&quot;screenshot&quot;&gt;&lt;a data-toggle=&quot;modal&quot; data-target=&quot;#screenshot&quot;  onClick=showImg(&quot;screenshots/14_32_49_2_21_2018/381.png&quot;)&gt;&lt;img src=&quot;screenshots/14_32_49_2_21_2018/381.png&quot; style=&quot;width:25px;height:25px&quot;&gt;&lt;/a&gt;&lt;/td&gt;&lt;/tr&gt;&lt;tr class=&quot;error&quot;&gt;&lt;td  class=&quot;number&quot;&gt;&lt;span class=&quot;flag&quot;&gt;Error&lt;/span&gt;&lt;/td&gt;&lt;td  class=&quot;messagePrinciple&quot;&gt;&lt;a href=&quot;http://www.w3.org/TR/WCAG20/#perceivable&quot; target=&quot;_blank&quot;&gt;Perceivable&lt;/a&gt;&lt;/td&gt;&lt;td class=&quot;messageText&quot;&gt; This element has insufficient contrast at this conformance level. Expected a contrast ratio of at least 4.5:1, but text in this element has a contrast ratio of 4.22:1. Recommendation: change background to #fefefe.&lt;/td&gt;&lt;td&gt;&amp;lt;a
href=&quot;IF6410&quot;&amp;gt;Inforce
IFC6410&amp;lt;/a&amp;gt;&lt;/td&gt;&lt;td class=&quot;messageTechniques&quot;&gt;&lt;ul&gt;&lt;li&gt;&lt;a href=&quot;http://www.w3.org/TR/WCAG20-TECHS/G18&quot; target=&quot;_blank&quot;&gt;G18&lt;/a&gt;&lt;/li&gt;&lt;/ul&gt;&lt;/td&gt;&lt;td class=&quot;screenshot&quot;&gt;&lt;a data-toggle=&quot;modal&quot; data-target=&quot;#screenshot&quot;  onClick=showImg(&quot;screenshots/14_32_49_2_21_2018/605.png&quot;)&gt;&lt;img src=&quot;screenshots/14_32_49_2_21_2018/605.png&quot; style=&quot;width:25px;height:25px&quot;&gt;&lt;/a&gt;&lt;/td&gt;&lt;/tr&gt;&lt;tr class=&quot;error&quot;&gt;&lt;td  class=&quot;number&quot;&gt;&lt;span class=&quot;flag&quot;&gt;Error&lt;/span&gt;&lt;/td&gt;&lt;td  class=&quot;messagePrinciple&quot;&gt;&lt;a href=&quot;http://www.w3.org/TR/WCAG20/#perceivable&quot; target=&quot;_blank&quot;&gt;Perceivable&lt;/a&gt;&lt;/td&gt;&lt;td class=&quot;messageText&quot;&gt; This element has insufficient contrast at this conformance level. Expected a contrast ratio of at least 4.5:1, but text in this element has a contrast ratio of 4.22:1. Recommendation: change background to #fefefe.&lt;/td&gt;&lt;td&gt;&amp;lt;a
href=&quot;odroidx&quot;&amp;gt;Odroid-X&amp;lt;
a&amp;gt;&lt;/td&gt;&lt;td class=&quot;messageTechniques&quot;&gt;&lt;ul&gt;&lt;li&gt;&lt;a href=&quot;http://www.w3.org/TR/WCAG20-TECHS/G18&quot; target=&quot;_blank&quot;&gt;G18&lt;/a&gt;&lt;/li&gt;&lt;/ul&gt;&lt;/td&gt;&lt;td class=&quot;screenshot&quot;&gt;&lt;a data-toggle=&quot;modal&quot; data-target=&quot;#screenshot&quot;  onClick=showImg(&quot;screenshots/14_32_49_2_21_2018/560.png&quot;)&gt;&lt;img src=&quot;screenshots/14_32_49_2_21_2018/560.png&quot; style=&quot;width:25px;height:25px&quot;&gt;&lt;/a&gt;&lt;/td&gt;&lt;/tr&gt;&lt;tr class=&quot;error&quot;&gt;&lt;td  class=&quot;number&quot;&gt;&lt;span class=&quot;flag&quot;&gt;Error&lt;/span&gt;&lt;/td&gt;&lt;td  class=&quot;messagePrinciple&quot;&gt;&lt;a href=&quot;http://www.w3.org/TR/WCAG20/#perceivable&quot; target=&quot;_blank&quot;&gt;Perceivable&lt;/a&gt;&lt;/td&gt;&lt;td class=&quot;messageText&quot;&gt; This element has insufficient contrast at this conformance level. Expected a contrast ratio of at least 4.5:1, but text in this element has a contrast ratio of 4.22:1. Recommendation: change background to #fefefe.&lt;/td&gt;&lt;td&gt;&amp;lt;a
href=&quot;sabreLite&quot;&amp;gt;Sabre
Lite&amp;lt;/a&amp;gt;&lt;/td&gt;&lt;td class=&quot;messageTechniques&quot;&gt;&lt;ul&gt;&lt;li&gt;&lt;a href=&quot;http://www.w3.org/TR/WCAG20-TECHS/G18&quot; target=&quot;_blank&quot;&gt;G18&lt;/a&gt;&lt;/li&gt;&lt;/ul&gt;&lt;/td&gt;&lt;td class=&quot;screenshot&quot;&gt;&lt;a data-toggle=&quot;modal&quot; data-target=&quot;#screenshot&quot;  onClick=showImg(&quot;screenshots/14_32_49_2_21_2018/585.png&quot;)&gt;&lt;img src=&quot;screenshots/14_32_49_2_21_2018/585.png&quot; style=&quot;width:25px;height:25px&quot;&gt;&lt;/a&gt;&lt;/td&gt;&lt;/tr&gt;&lt;tr class=&quot;error&quot;&gt;&lt;td  class=&quot;number&quot;&gt;&lt;span class=&quot;flag&quot;&gt;Error&lt;/span&gt;&lt;/td&gt;&lt;td  class=&quot;messagePrinciple&quot;&gt;&lt;a href=&quot;http://www.w3.org/TR/WCAG20/#perceivable&quot; target=&quot;_blank&quot;&gt;Perceivable&lt;/a&gt;&lt;/td&gt;&lt;td class=&quot;messageText&quot;&gt; This element has insufficient contrast at this conformance level. Expected a contrast ratio of at least 4.5:1, but text in this element has a contrast ratio of 4.22:1. Recommendation: change background to #fefefe.&lt;/td&gt;&lt;td&gt;&amp;lt;a
href=&quot;jetsontx1&quot;&amp;gt;Jetson
TX1 (NVIDIA) &amp;lt;/a&amp;gt;&lt;/td&gt;&lt;td class=&quot;messageTechniques&quot;&gt;&lt;ul&gt;&lt;li&gt;&lt;a href=&quot;http://www.w3.org/TR/WCAG20-TECHS/G18&quot; target=&quot;_blank&quot;&gt;G18&lt;/a&gt;&lt;/li&gt;&lt;/ul&gt;&lt;/td&gt;&lt;td class=&quot;screenshot&quot;&gt;&lt;a data-toggle=&quot;modal&quot; data-target=&quot;#screenshot&quot;  onClick=showImg(&quot;screenshots/14_32_49_2_21_2018/830.png&quot;)&gt;&lt;img src=&quot;screenshots/14_32_49_2_21_2018/830.png&quot; style=&quot;width:25px;height:25px&quot;&gt;&lt;/a&gt;&lt;/td&gt;&lt;/tr&gt;&lt;tr class=&quot;error&quot;&gt;&lt;td  class=&quot;number&quot;&gt;&lt;span class=&quot;flag&quot;&gt;Error&lt;/span&gt;&lt;/td&gt;&lt;td  class=&quot;messagePrinciple&quot;&gt;&lt;a href=&quot;http://www.w3.org/TR/WCAG20/#perceivable&quot; target=&quot;_blank&quot;&gt;Perceivable&lt;/a&gt;&lt;/td&gt;&lt;td class=&quot;messageText&quot;&gt; This element has insufficient contrast at this conformance level. Expected a contrast ratio of at least 4.5:1, but text in this element has a contrast ratio of 4.22:1. Recommendation: change background to #fefefe.&lt;/td&gt;&lt;td&gt;&amp;lt;a
href=&quot;Rpi3&quot;&amp;gt;Raspberry Pi
3-b&amp;lt;/a&amp;gt;&lt;/td&gt;&lt;td class=&quot;messageTechniques&quot;&gt;&lt;ul&gt;&lt;li&gt;&lt;a href=&quot;http://www.w3.org/TR/WCAG20-TECHS/G18&quot; target=&quot;_blank&quot;&gt;G18&lt;/a&gt;&lt;/li&gt;&lt;/ul&gt;&lt;/td&gt;&lt;td class=&quot;screenshot&quot;&gt;&lt;a data-toggle=&quot;modal&quot; data-target=&quot;#screenshot&quot;  onClick=showImg(&quot;screenshots/14_32_49_2_21_2018/52.png&quot;)&gt;&lt;img src=&quot;screenshots/14_32_49_2_21_2018/52.png&quot; style=&quot;width:25px;height:25px&quot;&gt;&lt;/a&gt;&lt;/td&gt;&lt;/tr&gt;&lt;/tbody&gt;&lt;/table&gt;&lt;/div&gt;
</system-out>
		</testcase>
		<testcase classname="some.class.name" name="Hardware/odriod-XU.html" time="1.000000">
			<system-out>&lt;div id=&quot;resultsWrapper&quot; class=&quot;resultsWrapperActive&quot;&gt;&lt;h3&gt;seL4 on the Odroid XU | seL4 docs&lt;/h3&gt;&lt;h4&gt;http://localhost:4000/Hardware/odriod-XU.html&lt;/h4&gt;&lt;ul id=&quot;results-overview&quot;&gt;&lt;li class=&quot;active&quot;&gt;&lt;span class=&quot;result-count result-count-errors&quot;&gt;0&lt;/span&gt;&lt;span class=&quot;result-type&quot;&gt;errors&lt;/span&gt;&lt;/a&gt;&lt;/li&gt;&lt;span class=&quot;result-count result-count-warnings&quot;&gt;0&lt;/span&gt;&lt;span class=&quot;result-type&quot;&gt;warnings&lt;/span&gt;&lt;/a&gt;&lt;/li&gt;&lt;span class=&quot;result-count result-count-notices&quot;&gt;0&lt;/span&gt;&lt;span class=&quot;result-type&quot;&gt;notices&lt;/span&gt;&lt;/a&gt;&lt;/li&gt;&lt;/ul&gt;&lt;a href=&quot;#&quot; class=&quot;button-link&quot; id=&quot;export&quot;&gt;Export as CSV&lt;/a&gt;&lt;table id=&quot;test-results-table&quot; class=&quot;tablesorter&quot;&gt;&lt;thead&gt;&lt;tr&gt;&lt;th&gt;Error Level&lt;/th&gt;&lt;th&gt;Principle&lt;/th&gt;&lt;th&gt;Message&lt;/th&gt;&lt;th&gt;Code snippet&lt;/th&gt;&lt;th&gt;Techniques&lt;/th&gt;&lt;th&gt;Screenshot&lt;/th&gt;&lt;/thead&gt;&lt;/tr&gt;&lt;tbody&gt;&lt;tr&gt;&lt;td colspan=&quot;6&quot;&gt; ----  No Errors ---  &lt;/td&gt;&lt;/tr&gt;&lt;/tbody&gt;&lt;/table&gt;&lt;/div&gt;
</system-out>
		</testcase>
		<testcase classname="some.class.name" name="Hardware/PandaBoard.html" time="1.000000">
			<system-out>&lt;div id=&quot;resultsWrapper&quot; class=&quot;resultsWrapperActive&quot;&gt;&lt;h3&gt;| seL4 docs&lt;/h3&gt;&lt;h4&gt;http://localhost:4000/Hardware/PandaBoard.html&lt;/h4&gt;&lt;ul id=&quot;results-overview&quot;&gt;&lt;li class=&quot;active&quot;&gt;&lt;span class=&quot;result-count result-count-errors&quot;&gt;0&lt;/span&gt;&lt;span class=&quot;result-type&quot;&gt;errors&lt;/span&gt;&lt;/a&gt;&lt;/li&gt;&lt;span class=&quot;result-count result-count-warnings&quot;&gt;0&lt;/span&gt;&lt;span class=&quot;result-type&quot;&gt;warnings&lt;/span&gt;&lt;/a&gt;&lt;/li&gt;&lt;span class=&quot;result-count result-count-notices&quot;&gt;0&lt;/span&gt;&lt;span class=&quot;result-type&quot;&gt;notices&lt;/span&gt;&lt;/a&gt;&lt;/li&gt;&lt;/ul&gt;&lt;a href=&quot;#&quot; class=&quot;button-link&quot; id=&quot;export&quot;&gt;Export as CSV&lt;/a&gt;&lt;table id=&quot;test-results-table&quot; class=&quot;tablesorter&quot;&gt;&lt;thead&gt;&lt;tr&gt;&lt;th&gt;Error Level&lt;/th&gt;&lt;th&gt;Principle&lt;/th&gt;&lt;th&gt;Message&lt;/th&gt;&lt;th&gt;Code snippet&lt;/th&gt;&lt;th&gt;Techniques&lt;/th&gt;&lt;th&gt;Screenshot&lt;/th&gt;&lt;/thead&gt;&lt;/tr&gt;&lt;tbody&gt;&lt;tr&gt;&lt;td colspan=&quot;6&quot;&gt; ----  No Errors ---  &lt;/td&gt;&lt;/tr&gt;&lt;/tbody&gt;&lt;/table&gt;&lt;/div&gt;
</system-out>
		</testcase>
		<testcase classname="some.class.name" name="Hardware/BeagleBoard.html" time="1.000000">
			<system-out>&lt;div id=&quot;resultsWrapper&quot; class=&quot;resultsWrapperActive&quot;&gt;&lt;h3&gt;seL4 on the BeagleBoard | seL4 docs&lt;/h3&gt;&lt;h4&gt;http://localhost:4000/Hardware/BeagleBoard.html&lt;/h4&gt;&lt;ul id=&quot;results-overview&quot;&gt;&lt;li class=&quot;active&quot;&gt;&lt;span class=&quot;result-count result-count-errors&quot;&gt;0&lt;/span&gt;&lt;span class=&quot;result-type&quot;&gt;errors&lt;/span&gt;&lt;/a&gt;&lt;/li&gt;&lt;span class=&quot;result-count result-count-warnings&quot;&gt;0&lt;/span&gt;&lt;span class=&quot;result-type&quot;&gt;warnings&lt;/span&gt;&lt;/a&gt;&lt;/li&gt;&lt;span class=&quot;result-count result-count-notices&quot;&gt;0&lt;/span&gt;&lt;span class=&quot;result-type&quot;&gt;notices&lt;/span&gt;&lt;/a&gt;&lt;/li&gt;&lt;/ul&gt;&lt;a href=&quot;#&quot; class=&quot;button-link&quot; id=&quot;export&quot;&gt;Export as CSV&lt;/a&gt;&lt;table id=&quot;test-results-table&quot; class=&quot;tablesorter&quot;&gt;&lt;thead&gt;&lt;tr&gt;&lt;th&gt;Error Level&lt;/th&gt;&lt;th&gt;Principle&lt;/th&gt;&lt;th&gt;Message&lt;/th&gt;&lt;th&gt;Code snippet&lt;/th&gt;&lt;th&gt;Techniques&lt;/th&gt;&lt;th&gt;Screenshot&lt;/th&gt;&lt;/thead&gt;&lt;/tr&gt;&lt;tbody&gt;&lt;tr&gt;&lt;td colspan=&quot;6&quot;&gt; ----  No Errors ---  &lt;/td&gt;&lt;/tr&gt;&lt;/tbody&gt;&lt;/table&gt;&lt;/div&gt;
</system-out>
		</testcase>
		<testcase classname="some.class.name" name="Hardware/VMware/index.html" time="1.000000">
			<failure message="Detected 3 error(s)." type="failure"/>
			<system-out>&lt;div id=&quot;resultsWrapper&quot; class=&quot;resultsWrapperActive&quot;&gt;&lt;h3&gt;seL4 on VMware | seL4 docs&lt;/h3&gt;&lt;h4&gt;http://localhost:4000/Hardware/VMware/index.html&lt;/h4&gt;&lt;ul id=&quot;results-overview&quot;&gt;&lt;li class=&quot;active&quot;&gt;&lt;span class=&quot;result-count result-count-errors&quot;&gt;3&lt;/span&gt;&lt;span class=&quot;result-type&quot;&gt;errors&lt;/span&gt;&lt;/a&gt;&lt;/li&gt;&lt;span class=&quot;result-count result-count-warnings&quot;&gt;0&lt;/span&gt;&lt;span class=&quot;result-type&quot;&gt;warnings&lt;/span&gt;&lt;/a&gt;&lt;/li&gt;&lt;span class=&quot;result-count result-count-notices&quot;&gt;0&lt;/span&gt;&lt;span class=&quot;result-type&quot;&gt;notices&lt;/span&gt;&lt;/a&gt;&lt;/li&gt;&lt;/ul&gt;&lt;a href=&quot;#&quot; class=&quot;button-link&quot; id=&quot;export&quot;&gt;Export as CSV&lt;/a&gt;&lt;table id=&quot;test-results-table&quot; class=&quot;tablesorter&quot;&gt;&lt;thead&gt;&lt;tr&gt;&lt;th&gt;Error Level&lt;/th&gt;&lt;th&gt;Principle&lt;/th&gt;&lt;th&gt;Message&lt;/th&gt;&lt;th&gt;Code snippet&lt;/th&gt;&lt;th&gt;Techniques&lt;/th&gt;&lt;th&gt;Screenshot&lt;/th&gt;&lt;/thead&gt;&lt;/tr&gt;&lt;tbody&gt;&lt;tr class=&quot;error&quot;&gt;&lt;td  class=&quot;number&quot;&gt;&lt;span class=&quot;flag&quot;&gt;Error&lt;/span&gt;&lt;/td&gt;&lt;td  class=&quot;messagePrinciple&quot;&gt;&lt;a href=&quot;http://www.w3.org/TR/WCAG20/#perceivable&quot; target=&quot;_blank&quot;&gt;Perceivable&lt;/a&gt;&lt;/td&gt;&lt;td class=&quot;messageText&quot;&gt; This element has insufficient contrast at this conformance level. Expected a contrast ratio of at least 4.5:1, but text in this element has a contrast ratio of 4.17:1. Recommendation: change background to #fefefe.&lt;/td&gt;&lt;td&gt;&amp;lt;span
class=&quot;c&quot;&amp;gt;#!/bin/bash
&amp;lt;/span&amp;gt;&lt;/td&gt;&lt;td class=&quot;messageTechniques&quot;&gt;&lt;ul&gt;&lt;li&gt;&lt;a href=&quot;http://www.w3.org/TR/WCAG20-TECHS/G18&quot; target=&quot;_blank&quot;&gt;G18&lt;/a&gt;&lt;/li&gt;&lt;/ul&gt;&lt;/td&gt;&lt;td class=&quot;screenshot&quot;&gt;&lt;a data-toggle=&quot;modal&quot; data-target=&quot;#screenshot&quot;  onClick=showImg(&quot;screenshots/14_32_50_2_21_2018/296.png&quot;)&gt;&lt;img src=&quot;screenshots/14_32_50_2_21_2018/296.png&quot; style=&quot;width:25px;height:25px&quot;&gt;&lt;/a&gt;&lt;/td&gt;&lt;/tr&gt;&lt;tr class=&quot;error&quot;&gt;&lt;td  class=&quot;number&quot;&gt;&lt;span class=&quot;flag&quot;&gt;Error&lt;/span&gt;&lt;/td&gt;&lt;td  class=&quot;messagePrinciple&quot;&gt;&lt;a href=&quot;http://www.w3.org/TR/WCAG20/#perceivable&quot; target=&quot;_blank&quot;&gt;Perceivable&lt;/a&gt;&lt;/td&gt;&lt;td class=&quot;messageText&quot;&gt; This element has insufficient contrast at this conformance level. Expected a contrast ratio of at least 4.5:1, but text in this element has a contrast ratio of 4.17:1. Recommendation: change background to #fefefe.&lt;/td&gt;&lt;td&gt;&amp;lt;span class=&quot;c&quot;&amp;gt;#
Usage: vmware-mount diskPath
[partition num]
mou...&amp;lt;/span&amp;gt;&lt;/td&gt;&lt;td class=&quot;messageTechniques&quot;&gt;&lt;ul&gt;&lt;li&gt;&lt;a href=&quot;http://www.w3.org/TR/WCAG20-TECHS/G18&quot; target=&quot;_blank&quot;&gt;G18&lt;/a&gt;&lt;/li&gt;&lt;/ul&gt;&lt;/td&gt;&lt;td class=&quot;screenshot&quot;&gt;&lt;a data-toggle=&quot;modal&quot; data-target=&quot;#screenshot&quot;  onClick=showImg(&quot;screenshots/14_32_50_2_21_2018/975.png&quot;)&gt;&lt;img src=&quot;screenshots/14_32_50_2_21_2018/975.png&quot; style=&quot;width:25px;height:25px&quot;&gt;&lt;/a&gt;&lt;/td&gt;&lt;/tr&gt;&lt;tr class=&quot;error&quot;&gt;&lt;td  class=&quot;number&quot;&gt;&lt;span class=&quot;flag&quot;&gt;Error&lt;/span&gt;&lt;/td&gt;&lt;td  class=&quot;messagePrinciple&quot;&gt;&lt;a href=&quot;http://www.w3.org/TR/WCAG20/#perceivable&quot; target=&quot;_blank&quot;&gt;Perceivable&lt;/a&gt;&lt;/td&gt;&lt;td class=&quot;messageText&quot;&gt; This element has insufficient contrast at this conformance level. Expected a contrast ratio of at least 4.5:1, but text in this element has a contrast ratio of 4.17:1. Recommendation: change background to #fefefe.&lt;/td&gt;&lt;td&gt;&amp;lt;span class=&quot;c&quot;&amp;gt;# Now
do your editing in
/tmp/vmount.&amp;lt;/span&amp;gt;&lt;/td&gt;&lt;td class=&quot;messageTechniques&quot;&gt;&lt;ul&gt;&lt;li&gt;&lt;a href=&quot;http://www.w3.org/TR/WCAG20-TECHS/G18&quot; target=&quot;_blank&quot;&gt;G18&lt;/a&gt;&lt;/li&gt;&lt;/ul&gt;&lt;/td&gt;&lt;td class=&quot;screenshot&quot;&gt;&lt;a data-toggle=&quot;modal&quot; data-target=&quot;#screenshot&quot;  onClick=showImg(&quot;screenshots/14_32_50_2_21_2018/241.png&quot;)&gt;&lt;img src=&quot;screenshots/14_32_50_2_21_2018/241.png&quot; style=&quot;width:25px;height:25px&quot;&gt;&lt;/a&gt;&lt;/td&gt;&lt;/tr&gt;&lt;/tbody&gt;&lt;/table&gt;&lt;/div&gt;
</system-out>
		</testcase>
		<testcase classname="some.class.name" name="Hardware/IA32.html" time="1.000000">
			<system-out>&lt;div id=&quot;resultsWrapper&quot; class=&quot;resultsWrapperActive&quot;&gt;&lt;h3&gt;PC99 | seL4 docs&lt;/h3&gt;&lt;h4&gt;http://localhost:4000/Hardware/IA32.html&lt;/h4&gt;&lt;ul id=&quot;results-overview&quot;&gt;&lt;li class=&quot;active&quot;&gt;&lt;span class=&quot;result-count result-count-errors&quot;&gt;0&lt;/span&gt;&lt;span class=&quot;result-type&quot;&gt;errors&lt;/span&gt;&lt;/a&gt;&lt;/li&gt;&lt;span class=&quot;result-count result-count-warnings&quot;&gt;0&lt;/span&gt;&lt;span class=&quot;result-type&quot;&gt;warnings&lt;/span&gt;&lt;/a&gt;&lt;/li&gt;&lt;span class=&quot;result-count result-count-notices&quot;&gt;0&lt;/span&gt;&lt;span class=&quot;result-type&quot;&gt;notices&lt;/span&gt;&lt;/a&gt;&lt;/li&gt;&lt;/ul&gt;&lt;a href=&quot;#&quot; class=&quot;button-link&quot; id=&quot;export&quot;&gt;Export as CSV&lt;/a&gt;&lt;table id=&quot;test-results-table&quot; class=&quot;tablesorter&quot;&gt;&lt;thead&gt;&lt;tr&gt;&lt;th&gt;Error Level&lt;/th&gt;&lt;th&gt;Principle&lt;/th&gt;&lt;th&gt;Message&lt;/th&gt;&lt;th&gt;Code snippet&lt;/th&gt;&lt;th&gt;Techniques&lt;/th&gt;&lt;th&gt;Screenshot&lt;/th&gt;&lt;/thead&gt;&lt;/tr&gt;&lt;tbody&gt;&lt;tr&gt;&lt;td colspan=&quot;6&quot;&gt; ----  No Errors ---  &lt;/td&gt;&lt;/tr&gt;&lt;/tbody&gt;&lt;/table&gt;&lt;/div&gt;
</system-out>
		</testcase>
		<testcase classname="some.class.name" name="Hardware/HiKey/index.html" time="1.000000">
			<failure message="Detected 16 error(s)." type="failure"/>
			<system-out>&lt;div id=&quot;resultsWrapper&quot; class=&quot;resultsWrapperActive&quot;&gt;&lt;h3&gt;HiKey | seL4 docs&lt;/h3&gt;&lt;h4&gt;http://localhost:4000/Hardware/HiKey/index.html&lt;/h4&gt;&lt;ul id=&quot;results-overview&quot;&gt;&lt;li class=&quot;active&quot;&gt;&lt;span class=&quot;result-count result-count-errors&quot;&gt;16&lt;/span&gt;&lt;span class=&quot;result-type&quot;&gt;errors&lt;/span&gt;&lt;/a&gt;&lt;/li&gt;&lt;span class=&quot;result-count result-count-warnings&quot;&gt;0&lt;/span&gt;&lt;span class=&quot;result-type&quot;&gt;warnings&lt;/span&gt;&lt;/a&gt;&lt;/li&gt;&lt;span class=&quot;result-count result-count-notices&quot;&gt;0&lt;/span&gt;&lt;span class=&quot;result-type&quot;&gt;notices&lt;/span&gt;&lt;/a&gt;&lt;/li&gt;&lt;/ul&gt;&lt;a href=&quot;#&quot; class=&quot;button-link&quot; id=&quot;export&quot;&gt;Export as CSV&lt;/a&gt;&lt;table id=&quot;test-results-table&quot; class=&quot;tablesorter&quot;&gt;&lt;thead&gt;&lt;tr&gt;&lt;th&gt;Error Level&lt;/th&gt;&lt;th&gt;Principle&lt;/th&gt;&lt;th&gt;Message&lt;/th&gt;&lt;th&gt;Code snippet&lt;/th&gt;&lt;th&gt;Techniques&lt;/th&gt;&lt;th&gt;Screenshot&lt;/th&gt;&lt;/thead&gt;&lt;/tr&gt;&lt;tbody&gt;&lt;tr class=&quot;error&quot;&gt;&lt;td  class=&quot;number&quot;&gt;&lt;span class=&quot;flag&quot;&gt;Error&lt;/span&gt;&lt;/td&gt;&lt;td  class=&quot;messagePrinciple&quot;&gt;&lt;a href=&quot;http://www.w3.org/TR/WCAG20/#perceivable&quot; target=&quot;_blank&quot;&gt;Perceivable&lt;/a&gt;&lt;/td&gt;&lt;td class=&quot;messageText&quot;&gt; This element has insufficient contrast at this conformance level. Expected a contrast ratio of at least 4.5:1, but text in this element has a contrast ratio of 4.17:1. Recommendation: change background to #fefefe.&lt;/td&gt;&lt;td&gt;&amp;lt;span class=&quot;c&quot;&amp;gt;#Run
the following commands to use
GCC 4.9 only
in...&amp;lt;/span&amp;gt;&lt;/td&gt;&lt;td class=&quot;messageTechniques&quot;&gt;&lt;ul&gt;&lt;li&gt;&lt;a href=&quot;http://www.w3.org/TR/WCAG20-TECHS/G18&quot; target=&quot;_blank&quot;&gt;G18&lt;/a&gt;&lt;/li&gt;&lt;/ul&gt;&lt;/td&gt;&lt;td class=&quot;screenshot&quot;&gt;&lt;a data-toggle=&quot;modal&quot; data-target=&quot;#screenshot&quot;  onClick=showImg(&quot;screenshots/14_32_51_2_21_2018/281.png&quot;)&gt;&lt;img src=&quot;screenshots/14_32_51_2_21_2018/281.png&quot; style=&quot;width:25px;height:25px&quot;&gt;&lt;/a&gt;&lt;/td&gt;&lt;/tr&gt;&lt;tr class=&quot;error&quot;&gt;&lt;td  class=&quot;number&quot;&gt;&lt;span class=&quot;flag&quot;&gt;Error&lt;/span&gt;&lt;/td&gt;&lt;td  class=&quot;messagePrinciple&quot;&gt;&lt;a href=&quot;http://www.w3.org/TR/WCAG20/#perceivable&quot; target=&quot;_blank&quot;&gt;Perceivable&lt;/a&gt;&lt;/td&gt;&lt;td class=&quot;messageText&quot;&gt; This element has insufficient contrast at this conformance level. Expected a contrast ratio of at least 4.5:1, but text in this element has a contrast ratio of 4.17:1. Recommendation: change background to #fefefe.&lt;/td&gt;&lt;td&gt;&amp;lt;span class=&quot;c&quot;&amp;gt;# To
check that GCC 4.9 is used
aarch64-linux-gnu-...&amp;lt;/span
gt;&lt;/td&gt;&lt;td class=&quot;messageTechniques&quot;&gt;&lt;ul&gt;&lt;li&gt;&lt;a href=&quot;http://www.w3.org/TR/WCAG20-TECHS/G18&quot; target=&quot;_blank&quot;&gt;G18&lt;/a&gt;&lt;/li&gt;&lt;/ul&gt;&lt;/td&gt;&lt;td class=&quot;screenshot&quot;&gt;&lt;a data-toggle=&quot;modal&quot; data-target=&quot;#screenshot&quot;  onClick=showImg(&quot;screenshots/14_32_51_2_21_2018/688.png&quot;)&gt;&lt;img src=&quot;screenshots/14_32_51_2_21_2018/688.png&quot; style=&quot;width:25px;height:25px&quot;&gt;&lt;/a&gt;&lt;/td&gt;&lt;/tr&gt;&lt;tr class=&quot;error&quot;&gt;&lt;td  class=&quot;number&quot;&gt;&lt;span class=&quot;flag&quot;&gt;Error&lt;/span&gt;&lt;/td&gt;&lt;td  class=&quot;messagePrinciple&quot;&gt;&lt;a href=&quot;http://www.w3.org/TR/WCAG20/#perceivable&quot; target=&quot;_blank&quot;&gt;Perceivable&lt;/a&gt;&lt;/td&gt;&lt;td class=&quot;messageText&quot;&gt; This element has insufficient contrast at this conformance level. Expected a contrast ratio of at least 4.5:1, but text in this element has a contrast ratio of 4.17:1. Recommendation: change background to #fefefe.&lt;/td&gt;&lt;td&gt;&amp;lt;span class=&quot;c&quot;&amp;gt;#
Uncomment the following
lines&amp;lt;/span&amp;gt;&lt;/td&gt;&lt;td class=&quot;messageTechniques&quot;&gt;&lt;ul&gt;&lt;li&gt;&lt;a href=&quot;http://www.w3.org/TR/WCAG20-TECHS/G18&quot; target=&quot;_blank&quot;&gt;G18&lt;/a&gt;&lt;/li&gt;&lt;/ul&gt;&lt;/td&gt;&lt;td class=&quot;screenshot&quot;&gt;&lt;a data-toggle=&quot;modal&quot; data-target=&quot;#screenshot&quot;  onClick=showImg(&quot;screenshots/14_32_51_2_21_2018/724.png&quot;)&gt;&lt;img src=&quot;screenshots/14_32_51_2_21_2018/724.png&quot; style=&quot;width:25px;height:25px&quot;&gt;&lt;/a&gt;&lt;/td&gt;&lt;/tr&gt;&lt;tr class=&quot;error&quot;&gt;&lt;td  class=&quot;number&quot;&gt;&lt;span class=&quot;flag&quot;&gt;Error&lt;/span&gt;&lt;/td&gt;&lt;td  class=&quot;messagePrinciple&quot;&gt;&lt;a href=&quot;http://www.w3.org/TR/WCAG20/#perceivable&quot; target=&quot;_blank&quot;&gt;Perceivable&lt;/a&gt;&lt;/td&gt;&lt;td class=&quot;messageText&quot;&gt; This element has insufficient contrast at this conformance level. Expected a contrast ratio of at least 4.5:1, but text in this element has a contrast ratio of 4.17:1. Recommendation: change background to #fefefe.&lt;/td&gt;&lt;td&gt;&amp;lt;span class=&quot;c&quot;&amp;gt;# Then
return to the main directory
hikey-flash&amp;lt;/span&amp;gt;&lt;/td&gt;&lt;td class=&quot;messageTechniques&quot;&gt;&lt;ul&gt;&lt;li&gt;&lt;a href=&quot;http://www.w3.org/TR/WCAG20-TECHS/G18&quot; target=&quot;_blank&quot;&gt;G18&lt;/a&gt;&lt;/li&gt;&lt;/ul&gt;&lt;/td&gt;&lt;td class=&quot;screenshot&quot;&gt;&lt;a data-toggle=&quot;modal&quot; data-target=&quot;#screenshot&quot;  onClick=showImg(&quot;screenshots/14_32_51_2_21_2018/831.png&quot;)&gt;&lt;img src=&quot;screenshots/14_32_51_2_21_2018/831.png&quot; style=&quot;width:25px;height:25px&quot;&gt;&lt;/a&gt;&lt;/td&gt;&lt;/tr&gt;&lt;tr class=&quot;error&quot;&gt;&lt;td  class=&quot;number&quot;&gt;&lt;span class=&quot;flag&quot;&gt;Error&lt;/span&gt;&lt;/td&gt;&lt;td  class=&quot;messagePrinciple&quot;&gt;&lt;a href=&quot;http://www.w3.org/TR/WCAG20/#perceivable&quot; target=&quot;_blank&quot;&gt;Perceivable&lt;/a&gt;&lt;/td&gt;&lt;td class=&quot;messageText&quot;&gt; This element has insufficient contrast at this conformance level. Expected a contrast ratio of at least 4.5:1, but text in this element has a contrast ratio of 4.17:1. Recommendation: change background to #fefefe.&lt;/td&gt;&lt;td&gt;&amp;lt;span class=&quot;c&quot;&amp;gt;# Then
return to the main directory
hikey-flash&amp;lt;/span&amp;gt;&lt;/td&gt;&lt;td class=&quot;messageTechniques&quot;&gt;&lt;ul&gt;&lt;li&gt;&lt;a href=&quot;http://www.w3.org/TR/WCAG20-TECHS/G18&quot; target=&quot;_blank&quot;&gt;G18&lt;/a&gt;&lt;/li&gt;&lt;/ul&gt;&lt;/td&gt;&lt;td class=&quot;screenshot&quot;&gt;&lt;a data-toggle=&quot;modal&quot; data-target=&quot;#screenshot&quot;  onClick=showImg(&quot;screenshots/14_32_51_2_21_2018/58.png&quot;)&gt;&lt;img src=&quot;screenshots/14_32_51_2_21_2018/58.png&quot; style=&quot;width:25px;height:25px&quot;&gt;&lt;/a&gt;&lt;/td&gt;&lt;/tr&gt;&lt;tr class=&quot;error&quot;&gt;&lt;td  class=&quot;number&quot;&gt;&lt;span class=&quot;flag&quot;&gt;Error&lt;/span&gt;&lt;/td&gt;&lt;td  class=&quot;messagePrinciple&quot;&gt;&lt;a href=&quot;http://www.w3.org/TR/WCAG20/#perceivable&quot; target=&quot;_blank&quot;&gt;Perceivable&lt;/a&gt;&lt;/td&gt;&lt;td class=&quot;messageText&quot;&gt; This element has insufficient contrast at this conformance level. Expected a contrast ratio of at least 4.5:1, but text in this element has a contrast ratio of 4.17:1. Recommendation: change background to #fefefe.&lt;/td&gt;&lt;td&gt;&amp;lt;span class=&quot;c&quot;&amp;gt;# Then
return to the main
directory&amp;lt;/span&amp;gt;&lt;/td&gt;&lt;td class=&quot;messageTechniques&quot;&gt;&lt;ul&gt;&lt;li&gt;&lt;a href=&quot;http://www.w3.org/TR/WCAG20-TECHS/G18&quot; target=&quot;_blank&quot;&gt;G18&lt;/a&gt;&lt;/li&gt;&lt;/ul&gt;&lt;/td&gt;&lt;td class=&quot;screenshot&quot;&gt;&lt;a data-toggle=&quot;modal&quot; data-target=&quot;#screenshot&quot;  onClick=showImg(&quot;screenshots/14_32_51_2_21_2018/976.png&quot;)&gt;&lt;img src=&quot;screenshots/14_32_51_2_21_2018/976.png&quot; style=&quot;width:25px;height:25px&quot;&gt;&lt;/a&gt;&lt;/td&gt;&lt;/tr&gt;&lt;tr class=&quot;error&quot;&gt;&lt;td  class=&quot;number&quot;&gt;&lt;span class=&quot;flag&quot;&gt;Error&lt;/span&gt;&lt;/td&gt;&lt;td  class=&quot;messagePrinciple&quot;&gt;&lt;a href=&quot;http://www.w3.org/TR/WCAG20/#perceivable&quot; target=&quot;_blank&quot;&gt;Perceivable&lt;/a&gt;&lt;/td&gt;&lt;td class=&quot;messageText&quot;&gt; This element has insufficient contrast at this conformance level. Expected a contrast ratio of at least 4.5:1, but text in this element has a contrast ratio of 4.17:1. Recommendation: change background to #fefefe.&lt;/td&gt;&lt;td&gt;&amp;lt;span class=&quot;c&quot;&amp;gt;# If
the DEBUG version of the
build is require
run...&amp;lt;/span&amp;gt;&lt;/td&gt;&lt;td class=&quot;messageTechniques&quot;&gt;&lt;ul&gt;&lt;li&gt;&lt;a href=&quot;http://www.w3.org/TR/WCAG20-TECHS/G18&quot; target=&quot;_blank&quot;&gt;G18&lt;/a&gt;&lt;/li&gt;&lt;/ul&gt;&lt;/td&gt;&lt;td class=&quot;screenshot&quot;&gt;&lt;a data-toggle=&quot;modal&quot; data-target=&quot;#screenshot&quot;  onClick=showImg(&quot;screenshots/14_32_51_2_21_2018/794.png&quot;)&gt;&lt;img src=&quot;screenshots/14_32_51_2_21_2018/794.png&quot; style=&quot;width:25px;height:25px&quot;&gt;&lt;/a&gt;&lt;/td&gt;&lt;/tr&gt;&lt;tr class=&quot;error&quot;&gt;&lt;td  class=&quot;number&quot;&gt;&lt;span class=&quot;flag&quot;&gt;Error&lt;/span&gt;&lt;/td&gt;&lt;td  class=&quot;messagePrinciple&quot;&gt;&lt;a href=&quot;http://www.w3.org/TR/WCAG20/#perceivable&quot; target=&quot;_blank&quot;&gt;Perceivable&lt;/a&gt;&lt;/td&gt;&lt;td class=&quot;messageText&quot;&gt; This element has insufficient contrast at this conformance level. Expected a contrast ratio of at least 4.5:1, but text in this element has a contrast ratio of 4.17:1. Recommendation: change background to #fefefe.&lt;/td&gt;&lt;td&gt;&amp;lt;span class=&quot;c&quot;&amp;gt;#
End&amp;lt;/span&amp;gt;&lt;/td&gt;&lt;td class=&quot;messageTechniques&quot;&gt;&lt;ul&gt;&lt;li&gt;&lt;a href=&quot;http://www.w3.org/TR/WCAG20-TECHS/G18&quot; target=&quot;_blank&quot;&gt;G18&lt;/a&gt;&lt;/li&gt;&lt;/ul&gt;&lt;/td&gt;&lt;td class=&quot;screenshot&quot;&gt;&lt;a data-toggle=&quot;modal&quot; data-target=&quot;#screenshot&quot;  onClick=showImg(&quot;screenshots/14_32_51_2_21_2018/966.png&quot;)&gt;&lt;img src=&quot;screenshots/14_32_51_2_21_2018/966.png&quot; style=&quot;width:25px;height:25px&quot;&gt;&lt;/a&gt;&lt;/td&gt;&lt;/tr&gt;&lt;tr class=&quot;error&quot;&gt;&lt;td  class=&quot;number&quot;&gt;&lt;span class=&quot;flag&quot;&gt;Error&lt;/span&gt;&lt;/td&gt;&lt;td  class=&quot;messagePrinciple&quot;&gt;&lt;a href=&quot;http://www.w3.org/TR/WCAG20/#perceivable&quot; target=&quot;_blank&quot;&gt;Perceivable&lt;/a&gt;&lt;/td&gt;&lt;td class=&quot;messageText&quot;&gt; This element has insufficient contrast at this conformance level. Expected a contrast ratio of at least 4.5:1, but text in this element has a contrast ratio of 4.17:1. Recommendation: change background to #fefefe.&lt;/td&gt;&lt;td&gt;&amp;lt;span class=&quot;c&quot;&amp;gt;# In
the first
terminal&amp;lt;/span&amp;gt;&lt;/td&gt;&lt;td class=&quot;messageTechniques&quot;&gt;&lt;ul&gt;&lt;li&gt;&lt;a href=&quot;http://www.w3.org/TR/WCAG20-TECHS/G18&quot; target=&quot;_blank&quot;&gt;G18&lt;/a&gt;&lt;/li&gt;&lt;/ul&gt;&lt;/td&gt;&lt;td class=&quot;screenshot&quot;&gt;&lt;a data-toggle=&quot;modal&quot; data-target=&quot;#screenshot&quot;  onClick=showImg(&quot;screenshots/14_32_51_2_21_2018/587.png&quot;)&gt;&lt;img src=&quot;screenshots/14_32_51_2_21_2018/587.png&quot; style=&quot;width:25px;height:25px&quot;&gt;&lt;/a&gt;&lt;/td&gt;&lt;/tr&gt;&lt;tr class=&quot;error&quot;&gt;&lt;td  class=&quot;number&quot;&gt;&lt;span class=&quot;flag&quot;&gt;Error&lt;/span&gt;&lt;/td&gt;&lt;td  class=&quot;messagePrinciple&quot;&gt;&lt;a href=&quot;http://www.w3.org/TR/WCAG20/#perceivable&quot; target=&quot;_blank&quot;&gt;Perceivable&lt;/a&gt;&lt;/td&gt;&lt;td class=&quot;messageText&quot;&gt; This element has insufficient contrast at this conformance level. Expected a contrast ratio of at least 4.5:1, but text in this element has a contrast ratio of 4.17:1. Recommendation: change background to #fefefe.&lt;/td&gt;&lt;td&gt;&amp;lt;span class=&quot;c&quot;&amp;gt;# Note
the ttyUSBX that is
observed&amp;lt;/span&amp;gt;&lt;/td&gt;&lt;td class=&quot;messageTechniques&quot;&gt;&lt;ul&gt;&lt;li&gt;&lt;a href=&quot;http://www.w3.org/TR/WCAG20-TECHS/G18&quot; target=&quot;_blank&quot;&gt;G18&lt;/a&gt;&lt;/li&gt;&lt;/ul&gt;&lt;/td&gt;&lt;td class=&quot;screenshot&quot;&gt;&lt;a data-toggle=&quot;modal&quot; data-target=&quot;#screenshot&quot;  onClick=showImg(&quot;screenshots/14_32_51_2_21_2018/836.png&quot;)&gt;&lt;img src=&quot;screenshots/14_32_51_2_21_2018/836.png&quot; style=&quot;width:25px;height:25px&quot;&gt;&lt;/a&gt;&lt;/td&gt;&lt;/tr&gt;&lt;tr class=&quot;error&quot;&gt;&lt;td  class=&quot;number&quot;&gt;&lt;span class=&quot;flag&quot;&gt;Error&lt;/span&gt;&lt;/td&gt;&lt;td  class=&quot;messagePrinciple&quot;&gt;&lt;a href=&quot;http://www.w3.org/TR/WCAG20/#perceivable&quot; target=&quot;_blank&quot;&gt;Perceivable&lt;/a&gt;&lt;/td&gt;&lt;td class=&quot;messageText&quot;&gt; This element has insufficient contrast at this conformance level. Expected a contrast ratio of at least 4.5:1, but text in this element has a contrast ratio of 4.17:1. Recommendation: change background to #fefefe.&lt;/td&gt;&lt;td&gt;&amp;lt;span class=&quot;c&quot;&amp;gt;# In
the second
terminal&amp;lt;/span&amp;gt;&lt;/td&gt;&lt;td class=&quot;messageTechniques&quot;&gt;&lt;ul&gt;&lt;li&gt;&lt;a href=&quot;http://www.w3.org/TR/WCAG20-TECHS/G18&quot; target=&quot;_blank&quot;&gt;G18&lt;/a&gt;&lt;/li&gt;&lt;/ul&gt;&lt;/td&gt;&lt;td class=&quot;screenshot&quot;&gt;&lt;a data-toggle=&quot;modal&quot; data-target=&quot;#screenshot&quot;  onClick=showImg(&quot;screenshots/14_32_51_2_21_2018/447.png&quot;)&gt;&lt;img src=&quot;screenshots/14_32_51_2_21_2018/447.png&quot; style=&quot;width:25px;height:25px&quot;&gt;&lt;/a&gt;&lt;/td&gt;&lt;/tr&gt;&lt;tr class=&quot;error&quot;&gt;&lt;td  class=&quot;number&quot;&gt;&lt;span class=&quot;flag&quot;&gt;Error&lt;/span&gt;&lt;/td&gt;&lt;td  class=&quot;messagePrinciple&quot;&gt;&lt;a href=&quot;http://www.w3.org/TR/WCAG20/#perceivable&quot; target=&quot;_blank&quot;&gt;Perceivable&lt;/a&gt;&lt;/td&gt;&lt;td class=&quot;messageText&quot;&gt; This element has insufficient contrast at this conformance level. Expected a contrast ratio of at least 4.5:1, but text in this element has a contrast ratio of 4.17:1. Recommendation: change background to #fefefe.&lt;/td&gt;&lt;td&gt;&amp;lt;span class=&quot;c&quot;&amp;gt;# In
the first terminal
&amp;lt;/span&amp;gt;&lt;/td&gt;&lt;td class=&quot;messageTechniques&quot;&gt;&lt;ul&gt;&lt;li&gt;&lt;a href=&quot;http://www.w3.org/TR/WCAG20-TECHS/G18&quot; target=&quot;_blank&quot;&gt;G18&lt;/a&gt;&lt;/li&gt;&lt;/ul&gt;&lt;/td&gt;&lt;td class=&quot;screenshot&quot;&gt;&lt;a data-toggle=&quot;modal&quot; data-target=&quot;#screenshot&quot;  onClick=showImg(&quot;screenshots/14_32_51_2_21_2018/75.png&quot;)&gt;&lt;img src=&quot;screenshots/14_32_51_2_21_2018/75.png&quot; style=&quot;width:25px;height:25px&quot;&gt;&lt;/a&gt;&lt;/td&gt;&lt;/tr&gt;&lt;tr class=&quot;error&quot;&gt;&lt;td  class=&quot;number&quot;&gt;&lt;span class=&quot;flag&quot;&gt;Error&lt;/span&gt;&lt;/td&gt;&lt;td  class=&quot;messagePrinciple&quot;&gt;&lt;a href=&quot;http://www.w3.org/TR/WCAG20/#perceivable&quot; target=&quot;_blank&quot;&gt;Perceivable&lt;/a&gt;&lt;/td&gt;&lt;td class=&quot;messageText&quot;&gt; This element has insufficient contrast at this conformance level. Expected a contrast ratio of at least 4.5:1, but text in this element has a contrast ratio of 4.17:1. Recommendation: change background to #fefefe.&lt;/td&gt;&lt;td&gt;&amp;lt;span class=&quot;c&quot;&amp;gt;# Note
the next ttyUSBY that is
observed, in
addit...&amp;lt;/span&amp;gt;&lt;/td&gt;&lt;td class=&quot;messageTechniques&quot;&gt;&lt;ul&gt;&lt;li&gt;&lt;a href=&quot;http://www.w3.org/TR/WCAG20-TECHS/G18&quot; target=&quot;_blank&quot;&gt;G18&lt;/a&gt;&lt;/li&gt;&lt;/ul&gt;&lt;/td&gt;&lt;td class=&quot;screenshot&quot;&gt;&lt;a data-toggle=&quot;modal&quot; data-target=&quot;#screenshot&quot;  onClick=showImg(&quot;screenshots/14_32_51_2_21_2018/871.png&quot;)&gt;&lt;img src=&quot;screenshots/14_32_51_2_21_2018/871.png&quot; style=&quot;width:25px;height:25px&quot;&gt;&lt;/a&gt;&lt;/td&gt;&lt;/tr&gt;&lt;tr class=&quot;error&quot;&gt;&lt;td  class=&quot;number&quot;&gt;&lt;span class=&quot;flag&quot;&gt;Error&lt;/span&gt;&lt;/td&gt;&lt;td  class=&quot;messagePrinciple&quot;&gt;&lt;a href=&quot;http://www.w3.org/TR/WCAG20/#perceivable&quot; target=&quot;_blank&quot;&gt;Perceivable&lt;/a&gt;&lt;/td&gt;&lt;td class=&quot;messageText&quot;&gt; This element has insufficient contrast at this conformance level. Expected a contrast ratio of at least 4.5:1, but text in this element has a contrast ratio of 4.17:1. Recommendation: change background to #fefefe.&lt;/td&gt;&lt;td&gt;&amp;lt;span class=&quot;c&quot;&amp;gt;# In
the third
terminal&amp;lt;/span&amp;gt;&lt;/td&gt;&lt;td class=&quot;messageTechniques&quot;&gt;&lt;ul&gt;&lt;li&gt;&lt;a href=&quot;http://www.w3.org/TR/WCAG20-TECHS/G18&quot; target=&quot;_blank&quot;&gt;G18&lt;/a&gt;&lt;/li&gt;&lt;/ul&gt;&lt;/td&gt;&lt;td class=&quot;screenshot&quot;&gt;&lt;a data-toggle=&quot;modal&quot; data-target=&quot;#screenshot&quot;  onClick=showImg(&quot;screenshots/14_32_51_2_21_2018/203.png&quot;)&gt;&lt;img src=&quot;screenshots/14_32_51_2_21_2018/203.png&quot; style=&quot;width:25px;height:25px&quot;&gt;&lt;/a&gt;&lt;/td&gt;&lt;/tr&gt;&lt;tr class=&quot;error&quot;&gt;&lt;td  class=&quot;number&quot;&gt;&lt;span class=&quot;flag&quot;&gt;Error&lt;/span&gt;&lt;/td&gt;&lt;td  class=&quot;messagePrinciple&quot;&gt;&lt;a href=&quot;http://www.w3.org/TR/WCAG20/#perceivable&quot; target=&quot;_blank&quot;&gt;Perceivable&lt;/a&gt;&lt;/td&gt;&lt;td class=&quot;messageText&quot;&gt; This element has insufficient contrast at this conformance level. Expected a contrast ratio of at least 4.5:1, but text in this element has a contrast ratio of 4.17:1. Recommendation: change background to #fefefe.&lt;/td&gt;&lt;td&gt;&amp;lt;span class=&quot;c&quot;&amp;gt;# The
debug prints are displayed in
the second ter...&amp;lt;/span&amp;gt;&lt;/td&gt;&lt;td class=&quot;messageTechniques&quot;&gt;&lt;ul&gt;&lt;li&gt;&lt;a href=&quot;http://www.w3.org/TR/WCAG20-TECHS/G18&quot; target=&quot;_blank&quot;&gt;G18&lt;/a&gt;&lt;/li&gt;&lt;/ul&gt;&lt;/td&gt;&lt;td class=&quot;screenshot&quot;&gt;&lt;a data-toggle=&quot;modal&quot; data-target=&quot;#screenshot&quot;  onClick=showImg(&quot;screenshots/14_32_51_2_21_2018/496.png&quot;)&gt;&lt;img src=&quot;screenshots/14_32_51_2_21_2018/496.png&quot; style=&quot;width:25px;height:25px&quot;&gt;&lt;/a&gt;&lt;/td&gt;&lt;/tr&gt;&lt;tr class=&quot;error&quot;&gt;&lt;td  class=&quot;number&quot;&gt;&lt;span class=&quot;flag&quot;&gt;Error&lt;/span&gt;&lt;/td&gt;&lt;td  class=&quot;messagePrinciple&quot;&gt;&lt;a href=&quot;http://www.w3.org/TR/WCAG20/#perceivable&quot; target=&quot;_blank&quot;&gt;Perceivable&lt;/a&gt;&lt;/td&gt;&lt;td class=&quot;messageText&quot;&gt; This element has insufficient contrast at this conformance level. Expected a contrast ratio of at least 4.5:1, but text in this element has a contrast ratio of 4.17:1. Recommendation: change background to #fefefe.&lt;/td&gt;&lt;td&gt;&amp;lt;span class=&quot;c&quot;&amp;gt;# Then
power off the
Hikey&amp;lt;/span&amp;gt;&lt;/td&gt;&lt;td class=&quot;messageTechniques&quot;&gt;&lt;ul&gt;&lt;li&gt;&lt;a href=&quot;http://www.w3.org/TR/WCAG20-TECHS/G18&quot; target=&quot;_blank&quot;&gt;G18&lt;/a&gt;&lt;/li&gt;&lt;/ul&gt;&lt;/td&gt;&lt;td class=&quot;screenshot&quot;&gt;&lt;a data-toggle=&quot;modal&quot; data-target=&quot;#screenshot&quot;  onClick=showImg(&quot;screenshots/14_32_51_2_21_2018/709.png&quot;)&gt;&lt;img src=&quot;screenshots/14_32_51_2_21_2018/709.png&quot; style=&quot;width:25px;height:25px&quot;&gt;&lt;/a&gt;&lt;/td&gt;&lt;/tr&gt;&lt;/tbody&gt;&lt;/table&gt;&lt;/div&gt;
</system-out>
		</testcase>
		<testcase classname="some.class.name" name="Hardware/Kzm.html" time="1.000000">
			<system-out>&lt;div id=&quot;resultsWrapper&quot; class=&quot;resultsWrapperActive&quot;&gt;&lt;h3&gt;KZM | seL4 docs&lt;/h3&gt;&lt;h4&gt;http://localhost:4000/Hardware/Kzm.html&lt;/h4&gt;&lt;ul id=&quot;results-overview&quot;&gt;&lt;li class=&quot;active&quot;&gt;&lt;span class=&quot;result-count result-count-errors&quot;&gt;0&lt;/span&gt;&lt;span class=&quot;result-type&quot;&gt;errors&lt;/span&gt;&lt;/a&gt;&lt;/li&gt;&lt;span class=&quot;result-count result-count-warnings&quot;&gt;0&lt;/span&gt;&lt;span class=&quot;result-type&quot;&gt;warnings&lt;/span&gt;&lt;/a&gt;&lt;/li&gt;&lt;span class=&quot;result-count result-count-notices&quot;&gt;0&lt;/span&gt;&lt;span class=&quot;result-type&quot;&gt;notices&lt;/span&gt;&lt;/a&gt;&lt;/li&gt;&lt;/ul&gt;&lt;a href=&quot;#&quot; class=&quot;button-link&quot; id=&quot;export&quot;&gt;Export as CSV&lt;/a&gt;&lt;table id=&quot;test-results-table&quot; class=&quot;tablesorter&quot;&gt;&lt;thead&gt;&lt;tr&gt;&lt;th&gt;Error Level&lt;/th&gt;&lt;th&gt;Principle&lt;/th&gt;&lt;th&gt;Message&lt;/th&gt;&lt;th&gt;Code snippet&lt;/th&gt;&lt;th&gt;Techniques&lt;/th&gt;&lt;th&gt;Screenshot&lt;/th&gt;&lt;/thead&gt;&lt;/tr&gt;&lt;tbody&gt;&lt;tr&gt;&lt;td colspan=&quot;6&quot;&gt; ----  No Errors ---  &lt;/td&gt;&lt;/tr&gt;&lt;/tbody&gt;&lt;/table&gt;&lt;/div&gt;
</system-out>
		</testcase>
		<testcase classname="some.class.name" name="VisualCAmkES/index.html" time="1.000000">
			<failure message="Detected 4 error(s)." type="failure"/>
			<system-out>&lt;div id=&quot;resultsWrapper&quot; class=&quot;resultsWrapperActive&quot;&gt;&lt;h3&gt;VisualCAmkES | seL4 docs&lt;/h3&gt;&lt;h4&gt;http://localhost:4000/VisualCAmkES/index.html&lt;/h4&gt;&lt;ul id=&quot;results-overview&quot;&gt;&lt;li class=&quot;active&quot;&gt;&lt;span class=&quot;result-count result-count-errors&quot;&gt;4&lt;/span&gt;&lt;span class=&quot;result-type&quot;&gt;errors&lt;/span&gt;&lt;/a&gt;&lt;/li&gt;&lt;span class=&quot;result-count result-count-warnings&quot;&gt;0&lt;/span&gt;&lt;span class=&quot;result-type&quot;&gt;warnings&lt;/span&gt;&lt;/a&gt;&lt;/li&gt;&lt;span class=&quot;result-count result-count-notices&quot;&gt;0&lt;/span&gt;&lt;span class=&quot;result-type&quot;&gt;notices&lt;/span&gt;&lt;/a&gt;&lt;/li&gt;&lt;/ul&gt;&lt;a href=&quot;#&quot; class=&quot;button-link&quot; id=&quot;export&quot;&gt;Export as CSV&lt;/a&gt;&lt;table id=&quot;test-results-table&quot; class=&quot;tablesorter&quot;&gt;&lt;thead&gt;&lt;tr&gt;&lt;th&gt;Error Level&lt;/th&gt;&lt;th&gt;Principle&lt;/th&gt;&lt;th&gt;Message&lt;/th&gt;&lt;th&gt;Code snippet&lt;/th&gt;&lt;th&gt;Techniques&lt;/th&gt;&lt;th&gt;Screenshot&lt;/th&gt;&lt;/thead&gt;&lt;/tr&gt;&lt;tbody&gt;&lt;tr class=&quot;error&quot;&gt;&lt;td  class=&quot;number&quot;&gt;&lt;span class=&quot;flag&quot;&gt;Error&lt;/span&gt;&lt;/td&gt;&lt;td  class=&quot;messagePrinciple&quot;&gt;&lt;a href=&quot;http://www.w3.org/TR/WCAG20/#perceivable&quot; target=&quot;_blank&quot;&gt;Perceivable&lt;/a&gt;&lt;/td&gt;&lt;td class=&quot;messageText&quot;&gt; This element has insufficient contrast at this conformance level. Expected a contrast ratio of at least 4.5:1, but text in this element has a contrast ratio of 4.17:1. Recommendation: change background to #fefefe.&lt;/td&gt;&lt;td&gt;&amp;lt;span class=&quot;c&quot;&amp;gt;# Check
where Qt will install -
needed for PyQt5&amp;lt;/span&amp;gt;&lt;/td&gt;&lt;td class=&quot;messageTechniques&quot;&gt;&lt;ul&gt;&lt;li&gt;&lt;a href=&quot;http://www.w3.org/TR/WCAG20-TECHS/G18&quot; target=&quot;_blank&quot;&gt;G18&lt;/a&gt;&lt;/li&gt;&lt;/ul&gt;&lt;/td&gt;&lt;td class=&quot;screenshot&quot;&gt;&lt;a data-toggle=&quot;modal&quot; data-target=&quot;#screenshot&quot;  onClick=showImg(&quot;screenshots/14_32_51_2_21_2018/105.png&quot;)&gt;&lt;img src=&quot;screenshots/14_32_51_2_21_2018/105.png&quot; style=&quot;width:25px;height:25px&quot;&gt;&lt;/a&gt;&lt;/td&gt;&lt;/tr&gt;&lt;tr class=&quot;error&quot;&gt;&lt;td  class=&quot;number&quot;&gt;&lt;span class=&quot;flag&quot;&gt;Error&lt;/span&gt;&lt;/td&gt;&lt;td  class=&quot;messagePrinciple&quot;&gt;&lt;a href=&quot;http://www.w3.org/TR/WCAG20/#perceivable&quot; target=&quot;_blank&quot;&gt;Perceivable&lt;/a&gt;&lt;/td&gt;&lt;td class=&quot;messageText&quot;&gt; This element has insufficient contrast at this conformance level. Expected a contrast ratio of at least 4.5:1, but text in this element has a contrast ratio of 4.17:1. Recommendation: change background to #fefefe.&lt;/td&gt;&lt;td&gt;&amp;lt;span class=&quot;c&quot;&amp;gt;# Have
a look at where qt will be
installed, for
m...&amp;lt;/span&amp;gt;&lt;/td&gt;&lt;td class=&quot;messageTechniques&quot;&gt;&lt;ul&gt;&lt;li&gt;&lt;a href=&quot;http://www.w3.org/TR/WCAG20-TECHS/G18&quot; target=&quot;_blank&quot;&gt;G18&lt;/a&gt;&lt;/li&gt;&lt;/ul&gt;&lt;/td&gt;&lt;td class=&quot;screenshot&quot;&gt;&lt;a data-toggle=&quot;modal&quot; data-target=&quot;#screenshot&quot;  onClick=showImg(&quot;screenshots/14_32_51_2_21_2018/548.png&quot;)&gt;&lt;img src=&quot;screenshots/14_32_51_2_21_2018/548.png&quot; style=&quot;width:25px;height:25px&quot;&gt;&lt;/a&gt;&lt;/td&gt;&lt;/tr&gt;&lt;tr class=&quot;error&quot;&gt;&lt;td  class=&quot;number&quot;&gt;&lt;span class=&quot;flag&quot;&gt;Error&lt;/span&gt;&lt;/td&gt;&lt;td  class=&quot;messagePrinciple&quot;&gt;&lt;a href=&quot;http://www.w3.org/TR/WCAG20/#perceivable&quot; target=&quot;_blank&quot;&gt;Perceivable&lt;/a&gt;&lt;/td&gt;&lt;td class=&quot;messageText&quot;&gt; This element has insufficient contrast at this conformance level. Expected a contrast ratio of at least 4.5:1, but text in this element has a contrast ratio of 4.17:1. Recommendation: change background to #fefefe.&lt;/td&gt;&lt;td&gt;&amp;lt;span class=&quot;c&quot;&amp;gt;# add
&quot;-qt-xcb&quot; for
linux&amp;lt;/span&amp;gt;&lt;/td&gt;&lt;td class=&quot;messageTechniques&quot;&gt;&lt;ul&gt;&lt;li&gt;&lt;a href=&quot;http://www.w3.org/TR/WCAG20-TECHS/G18&quot; target=&quot;_blank&quot;&gt;G18&lt;/a&gt;&lt;/li&gt;&lt;/ul&gt;&lt;/td&gt;&lt;td class=&quot;screenshot&quot;&gt;&lt;a data-toggle=&quot;modal&quot; data-target=&quot;#screenshot&quot;  onClick=showImg(&quot;screenshots/14_32_51_2_21_2018/980.png&quot;)&gt;&lt;img src=&quot;screenshots/14_32_51_2_21_2018/980.png&quot; style=&quot;width:25px;height:25px&quot;&gt;&lt;/a&gt;&lt;/td&gt;&lt;/tr&gt;&lt;tr class=&quot;error&quot;&gt;&lt;td  class=&quot;number&quot;&gt;&lt;span class=&quot;flag&quot;&gt;Error&lt;/span&gt;&lt;/td&gt;&lt;td  class=&quot;messagePrinciple&quot;&gt;&lt;a href=&quot;http://www.w3.org/TR/WCAG20/#perceivable&quot; target=&quot;_blank&quot;&gt;Perceivable&lt;/a&gt;&lt;/td&gt;&lt;td class=&quot;messageText&quot;&gt; This element has insufficient contrast at this conformance level. Expected a contrast ratio of at least 4.5:1, but text in this element has a contrast ratio of 4.17:1. Recommendation: change background to #fefefe.&lt;/td&gt;&lt;td&gt;&amp;lt;span class=&quot;c&quot;&amp;gt;# This
takes a long time (1-3
hrs)&amp;lt;/span&amp;gt;&lt;/td&gt;&lt;td class=&quot;messageTechniques&quot;&gt;&lt;ul&gt;&lt;li&gt;&lt;a href=&quot;http://www.w3.org/TR/WCAG20-TECHS/G18&quot; target=&quot;_blank&quot;&gt;G18&lt;/a&gt;&lt;/li&gt;&lt;/ul&gt;&lt;/td&gt;&lt;td class=&quot;screenshot&quot;&gt;&lt;a data-toggle=&quot;modal&quot; data-target=&quot;#screenshot&quot;  onClick=showImg(&quot;screenshots/14_32_51_2_21_2018/290.png&quot;)&gt;&lt;img src=&quot;screenshots/14_32_51_2_21_2018/290.png&quot; style=&quot;width:25px;height:25px&quot;&gt;&lt;/a&gt;&lt;/td&gt;&lt;/tr&gt;&lt;/tbody&gt;&lt;/table&gt;&lt;/div&gt;
</system-out>
		</testcase>
		<testcase classname="some.class.name" name="Tutorials/seL4_Tutorial_3.html" time="1.000000">
			<system-out>&lt;div id=&quot;resultsWrapper&quot; class=&quot;resultsWrapperActive&quot;&gt;&lt;h3&gt;seL4 Tutorial 3 | seL4 docs&lt;/h3&gt;&lt;h4&gt;http://localhost:4000/Tutorials/seL4_Tutorial_3.html&lt;/h4&gt;&lt;ul id=&quot;results-overview&quot;&gt;&lt;li class=&quot;active&quot;&gt;&lt;span class=&quot;result-count result-count-errors&quot;&gt;0&lt;/span&gt;&lt;span class=&quot;result-type&quot;&gt;errors&lt;/span&gt;&lt;/a&gt;&lt;/li&gt;&lt;span class=&quot;result-count result-count-warnings&quot;&gt;0&lt;/span&gt;&lt;span class=&quot;result-type&quot;&gt;warnings&lt;/span&gt;&lt;/a&gt;&lt;/li&gt;&lt;span class=&quot;result-count result-count-notices&quot;&gt;0&lt;/span&gt;&lt;span class=&quot;result-type&quot;&gt;notices&lt;/span&gt;&lt;/a&gt;&lt;/li&gt;&lt;/ul&gt;&lt;a href=&quot;#&quot; class=&quot;button-link&quot; id=&quot;export&quot;&gt;Export as CSV&lt;/a&gt;&lt;table id=&quot;test-results-table&quot; class=&quot;tablesorter&quot;&gt;&lt;thead&gt;&lt;tr&gt;&lt;th&gt;Error Level&lt;/th&gt;&lt;th&gt;Principle&lt;/th&gt;&lt;th&gt;Message&lt;/th&gt;&lt;th&gt;Code snippet&lt;/th&gt;&lt;th&gt;Techniques&lt;/th&gt;&lt;th&gt;Screenshot&lt;/th&gt;&lt;/thead&gt;&lt;/tr&gt;&lt;tbody&gt;&lt;tr&gt;&lt;td colspan=&quot;6&quot;&gt; ----  No Errors ---  &lt;/td&gt;&lt;/tr&gt;&lt;/tbody&gt;&lt;/table&gt;&lt;/div&gt;
</system-out>
		</testcase>
		<testcase classname="some.class.name" name="Tutorials/CAmkES_Tutorial_0.html" time="1.000000">
			<system-out>&lt;div id=&quot;resultsWrapper&quot; class=&quot;resultsWrapperActive&quot;&gt;&lt;h3&gt;CAmkES Tutorial 0 | seL4 docs&lt;/h3&gt;&lt;h4&gt;http://localhost:4000/Tutorials/CAmkES_Tutorial_0.html&lt;/h4&gt;&lt;ul id=&quot;results-overview&quot;&gt;&lt;li class=&quot;active&quot;&gt;&lt;span class=&quot;result-count result-count-errors&quot;&gt;0&lt;/span&gt;&lt;span class=&quot;result-type&quot;&gt;errors&lt;/span&gt;&lt;/a&gt;&lt;/li&gt;&lt;span class=&quot;result-count result-count-warnings&quot;&gt;0&lt;/span&gt;&lt;span class=&quot;result-type&quot;&gt;warnings&lt;/span&gt;&lt;/a&gt;&lt;/li&gt;&lt;span class=&quot;result-count result-count-notices&quot;&gt;0&lt;/span&gt;&lt;span class=&quot;result-type&quot;&gt;notices&lt;/span&gt;&lt;/a&gt;&lt;/li&gt;&lt;/ul&gt;&lt;a href=&quot;#&quot; class=&quot;button-link&quot; id=&quot;export&quot;&gt;Export as CSV&lt;/a&gt;&lt;table id=&quot;test-results-table&quot; class=&quot;tablesorter&quot;&gt;&lt;thead&gt;&lt;tr&gt;&lt;th&gt;Error Level&lt;/th&gt;&lt;th&gt;Principle&lt;/th&gt;&lt;th&gt;Message&lt;/th&gt;&lt;th&gt;Code snippet&lt;/th&gt;&lt;th&gt;Techniques&lt;/th&gt;&lt;th&gt;Screenshot&lt;/th&gt;&lt;/thead&gt;&lt;/tr&gt;&lt;tbody&gt;&lt;tr&gt;&lt;td colspan=&quot;6&quot;&gt; ----  No Errors ---  &lt;/td&gt;&lt;/tr&gt;&lt;/tbody&gt;&lt;/table&gt;&lt;/div&gt;
</system-out>
		</testcase>
		<testcase classname="some.class.name" name="Tutorials/seL4_Tutorial_4.html" time="1.000000">
			<system-out>&lt;div id=&quot;resultsWrapper&quot; class=&quot;resultsWrapperActive&quot;&gt;&lt;h3&gt;seL4 Tutorial 4 | seL4 docs&lt;/h3&gt;&lt;h4&gt;http://localhost:4000/Tutorials/seL4_Tutorial_4.html&lt;/h4&gt;&lt;ul id=&quot;results-overview&quot;&gt;&lt;li class=&quot;active&quot;&gt;&lt;span class=&quot;result-count result-count-errors&quot;&gt;0&lt;/span&gt;&lt;span class=&quot;result-type&quot;&gt;errors&lt;/span&gt;&lt;/a&gt;&lt;/li&gt;&lt;span class=&quot;result-count result-count-warnings&quot;&gt;0&lt;/span&gt;&lt;span class=&quot;result-type&quot;&gt;warnings&lt;/span&gt;&lt;/a&gt;&lt;/li&gt;&lt;span class=&quot;result-count result-count-notices&quot;&gt;0&lt;/span&gt;&lt;span class=&quot;result-type&quot;&gt;notices&lt;/span&gt;&lt;/a&gt;&lt;/li&gt;&lt;/ul&gt;&lt;a href=&quot;#&quot; class=&quot;button-link&quot; id=&quot;export&quot;&gt;Export as CSV&lt;/a&gt;&lt;table id=&quot;test-results-table&quot; class=&quot;tablesorter&quot;&gt;&lt;thead&gt;&lt;tr&gt;&lt;th&gt;Error Level&lt;/th&gt;&lt;th&gt;Principle&lt;/th&gt;&lt;th&gt;Message&lt;/th&gt;&lt;th&gt;Code snippet&lt;/th&gt;&lt;th&gt;Techniques&lt;/th&gt;&lt;th&gt;Screenshot&lt;/th&gt;&lt;/thead&gt;&lt;/tr&gt;&lt;tbody&gt;&lt;tr&gt;&lt;td colspan=&quot;6&quot;&gt; ----  No Errors ---  &lt;/td&gt;&lt;/tr&gt;&lt;/tbody&gt;&lt;/table&gt;&lt;/div&gt;
</system-out>
		</testcase>
		<testcase classname="some.class.name" name="Tutorials/CAmkES_Tutorial_2.html" time="1.000000">
			<system-out>&lt;div id=&quot;resultsWrapper&quot; class=&quot;resultsWrapperActive&quot;&gt;&lt;h3&gt;CAmkES Tutorial 2 | seL4 docs&lt;/h3&gt;&lt;h4&gt;http://localhost:4000/Tutorials/CAmkES_Tutorial_2.html&lt;/h4&gt;&lt;ul id=&quot;results-overview&quot;&gt;&lt;li class=&quot;active&quot;&gt;&lt;span class=&quot;result-count result-count-errors&quot;&gt;0&lt;/span&gt;&lt;span class=&quot;result-type&quot;&gt;errors&lt;/span&gt;&lt;/a&gt;&lt;/li&gt;&lt;span class=&quot;result-count result-count-warnings&quot;&gt;0&lt;/span&gt;&lt;span class=&quot;result-type&quot;&gt;warnings&lt;/span&gt;&lt;/a&gt;&lt;/li&gt;&lt;span class=&quot;result-count result-count-notices&quot;&gt;0&lt;/span&gt;&lt;span class=&quot;result-type&quot;&gt;notices&lt;/span&gt;&lt;/a&gt;&lt;/li&gt;&lt;/ul&gt;&lt;a href=&quot;#&quot; class=&quot;button-link&quot; id=&quot;export&quot;&gt;Export as CSV&lt;/a&gt;&lt;table id=&quot;test-results-table&quot; class=&quot;tablesorter&quot;&gt;&lt;thead&gt;&lt;tr&gt;&lt;th&gt;Error Level&lt;/th&gt;&lt;th&gt;Principle&lt;/th&gt;&lt;th&gt;Message&lt;/th&gt;&lt;th&gt;Code snippet&lt;/th&gt;&lt;th&gt;Techniques&lt;/th&gt;&lt;th&gt;Screenshot&lt;/th&gt;&lt;/thead&gt;&lt;/tr&gt;&lt;tbody&gt;&lt;tr&gt;&lt;td colspan=&quot;6&quot;&gt; ----  No Errors ---  &lt;/td&gt;&lt;/tr&gt;&lt;/tbody&gt;&lt;/table&gt;&lt;/div&gt;
</system-out>
		</testcase>
		<testcase classname="some.class.name" name="Tutorials/seL4_RT_tutorial.html" time="1.000000">
			<system-out>&lt;div id=&quot;resultsWrapper&quot; class=&quot;resultsWrapperActive&quot;&gt;&lt;h3&gt;seL4 5.2.0-MCS Tutorial | seL4 docs&lt;/h3&gt;&lt;h4&gt;http://localhost:4000/Tutorials/seL4_RT_tutorial.html&lt;/h4&gt;&lt;ul id=&quot;results-overview&quot;&gt;&lt;li class=&quot;active&quot;&gt;&lt;span class=&quot;result-count result-count-errors&quot;&gt;0&lt;/span&gt;&lt;span class=&quot;result-type&quot;&gt;errors&lt;/span&gt;&lt;/a&gt;&lt;/li&gt;&lt;span class=&quot;result-count result-count-warnings&quot;&gt;0&lt;/span&gt;&lt;span class=&quot;result-type&quot;&gt;warnings&lt;/span&gt;&lt;/a&gt;&lt;/li&gt;&lt;span class=&quot;result-count result-count-notices&quot;&gt;0&lt;/span&gt;&lt;span class=&quot;result-type&quot;&gt;notices&lt;/span&gt;&lt;/a&gt;&lt;/li&gt;&lt;/ul&gt;&lt;a href=&quot;#&quot; class=&quot;button-link&quot; id=&quot;export&quot;&gt;Export as CSV&lt;/a&gt;&lt;table id=&quot;test-results-table&quot; class=&quot;tablesorter&quot;&gt;&lt;thead&gt;&lt;tr&gt;&lt;th&gt;Error Level&lt;/th&gt;&lt;th&gt;Principle&lt;/th&gt;&lt;th&gt;Message&lt;/th&gt;&lt;th&gt;Code snippet&lt;/th&gt;&lt;th&gt;Techniques&lt;/th&gt;&lt;th&gt;Screenshot&lt;/th&gt;&lt;/thead&gt;&lt;/tr&gt;&lt;tbody&gt;&lt;tr&gt;&lt;td colspan=&quot;6&quot;&gt; ----  No Errors ---  &lt;/td&gt;&lt;/tr&gt;&lt;/tbody&gt;&lt;/table&gt;&lt;/div&gt;
</system-out>
		</testcase>
		<testcase classname="some.class.name" name="Tutorials/index.html" time="1.000000">
			<system-out>&lt;div id=&quot;resultsWrapper&quot; class=&quot;resultsWrapperActive&quot;&gt;&lt;h3&gt;seL4 and CAmkES tutorials | seL4 docs&lt;/h3&gt;&lt;h4&gt;http://localhost:4000/Tutorials/index.html&lt;/h4&gt;&lt;ul id=&quot;results-overview&quot;&gt;&lt;li class=&quot;active&quot;&gt;&lt;span class=&quot;result-count result-count-errors&quot;&gt;0&lt;/span&gt;&lt;span class=&quot;result-type&quot;&gt;errors&lt;/span&gt;&lt;/a&gt;&lt;/li&gt;&lt;span class=&quot;result-count result-count-warnings&quot;&gt;0&lt;/span&gt;&lt;span class=&quot;result-type&quot;&gt;warnings&lt;/span&gt;&lt;/a&gt;&lt;/li&gt;&lt;span class=&quot;result-count result-count-notices&quot;&gt;0&lt;/span&gt;&lt;span class=&quot;result-type&quot;&gt;notices&lt;/span&gt;&lt;/a&gt;&lt;/li&gt;&lt;/ul&gt;&lt;a href=&quot;#&quot; class=&quot;button-link&quot; id=&quot;export&quot;&gt;Export as CSV&lt;/a&gt;&lt;table id=&quot;test-results-table&quot; class=&quot;tablesorter&quot;&gt;&lt;thead&gt;&lt;tr&gt;&lt;th&gt;Error Level&lt;/th&gt;&lt;th&gt;Principle&lt;/th&gt;&lt;th&gt;Message&lt;/th&gt;&lt;th&gt;Code snippet&lt;/th&gt;&lt;th&gt;Techniques&lt;/th&gt;&lt;th&gt;Screenshot&lt;/th&gt;&lt;/thead&gt;&lt;/tr&gt;&lt;tbody&gt;&lt;tr&gt;&lt;td colspan=&quot;6&quot;&gt; ----  No Errors ---  &lt;/td&gt;&lt;/tr&gt;&lt;/tbody&gt;&lt;/table&gt;&lt;/div&gt;
</system-out>
		</testcase>
		<testcase classname="some.class.name" name="Tutorials/seL4_Tutorial_1.html" time="1.000000">
			<system-out>&lt;div id=&quot;resultsWrapper&quot; class=&quot;resultsWrapperActive&quot;&gt;&lt;h3&gt;seL4 Tutorial 1 | seL4 docs&lt;/h3&gt;&lt;h4&gt;http://localhost:4000/Tutorials/seL4_Tutorial_1.html&lt;/h4&gt;&lt;ul id=&quot;results-overview&quot;&gt;&lt;li class=&quot;active&quot;&gt;&lt;span class=&quot;result-count result-count-errors&quot;&gt;0&lt;/span&gt;&lt;span class=&quot;result-type&quot;&gt;errors&lt;/span&gt;&lt;/a&gt;&lt;/li&gt;&lt;span class=&quot;result-count result-count-warnings&quot;&gt;0&lt;/span&gt;&lt;span class=&quot;result-type&quot;&gt;warnings&lt;/span&gt;&lt;/a&gt;&lt;/li&gt;&lt;span class=&quot;result-count result-count-notices&quot;&gt;0&lt;/span&gt;&lt;span class=&quot;result-type&quot;&gt;notices&lt;/span&gt;&lt;/a&gt;&lt;/li&gt;&lt;/ul&gt;&lt;a href=&quot;#&quot; class=&quot;button-link&quot; id=&quot;export&quot;&gt;Export as CSV&lt;/a&gt;&lt;table id=&quot;test-results-table&quot; class=&quot;tablesorter&quot;&gt;&lt;thead&gt;&lt;tr&gt;&lt;th&gt;Error Level&lt;/th&gt;&lt;th&gt;Principle&lt;/th&gt;&lt;th&gt;Message&lt;/th&gt;&lt;th&gt;Code snippet&lt;/th&gt;&lt;th&gt;Techniques&lt;/th&gt;&lt;th&gt;Screenshot&lt;/th&gt;&lt;/thead&gt;&lt;/tr&gt;&lt;tbody&gt;&lt;tr&gt;&lt;td colspan=&quot;6&quot;&gt; ----  No Errors ---  &lt;/td&gt;&lt;/tr&gt;&lt;/tbody&gt;&lt;/table&gt;&lt;/div&gt;
</system-out>
		</testcase>
		<testcase classname="some.class.name" name="Tutorials/seL4_Timer_tutorial.html" time="1.000000">
			<system-out>&lt;div id=&quot;resultsWrapper&quot; class=&quot;resultsWrapperActive&quot;&gt;&lt;h3&gt;seL4 Timer tutorial | seL4 docs&lt;/h3&gt;&lt;h4&gt;http://localhost:4000/Tutorials/seL4_Timer_tutorial.html&lt;/h4&gt;&lt;ul id=&quot;results-overview&quot;&gt;&lt;li class=&quot;active&quot;&gt;&lt;span class=&quot;result-count result-count-errors&quot;&gt;0&lt;/span&gt;&lt;span class=&quot;result-type&quot;&gt;errors&lt;/span&gt;&lt;/a&gt;&lt;/li&gt;&lt;span class=&quot;result-count result-count-warnings&quot;&gt;0&lt;/span&gt;&lt;span class=&quot;result-type&quot;&gt;warnings&lt;/span&gt;&lt;/a&gt;&lt;/li&gt;&lt;span class=&quot;result-count result-count-notices&quot;&gt;0&lt;/span&gt;&lt;span class=&quot;result-type&quot;&gt;notices&lt;/span&gt;&lt;/a&gt;&lt;/li&gt;&lt;/ul&gt;&lt;a href=&quot;#&quot; class=&quot;button-link&quot; id=&quot;export&quot;&gt;Export as CSV&lt;/a&gt;&lt;table id=&quot;test-results-table&quot; class=&quot;tablesorter&quot;&gt;&lt;thead&gt;&lt;tr&gt;&lt;th&gt;Error Level&lt;/th&gt;&lt;th&gt;Principle&lt;/th&gt;&lt;th&gt;Message&lt;/th&gt;&lt;th&gt;Code snippet&lt;/th&gt;&lt;th&gt;Techniques&lt;/th&gt;&lt;th&gt;Screenshot&lt;/th&gt;&lt;/thead&gt;&lt;/tr&gt;&lt;tbody&gt;&lt;tr&gt;&lt;td colspan=&quot;6&quot;&gt; ----  No Errors ---  &lt;/td&gt;&lt;/tr&gt;&lt;/tbody&gt;&lt;/table&gt;&lt;/div&gt;
</system-out>
		</testcase>
		<testcase classname="some.class.name" name="Tutorials/seL4_Tutorial_2.html" time="1.000000">
			<system-out>&lt;div id=&quot;resultsWrapper&quot; class=&quot;resultsWrapperActive&quot;&gt;&lt;h3&gt;seL4 Tutorial 2 | seL4 docs&lt;/h3&gt;&lt;h4&gt;http://localhost:4000/Tutorials/seL4_Tutorial_2.html&lt;/h4&gt;&lt;ul id=&quot;results-overview&quot;&gt;&lt;li class=&quot;active&quot;&gt;&lt;span class=&quot;result-count result-count-errors&quot;&gt;0&lt;/span&gt;&lt;span class=&quot;result-type&quot;&gt;errors&lt;/span&gt;&lt;/a&gt;&lt;/li&gt;&lt;span class=&quot;result-count result-count-warnings&quot;&gt;0&lt;/span&gt;&lt;span class=&quot;result-type&quot;&gt;warnings&lt;/span&gt;&lt;/a&gt;&lt;/li&gt;&lt;span class=&quot;result-count result-count-notices&quot;&gt;0&lt;/span&gt;&lt;span class=&quot;result-type&quot;&gt;notices&lt;/span&gt;&lt;/a&gt;&lt;/li&gt;&lt;/ul&gt;&lt;a href=&quot;#&quot; class=&quot;button-link&quot; id=&quot;export&quot;&gt;Export as CSV&lt;/a&gt;&lt;table id=&quot;test-results-table&quot; class=&quot;tablesorter&quot;&gt;&lt;thead&gt;&lt;tr&gt;&lt;th&gt;Error Level&lt;/th&gt;&lt;th&gt;Principle&lt;/th&gt;&lt;th&gt;Message&lt;/th&gt;&lt;th&gt;Code snippet&lt;/th&gt;&lt;th&gt;Techniques&lt;/th&gt;&lt;th&gt;Screenshot&lt;/th&gt;&lt;/thead&gt;&lt;/tr&gt;&lt;tbody&gt;&lt;tr&gt;&lt;td colspan=&quot;6&quot;&gt; ----  No Errors ---  &lt;/td&gt;&lt;/tr&gt;&lt;/tbody&gt;&lt;/table&gt;&lt;/div&gt;
</system-out>
		</testcase>
		<testcase classname="some.class.name" name="Tutorials/CAmkES_Tutorial_1.html" time="1.000000">
			<system-out>&lt;div id=&quot;resultsWrapper&quot; class=&quot;resultsWrapperActive&quot;&gt;&lt;h3&gt;CAmkES Tutorial 1 | seL4 docs&lt;/h3&gt;&lt;h4&gt;http://localhost:4000/Tutorials/CAmkES_Tutorial_1.html&lt;/h4&gt;&lt;ul id=&quot;results-overview&quot;&gt;&lt;li class=&quot;active&quot;&gt;&lt;span class=&quot;result-count result-count-errors&quot;&gt;0&lt;/span&gt;&lt;span class=&quot;result-type&quot;&gt;errors&lt;/span&gt;&lt;/a&gt;&lt;/li&gt;&lt;span class=&quot;result-count result-count-warnings&quot;&gt;0&lt;/span&gt;&lt;span class=&quot;result-type&quot;&gt;warnings&lt;/span&gt;&lt;/a&gt;&lt;/li&gt;&lt;span class=&quot;result-count result-count-notices&quot;&gt;0&lt;/span&gt;&lt;span class=&quot;result-type&quot;&gt;notices&lt;/span&gt;&lt;/a&gt;&lt;/li&gt;&lt;/ul&gt;&lt;a href=&quot;#&quot; class=&quot;button-link&quot; id=&quot;export&quot;&gt;Export as CSV&lt;/a&gt;&lt;table id=&quot;test-results-table&quot; class=&quot;tablesorter&quot;&gt;&lt;thead&gt;&lt;tr&gt;&lt;th&gt;Error Level&lt;/th&gt;&lt;th&gt;Principle&lt;/th&gt;&lt;th&gt;Message&lt;/th&gt;&lt;th&gt;Code snippet&lt;/th&gt;&lt;th&gt;Techniques&lt;/th&gt;&lt;th&gt;Screenshot&lt;/th&gt;&lt;/thead&gt;&lt;/tr&gt;&lt;tbody&gt;&lt;tr&gt;&lt;td colspan=&quot;6&quot;&gt; ----  No Errors ---  &lt;/td&gt;&lt;/tr&gt;&lt;/tbody&gt;&lt;/table&gt;&lt;/div&gt;
</system-out>
		</testcase>
		<testcase classname="some.class.name" name="Tutorials/CAmkES_Timer_Tutorial.html" time="1.000000">
			<system-out>&lt;div id=&quot;resultsWrapper&quot; class=&quot;resultsWrapperActive&quot;&gt;&lt;h3&gt;CAmkES Timer Tutorial | seL4 docs&lt;/h3&gt;&lt;h4&gt;http://localhost:4000/Tutorials/CAmkES_Timer_Tutorial.html&lt;/h4&gt;&lt;ul id=&quot;results-overview&quot;&gt;&lt;li class=&quot;active&quot;&gt;&lt;span class=&quot;result-count result-count-errors&quot;&gt;0&lt;/span&gt;&lt;span class=&quot;result-type&quot;&gt;errors&lt;/span&gt;&lt;/a&gt;&lt;/li&gt;&lt;span class=&quot;result-count result-count-warnings&quot;&gt;0&lt;/span&gt;&lt;span class=&quot;result-type&quot;&gt;warnings&lt;/span&gt;&lt;/a&gt;&lt;/li&gt;&lt;span class=&quot;result-count result-count-notices&quot;&gt;0&lt;/span&gt;&lt;span class=&quot;result-type&quot;&gt;notices&lt;/span&gt;&lt;/a&gt;&lt;/li&gt;&lt;/ul&gt;&lt;a href=&quot;#&quot; class=&quot;button-link&quot; id=&quot;export&quot;&gt;Export as CSV&lt;/a&gt;&lt;table id=&quot;test-results-table&quot; class=&quot;tablesorter&quot;&gt;&lt;thead&gt;&lt;tr&gt;&lt;th&gt;Error Level&lt;/th&gt;&lt;th&gt;Principle&lt;/th&gt;&lt;th&gt;Message&lt;/th&gt;&lt;th&gt;Code snippet&lt;/th&gt;&lt;th&gt;Techniques&lt;/th&gt;&lt;th&gt;Screenshot&lt;/th&gt;&lt;/thead&gt;&lt;/tr&gt;&lt;tbody&gt;&lt;tr&gt;&lt;td colspan=&quot;6&quot;&gt; ----  No Errors ---  &lt;/td&gt;&lt;/tr&gt;&lt;/tbody&gt;&lt;/table&gt;&lt;/div&gt;
</system-out>
		</testcase>
		<testcase classname="some.class.name" name="Debugging_userspace_threads.html" time="1.000000">
			<system-out>&lt;div id=&quot;resultsWrapper&quot; class=&quot;resultsWrapperActive&quot;&gt;&lt;h3&gt;Debugging userspace threads | seL4 docs&lt;/h3&gt;&lt;h4&gt;http://localhost:4000/Debugging_userspace_threads.html&lt;/h4&gt;&lt;ul id=&quot;results-overview&quot;&gt;&lt;li class=&quot;active&quot;&gt;&lt;span class=&quot;result-count result-count-errors&quot;&gt;0&lt;/span&gt;&lt;span class=&quot;result-type&quot;&gt;errors&lt;/span&gt;&lt;/a&gt;&lt;/li&gt;&lt;span class=&quot;result-count result-count-warnings&quot;&gt;0&lt;/span&gt;&lt;span class=&quot;result-type&quot;&gt;warnings&lt;/span&gt;&lt;/a&gt;&lt;/li&gt;&lt;span class=&quot;result-count result-count-notices&quot;&gt;0&lt;/span&gt;&lt;span class=&quot;result-type&quot;&gt;notices&lt;/span&gt;&lt;/a&gt;&lt;/li&gt;&lt;/ul&gt;&lt;a href=&quot;#&quot; class=&quot;button-link&quot; id=&quot;export&quot;&gt;Export as CSV&lt;/a&gt;&lt;table id=&quot;test-results-table&quot; class=&quot;tablesorter&quot;&gt;&lt;thead&gt;&lt;tr&gt;&lt;th&gt;Error Level&lt;/th&gt;&lt;th&gt;Principle&lt;/th&gt;&lt;th&gt;Message&lt;/th&gt;&lt;th&gt;Code snippet&lt;/th&gt;&lt;th&gt;Techniques&lt;/th&gt;&lt;th&gt;Screenshot&lt;/th&gt;&lt;/thead&gt;&lt;/tr&gt;&lt;tbody&gt;&lt;tr&gt;&lt;td colspan=&quot;6&quot;&gt; ----  No Errors ---  &lt;/td&gt;&lt;/tr&gt;&lt;/tbody&gt;&lt;/table&gt;&lt;/div&gt;
</system-out>
		</testcase>
		<testcase classname="some.class.name" name="HardwareHacks.html" time="1.000000">
			<system-out>&lt;div id=&quot;resultsWrapper&quot; class=&quot;resultsWrapperActive&quot;&gt;&lt;h3&gt;Hardware Hacks | seL4 docs&lt;/h3&gt;&lt;h4&gt;http://localhost:4000/HardwareHacks.html&lt;/h4&gt;&lt;ul id=&quot;results-overview&quot;&gt;&lt;li class=&quot;active&quot;&gt;&lt;span class=&quot;result-count result-count-errors&quot;&gt;0&lt;/span&gt;&lt;span class=&quot;result-type&quot;&gt;errors&lt;/span&gt;&lt;/a&gt;&lt;/li&gt;&lt;span class=&quot;result-count result-count-warnings&quot;&gt;0&lt;/span&gt;&lt;span class=&quot;result-type&quot;&gt;warnings&lt;/span&gt;&lt;/a&gt;&lt;/li&gt;&lt;span class=&quot;result-count result-count-notices&quot;&gt;0&lt;/span&gt;&lt;span class=&quot;result-type&quot;&gt;notices&lt;/span&gt;&lt;/a&gt;&lt;/li&gt;&lt;/ul&gt;&lt;a href=&quot;#&quot; class=&quot;button-link&quot; id=&quot;export&quot;&gt;Export as CSV&lt;/a&gt;&lt;table id=&quot;test-results-table&quot; class=&quot;tablesorter&quot;&gt;&lt;thead&gt;&lt;tr&gt;&lt;th&gt;Error Level&lt;/th&gt;&lt;th&gt;Principle&lt;/th&gt;&lt;th&gt;Message&lt;/th&gt;&lt;th&gt;Code snippet&lt;/th&gt;&lt;th&gt;Techniques&lt;/th&gt;&lt;th&gt;Screenshot&lt;/th&gt;&lt;/thead&gt;&lt;/tr&gt;&lt;tbody&gt;&lt;tr&gt;&lt;td colspan=&quot;6&quot;&gt; ----  No Errors ---  &lt;/td&gt;&lt;/tr&gt;&lt;/tbody&gt;&lt;/table&gt;&lt;/div&gt;
</system-out>
		</testcase>
		<testcase classname="some.class.name" name="IRCChannel.html" time="1.000000">
			<system-out>&lt;div id=&quot;resultsWrapper&quot; class=&quot;resultsWrapperActive&quot;&gt;&lt;h3&gt;IRC Channel | seL4 docs&lt;/h3&gt;&lt;h4&gt;http://localhost:4000/IRCChannel.html&lt;/h4&gt;&lt;ul id=&quot;results-overview&quot;&gt;&lt;li class=&quot;active&quot;&gt;&lt;span class=&quot;result-count result-count-errors&quot;&gt;0&lt;/span&gt;&lt;span class=&quot;result-type&quot;&gt;errors&lt;/span&gt;&lt;/a&gt;&lt;/li&gt;&lt;span class=&quot;result-count result-count-warnings&quot;&gt;0&lt;/span&gt;&lt;span class=&quot;result-type&quot;&gt;warnings&lt;/span&gt;&lt;/a&gt;&lt;/li&gt;&lt;span class=&quot;result-count result-count-notices&quot;&gt;0&lt;/span&gt;&lt;span class=&quot;result-type&quot;&gt;notices&lt;/span&gt;&lt;/a&gt;&lt;/li&gt;&lt;/ul&gt;&lt;a href=&quot;#&quot; class=&quot;button-link&quot; id=&quot;export&quot;&gt;Export as CSV&lt;/a&gt;&lt;table id=&quot;test-results-table&quot; class=&quot;tablesorter&quot;&gt;&lt;thead&gt;&lt;tr&gt;&lt;th&gt;Error Level&lt;/th&gt;&lt;th&gt;Principle&lt;/th&gt;&lt;th&gt;Message&lt;/th&gt;&lt;th&gt;Code snippet&lt;/th&gt;&lt;th&gt;Techniques&lt;/th&gt;&lt;th&gt;Screenshot&lt;/th&gt;&lt;/thead&gt;&lt;/tr&gt;&lt;tbody&gt;&lt;tr&gt;&lt;td colspan=&quot;6&quot;&gt; ----  No Errors ---  &lt;/td&gt;&lt;/tr&gt;&lt;/tbody&gt;&lt;/table&gt;&lt;/div&gt;
</system-out>
		</testcase>
		<testcase classname="some.class.name" name="Documentation.html" time="1.000000">
			<system-out>&lt;div id=&quot;resultsWrapper&quot; class=&quot;resultsWrapperActive&quot;&gt;&lt;h3&gt;Documentation | seL4 docs&lt;/h3&gt;&lt;h4&gt;http://localhost:4000/Documentation.html&lt;/h4&gt;&lt;ul id=&quot;results-overview&quot;&gt;&lt;li class=&quot;active&quot;&gt;&lt;span class=&quot;result-count result-count-errors&quot;&gt;0&lt;/span&gt;&lt;span class=&quot;result-type&quot;&gt;errors&lt;/span&gt;&lt;/a&gt;&lt;/li&gt;&lt;span class=&quot;result-count result-count-warnings&quot;&gt;0&lt;/span&gt;&lt;span class=&quot;result-type&quot;&gt;warnings&lt;/span&gt;&lt;/a&gt;&lt;/li&gt;&lt;span class=&quot;result-count result-count-notices&quot;&gt;0&lt;/span&gt;&lt;span class=&quot;result-type&quot;&gt;notices&lt;/span&gt;&lt;/a&gt;&lt;/li&gt;&lt;/ul&gt;&lt;a href=&quot;#&quot; class=&quot;button-link&quot; id=&quot;export&quot;&gt;Export as CSV&lt;/a&gt;&lt;table id=&quot;test-results-table&quot; class=&quot;tablesorter&quot;&gt;&lt;thead&gt;&lt;tr&gt;&lt;th&gt;Error Level&lt;/th&gt;&lt;th&gt;Principle&lt;/th&gt;&lt;th&gt;Message&lt;/th&gt;&lt;th&gt;Code snippet&lt;/th&gt;&lt;th&gt;Techniques&lt;/th&gt;&lt;th&gt;Screenshot&lt;/th&gt;&lt;/thead&gt;&lt;/tr&gt;&lt;tbody&gt;&lt;tr&gt;&lt;td colspan=&quot;6&quot;&gt; ----  No Errors ---  &lt;/td&gt;&lt;/tr&gt;&lt;/tbody&gt;&lt;/table&gt;&lt;/div&gt;
</system-out>
		</testcase>
		<testcase classname="some.class.name" name="CAmkESVM.html" time="1.000000">
			<failure message="Detected 52 error(s)." type="failure"/>
			<system-out>&lt;div id=&quot;resultsWrapper&quot; class=&quot;resultsWrapperActive&quot;&gt;&lt;h3&gt;CAmkES x86 VM | seL4 docs&lt;/h3&gt;&lt;h4&gt;http://localhost:4000/CAmkESVM.html&lt;/h4&gt;&lt;ul id=&quot;results-overview&quot;&gt;&lt;li class=&quot;active&quot;&gt;&lt;span class=&quot;result-count result-count-errors&quot;&gt;52&lt;/span&gt;&lt;span class=&quot;result-type&quot;&gt;errors&lt;/span&gt;&lt;/a&gt;&lt;/li&gt;&lt;span class=&quot;result-count result-count-warnings&quot;&gt;0&lt;/span&gt;&lt;span class=&quot;result-type&quot;&gt;warnings&lt;/span&gt;&lt;/a&gt;&lt;/li&gt;&lt;span class=&quot;result-count result-count-notices&quot;&gt;0&lt;/span&gt;&lt;span class=&quot;result-type&quot;&gt;notices&lt;/span&gt;&lt;/a&gt;&lt;/li&gt;&lt;/ul&gt;&lt;a href=&quot;#&quot; class=&quot;button-link&quot; id=&quot;export&quot;&gt;Export as CSV&lt;/a&gt;&lt;table id=&quot;test-results-table&quot; class=&quot;tablesorter&quot;&gt;&lt;thead&gt;&lt;tr&gt;&lt;th&gt;Error Level&lt;/th&gt;&lt;th&gt;Principle&lt;/th&gt;&lt;th&gt;Message&lt;/th&gt;&lt;th&gt;Code snippet&lt;/th&gt;&lt;th&gt;Techniques&lt;/th&gt;&lt;th&gt;Screenshot&lt;/th&gt;&lt;/thead&gt;&lt;/tr&gt;&lt;tbody&gt;&lt;tr class=&quot;error&quot;&gt;&lt;td  class=&quot;number&quot;&gt;&lt;span class=&quot;flag&quot;&gt;Error&lt;/span&gt;&lt;/td&gt;&lt;td  class=&quot;messagePrinciple&quot;&gt;&lt;a href=&quot;http://www.w3.org/TR/WCAG20/#perceivable&quot; target=&quot;_blank&quot;&gt;Perceivable&lt;/a&gt;&lt;/td&gt;&lt;td class=&quot;messageText&quot;&gt; This element has insufficient contrast at this conformance level. Expected a contrast ratio of at least 4.5:1, but text in this element has a contrast ratio of 3.25:1. Recommendation: change text colour to #9c6500.&lt;/td&gt;&lt;td&gt;&amp;lt;span
class=&quot;cp&quot;&amp;gt;#include
&amp;amp;lt;autoconf.h&amp;amp;gt;
#include
&amp;amp;lt;configura...&amp;lt;/span&amp;
t;&lt;/td&gt;&lt;td class=&quot;messageTechniques&quot;&gt;&lt;ul&gt;&lt;li&gt;&lt;a href=&quot;http://www.w3.org/TR/WCAG20-TECHS/G18&quot; target=&quot;_blank&quot;&gt;G18&lt;/a&gt;&lt;/li&gt;&lt;/ul&gt;&lt;/td&gt;&lt;td class=&quot;screenshot&quot;&gt;&lt;a data-toggle=&quot;modal&quot; data-target=&quot;#screenshot&quot;  onClick=showImg(&quot;screenshots/14_32_54_2_21_2018/188.png&quot;)&gt;&lt;img src=&quot;screenshots/14_32_54_2_21_2018/188.png&quot; style=&quot;width:25px;height:25px&quot;&gt;&lt;/a&gt;&lt;/td&gt;&lt;/tr&gt;&lt;tr class=&quot;error&quot;&gt;&lt;td  class=&quot;number&quot;&gt;&lt;span class=&quot;flag&quot;&gt;Error&lt;/span&gt;&lt;/td&gt;&lt;td  class=&quot;messagePrinciple&quot;&gt;&lt;a href=&quot;http://www.w3.org/TR/WCAG20/#perceivable&quot; target=&quot;_blank&quot;&gt;Perceivable&lt;/a&gt;&lt;/td&gt;&lt;td class=&quot;messageText&quot;&gt; This element has insufficient contrast at this conformance level. Expected a contrast ratio of at least 4.5:1, but text in this element has a contrast ratio of 4.17:1. Recommendation: change background to #fefefe.&lt;/td&gt;&lt;td&gt;&amp;lt;span class=&quot;c&quot;&amp;gt;# ...
&amp;lt;/span&amp;gt;&lt;/td&gt;&lt;td class=&quot;messageTechniques&quot;&gt;&lt;ul&gt;&lt;li&gt;&lt;a href=&quot;http://www.w3.org/TR/WCAG20-TECHS/G18&quot; target=&quot;_blank&quot;&gt;G18&lt;/a&gt;&lt;/li&gt;&lt;/ul&gt;&lt;/td&gt;&lt;td class=&quot;screenshot&quot;&gt;&lt;a data-toggle=&quot;modal&quot; data-target=&quot;#screenshot&quot;  onClick=showImg(&quot;screenshots/14_32_54_2_21_2018/323.png&quot;)&gt;&lt;img src=&quot;screenshots/14_32_54_2_21_2018/323.png&quot; style=&quot;width:25px;height:25px&quot;&gt;&lt;/a&gt;&lt;/td&gt;&lt;/tr&gt;&lt;tr class=&quot;error&quot;&gt;&lt;td  class=&quot;number&quot;&gt;&lt;span class=&quot;flag&quot;&gt;Error&lt;/span&gt;&lt;/td&gt;&lt;td  class=&quot;messagePrinciple&quot;&gt;&lt;a href=&quot;http://www.w3.org/TR/WCAG20/#perceivable&quot; target=&quot;_blank&quot;&gt;Perceivable&lt;/a&gt;&lt;/td&gt;&lt;td class=&quot;messageText&quot;&gt; This element has insufficient contrast at this conformance level. Expected a contrast ratio of at least 4.5:1, but text in this element has a contrast ratio of 4.17:1. Recommendation: change background to #fefefe.&lt;/td&gt;&lt;td&gt;&amp;lt;span class=&quot;c&quot;&amp;gt;# ...
&amp;lt;/span&amp;gt;&lt;/td&gt;&lt;td class=&quot;messageTechniques&quot;&gt;&lt;ul&gt;&lt;li&gt;&lt;a href=&quot;http://www.w3.org/TR/WCAG20-TECHS/G18&quot; target=&quot;_blank&quot;&gt;G18&lt;/a&gt;&lt;/li&gt;&lt;/ul&gt;&lt;/td&gt;&lt;td class=&quot;screenshot&quot;&gt;&lt;a data-toggle=&quot;modal&quot; data-target=&quot;#screenshot&quot;  onClick=showImg(&quot;screenshots/14_32_54_2_21_2018/551.png&quot;)&gt;&lt;img src=&quot;screenshots/14_32_54_2_21_2018/551.png&quot; style=&quot;width:25px;height:25px&quot;&gt;&lt;/a&gt;&lt;/td&gt;&lt;/tr&gt;&lt;tr class=&quot;error&quot;&gt;&lt;td  class=&quot;number&quot;&gt;&lt;span class=&quot;flag&quot;&gt;Error&lt;/span&gt;&lt;/td&gt;&lt;td  class=&quot;messagePrinciple&quot;&gt;&lt;a href=&quot;http://www.w3.org/TR/WCAG20/#perceivable&quot; target=&quot;_blank&quot;&gt;Perceivable&lt;/a&gt;&lt;/td&gt;&lt;td class=&quot;messageText&quot;&gt; This element has insufficient contrast at this conformance level. Expected a contrast ratio of at least 4.5:1, but text in this element has a contrast ratio of 2.56:1. Recommendation: change text colour to #747400.&lt;/td&gt;&lt;td&gt;&amp;lt;span
class=&quot;nl&quot;&amp;gt;${STAGE_DIR}/${K
RNEL_FILENAME}&amp;lt;/span&amp;gt;&lt;/td&gt;&lt;td class=&quot;messageTechniques&quot;&gt;&lt;ul&gt;&lt;li&gt;&lt;a href=&quot;http://www.w3.org/TR/WCAG20-TECHS/G18&quot; target=&quot;_blank&quot;&gt;G18&lt;/a&gt;&lt;/li&gt;&lt;/ul&gt;&lt;/td&gt;&lt;td class=&quot;screenshot&quot;&gt;&lt;a data-toggle=&quot;modal&quot; data-target=&quot;#screenshot&quot;  onClick=showImg(&quot;screenshots/14_32_54_2_21_2018/928.png&quot;)&gt;&lt;img src=&quot;screenshots/14_32_54_2_21_2018/928.png&quot; style=&quot;width:25px;height:25px&quot;&gt;&lt;/a&gt;&lt;/td&gt;&lt;/tr&gt;&lt;tr class=&quot;error&quot;&gt;&lt;td  class=&quot;number&quot;&gt;&lt;span class=&quot;flag&quot;&gt;Error&lt;/span&gt;&lt;/td&gt;&lt;td  class=&quot;messagePrinciple&quot;&gt;&lt;a href=&quot;http://www.w3.org/TR/WCAG20/#perceivable&quot; target=&quot;_blank&quot;&gt;Perceivable&lt;/a&gt;&lt;/td&gt;&lt;td class=&quot;messageText&quot;&gt; This element has insufficient contrast at this conformance level. Expected a contrast ratio of at least 4.5:1, but text in this element has a contrast ratio of 4.17:1. Recommendation: change background to #fefefe.&lt;/td&gt;&lt;td&gt;&amp;lt;span class=&quot;c&quot;&amp;gt;# ...
&amp;lt;/span&amp;gt;&lt;/td&gt;&lt;td class=&quot;messageTechniques&quot;&gt;&lt;ul&gt;&lt;li&gt;&lt;a href=&quot;http://www.w3.org/TR/WCAG20-TECHS/G18&quot; target=&quot;_blank&quot;&gt;G18&lt;/a&gt;&lt;/li&gt;&lt;/ul&gt;&lt;/td&gt;&lt;td class=&quot;screenshot&quot;&gt;&lt;a data-toggle=&quot;modal&quot; data-target=&quot;#screenshot&quot;  onClick=showImg(&quot;screenshots/14_32_54_2_21_2018/600.png&quot;)&gt;&lt;img src=&quot;screenshots/14_32_54_2_21_2018/600.png&quot; style=&quot;width:25px;height:25px&quot;&gt;&lt;/a&gt;&lt;/td&gt;&lt;/tr&gt;&lt;tr class=&quot;error&quot;&gt;&lt;td  class=&quot;number&quot;&gt;&lt;span class=&quot;flag&quot;&gt;Error&lt;/span&gt;&lt;/td&gt;&lt;td  class=&quot;messagePrinciple&quot;&gt;&lt;a href=&quot;http://www.w3.org/TR/WCAG20/#perceivable&quot; target=&quot;_blank&quot;&gt;Perceivable&lt;/a&gt;&lt;/td&gt;&lt;td class=&quot;messageText&quot;&gt; This element has insufficient contrast at this conformance level. Expected a contrast ratio of at least 4.5:1, but text in this element has a contrast ratio of 2.56:1. Recommendation: change text colour to #747400.&lt;/td&gt;&lt;td&gt;&amp;lt;span
class=&quot;nl&quot;&amp;gt;${STAGE_DIR}/${R
OTFS_FILENAME}&amp;lt;/span&amp;gt;&lt;/td&gt;&lt;td class=&quot;messageTechniques&quot;&gt;&lt;ul&gt;&lt;li&gt;&lt;a href=&quot;http://www.w3.org/TR/WCAG20-TECHS/G18&quot; target=&quot;_blank&quot;&gt;G18&lt;/a&gt;&lt;/li&gt;&lt;/ul&gt;&lt;/td&gt;&lt;td class=&quot;screenshot&quot;&gt;&lt;a data-toggle=&quot;modal&quot; data-target=&quot;#screenshot&quot;  onClick=showImg(&quot;screenshots/14_32_54_2_21_2018/836.png&quot;)&gt;&lt;img src=&quot;screenshots/14_32_54_2_21_2018/836.png&quot; style=&quot;width:25px;height:25px&quot;&gt;&lt;/a&gt;&lt;/td&gt;&lt;/tr&gt;&lt;tr class=&quot;error&quot;&gt;&lt;td  class=&quot;number&quot;&gt;&lt;span class=&quot;flag&quot;&gt;Error&lt;/span&gt;&lt;/td&gt;&lt;td  class=&quot;messagePrinciple&quot;&gt;&lt;a href=&quot;http://www.w3.org/TR/WCAG20/#perceivable&quot; target=&quot;_blank&quot;&gt;Perceivable&lt;/a&gt;&lt;/td&gt;&lt;td class=&quot;messageText&quot;&gt; This element has insufficient contrast at this conformance level. Expected a contrast ratio of at least 4.5:1, but text in this element has a contrast ratio of 4.17:1. Recommendation: change background to #fefefe.&lt;/td&gt;&lt;td&gt;&amp;lt;span class=&quot;c&quot;&amp;gt;# ...
&amp;lt;/span&amp;gt;&lt;/td&gt;&lt;td class=&quot;messageTechniques&quot;&gt;&lt;ul&gt;&lt;li&gt;&lt;a href=&quot;http://www.w3.org/TR/WCAG20-TECHS/G18&quot; target=&quot;_blank&quot;&gt;G18&lt;/a&gt;&lt;/li&gt;&lt;/ul&gt;&lt;/td&gt;&lt;td class=&quot;screenshot&quot;&gt;&lt;a data-toggle=&quot;modal&quot; data-target=&quot;#screenshot&quot;  onClick=showImg(&quot;screenshots/14_32_54_2_21_2018/241.png&quot;)&gt;&lt;img src=&quot;screenshots/14_32_54_2_21_2018/241.png&quot; style=&quot;width:25px;height:25px&quot;&gt;&lt;/a&gt;&lt;/td&gt;&lt;/tr&gt;&lt;tr class=&quot;error&quot;&gt;&lt;td  class=&quot;number&quot;&gt;&lt;span class=&quot;flag&quot;&gt;Error&lt;/span&gt;&lt;/td&gt;&lt;td  class=&quot;messagePrinciple&quot;&gt;&lt;a href=&quot;http://www.w3.org/TR/WCAG20/#perceivable&quot; target=&quot;_blank&quot;&gt;Perceivable&lt;/a&gt;&lt;/td&gt;&lt;td class=&quot;messageText&quot;&gt; This element has insufficient contrast at this conformance level. Expected a contrast ratio of at least 4.5:1, but text in this element has a contrast ratio of 3.25:1. Recommendation: change text colour to #9c6500.&lt;/td&gt;&lt;td&gt;&amp;lt;span
class=&quot;cp&quot;&amp;gt;#include
&amp;amp;lt;stdio.h&amp;amp;gt;
&amp;lt;/span&amp;gt;&lt;/td&gt;&lt;td class=&quot;messageTechniques&quot;&gt;&lt;ul&gt;&lt;li&gt;&lt;a href=&quot;http://www.w3.org/TR/WCAG20-TECHS/G18&quot; target=&quot;_blank&quot;&gt;G18&lt;/a&gt;&lt;/li&gt;&lt;/ul&gt;&lt;/td&gt;&lt;td class=&quot;screenshot&quot;&gt;&lt;a data-toggle=&quot;modal&quot; data-target=&quot;#screenshot&quot;  onClick=showImg(&quot;screenshots/14_32_54_2_21_2018/186.png&quot;)&gt;&lt;img src=&quot;screenshots/14_32_54_2_21_2018/186.png&quot; style=&quot;width:25px;height:25px&quot;&gt;&lt;/a&gt;&lt;/td&gt;&lt;/tr&gt;&lt;tr class=&quot;error&quot;&gt;&lt;td  class=&quot;number&quot;&gt;&lt;span class=&quot;flag&quot;&gt;Error&lt;/span&gt;&lt;/td&gt;&lt;td  class=&quot;messagePrinciple&quot;&gt;&lt;a href=&quot;http://www.w3.org/TR/WCAG20/#perceivable&quot; target=&quot;_blank&quot;&gt;Perceivable&lt;/a&gt;&lt;/td&gt;&lt;td class=&quot;messageText&quot;&gt; This element has insufficient contrast at this conformance level. Expected a contrast ratio of at least 4.5:1, but text in this element has a contrast ratio of 2.56:1. Recommendation: change text colour to #747400.&lt;/td&gt;&lt;td&gt;&amp;lt;span
class=&quot;nl&quot;&amp;gt;hello&amp;lt;/span&amp;g
;&lt;/td&gt;&lt;td class=&quot;messageTechniques&quot;&gt;&lt;ul&gt;&lt;li&gt;&lt;a href=&quot;http://www.w3.org/TR/WCAG20-TECHS/G18&quot; target=&quot;_blank&quot;&gt;G18&lt;/a&gt;&lt;/li&gt;&lt;/ul&gt;&lt;/td&gt;&lt;td class=&quot;screenshot&quot;&gt;&lt;a data-toggle=&quot;modal&quot; data-target=&quot;#screenshot&quot;  onClick=showImg(&quot;screenshots/14_32_54_2_21_2018/950.png&quot;)&gt;&lt;img src=&quot;screenshots/14_32_54_2_21_2018/950.png&quot; style=&quot;width:25px;height:25px&quot;&gt;&lt;/a&gt;&lt;/td&gt;&lt;/tr&gt;&lt;tr class=&quot;error&quot;&gt;&lt;td  class=&quot;number&quot;&gt;&lt;span class=&quot;flag&quot;&gt;Error&lt;/span&gt;&lt;/td&gt;&lt;td  class=&quot;messagePrinciple&quot;&gt;&lt;a href=&quot;http://www.w3.org/TR/WCAG20/#perceivable&quot; target=&quot;_blank&quot;&gt;Perceivable&lt;/a&gt;&lt;/td&gt;&lt;td class=&quot;messageText&quot;&gt; This element has insufficient contrast at this conformance level. Expected a contrast ratio of at least 4.5:1, but text in this element has a contrast ratio of 3.25:1. Recommendation: change text colour to #9c6500.&lt;/td&gt;&lt;td&gt;&amp;lt;span
class=&quot;cp&quot;&amp;gt;#include
&amp;amp;lt;linux/module.h&amp;amp;gt;
#include
&amp;amp;lt;linux...&amp;lt;/span&amp;gt;&lt;/td&gt;&lt;td class=&quot;messageTechniques&quot;&gt;&lt;ul&gt;&lt;li&gt;&lt;a href=&quot;http://www.w3.org/TR/WCAG20-TECHS/G18&quot; target=&quot;_blank&quot;&gt;G18&lt;/a&gt;&lt;/li&gt;&lt;/ul&gt;&lt;/td&gt;&lt;td class=&quot;screenshot&quot;&gt;&lt;a data-toggle=&quot;modal&quot; data-target=&quot;#screenshot&quot;  onClick=showImg(&quot;screenshots/14_32_54_2_21_2018/596.png&quot;)&gt;&lt;img src=&quot;screenshots/14_32_54_2_21_2018/596.png&quot; style=&quot;width:25px;height:25px&quot;&gt;&lt;/a&gt;&lt;/td&gt;&lt;/tr&gt;&lt;tr class=&quot;error&quot;&gt;&lt;td  class=&quot;number&quot;&gt;&lt;span class=&quot;flag&quot;&gt;Error&lt;/span&gt;&lt;/td&gt;&lt;td  class=&quot;messagePrinciple&quot;&gt;&lt;a href=&quot;http://www.w3.org/TR/WCAG20/#perceivable&quot; target=&quot;_blank&quot;&gt;Perceivable&lt;/a&gt;&lt;/td&gt;&lt;td class=&quot;messageText&quot;&gt; This element has insufficient contrast at this conformance level. Expected a contrast ratio of at least 4.5:1, but text in this element has a contrast ratio of 3.25:1. Recommendation: change text colour to #9c6500.&lt;/td&gt;&lt;td&gt;&amp;lt;span
class=&quot;cp&quot;&amp;gt;#include
&amp;amp;lt;asm/uaccess.h&amp;amp;gt;
#include
&amp;amp;lt;asm/kv...&amp;lt;/span&amp;gt;&lt;/td&gt;&lt;td class=&quot;messageTechniques&quot;&gt;&lt;ul&gt;&lt;li&gt;&lt;a href=&quot;http://www.w3.org/TR/WCAG20-TECHS/G18&quot; target=&quot;_blank&quot;&gt;G18&lt;/a&gt;&lt;/li&gt;&lt;/ul&gt;&lt;/td&gt;&lt;td class=&quot;screenshot&quot;&gt;&lt;a data-toggle=&quot;modal&quot; data-target=&quot;#screenshot&quot;  onClick=showImg(&quot;screenshots/14_32_54_2_21_2018/402.png&quot;)&gt;&lt;img src=&quot;screenshots/14_32_54_2_21_2018/402.png&quot; style=&quot;width:25px;height:25px&quot;&gt;&lt;/a&gt;&lt;/td&gt;&lt;/tr&gt;&lt;tr class=&quot;error&quot;&gt;&lt;td  class=&quot;number&quot;&gt;&lt;span class=&quot;flag&quot;&gt;Error&lt;/span&gt;&lt;/td&gt;&lt;td  class=&quot;messagePrinciple&quot;&gt;&lt;a href=&quot;http://www.w3.org/TR/WCAG20/#perceivable&quot; target=&quot;_blank&quot;&gt;Perceivable&lt;/a&gt;&lt;/td&gt;&lt;td class=&quot;messageText&quot;&gt; This element has insufficient contrast at this conformance level. Expected a contrast ratio of at least 4.5:1, but text in this element has a contrast ratio of 3.25:1. Recommendation: change text colour to #9c6500.&lt;/td&gt;&lt;td&gt;&amp;lt;span
class=&quot;cp&quot;&amp;gt;#define
DEVICE_NAME &quot;poke&quot;
&amp;lt;/span&amp;gt;&lt;/td&gt;&lt;td class=&quot;messageTechniques&quot;&gt;&lt;ul&gt;&lt;li&gt;&lt;a href=&quot;http://www.w3.org/TR/WCAG20-TECHS/G18&quot; target=&quot;_blank&quot;&gt;G18&lt;/a&gt;&lt;/li&gt;&lt;/ul&gt;&lt;/td&gt;&lt;td class=&quot;screenshot&quot;&gt;&lt;a data-toggle=&quot;modal&quot; data-target=&quot;#screenshot&quot;  onClick=showImg(&quot;screenshots/14_32_54_2_21_2018/108.png&quot;)&gt;&lt;img src=&quot;screenshots/14_32_54_2_21_2018/108.png&quot; style=&quot;width:25px;height:25px&quot;&gt;&lt;/a&gt;&lt;/td&gt;&lt;/tr&gt;&lt;tr class=&quot;error&quot;&gt;&lt;td  class=&quot;number&quot;&gt;&lt;span class=&quot;flag&quot;&gt;Error&lt;/span&gt;&lt;/td&gt;&lt;td  class=&quot;messagePrinciple&quot;&gt;&lt;a href=&quot;http://www.w3.org/TR/WCAG20/#perceivable&quot; target=&quot;_blank&quot;&gt;Perceivable&lt;/a&gt;&lt;/td&gt;&lt;td class=&quot;messageText&quot;&gt; This element has insufficient contrast at this conformance level. Expected a contrast ratio of at least 4.5:1, but text in this element has a contrast ratio of 3.82:1. Recommendation: change text colour to #ae5915.&lt;/td&gt;&lt;td&gt;&amp;lt;span
class=&quot;se&quot;&amp;gt;\n&amp;lt;/span&amp;gt;&lt;/td&gt;&lt;td class=&quot;messageTechniques&quot;&gt;&lt;ul&gt;&lt;li&gt;&lt;a href=&quot;http://www.w3.org/TR/WCAG20-TECHS/G18&quot; target=&quot;_blank&quot;&gt;G18&lt;/a&gt;&lt;/li&gt;&lt;/ul&gt;&lt;/td&gt;&lt;td class=&quot;screenshot&quot;&gt;&lt;a data-toggle=&quot;modal&quot; data-target=&quot;#screenshot&quot;  onClick=showImg(&quot;screenshots/14_32_54_2_21_2018/983.png&quot;)&gt;&lt;img src=&quot;screenshots/14_32_54_2_21_2018/983.png&quot; style=&quot;width:25px;height:25px&quot;&gt;&lt;/a&gt;&lt;/td&gt;&lt;/tr&gt;&lt;tr class=&quot;error&quot;&gt;&lt;td  class=&quot;number&quot;&gt;&lt;span class=&quot;flag&quot;&gt;Error&lt;/span&gt;&lt;/td&gt;&lt;td  class=&quot;messagePrinciple&quot;&gt;&lt;a href=&quot;http://www.w3.org/TR/WCAG20/#perceivable&quot; target=&quot;_blank&quot;&gt;Perceivable&lt;/a&gt;&lt;/td&gt;&lt;td class=&quot;messageText&quot;&gt; This element has insufficient contrast at this conformance level. Expected a contrast ratio of at least 4.5:1, but text in this element has a contrast ratio of 4.17:1. Recommendation: change background to #fefefe.&lt;/td&gt;&lt;td&gt;&amp;lt;span class=&quot;c1&quot;&amp;gt;//
TODO replace with hypercall
&amp;lt;/span&amp;gt;&lt;/td&gt;&lt;td class=&quot;messageTechniques&quot;&gt;&lt;ul&gt;&lt;li&gt;&lt;a href=&quot;http://www.w3.org/TR/WCAG20-TECHS/G18&quot; target=&quot;_blank&quot;&gt;G18&lt;/a&gt;&lt;/li&gt;&lt;/ul&gt;&lt;/td&gt;&lt;td class=&quot;screenshot&quot;&gt;&lt;a data-toggle=&quot;modal&quot; data-target=&quot;#screenshot&quot;  onClick=showImg(&quot;screenshots/14_32_54_2_21_2018/399.png&quot;)&gt;&lt;img src=&quot;screenshots/14_32_54_2_21_2018/399.png&quot; style=&quot;width:25px;height:25px&quot;&gt;&lt;/a&gt;&lt;/td&gt;&lt;/tr&gt;&lt;tr class=&quot;error&quot;&gt;&lt;td  class=&quot;number&quot;&gt;&lt;span class=&quot;flag&quot;&gt;Error&lt;/span&gt;&lt;/td&gt;&lt;td  class=&quot;messagePrinciple&quot;&gt;&lt;a href=&quot;http://www.w3.org/TR/WCAG20/#perceivable&quot; target=&quot;_blank&quot;&gt;Perceivable&lt;/a&gt;&lt;/td&gt;&lt;td class=&quot;messageText&quot;&gt; This element has insufficient contrast at this conformance level. Expected a contrast ratio of at least 4.5:1, but text in this element has a contrast ratio of 3.25:1. Recommendation: change text colour to #9c6500.&lt;/td&gt;&lt;td&gt;&amp;lt;span class=&quot;cp&quot;&amp;gt;#...
&amp;lt;/span&amp;gt;&lt;/td&gt;&lt;td class=&quot;messageTechniques&quot;&gt;&lt;ul&gt;&lt;li&gt;&lt;a href=&quot;http://www.w3.org/TR/WCAG20-TECHS/G18&quot; target=&quot;_blank&quot;&gt;G18&lt;/a&gt;&lt;/li&gt;&lt;/ul&gt;&lt;/td&gt;&lt;td class=&quot;screenshot&quot;&gt;&lt;a data-toggle=&quot;modal&quot; data-target=&quot;#screenshot&quot;  onClick=showImg(&quot;screenshots/14_32_54_2_21_2018/836.png&quot;)&gt;&lt;img src=&quot;screenshots/14_32_54_2_21_2018/836.png&quot; style=&quot;width:25px;height:25px&quot;&gt;&lt;/a&gt;&lt;/td&gt;&lt;/tr&gt;&lt;tr class=&quot;error&quot;&gt;&lt;td  class=&quot;number&quot;&gt;&lt;span class=&quot;flag&quot;&gt;Error&lt;/span&gt;&lt;/td&gt;&lt;td  class=&quot;messagePrinciple&quot;&gt;&lt;a href=&quot;http://www.w3.org/TR/WCAG20/#perceivable&quot; target=&quot;_blank&quot;&gt;Perceivable&lt;/a&gt;&lt;/td&gt;&lt;td class=&quot;messageText&quot;&gt; This element has insufficient contrast at this conformance level. Expected a contrast ratio of at least 4.5:1, but text in this element has a contrast ratio of 3.25:1. Recommendation: change text colour to #9c6500.&lt;/td&gt;&lt;td&gt;&amp;lt;span class=&quot;cp&quot;&amp;gt;#...
&amp;lt;/span&amp;gt;&lt;/td&gt;&lt;td class=&quot;messageTechniques&quot;&gt;&lt;ul&gt;&lt;li&gt;&lt;a href=&quot;http://www.w3.org/TR/WCAG20-TECHS/G18&quot; target=&quot;_blank&quot;&gt;G18&lt;/a&gt;&lt;/li&gt;&lt;/ul&gt;&lt;/td&gt;&lt;td class=&quot;screenshot&quot;&gt;&lt;a data-toggle=&quot;modal&quot; data-target=&quot;#screenshot&quot;  onClick=showImg(&quot;screenshots/14_32_54_2_21_2018/288.png&quot;)&gt;&lt;img src=&quot;screenshots/14_32_54_2_21_2018/288.png&quot; style=&quot;width:25px;height:25px&quot;&gt;&lt;/a&gt;&lt;/td&gt;&lt;/tr&gt;&lt;tr class=&quot;error&quot;&gt;&lt;td  class=&quot;number&quot;&gt;&lt;span class=&quot;flag&quot;&gt;Error&lt;/span&gt;&lt;/td&gt;&lt;td  class=&quot;messagePrinciple&quot;&gt;&lt;a href=&quot;http://www.w3.org/TR/WCAG20/#perceivable&quot; target=&quot;_blank&quot;&gt;Perceivable&lt;/a&gt;&lt;/td&gt;&lt;td class=&quot;messageText&quot;&gt; This element has insufficient contrast at this conformance level. Expected a contrast ratio of at least 4.5:1, but text in this element has a contrast ratio of 4.17:1. Recommendation: change background to #fefefe.&lt;/td&gt;&lt;td&gt;&amp;lt;span class=&quot;c1&quot;&amp;gt;// Add
the following four lines:
&amp;lt;/span&amp;gt;&lt;/td&gt;&lt;td class=&quot;messageTechniques&quot;&gt;&lt;ul&gt;&lt;li&gt;&lt;a href=&quot;http://www.w3.org/TR/WCAG20-TECHS/G18&quot; target=&quot;_blank&quot;&gt;G18&lt;/a&gt;&lt;/li&gt;&lt;/ul&gt;&lt;/td&gt;&lt;td class=&quot;screenshot&quot;&gt;&lt;a data-toggle=&quot;modal&quot; data-target=&quot;#screenshot&quot;  onClick=showImg(&quot;screenshots/14_32_54_2_21_2018/830.png&quot;)&gt;&lt;img src=&quot;screenshots/14_32_54_2_21_2018/830.png&quot; style=&quot;width:25px;height:25px&quot;&gt;&lt;/a&gt;&lt;/td&gt;&lt;/tr&gt;&lt;tr class=&quot;error&quot;&gt;&lt;td  class=&quot;number&quot;&gt;&lt;span class=&quot;flag&quot;&gt;Error&lt;/span&gt;&lt;/td&gt;&lt;td  class=&quot;messagePrinciple&quot;&gt;&lt;a href=&quot;http://www.w3.org/TR/WCAG20/#perceivable&quot; target=&quot;_blank&quot;&gt;Perceivable&lt;/a&gt;&lt;/td&gt;&lt;td class=&quot;messageText&quot;&gt; This element has insufficient contrast at this conformance level. Expected a contrast ratio of at least 4.5:1, but text in this element has a contrast ratio of 4.17:1. Recommendation: change background to #fefefe.&lt;/td&gt;&lt;td&gt;&amp;lt;span class=&quot;c1&quot;&amp;gt;// Add
the following component and
connections:
&amp;lt;/span&amp;gt;&lt;/td&gt;&lt;td class=&quot;messageTechniques&quot;&gt;&lt;ul&gt;&lt;li&gt;&lt;a href=&quot;http://www.w3.org/TR/WCAG20-TECHS/G18&quot; target=&quot;_blank&quot;&gt;G18&lt;/a&gt;&lt;/li&gt;&lt;/ul&gt;&lt;/td&gt;&lt;td class=&quot;screenshot&quot;&gt;&lt;a data-toggle=&quot;modal&quot; data-target=&quot;#screenshot&quot;  onClick=showImg(&quot;screenshots/14_32_54_2_21_2018/186.png&quot;)&gt;&lt;img src=&quot;screenshots/14_32_54_2_21_2018/186.png&quot; style=&quot;width:25px;height:25px&quot;&gt;&lt;/a&gt;&lt;/td&gt;&lt;/tr&gt;&lt;tr class=&quot;error&quot;&gt;&lt;td  class=&quot;number&quot;&gt;&lt;span class=&quot;flag&quot;&gt;Error&lt;/span&gt;&lt;/td&gt;&lt;td  class=&quot;messagePrinciple&quot;&gt;&lt;a href=&quot;http://www.w3.org/TR/WCAG20/#perceivable&quot; target=&quot;_blank&quot;&gt;Perceivable&lt;/a&gt;&lt;/td&gt;&lt;td class=&quot;messageText&quot;&gt; This element has insufficient contrast at this conformance level. Expected a contrast ratio of at least 4.5:1, but text in this element has a contrast ratio of 4.17:1. Recommendation: change background to #fefefe.&lt;/td&gt;&lt;td&gt;&amp;lt;span class=&quot;c1&quot;&amp;gt;// Add
the following 2 lines:
&amp;lt;/span&amp;gt;&lt;/td&gt;&lt;td class=&quot;messageTechniques&quot;&gt;&lt;ul&gt;&lt;li&gt;&lt;a href=&quot;http://www.w3.org/TR/WCAG20-TECHS/G18&quot; target=&quot;_blank&quot;&gt;G18&lt;/a&gt;&lt;/li&gt;&lt;/ul&gt;&lt;/td&gt;&lt;td class=&quot;screenshot&quot;&gt;&lt;a data-toggle=&quot;modal&quot; data-target=&quot;#screenshot&quot;  onClick=showImg(&quot;screenshots/14_32_54_2_21_2018/513.png&quot;)&gt;&lt;img src=&quot;screenshots/14_32_54_2_21_2018/513.png&quot; style=&quot;width:25px;height:25px&quot;&gt;&lt;/a&gt;&lt;/td&gt;&lt;/tr&gt;&lt;tr class=&quot;error&quot;&gt;&lt;td  class=&quot;number&quot;&gt;&lt;span class=&quot;flag&quot;&gt;Error&lt;/span&gt;&lt;/td&gt;&lt;td  class=&quot;messagePrinciple&quot;&gt;&lt;a href=&quot;http://www.w3.org/TR/WCAG20/#perceivable&quot; target=&quot;_blank&quot;&gt;Perceivable&lt;/a&gt;&lt;/td&gt;&lt;td class=&quot;messageText&quot;&gt; This element has insufficient contrast at this conformance level. Expected a contrast ratio of at least 4.5:1, but text in this element has a contrast ratio of 4.17:1. Recommendation: change background to #fefefe.&lt;/td&gt;&lt;td&gt;&amp;lt;span class=&quot;c1&quot;&amp;gt;// ids
must be contiguous, starting
from 1
&amp;lt;/span&amp;gt;&lt;/td&gt;&lt;td class=&quot;messageTechniques&quot;&gt;&lt;ul&gt;&lt;li&gt;&lt;a href=&quot;http://www.w3.org/TR/WCAG20-TECHS/G18&quot; target=&quot;_blank&quot;&gt;G18&lt;/a&gt;&lt;/li&gt;&lt;/ul&gt;&lt;/td&gt;&lt;td class=&quot;screenshot&quot;&gt;&lt;a data-toggle=&quot;modal&quot; data-target=&quot;#screenshot&quot;  onClick=showImg(&quot;screenshots/14_32_54_2_21_2018/122.png&quot;)&gt;&lt;img src=&quot;screenshots/14_32_54_2_21_2018/122.png&quot; style=&quot;width:25px;height:25px&quot;&gt;&lt;/a&gt;&lt;/td&gt;&lt;/tr&gt;&lt;tr class=&quot;error&quot;&gt;&lt;td  class=&quot;number&quot;&gt;&lt;span class=&quot;flag&quot;&gt;Error&lt;/span&gt;&lt;/td&gt;&lt;td  class=&quot;messagePrinciple&quot;&gt;&lt;a href=&quot;http://www.w3.org/TR/WCAG20/#perceivable&quot; target=&quot;_blank&quot;&gt;Perceivable&lt;/a&gt;&lt;/td&gt;&lt;td class=&quot;messageText&quot;&gt; This element has insufficient contrast at this conformance level. Expected a contrast ratio of at least 4.5:1, but text in this element has a contrast ratio of 3.25:1. Recommendation: change text colour to #9c6500.&lt;/td&gt;&lt;td&gt;&amp;lt;span
class=&quot;cp&quot;&amp;gt;#include
&amp;amp;lt;camkes.h&amp;amp;gt;
#include
&amp;amp;lt;stdio.h&amp;amp;gt;...&amp;lt;
span&amp;gt;&lt;/td&gt;&lt;td class=&quot;messageTechniques&quot;&gt;&lt;ul&gt;&lt;li&gt;&lt;a href=&quot;http://www.w3.org/TR/WCAG20-TECHS/G18&quot; target=&quot;_blank&quot;&gt;G18&lt;/a&gt;&lt;/li&gt;&lt;/ul&gt;&lt;/td&gt;&lt;td class=&quot;screenshot&quot;&gt;&lt;a data-toggle=&quot;modal&quot; data-target=&quot;#screenshot&quot;  onClick=showImg(&quot;screenshots/14_32_54_2_21_2018/409.png&quot;)&gt;&lt;img src=&quot;screenshots/14_32_54_2_21_2018/409.png&quot; style=&quot;width:25px;height:25px&quot;&gt;&lt;/a&gt;&lt;/td&gt;&lt;/tr&gt;&lt;tr class=&quot;error&quot;&gt;&lt;td  class=&quot;number&quot;&gt;&lt;span class=&quot;flag&quot;&gt;Error&lt;/span&gt;&lt;/td&gt;&lt;td  class=&quot;messagePrinciple&quot;&gt;&lt;a href=&quot;http://www.w3.org/TR/WCAG20/#perceivable&quot; target=&quot;_blank&quot;&gt;Perceivable&lt;/a&gt;&lt;/td&gt;&lt;td class=&quot;messageText&quot;&gt; This element has insufficient contrast at this conformance level. Expected a contrast ratio of at least 4.5:1, but text in this element has a contrast ratio of 3.82:1. Recommendation: change text colour to #ae5915.&lt;/td&gt;&lt;td&gt;&amp;lt;span
class=&quot;se&quot;&amp;gt;\n&amp;lt;/span&amp;gt;&lt;/td&gt;&lt;td class=&quot;messageTechniques&quot;&gt;&lt;ul&gt;&lt;li&gt;&lt;a href=&quot;http://www.w3.org/TR/WCAG20-TECHS/G18&quot; target=&quot;_blank&quot;&gt;G18&lt;/a&gt;&lt;/li&gt;&lt;/ul&gt;&lt;/td&gt;&lt;td class=&quot;screenshot&quot;&gt;&lt;a data-toggle=&quot;modal&quot; data-target=&quot;#screenshot&quot;  onClick=showImg(&quot;screenshots/14_32_54_2_21_2018/428.png&quot;)&gt;&lt;img src=&quot;screenshots/14_32_54_2_21_2018/428.png&quot; style=&quot;width:25px;height:25px&quot;&gt;&lt;/a&gt;&lt;/td&gt;&lt;/tr&gt;&lt;tr class=&quot;error&quot;&gt;&lt;td  class=&quot;number&quot;&gt;&lt;span class=&quot;flag&quot;&gt;Error&lt;/span&gt;&lt;/td&gt;&lt;td  class=&quot;messagePrinciple&quot;&gt;&lt;a href=&quot;http://www.w3.org/TR/WCAG20/#perceivable&quot; target=&quot;_blank&quot;&gt;Perceivable&lt;/a&gt;&lt;/td&gt;&lt;td class=&quot;messageText&quot;&gt; This element has insufficient contrast at this conformance level. Expected a contrast ratio of at least 4.5:1, but text in this element has a contrast ratio of 3.25:1. Recommendation: change text colour to #9c6500.&lt;/td&gt;&lt;td&gt;&amp;lt;span
class=&quot;cp&quot;&amp;gt;#include
&amp;amp;lt;sel4/sel4.h&amp;amp;gt;
#include
&amp;amp;lt;camkes.h...&amp;lt;/span&amp;g
;&lt;/td&gt;&lt;td class=&quot;messageTechniques&quot;&gt;&lt;ul&gt;&lt;li&gt;&lt;a href=&quot;http://www.w3.org/TR/WCAG20-TECHS/G18&quot; target=&quot;_blank&quot;&gt;G18&lt;/a&gt;&lt;/li&gt;&lt;/ul&gt;&lt;/td&gt;&lt;td class=&quot;screenshot&quot;&gt;&lt;a data-toggle=&quot;modal&quot; data-target=&quot;#screenshot&quot;  onClick=showImg(&quot;screenshots/14_32_54_2_21_2018/753.png&quot;)&gt;&lt;img src=&quot;screenshots/14_32_54_2_21_2018/753.png&quot; style=&quot;width:25px;height:25px&quot;&gt;&lt;/a&gt;&lt;/td&gt;&lt;/tr&gt;&lt;tr class=&quot;error&quot;&gt;&lt;td  class=&quot;number&quot;&gt;&lt;span class=&quot;flag&quot;&gt;Error&lt;/span&gt;&lt;/td&gt;&lt;td  class=&quot;messagePrinciple&quot;&gt;&lt;a href=&quot;http://www.w3.org/TR/WCAG20/#perceivable&quot; target=&quot;_blank&quot;&gt;Perceivable&lt;/a&gt;&lt;/td&gt;&lt;td class=&quot;messageText&quot;&gt; This element has insufficient contrast at this conformance level. Expected a contrast ratio of at least 4.5:1, but text in this element has a contrast ratio of 4.17:1. Recommendation: change background to #fefefe.&lt;/td&gt;&lt;td&gt;&amp;lt;span class=&quot;c1&quot;&amp;gt;//
this is defined in the
dataport's glue code
&amp;lt;/span&amp;gt;&lt;/td&gt;&lt;td class=&quot;messageTechniques&quot;&gt;&lt;ul&gt;&lt;li&gt;&lt;a href=&quot;http://www.w3.org/TR/WCAG20-TECHS/G18&quot; target=&quot;_blank&quot;&gt;G18&lt;/a&gt;&lt;/li&gt;&lt;/ul&gt;&lt;/td&gt;&lt;td class=&quot;screenshot&quot;&gt;&lt;a data-toggle=&quot;modal&quot; data-target=&quot;#screenshot&quot;  onClick=showImg(&quot;screenshots/14_32_54_2_21_2018/35.png&quot;)&gt;&lt;img src=&quot;screenshots/14_32_54_2_21_2018/35.png&quot; style=&quot;width:25px;height:25px&quot;&gt;&lt;/a&gt;&lt;/td&gt;&lt;/tr&gt;&lt;tr class=&quot;error&quot;&gt;&lt;td  class=&quot;number&quot;&gt;&lt;span class=&quot;flag&quot;&gt;Error&lt;/span&gt;&lt;/td&gt;&lt;td  class=&quot;messagePrinciple&quot;&gt;&lt;a href=&quot;http://www.w3.org/TR/WCAG20/#perceivable&quot; target=&quot;_blank&quot;&gt;Perceivable&lt;/a&gt;&lt;/td&gt;&lt;td class=&quot;messageText&quot;&gt; This element has insufficient contrast at this conformance level. Expected a contrast ratio of at least 4.5:1, but text in this element has a contrast ratio of 4.17:1. Recommendation: change background to #fefefe.&lt;/td&gt;&lt;td&gt;&amp;lt;span class=&quot;c1&quot;&amp;gt;//
Array of dataport handles at
positions
correspo...&amp;lt;/span&amp;gt;&lt;/td&gt;&lt;td class=&quot;messageTechniques&quot;&gt;&lt;ul&gt;&lt;li&gt;&lt;a href=&quot;http://www.w3.org/TR/WCAG20-TECHS/G18&quot; target=&quot;_blank&quot;&gt;G18&lt;/a&gt;&lt;/li&gt;&lt;/ul&gt;&lt;/td&gt;&lt;td class=&quot;screenshot&quot;&gt;&lt;a data-toggle=&quot;modal&quot; data-target=&quot;#screenshot&quot;  onClick=showImg(&quot;screenshots/14_32_54_2_21_2018/435.png&quot;)&gt;&lt;img src=&quot;screenshots/14_32_54_2_21_2018/435.png&quot; style=&quot;width:25px;height:25px&quot;&gt;&lt;/a&gt;&lt;/td&gt;&lt;/tr&gt;&lt;tr class=&quot;error&quot;&gt;&lt;td  class=&quot;number&quot;&gt;&lt;span class=&quot;flag&quot;&gt;Error&lt;/span&gt;&lt;/td&gt;&lt;td  class=&quot;messagePrinciple&quot;&gt;&lt;a href=&quot;http://www.w3.org/TR/WCAG20/#perceivable&quot; target=&quot;_blank&quot;&gt;Perceivable&lt;/a&gt;&lt;/td&gt;&lt;td class=&quot;messageText&quot;&gt; This element has insufficient contrast at this conformance level. Expected a contrast ratio of at least 4.5:1, but text in this element has a contrast ratio of 4.17:1. Recommendation: change background to #fefefe.&lt;/td&gt;&lt;td&gt;&amp;lt;span class=&quot;c1&quot;&amp;gt;//
entry 0 is NULL so ids
correspond with indices
&amp;lt;/span&amp;gt;&lt;/td&gt;&lt;td class=&quot;messageTechniques&quot;&gt;&lt;ul&gt;&lt;li&gt;&lt;a href=&quot;http://www.w3.org/TR/WCAG20-TECHS/G18&quot; target=&quot;_blank&quot;&gt;G18&lt;/a&gt;&lt;/li&gt;&lt;/ul&gt;&lt;/td&gt;&lt;td class=&quot;screenshot&quot;&gt;&lt;a data-toggle=&quot;modal&quot; data-target=&quot;#screenshot&quot;  onClick=showImg(&quot;screenshots/14_32_54_2_21_2018/556.png&quot;)&gt;&lt;img src=&quot;screenshots/14_32_54_2_21_2018/556.png&quot; style=&quot;width:25px;height:25px&quot;&gt;&lt;/a&gt;&lt;/td&gt;&lt;/tr&gt;&lt;tr class=&quot;error&quot;&gt;&lt;td  class=&quot;number&quot;&gt;&lt;span class=&quot;flag&quot;&gt;Error&lt;/span&gt;&lt;/td&gt;&lt;td  class=&quot;messagePrinciple&quot;&gt;&lt;a href=&quot;http://www.w3.org/TR/WCAG20/#perceivable&quot; target=&quot;_blank&quot;&gt;Perceivable&lt;/a&gt;&lt;/td&gt;&lt;td class=&quot;messageText&quot;&gt; This element has insufficient contrast at this conformance level. Expected a contrast ratio of at least 4.5:1, but text in this element has a contrast ratio of 4.17:1. Recommendation: change background to #fefefe.&lt;/td&gt;&lt;td&gt;&amp;lt;span class=&quot;c1&quot;&amp;gt;//
Array of consumed event
callbacks and ids
&amp;lt;/span&amp;gt;&lt;/td&gt;&lt;td class=&quot;messageTechniques&quot;&gt;&lt;ul&gt;&lt;li&gt;&lt;a href=&quot;http://www.w3.org/TR/WCAG20-TECHS/G18&quot; target=&quot;_blank&quot;&gt;G18&lt;/a&gt;&lt;/li&gt;&lt;/ul&gt;&lt;/td&gt;&lt;td class=&quot;screenshot&quot;&gt;&lt;a data-toggle=&quot;modal&quot; data-target=&quot;#screenshot&quot;  onClick=showImg(&quot;screenshots/14_32_54_2_21_2018/604.png&quot;)&gt;&lt;img src=&quot;screenshots/14_32_54_2_21_2018/604.png&quot; style=&quot;width:25px;height:25px&quot;&gt;&lt;/a&gt;&lt;/td&gt;&lt;/tr&gt;&lt;tr class=&quot;error&quot;&gt;&lt;td  class=&quot;number&quot;&gt;&lt;span class=&quot;flag&quot;&gt;Error&lt;/span&gt;&lt;/td&gt;&lt;td  class=&quot;messagePrinciple&quot;&gt;&lt;a href=&quot;http://www.w3.org/TR/WCAG20/#perceivable&quot; target=&quot;_blank&quot;&gt;Perceivable&lt;/a&gt;&lt;/td&gt;&lt;td class=&quot;messageText&quot;&gt; This element has insufficient contrast at this conformance level. Expected a contrast ratio of at least 4.5:1, but text in this element has a contrast ratio of 4.17:1. Recommendation: change background to #fefefe.&lt;/td&gt;&lt;td&gt;&amp;lt;span class=&quot;c1&quot;&amp;gt;//
Array of emitted event emit
functions
&amp;lt;/span&amp;gt;&lt;/td&gt;&lt;td class=&quot;messageTechniques&quot;&gt;&lt;ul&gt;&lt;li&gt;&lt;a href=&quot;http://www.w3.org/TR/WCAG20-TECHS/G18&quot; target=&quot;_blank&quot;&gt;G18&lt;/a&gt;&lt;/li&gt;&lt;/ul&gt;&lt;/td&gt;&lt;td class=&quot;screenshot&quot;&gt;&lt;a data-toggle=&quot;modal&quot; data-target=&quot;#screenshot&quot;  onClick=showImg(&quot;screenshots/14_32_54_2_21_2018/913.png&quot;)&gt;&lt;img src=&quot;screenshots/14_32_54_2_21_2018/913.png&quot; style=&quot;width:25px;height:25px&quot;&gt;&lt;/a&gt;&lt;/td&gt;&lt;/tr&gt;&lt;tr class=&quot;error&quot;&gt;&lt;td  class=&quot;number&quot;&gt;&lt;span class=&quot;flag&quot;&gt;Error&lt;/span&gt;&lt;/td&gt;&lt;td  class=&quot;messagePrinciple&quot;&gt;&lt;a href=&quot;http://www.w3.org/TR/WCAG20/#perceivable&quot; target=&quot;_blank&quot;&gt;Perceivable&lt;/a&gt;&lt;/td&gt;&lt;td class=&quot;messageText&quot;&gt; This element has insufficient contrast at this conformance level. Expected a contrast ratio of at least 4.5:1, but text in this element has a contrast ratio of 4.17:1. Recommendation: change background to #fefefe.&lt;/td&gt;&lt;td&gt;&amp;lt;span class=&quot;c1&quot;&amp;gt;//
entry 0 is NULL so ids
correspond with indices
&amp;lt;/span&amp;gt;&lt;/td&gt;&lt;td class=&quot;messageTechniques&quot;&gt;&lt;ul&gt;&lt;li&gt;&lt;a href=&quot;http://www.w3.org/TR/WCAG20-TECHS/G18&quot; target=&quot;_blank&quot;&gt;G18&lt;/a&gt;&lt;/li&gt;&lt;/ul&gt;&lt;/td&gt;&lt;td class=&quot;screenshot&quot;&gt;&lt;a data-toggle=&quot;modal&quot; data-target=&quot;#screenshot&quot;  onClick=showImg(&quot;screenshots/14_32_54_2_21_2018/164.png&quot;)&gt;&lt;img src=&quot;screenshots/14_32_54_2_21_2018/164.png&quot; style=&quot;width:25px;height:25px&quot;&gt;&lt;/a&gt;&lt;/td&gt;&lt;/tr&gt;&lt;tr class=&quot;error&quot;&gt;&lt;td  class=&quot;number&quot;&gt;&lt;span class=&quot;flag&quot;&gt;Error&lt;/span&gt;&lt;/td&gt;&lt;td  class=&quot;messagePrinciple&quot;&gt;&lt;a href=&quot;http://www.w3.org/TR/WCAG20/#perceivable&quot; target=&quot;_blank&quot;&gt;Perceivable&lt;/a&gt;&lt;/td&gt;&lt;td class=&quot;messageText&quot;&gt; This element has insufficient contrast at this conformance level. Expected a contrast ratio of at least 4.5:1, but text in this element has a contrast ratio of 4.17:1. Recommendation: change background to #fefefe.&lt;/td&gt;&lt;td&gt;&amp;lt;span class=&quot;c1&quot;&amp;gt;//
mutex to protect shared event
context
&amp;lt;/span&amp;gt;&lt;/td&gt;&lt;td class=&quot;messageTechniques&quot;&gt;&lt;ul&gt;&lt;li&gt;&lt;a href=&quot;http://www.w3.org/TR/WCAG20-TECHS/G18&quot; target=&quot;_blank&quot;&gt;G18&lt;/a&gt;&lt;/li&gt;&lt;/ul&gt;&lt;/td&gt;&lt;td class=&quot;screenshot&quot;&gt;&lt;a data-toggle=&quot;modal&quot; data-target=&quot;#screenshot&quot;  onClick=showImg(&quot;screenshots/14_32_54_2_21_2018/267.png&quot;)&gt;&lt;img src=&quot;screenshots/14_32_54_2_21_2018/267.png&quot; style=&quot;width:25px;height:25px&quot;&gt;&lt;/a&gt;&lt;/td&gt;&lt;/tr&gt;&lt;tr class=&quot;error&quot;&gt;&lt;td  class=&quot;number&quot;&gt;&lt;span class=&quot;flag&quot;&gt;Error&lt;/span&gt;&lt;/td&gt;&lt;td  class=&quot;messagePrinciple&quot;&gt;&lt;a href=&quot;http://www.w3.org/TR/WCAG20/#perceivable&quot; target=&quot;_blank&quot;&gt;Perceivable&lt;/a&gt;&lt;/td&gt;&lt;td class=&quot;messageText&quot;&gt; This element has insufficient contrast at this conformance level. Expected a contrast ratio of at least 4.5:1, but text in this element has a contrast ratio of 4.17:1. Recommendation: change background to #fefefe.&lt;/td&gt;&lt;td&gt;&amp;lt;span
class=&quot;c&quot;&amp;gt;#!/bin/sh&amp;lt;/spa
&amp;gt;&lt;/td&gt;&lt;td class=&quot;messageTechniques&quot;&gt;&lt;ul&gt;&lt;li&gt;&lt;a href=&quot;http://www.w3.org/TR/WCAG20-TECHS/G18&quot; target=&quot;_blank&quot;&gt;G18&lt;/a&gt;&lt;/li&gt;&lt;/ul&gt;&lt;/td&gt;&lt;td class=&quot;screenshot&quot;&gt;&lt;a data-toggle=&quot;modal&quot; data-target=&quot;#screenshot&quot;  onClick=showImg(&quot;screenshots/14_32_54_2_21_2018/351.png&quot;)&gt;&lt;img src=&quot;screenshots/14_32_54_2_21_2018/351.png&quot; style=&quot;width:25px;height:25px&quot;&gt;&lt;/a&gt;&lt;/td&gt;&lt;/tr&gt;&lt;tr class=&quot;error&quot;&gt;&lt;td  class=&quot;number&quot;&gt;&lt;span class=&quot;flag&quot;&gt;Error&lt;/span&gt;&lt;/td&gt;&lt;td  class=&quot;messagePrinciple&quot;&gt;&lt;a href=&quot;http://www.w3.org/TR/WCAG20/#perceivable&quot; target=&quot;_blank&quot;&gt;Perceivable&lt;/a&gt;&lt;/td&gt;&lt;td class=&quot;messageText&quot;&gt; This element has insufficient contrast at this conformance level. Expected a contrast ratio of at least 4.5:1, but text in this element has a contrast ratio of 4.17:1. Recommendation: change background to #fefefe.&lt;/td&gt;&lt;td&gt;&amp;lt;span class=&quot;c&quot;&amp;gt;#
Initialises linux-side of
cross vm
connections.&amp;lt;/span&amp;gt;&lt;/td&gt;&lt;td class=&quot;messageTechniques&quot;&gt;&lt;ul&gt;&lt;li&gt;&lt;a href=&quot;http://www.w3.org/TR/WCAG20-TECHS/G18&quot; target=&quot;_blank&quot;&gt;G18&lt;/a&gt;&lt;/li&gt;&lt;/ul&gt;&lt;/td&gt;&lt;td class=&quot;screenshot&quot;&gt;&lt;a data-toggle=&quot;modal&quot; data-target=&quot;#screenshot&quot;  onClick=showImg(&quot;screenshots/14_32_54_2_21_2018/190.png&quot;)&gt;&lt;img src=&quot;screenshots/14_32_54_2_21_2018/190.png&quot; style=&quot;width:25px;height:25px&quot;&gt;&lt;/a&gt;&lt;/td&gt;&lt;/tr&gt;&lt;tr class=&quot;error&quot;&gt;&lt;td  class=&quot;number&quot;&gt;&lt;span class=&quot;flag&quot;&gt;Error&lt;/span&gt;&lt;/td&gt;&lt;td  class=&quot;messagePrinciple&quot;&gt;&lt;a href=&quot;http://www.w3.org/TR/WCAG20/#perceivable&quot; target=&quot;_blank&quot;&gt;Perceivable&lt;/a&gt;&lt;/td&gt;&lt;td class=&quot;messageText&quot;&gt; This element has insufficient contrast at this conformance level. Expected a contrast ratio of at least 4.5:1, but text in this element has a contrast ratio of 4.17:1. Recommendation: change background to #fefefe.&lt;/td&gt;&lt;td&gt;&amp;lt;span class=&quot;c&quot;&amp;gt;#
Dataport sizes must match
those in the camkes
sp...&amp;lt;/span&amp;gt;&lt;/td&gt;&lt;td class=&quot;messageTechniques&quot;&gt;&lt;ul&gt;&lt;li&gt;&lt;a href=&quot;http://www.w3.org/TR/WCAG20-TECHS/G18&quot; target=&quot;_blank&quot;&gt;G18&lt;/a&gt;&lt;/li&gt;&lt;/ul&gt;&lt;/td&gt;&lt;td class=&quot;screenshot&quot;&gt;&lt;a data-toggle=&quot;modal&quot; data-target=&quot;#screenshot&quot;  onClick=showImg(&quot;screenshots/14_32_54_2_21_2018/339.png&quot;)&gt;&lt;img src=&quot;screenshots/14_32_54_2_21_2018/339.png&quot; style=&quot;width:25px;height:25px&quot;&gt;&lt;/a&gt;&lt;/td&gt;&lt;/tr&gt;&lt;tr class=&quot;error&quot;&gt;&lt;td  class=&quot;number&quot;&gt;&lt;span class=&quot;flag&quot;&gt;Error&lt;/span&gt;&lt;/td&gt;&lt;td  class=&quot;messagePrinciple&quot;&gt;&lt;a href=&quot;http://www.w3.org/TR/WCAG20/#perceivable&quot; target=&quot;_blank&quot;&gt;Perceivable&lt;/a&gt;&lt;/td&gt;&lt;td class=&quot;messageText&quot;&gt; This element has insufficient contrast at this conformance level. Expected a contrast ratio of at least 4.5:1, but text in this element has a contrast ratio of 4.17:1. Recommendation: change background to #fefefe.&lt;/td&gt;&lt;td&gt;&amp;lt;span class=&quot;c&quot;&amp;gt;# For
each argument to
dataport_init, the nth
pair&amp;lt;/span&amp;gt;&lt;/td&gt;&lt;td class=&quot;messageTechniques&quot;&gt;&lt;ul&gt;&lt;li&gt;&lt;a href=&quot;http://www.w3.org/TR/WCAG20-TECHS/G18&quot; target=&quot;_blank&quot;&gt;G18&lt;/a&gt;&lt;/li&gt;&lt;/ul&gt;&lt;/td&gt;&lt;td class=&quot;screenshot&quot;&gt;&lt;a data-toggle=&quot;modal&quot; data-target=&quot;#screenshot&quot;  onClick=showImg(&quot;screenshots/14_32_54_2_21_2018/350.png&quot;)&gt;&lt;img src=&quot;screenshots/14_32_54_2_21_2018/350.png&quot; style=&quot;width:25px;height:25px&quot;&gt;&lt;/a&gt;&lt;/td&gt;&lt;/tr&gt;&lt;tr class=&quot;error&quot;&gt;&lt;td  class=&quot;number&quot;&gt;&lt;span class=&quot;flag&quot;&gt;Error&lt;/span&gt;&lt;/td&gt;&lt;td  class=&quot;messagePrinciple&quot;&gt;&lt;a href=&quot;http://www.w3.org/TR/WCAG20/#perceivable&quot; target=&quot;_blank&quot;&gt;Perceivable&lt;/a&gt;&lt;/td&gt;&lt;td class=&quot;messageText&quot;&gt; This element has insufficient contrast at this conformance level. Expected a contrast ratio of at least 4.5:1, but text in this element has a contrast ratio of 4.17:1. Recommendation: change background to #fefefe.&lt;/td&gt;&lt;td&gt;&amp;lt;span class=&quot;c&quot;&amp;gt;#
corresponds to the dataport
with id n.&amp;lt;/span&amp;gt;&lt;/td&gt;&lt;td class=&quot;messageTechniques&quot;&gt;&lt;ul&gt;&lt;li&gt;&lt;a href=&quot;http://www.w3.org/TR/WCAG20-TECHS/G18&quot; target=&quot;_blank&quot;&gt;G18&lt;/a&gt;&lt;/li&gt;&lt;/ul&gt;&lt;/td&gt;&lt;td class=&quot;screenshot&quot;&gt;&lt;a data-toggle=&quot;modal&quot; data-target=&quot;#screenshot&quot;  onClick=showImg(&quot;screenshots/14_32_54_2_21_2018/352.png&quot;)&gt;&lt;img src=&quot;screenshots/14_32_54_2_21_2018/352.png&quot; style=&quot;width:25px;height:25px&quot;&gt;&lt;/a&gt;&lt;/td&gt;&lt;/tr&gt;&lt;tr class=&quot;error&quot;&gt;&lt;td  class=&quot;number&quot;&gt;&lt;span class=&quot;flag&quot;&gt;Error&lt;/span&gt;&lt;/td&gt;&lt;td  class=&quot;messagePrinciple&quot;&gt;&lt;a href=&quot;http://www.w3.org/TR/WCAG20/#perceivable&quot; target=&quot;_blank&quot;&gt;Perceivable&lt;/a&gt;&lt;/td&gt;&lt;td class=&quot;messageText&quot;&gt; This element has insufficient contrast at this conformance level. Expected a contrast ratio of at least 4.5:1, but text in this element has a contrast ratio of 4.17:1. Recommendation: change background to #fefefe.&lt;/td&gt;&lt;td&gt;&amp;lt;span class=&quot;c&quot;&amp;gt;# The
nth argument to event_init
corresponds to
th...&amp;lt;/span&amp;gt;&lt;/td&gt;&lt;td class=&quot;messageTechniques&quot;&gt;&lt;ul&gt;&lt;li&gt;&lt;a href=&quot;http://www.w3.org/TR/WCAG20-TECHS/G18&quot; target=&quot;_blank&quot;&gt;G18&lt;/a&gt;&lt;/li&gt;&lt;/ul&gt;&lt;/td&gt;&lt;td class=&quot;screenshot&quot;&gt;&lt;a data-toggle=&quot;modal&quot; data-target=&quot;#screenshot&quot;  onClick=showImg(&quot;screenshots/14_32_54_2_21_2018/874.png&quot;)&gt;&lt;img src=&quot;screenshots/14_32_54_2_21_2018/874.png&quot; style=&quot;width:25px;height:25px&quot;&gt;&lt;/a&gt;&lt;/td&gt;&lt;/tr&gt;&lt;tr class=&quot;error&quot;&gt;&lt;td  class=&quot;number&quot;&gt;&lt;span class=&quot;flag&quot;&gt;Error&lt;/span&gt;&lt;/td&gt;&lt;td  class=&quot;messagePrinciple&quot;&gt;&lt;a href=&quot;http://www.w3.org/TR/WCAG20/#perceivable&quot; target=&quot;_blank&quot;&gt;Perceivable&lt;/a&gt;&lt;/td&gt;&lt;td class=&quot;messageText&quot;&gt; This element has insufficient contrast at this conformance level. Expected a contrast ratio of at least 4.5:1, but text in this element has a contrast ratio of 4.17:1. Recommendation: change background to #fefefe.&lt;/td&gt;&lt;td&gt;&amp;lt;span class=&quot;c&quot;&amp;gt;# event
with id n according to the
camkes vmm.&amp;lt;/span&amp;gt;&lt;/td&gt;&lt;td class=&quot;messageTechniques&quot;&gt;&lt;ul&gt;&lt;li&gt;&lt;a href=&quot;http://www.w3.org/TR/WCAG20-TECHS/G18&quot; target=&quot;_blank&quot;&gt;G18&lt;/a&gt;&lt;/li&gt;&lt;/ul&gt;&lt;/td&gt;&lt;td class=&quot;screenshot&quot;&gt;&lt;a data-toggle=&quot;modal&quot; data-target=&quot;#screenshot&quot;  onClick=showImg(&quot;screenshots/14_32_54_2_21_2018/79.png&quot;)&gt;&lt;img src=&quot;screenshots/14_32_54_2_21_2018/79.png&quot; style=&quot;width:25px;height:25px&quot;&gt;&lt;/a&gt;&lt;/td&gt;&lt;/tr&gt;&lt;tr class=&quot;error&quot;&gt;&lt;td  class=&quot;number&quot;&gt;&lt;span class=&quot;flag&quot;&gt;Error&lt;/span&gt;&lt;/td&gt;&lt;td  class=&quot;messagePrinciple&quot;&gt;&lt;a href=&quot;http://www.w3.org/TR/WCAG20/#perceivable&quot; target=&quot;_blank&quot;&gt;Perceivable&lt;/a&gt;&lt;/td&gt;&lt;td class=&quot;messageText&quot;&gt; This element has insufficient contrast at this conformance level. Expected a contrast ratio of at least 4.5:1, but text in this element has a contrast ratio of 4.17:1. Recommendation: change background to #fefefe.&lt;/td&gt;&lt;td&gt;&amp;lt;span
class=&quot;c&quot;&amp;gt;#!/bin/sh&amp;lt;/spa
&amp;gt;&lt;/td&gt;&lt;td class=&quot;messageTechniques&quot;&gt;&lt;ul&gt;&lt;li&gt;&lt;a href=&quot;http://www.w3.org/TR/WCAG20-TECHS/G18&quot; target=&quot;_blank&quot;&gt;G18&lt;/a&gt;&lt;/li&gt;&lt;/ul&gt;&lt;/td&gt;&lt;td class=&quot;screenshot&quot;&gt;&lt;a data-toggle=&quot;modal&quot; data-target=&quot;#screenshot&quot;  onClick=showImg(&quot;screenshots/14_32_54_2_21_2018/338.png&quot;)&gt;&lt;img src=&quot;screenshots/14_32_54_2_21_2018/338.png&quot; style=&quot;width:25px;height:25px&quot;&gt;&lt;/a&gt;&lt;/td&gt;&lt;/tr&gt;&lt;tr class=&quot;error&quot;&gt;&lt;td  class=&quot;number&quot;&gt;&lt;span class=&quot;flag&quot;&gt;Error&lt;/span&gt;&lt;/td&gt;&lt;td  class=&quot;messagePrinciple&quot;&gt;&lt;a href=&quot;http://www.w3.org/TR/WCAG20/#perceivable&quot; target=&quot;_blank&quot;&gt;Perceivable&lt;/a&gt;&lt;/td&gt;&lt;td class=&quot;messageText&quot;&gt; This element has insufficient contrast at this conformance level. Expected a contrast ratio of at least 4.5:1, but text in this element has a contrast ratio of 4.17:1. Recommendation: change background to #fefefe.&lt;/td&gt;&lt;td&gt;&amp;lt;span class=&quot;c&quot;&amp;gt;#
Initialises linux-side of
cross vm
connections.&amp;lt;/span&amp;gt;&lt;/td&gt;&lt;td class=&quot;messageTechniques&quot;&gt;&lt;ul&gt;&lt;li&gt;&lt;a href=&quot;http://www.w3.org/TR/WCAG20-TECHS/G18&quot; target=&quot;_blank&quot;&gt;G18&lt;/a&gt;&lt;/li&gt;&lt;/ul&gt;&lt;/td&gt;&lt;td class=&quot;screenshot&quot;&gt;&lt;a data-toggle=&quot;modal&quot; data-target=&quot;#screenshot&quot;  onClick=showImg(&quot;screenshots/14_32_54_2_21_2018/721.png&quot;)&gt;&lt;img src=&quot;screenshots/14_32_54_2_21_2018/721.png&quot; style=&quot;width:25px;height:25px&quot;&gt;&lt;/a&gt;&lt;/td&gt;&lt;/tr&gt;&lt;tr class=&quot;error&quot;&gt;&lt;td  class=&quot;number&quot;&gt;&lt;span class=&quot;flag&quot;&gt;Error&lt;/span&gt;&lt;/td&gt;&lt;td  class=&quot;messagePrinciple&quot;&gt;&lt;a href=&quot;http://www.w3.org/TR/WCAG20/#perceivable&quot; target=&quot;_blank&quot;&gt;Perceivable&lt;/a&gt;&lt;/td&gt;&lt;td class=&quot;messageText&quot;&gt; This element has insufficient contrast at this conformance level. Expected a contrast ratio of at least 4.5:1, but text in this element has a contrast ratio of 4.17:1. Recommendation: change background to #fefefe.&lt;/td&gt;&lt;td&gt;&amp;lt;span class=&quot;c&quot;&amp;gt;#
Dataport sizes must match
those in the camkes
sp...&amp;lt;/span&amp;gt;&lt;/td&gt;&lt;td class=&quot;messageTechniques&quot;&gt;&lt;ul&gt;&lt;li&gt;&lt;a href=&quot;http://www.w3.org/TR/WCAG20-TECHS/G18&quot; target=&quot;_blank&quot;&gt;G18&lt;/a&gt;&lt;/li&gt;&lt;/ul&gt;&lt;/td&gt;&lt;td class=&quot;screenshot&quot;&gt;&lt;a data-toggle=&quot;modal&quot; data-target=&quot;#screenshot&quot;  onClick=showImg(&quot;screenshots/14_32_54_2_21_2018/587.png&quot;)&gt;&lt;img src=&quot;screenshots/14_32_54_2_21_2018/587.png&quot; style=&quot;width:25px;height:25px&quot;&gt;&lt;/a&gt;&lt;/td&gt;&lt;/tr&gt;&lt;tr class=&quot;error&quot;&gt;&lt;td  class=&quot;number&quot;&gt;&lt;span class=&quot;flag&quot;&gt;Error&lt;/span&gt;&lt;/td&gt;&lt;td  class=&quot;messagePrinciple&quot;&gt;&lt;a href=&quot;http://www.w3.org/TR/WCAG20/#perceivable&quot; target=&quot;_blank&quot;&gt;Perceivable&lt;/a&gt;&lt;/td&gt;&lt;td class=&quot;messageText&quot;&gt; This element has insufficient contrast at this conformance level. Expected a contrast ratio of at least 4.5:1, but text in this element has a contrast ratio of 4.17:1. Recommendation: change background to #fefefe.&lt;/td&gt;&lt;td&gt;&amp;lt;span class=&quot;c&quot;&amp;gt;# For
each argument to
dataport_init, the nth
pair&amp;lt;/span&amp;gt;&lt;/td&gt;&lt;td class=&quot;messageTechniques&quot;&gt;&lt;ul&gt;&lt;li&gt;&lt;a href=&quot;http://www.w3.org/TR/WCAG20-TECHS/G18&quot; target=&quot;_blank&quot;&gt;G18&lt;/a&gt;&lt;/li&gt;&lt;/ul&gt;&lt;/td&gt;&lt;td class=&quot;screenshot&quot;&gt;&lt;a data-toggle=&quot;modal&quot; data-target=&quot;#screenshot&quot;  onClick=showImg(&quot;screenshots/14_32_54_2_21_2018/589.png&quot;)&gt;&lt;img src=&quot;screenshots/14_32_54_2_21_2018/589.png&quot; style=&quot;width:25px;height:25px&quot;&gt;&lt;/a&gt;&lt;/td&gt;&lt;/tr&gt;&lt;tr class=&quot;error&quot;&gt;&lt;td  class=&quot;number&quot;&gt;&lt;span class=&quot;flag&quot;&gt;Error&lt;/span&gt;&lt;/td&gt;&lt;td  class=&quot;messagePrinciple&quot;&gt;&lt;a href=&quot;http://www.w3.org/TR/WCAG20/#perceivable&quot; target=&quot;_blank&quot;&gt;Perceivable&lt;/a&gt;&lt;/td&gt;&lt;td class=&quot;messageText&quot;&gt; This element has insufficient contrast at this conformance level. Expected a contrast ratio of at least 4.5:1, but text in this element has a contrast ratio of 4.17:1. Recommendation: change background to #fefefe.&lt;/td&gt;&lt;td&gt;&amp;lt;span class=&quot;c&quot;&amp;gt;#
corresponds to the dataport
with id n.&amp;lt;/span&amp;gt;&lt;/td&gt;&lt;td class=&quot;messageTechniques&quot;&gt;&lt;ul&gt;&lt;li&gt;&lt;a href=&quot;http://www.w3.org/TR/WCAG20-TECHS/G18&quot; target=&quot;_blank&quot;&gt;G18&lt;/a&gt;&lt;/li&gt;&lt;/ul&gt;&lt;/td&gt;&lt;td class=&quot;screenshot&quot;&gt;&lt;a data-toggle=&quot;modal&quot; data-target=&quot;#screenshot&quot;  onClick=showImg(&quot;screenshots/14_32_54_2_21_2018/492.png&quot;)&gt;&lt;img src=&quot;screenshots/14_32_54_2_21_2018/492.png&quot; style=&quot;width:25px;height:25px&quot;&gt;&lt;/a&gt;&lt;/td&gt;&lt;/tr&gt;&lt;tr class=&quot;error&quot;&gt;&lt;td  class=&quot;number&quot;&gt;&lt;span class=&quot;flag&quot;&gt;Error&lt;/span&gt;&lt;/td&gt;&lt;td  class=&quot;messagePrinciple&quot;&gt;&lt;a href=&quot;http://www.w3.org/TR/WCAG20/#perceivable&quot; target=&quot;_blank&quot;&gt;Perceivable&lt;/a&gt;&lt;/td&gt;&lt;td class=&quot;messageText&quot;&gt; This element has insufficient contrast at this conformance level. Expected a contrast ratio of at least 4.5:1, but text in this element has a contrast ratio of 4.17:1. Recommendation: change background to #fefefe.&lt;/td&gt;&lt;td&gt;&amp;lt;span class=&quot;c&quot;&amp;gt;# The
nth argument to event_init
corresponds to
th...&amp;lt;/span&amp;gt;&lt;/td&gt;&lt;td class=&quot;messageTechniques&quot;&gt;&lt;ul&gt;&lt;li&gt;&lt;a href=&quot;http://www.w3.org/TR/WCAG20-TECHS/G18&quot; target=&quot;_blank&quot;&gt;G18&lt;/a&gt;&lt;/li&gt;&lt;/ul&gt;&lt;/td&gt;&lt;td class=&quot;screenshot&quot;&gt;&lt;a data-toggle=&quot;modal&quot; data-target=&quot;#screenshot&quot;  onClick=showImg(&quot;screenshots/14_32_54_2_21_2018/748.png&quot;)&gt;&lt;img src=&quot;screenshots/14_32_54_2_21_2018/748.png&quot; style=&quot;width:25px;height:25px&quot;&gt;&lt;/a&gt;&lt;/td&gt;&lt;/tr&gt;&lt;tr class=&quot;error&quot;&gt;&lt;td  class=&quot;number&quot;&gt;&lt;span class=&quot;flag&quot;&gt;Error&lt;/span&gt;&lt;/td&gt;&lt;td  class=&quot;messagePrinciple&quot;&gt;&lt;a href=&quot;http://www.w3.org/TR/WCAG20/#perceivable&quot; target=&quot;_blank&quot;&gt;Perceivable&lt;/a&gt;&lt;/td&gt;&lt;td class=&quot;messageText&quot;&gt; This element has insufficient contrast at this conformance level. Expected a contrast ratio of at least 4.5:1, but text in this element has a contrast ratio of 4.17:1. Recommendation: change background to #fefefe.&lt;/td&gt;&lt;td&gt;&amp;lt;span class=&quot;c&quot;&amp;gt;# event
with id n according to the
camkes vmm.&amp;lt;/span&amp;gt;&lt;/td&gt;&lt;td class=&quot;messageTechniques&quot;&gt;&lt;ul&gt;&lt;li&gt;&lt;a href=&quot;http://www.w3.org/TR/WCAG20-TECHS/G18&quot; target=&quot;_blank&quot;&gt;G18&lt;/a&gt;&lt;/li&gt;&lt;/ul&gt;&lt;/td&gt;&lt;td class=&quot;screenshot&quot;&gt;&lt;a data-toggle=&quot;modal&quot; data-target=&quot;#screenshot&quot;  onClick=showImg(&quot;screenshots/14_32_54_2_21_2018/924.png&quot;)&gt;&lt;img src=&quot;screenshots/14_32_54_2_21_2018/924.png&quot; style=&quot;width:25px;height:25px&quot;&gt;&lt;/a&gt;&lt;/td&gt;&lt;/tr&gt;&lt;tr class=&quot;error&quot;&gt;&lt;td  class=&quot;number&quot;&gt;&lt;span class=&quot;flag&quot;&gt;Error&lt;/span&gt;&lt;/td&gt;&lt;td  class=&quot;messagePrinciple&quot;&gt;&lt;a href=&quot;http://www.w3.org/TR/WCAG20/#perceivable&quot; target=&quot;_blank&quot;&gt;Perceivable&lt;/a&gt;&lt;/td&gt;&lt;td class=&quot;messageText&quot;&gt; This element has insufficient contrast at this conformance level. Expected a contrast ratio of at least 4.5:1, but text in this element has a contrast ratio of 3.25:1. Recommendation: change text colour to #9c6500.&lt;/td&gt;&lt;td&gt;&amp;lt;span
class=&quot;cp&quot;&amp;gt;#include
&amp;amp;lt;string.h&amp;amp;gt;
#include
&amp;amp;lt;assert.h&amp;amp;gt...&amp;lt;
span&amp;gt;&lt;/td&gt;&lt;td class=&quot;messageTechniques&quot;&gt;&lt;ul&gt;&lt;li&gt;&lt;a href=&quot;http://www.w3.org/TR/WCAG20-TECHS/G18&quot; target=&quot;_blank&quot;&gt;G18&lt;/a&gt;&lt;/li&gt;&lt;/ul&gt;&lt;/td&gt;&lt;td class=&quot;screenshot&quot;&gt;&lt;a data-toggle=&quot;modal&quot; data-target=&quot;#screenshot&quot;  onClick=showImg(&quot;screenshots/14_32_54_2_21_2018/58.png&quot;)&gt;&lt;img src=&quot;screenshots/14_32_54_2_21_2018/58.png&quot; style=&quot;width:25px;height:25px&quot;&gt;&lt;/a&gt;&lt;/td&gt;&lt;/tr&gt;&lt;tr class=&quot;error&quot;&gt;&lt;td  class=&quot;number&quot;&gt;&lt;span class=&quot;flag&quot;&gt;Error&lt;/span&gt;&lt;/td&gt;&lt;td  class=&quot;messagePrinciple&quot;&gt;&lt;a href=&quot;http://www.w3.org/TR/WCAG20/#perceivable&quot; target=&quot;_blank&quot;&gt;Perceivable&lt;/a&gt;&lt;/td&gt;&lt;td class=&quot;messageText&quot;&gt; This element has insufficient contrast at this conformance level. Expected a contrast ratio of at least 4.5:1, but text in this element has a contrast ratio of 3.25:1. Recommendation: change text colour to #9c6500.&lt;/td&gt;&lt;td&gt;&amp;lt;span
class=&quot;cp&quot;&amp;gt;#include
&amp;amp;lt;sys/types.h&amp;amp;gt;
#include
&amp;amp;lt;sys/stat...&amp;lt;/span&amp;g
;&lt;/td&gt;&lt;td class=&quot;messageTechniques&quot;&gt;&lt;ul&gt;&lt;li&gt;&lt;a href=&quot;http://www.w3.org/TR/WCAG20-TECHS/G18&quot; target=&quot;_blank&quot;&gt;G18&lt;/a&gt;&lt;/li&gt;&lt;/ul&gt;&lt;/td&gt;&lt;td class=&quot;screenshot&quot;&gt;&lt;a data-toggle=&quot;modal&quot; data-target=&quot;#screenshot&quot;  onClick=showImg(&quot;screenshots/14_32_54_2_21_2018/459.png&quot;)&gt;&lt;img src=&quot;screenshots/14_32_54_2_21_2018/459.png&quot; style=&quot;width:25px;height:25px&quot;&gt;&lt;/a&gt;&lt;/td&gt;&lt;/tr&gt;&lt;tr class=&quot;error&quot;&gt;&lt;td  class=&quot;number&quot;&gt;&lt;span class=&quot;flag&quot;&gt;Error&lt;/span&gt;&lt;/td&gt;&lt;td  class=&quot;messagePrinciple&quot;&gt;&lt;a href=&quot;http://www.w3.org/TR/WCAG20/#perceivable&quot; target=&quot;_blank&quot;&gt;Perceivable&lt;/a&gt;&lt;/td&gt;&lt;td class=&quot;messageText&quot;&gt; This element has insufficient contrast at this conformance level. Expected a contrast ratio of at least 4.5:1, but text in this element has a contrast ratio of 3.25:1. Recommendation: change text colour to #9c6500.&lt;/td&gt;&lt;td&gt;&amp;lt;span
class=&quot;cp&quot;&amp;gt;#include
&quot;dataport.h&quot;
#include &quot;consumes_event.h&quot;
...&amp;lt;/span&amp;gt;&lt;/td&gt;&lt;td class=&quot;messageTechniques&quot;&gt;&lt;ul&gt;&lt;li&gt;&lt;a href=&quot;http://www.w3.org/TR/WCAG20-TECHS/G18&quot; target=&quot;_blank&quot;&gt;G18&lt;/a&gt;&lt;/li&gt;&lt;/ul&gt;&lt;/td&gt;&lt;td class=&quot;screenshot&quot;&gt;&lt;a data-toggle=&quot;modal&quot; data-target=&quot;#screenshot&quot;  onClick=showImg(&quot;screenshots/14_32_54_2_21_2018/562.png&quot;)&gt;&lt;img src=&quot;screenshots/14_32_54_2_21_2018/562.png&quot; style=&quot;width:25px;height:25px&quot;&gt;&lt;/a&gt;&lt;/td&gt;&lt;/tr&gt;&lt;tr class=&quot;error&quot;&gt;&lt;td  class=&quot;number&quot;&gt;&lt;span class=&quot;flag&quot;&gt;Error&lt;/span&gt;&lt;/td&gt;&lt;td  class=&quot;messagePrinciple&quot;&gt;&lt;a href=&quot;http://www.w3.org/TR/WCAG20/#perceivable&quot; target=&quot;_blank&quot;&gt;Perceivable&lt;/a&gt;&lt;/td&gt;&lt;td class=&quot;messageText&quot;&gt; This element has insufficient contrast at this conformance level. Expected a contrast ratio of at least 4.5:1, but text in this element has a contrast ratio of 2.56:1. Recommendation: change text colour to #747400.&lt;/td&gt;&lt;td&gt;&amp;lt;span
class=&quot;nl&quot;&amp;gt;${STAGE_DIR}/${R
OTFS_FILENAME}&amp;lt;/span&amp;gt;&lt;/td&gt;&lt;td class=&quot;messageTechniques&quot;&gt;&lt;ul&gt;&lt;li&gt;&lt;a href=&quot;http://www.w3.org/TR/WCAG20-TECHS/G18&quot; target=&quot;_blank&quot;&gt;G18&lt;/a&gt;&lt;/li&gt;&lt;/ul&gt;&lt;/td&gt;&lt;td class=&quot;screenshot&quot;&gt;&lt;a data-toggle=&quot;modal&quot; data-target=&quot;#screenshot&quot;  onClick=showImg(&quot;screenshots/14_32_54_2_21_2018/678.png&quot;)&gt;&lt;img src=&quot;screenshots/14_32_54_2_21_2018/678.png&quot; style=&quot;width:25px;height:25px&quot;&gt;&lt;/a&gt;&lt;/td&gt;&lt;/tr&gt;&lt;tr class=&quot;error&quot;&gt;&lt;td  class=&quot;number&quot;&gt;&lt;span class=&quot;flag&quot;&gt;Error&lt;/span&gt;&lt;/td&gt;&lt;td  class=&quot;messagePrinciple&quot;&gt;&lt;a href=&quot;http://www.w3.org/TR/WCAG20/#perceivable&quot; target=&quot;_blank&quot;&gt;Perceivable&lt;/a&gt;&lt;/td&gt;&lt;td class=&quot;messageText&quot;&gt; This element has insufficient contrast at this conformance level. Expected a contrast ratio of at least 4.5:1, but text in this element has a contrast ratio of 2.56:1. Recommendation: change text colour to #747400.&lt;/td&gt;&lt;td&gt;&amp;lt;span
class=&quot;nl&quot;&amp;gt;${STAGE_DIR}/${R
OTFS_FILENAME}&amp;lt;/span&amp;gt;&lt;/td&gt;&lt;td class=&quot;messageTechniques&quot;&gt;&lt;ul&gt;&lt;li&gt;&lt;a href=&quot;http://www.w3.org/TR/WCAG20-TECHS/G18&quot; target=&quot;_blank&quot;&gt;G18&lt;/a&gt;&lt;/li&gt;&lt;/ul&gt;&lt;/td&gt;&lt;td class=&quot;screenshot&quot;&gt;&lt;a data-toggle=&quot;modal&quot; data-target=&quot;#screenshot&quot;  onClick=showImg(&quot;screenshots/14_32_54_2_21_2018/167.png&quot;)&gt;&lt;img src=&quot;screenshots/14_32_54_2_21_2018/167.png&quot; style=&quot;width:25px;height:25px&quot;&gt;&lt;/a&gt;&lt;/td&gt;&lt;/tr&gt;&lt;tr class=&quot;error&quot;&gt;&lt;td  class=&quot;number&quot;&gt;&lt;span class=&quot;flag&quot;&gt;Error&lt;/span&gt;&lt;/td&gt;&lt;td  class=&quot;messagePrinciple&quot;&gt;&lt;a href=&quot;http://www.w3.org/TR/WCAG20/#perceivable&quot; target=&quot;_blank&quot;&gt;Perceivable&lt;/a&gt;&lt;/td&gt;&lt;td class=&quot;messageText&quot;&gt; This element has insufficient contrast at this conformance level. Expected a contrast ratio of at least 4.5:1, but text in this element has a contrast ratio of 4.17:1. Recommendation: change background to #fefefe.&lt;/td&gt;&lt;td&gt;&amp;lt;span class=&quot;c1&quot;&amp;gt;//
&amp;amp;lt;--- Add this entry
&amp;lt;/span&amp;gt;&lt;/td&gt;&lt;td class=&quot;messageTechniques&quot;&gt;&lt;ul&gt;&lt;li&gt;&lt;a href=&quot;http://www.w3.org/TR/WCAG20-TECHS/G18&quot; target=&quot;_blank&quot;&gt;G18&lt;/a&gt;&lt;/li&gt;&lt;/ul&gt;&lt;/td&gt;&lt;td class=&quot;screenshot&quot;&gt;&lt;a data-toggle=&quot;modal&quot; data-target=&quot;#screenshot&quot;  onClick=showImg(&quot;screenshots/14_32_54_2_21_2018/971.png&quot;)&gt;&lt;img src=&quot;screenshots/14_32_54_2_21_2018/971.png&quot; style=&quot;width:25px;height:25px&quot;&gt;&lt;/a&gt;&lt;/td&gt;&lt;/tr&gt;&lt;tr class=&quot;error&quot;&gt;&lt;td  class=&quot;number&quot;&gt;&lt;span class=&quot;flag&quot;&gt;Error&lt;/span&gt;&lt;/td&gt;&lt;td  class=&quot;messagePrinciple&quot;&gt;&lt;a href=&quot;http://www.w3.org/TR/WCAG20/#perceivable&quot; target=&quot;_blank&quot;&gt;Perceivable&lt;/a&gt;&lt;/td&gt;&lt;td class=&quot;messageText&quot;&gt; This element has insufficient contrast at this conformance level. Expected a contrast ratio of at least 4.5:1, but text in this element has a contrast ratio of 4.17:1. Recommendation: change background to #fefefe.&lt;/td&gt;&lt;td&gt;&amp;lt;span class=&quot;c1&quot;&amp;gt;// Add
this entry:
&amp;lt;/span&amp;gt;&lt;/td&gt;&lt;td class=&quot;messageTechniques&quot;&gt;&lt;ul&gt;&lt;li&gt;&lt;a href=&quot;http://www.w3.org/TR/WCAG20-TECHS/G18&quot; target=&quot;_blank&quot;&gt;G18&lt;/a&gt;&lt;/li&gt;&lt;/ul&gt;&lt;/td&gt;&lt;td class=&quot;screenshot&quot;&gt;&lt;a data-toggle=&quot;modal&quot; data-target=&quot;#screenshot&quot;  onClick=showImg(&quot;screenshots/14_32_54_2_21_2018/590.png&quot;)&gt;&lt;img src=&quot;screenshots/14_32_54_2_21_2018/590.png&quot; style=&quot;width:25px;height:25px&quot;&gt;&lt;/a&gt;&lt;/td&gt;&lt;/tr&gt;&lt;tr class=&quot;error&quot;&gt;&lt;td  class=&quot;number&quot;&gt;&lt;span class=&quot;flag&quot;&gt;Error&lt;/span&gt;&lt;/td&gt;&lt;td  class=&quot;messagePrinciple&quot;&gt;&lt;a href=&quot;http://www.w3.org/TR/WCAG20/#perceivable&quot; target=&quot;_blank&quot;&gt;Perceivable&lt;/a&gt;&lt;/td&gt;&lt;td class=&quot;messageText&quot;&gt; This element has insufficient contrast at this conformance level. Expected a contrast ratio of at least 4.5:1, but text in this element has a contrast ratio of 4.17:1. Recommendation: change background to #fefefe.&lt;/td&gt;&lt;td&gt;&amp;lt;span class=&quot;c1&quot;&amp;gt;//
&amp;amp;lt;--- Add this entry
&amp;lt;/span&amp;gt;&lt;/td&gt;&lt;td class=&quot;messageTechniques&quot;&gt;&lt;ul&gt;&lt;li&gt;&lt;a href=&quot;http://www.w3.org/TR/WCAG20-TECHS/G18&quot; target=&quot;_blank&quot;&gt;G18&lt;/a&gt;&lt;/li&gt;&lt;/ul&gt;&lt;/td&gt;&lt;td class=&quot;screenshot&quot;&gt;&lt;a data-toggle=&quot;modal&quot; data-target=&quot;#screenshot&quot;  onClick=showImg(&quot;screenshots/14_32_54_2_21_2018/788.png&quot;)&gt;&lt;img src=&quot;screenshots/14_32_54_2_21_2018/788.png&quot; style=&quot;width:25px;height:25px&quot;&gt;&lt;/a&gt;&lt;/td&gt;&lt;/tr&gt;&lt;/tbody&gt;&lt;/table&gt;&lt;/div&gt;
</system-out>
		</testcase>
		<testcase classname="some.class.name" name="CAmkESCLI.html" time="1.000000">
			<system-out>&lt;div id=&quot;resultsWrapper&quot; class=&quot;resultsWrapperActive&quot;&gt;&lt;h3&gt;CAmkES CLI | seL4 docs&lt;/h3&gt;&lt;h4&gt;http://localhost:4000/CAmkESCLI.html&lt;/h4&gt;&lt;ul id=&quot;results-overview&quot;&gt;&lt;li class=&quot;active&quot;&gt;&lt;span class=&quot;result-count result-count-errors&quot;&gt;0&lt;/span&gt;&lt;span class=&quot;result-type&quot;&gt;errors&lt;/span&gt;&lt;/a&gt;&lt;/li&gt;&lt;span class=&quot;result-count result-count-warnings&quot;&gt;0&lt;/span&gt;&lt;span class=&quot;result-type&quot;&gt;warnings&lt;/span&gt;&lt;/a&gt;&lt;/li&gt;&lt;span class=&quot;result-count result-count-notices&quot;&gt;0&lt;/span&gt;&lt;span class=&quot;result-type&quot;&gt;notices&lt;/span&gt;&lt;/a&gt;&lt;/li&gt;&lt;/ul&gt;&lt;a href=&quot;#&quot; class=&quot;button-link&quot; id=&quot;export&quot;&gt;Export as CSV&lt;/a&gt;&lt;table id=&quot;test-results-table&quot; class=&quot;tablesorter&quot;&gt;&lt;thead&gt;&lt;tr&gt;&lt;th&gt;Error Level&lt;/th&gt;&lt;th&gt;Principle&lt;/th&gt;&lt;th&gt;Message&lt;/th&gt;&lt;th&gt;Code snippet&lt;/th&gt;&lt;th&gt;Techniques&lt;/th&gt;&lt;th&gt;Screenshot&lt;/th&gt;&lt;/thead&gt;&lt;/tr&gt;&lt;tbody&gt;&lt;tr&gt;&lt;td colspan=&quot;6&quot;&gt; ----  No Errors ---  &lt;/td&gt;&lt;/tr&gt;&lt;/tbody&gt;&lt;/table&gt;&lt;/div&gt;
</system-out>
		</testcase>
	</testsuite>
</testsuites>

